2026-06-14 14:31:31,490 [INFO] ================================================================
2026-06-14 14:31:31,490 [INFO] IGNITION SCANNER v3.0
2026-06-14 14:31:31,490 [INFO] ================================================================
2026-06-14 14:31:31,491 [INFO] Building universe...
2026-06-14 14:31:33,111 [INFO]   Universe (post-filter): 568 coins
2026-06-14 14:31:33,111 [INFO] Fetching BTC reference (1h)...
2026-06-14 14:31:33,157 [INFO] Scanning 568 coins on 1h timeframe...
2026-06-14 14:31:34,276 [INFO]   ...50/568  (surfaced so far: 15)
2026-06-14 14:31:35,590 [INFO]   ...100/568  (surfaced so far: 34)
2026-06-14 14:31:36,776 [INFO]   ...150/568  (surfaced so far: 47)
2026-06-14 14:31:37,942 [INFO]   ...200/568  (surfaced so far: 62)
2026-06-14 14:31:39,453 [INFO]   ...250/568  (surfaced so far: 75)
2026-06-14 14:31:40,465 [INFO]   ...300/568  (surfaced so far: 86)
2026-06-14 14:31:41,473 [INFO]   ...350/568  (surfaced so far: 103)
2026-06-14 14:31:43,280 [INFO]   ...400/568  (surfaced so far: 114)
2026-06-14 14:31:45,522 [INFO]   ...450/568  (surfaced so far: 128)
2026-06-14 14:31:46,693 [INFO]   ...500/568  (surfaced so far: 137)
2026-06-14 14:31:47,837 [INFO]   ...550/568  (surfaced so far: 148)
2026-06-14 14:31:48,560 [INFO] Done in 17s  |  scanned=567  failed=1  skipped=0  watch_now=20  on_radar=50
2026-06-14 14:31:48,561 [INFO] 
================================================================================
  IGNITION SCANNER v3.0  —  early warning watchlist
  Generated : 2026-06-14 14:31:48
  Universe  : 568 bases (Bybit + Binance)  |  Scanned: 567
  Scan time : 17s  |  BTC: $64,546
================================================================================

  Tiers — WATCH NOW: conviction ≥ 40, signals ≥ 5
          ON RADAR : conviction ≥ 25, signals ≥ 3

  This scanner does NOT produce trade plans — it surfaces what's brewing.
  Confirm with trend_scanner (Phase 4) before entry.

--------------------------------------------------------------------------------
  WATCH NOW  —  20 coin(s)
--------------------------------------------------------------------------------

  [ 1] ROAM        conv= 54.7  sigs= 9  price=$0.008872      24h=+27.46%  vol=$   4.3M
       sources: bybit   fund: -0.1727%/8h  |  vs BTC 6h: +26.82%
       → vol building, vol expansion, whale candle, RSI divergence, RSI reset, higher lows, decoupling BTC, funding neg, 5d high

  [ 2] OPG         conv= 48.4  sigs= 8  price=$0.210000      24h=+27.86%  vol=$  14.3M
       sources: bybit, binance   fund: +0.0050%/8h  |  vs BTC 6h: +19.54%
       → vol building, vol expansion, whale candle, RSI divergence, CMF buying, higher lows, decoupling BTC, 5d high

  [ 3] GPS         conv= 48.0  sigs= 9  price=$0.007550      24h= +4.43%  vol=$   0.8M
       sources: binance   vs BTC 6h: +2.40%
       → TTM squeeze, vol building, vol expansion, stealth accum, RSI divergence, RSI reset, CMF buying, higher lows, decoupling BTC

  [ 4] CREAM       conv= 46.7  sigs= 7  price=$2.100000      24h=+65.35%  vol=$   0.3M
       sources: binance   vs BTC 6h: +77.64%
       → vol building, whale candle, OBV divergence, RSI divergence, RSI reset, decoupling BTC, 5d high

  [ 5] PNUT        conv= 44.7  sigs= 7  price=$0.044170      24h= -1.77%  vol=$   2.3M
       sources: bybit, binance   fund: +0.0050%/8h  |  vs BTC 6h: -0.01%
       → TTM squeeze, vol building, vol expansion, stealth accum, OBV divergence, RSI divergence, RSI reset

  [ 6] HYPE        conv= 44.5  sigs= 7  price=$61.019000     24h= +2.32%  vol=$ 213.2M
       sources: bybit   fund: +0.0100%/8h  |  vs BTC 6h: +1.48%
       → TTM squeeze, vol building, stealth accum, RSI divergence, RSI reset, CMF buying, higher lows

  [ 7] ZKC         conv= 44.4  sigs= 7  price=$0.061590      24h=+29.80%  vol=$   8.9M
       sources: bybit, binance   fund: -2.0000%/8h  |  vs BTC 6h: +18.48%
       → vol expansion, whale candle, RSI reset, CMF buying, decoupling BTC, funding neg, 5d high

  [ 8] NEWT        conv= 44.1  sigs= 8  price=$0.054550      24h= +2.98%  vol=$   1.5M
       sources: bybit, binance   fund: -0.1828%/8h  |  vs BTC 6h: +3.68%
       → vol expansion, whale candle, stealth accum, RSI reset, higher lows, decoupling BTC, funding neg, 5d high

  [ 9] BLUAI       conv= 43.8  sigs= 7  price=$0.013181      24h= +9.13%  vol=$   3.9M
       sources: bybit   fund: +0.0050%/8h  |  vs BTC 6h: +9.39%
       → vol building, vol expansion, whale candle, RSI divergence, CMF buying, higher lows, decoupling BTC

  [10] UAI         conv= 43.7  sigs= 7  price=$0.303140      24h= +6.49%  vol=$   1.8M
       sources: bybit   fund: +0.0050%/8h  |  vs BTC 6h: +11.43%
       → vol building, vol expansion, whale candle, RSI divergence, RSI reset, CMF buying, decoupling BTC

  [11] COW         conv= 43.7  sigs= 7  price=$0.152800      24h= +3.55%  vol=$   0.4M
       sources: binance   vs BTC 6h: +1.88%
       → vol expansion, stealth accum, RSI divergence, RSI reset, CMF buying, higher lows, decoupling BTC

  [12] JASMY       conv= 43.0  sigs= 7  price=$0.005179      24h=+11.79%  vol=$   5.4M
       sources: bybit, binance   fund: +0.0100%/8h  |  vs BTC 6h: -3.45%
       → vol building, vol expansion, stealth accum, RSI divergence, RSI in zone, CMF buying, higher lows

  [13] BOND        conv= 42.5  sigs= 7  price=$2.152000      24h= +4.42%  vol=$   0.7M
       sources: binance   vs BTC 6h: +19.70%
       → vol building, whale candle, RSI divergence, CMF buying, higher lows, decoupling BTC, 5d high

  [14] MASK        conv= 42.2  sigs= 6  price=$0.370000      24h= +0.55%  vol=$   0.5M
       sources: binance   vs BTC 6h: -0.32%
       → TTM squeeze, vol expansion, stealth accum, RSI divergence, RSI reset, RSI in zone

  [15] TOMO        conv= 41.5  sigs= 7  price=$1.381900      24h= +3.22%  vol=$   1.1M
       sources: binance   vs BTC 6h: +10.84%
       → vol building, vol expansion, whale candle, RSI reset, CMF buying, decoupling BTC, 5d high

  [16] NIL         conv= 41.0  sigs= 8  price=$0.041510      24h= -1.26%  vol=$   3.3M
       sources: bybit, binance   fund: +0.0050%/8h  |  vs BTC 6h: +4.00%
       → vol building, whale candle, RSI divergence, RSI reset, CMF buying, higher lows, decoupling BTC, 5d high

  [17] MIRA        conv= 41.0  sigs= 7  price=$0.057480      24h= +9.48%  vol=$   4.5M
       sources: bybit, binance   fund: -2.0000%/8h  |  vs BTC 6h: +4.34%
       → vol expansion, whale candle, RSI reset, CMF buying, decoupling BTC, funding neg, 5d high

  [18] EVAA        conv= 41.0  sigs= 7  price=$0.472500      24h=+22.72%  vol=$   1.3M
       sources: bybit   fund: +0.0050%/8h  |  vs BTC 6h: +14.84%
       → vol expansion, whale candle, RSI reset, CMF buying, higher lows, decoupling BTC, 5d high

  [19] DOGS        conv= 40.9  sigs= 6  price=$0.000043      24h= -2.50%  vol=$   1.3M
       sources: binance   vs BTC 6h: +0.85%
       → TTM squeeze, vol building, vol expansion, stealth accum, RSI divergence, RSI reset

  [20] ETHFI       conv= 40.5  sigs= 7  price=$0.313800      24h= -3.14%  vol=$   2.7M
       sources: bybit, binance   fund: +0.0050%/8h  |  vs BTC 6h: -0.42%
       → TTM squeeze, vol building, vol expansion, stealth accum, OBV divergence, RSI reset, RSI in zone

--------------------------------------------------------------------------------
  ON RADAR   —  50 coin(s)
--------------------------------------------------------------------------------
  #   Symbol      Conv Sigs         Price     24h%    Vol $M  Signals
  ------------------------------------------------------------------------------
    1 API3        39.7    8  $   0.260800   +0.20%  $    0.3  TTM squeeze, vol building, vol expansion, stealth accum, OBV divergence, +3
    2 IOTA        39.7    7  $   0.046100   -2.00%  $    0.6  TTM squeeze, vol building, vol expansion, stealth accum, OBV divergence, +2
    3 INIT        39.4    7  $   0.058360   -3.15%  $    1.3  TTM squeeze, vol building, vol expansion, stealth accum, OBV divergence, +2
    4 HYPER       39.3    7  $   0.072660   -2.19%  $    0.8  TTM squeeze, vol building, vol expansion, stealth accum, RSI reset, +2
    5 BILL        38.2    7  $   0.075080   +7.52%  $    5.6  vol building, vol expansion, stealth accum, RSI divergence, CMF buying, +2
    6 MUBARAK     38.0    7  $   0.010790   -0.83%  $    0.5  TTM squeeze, vol building, vol expansion, stealth accum, OBV divergence, +2
    7 SOMI        37.5    6  $   0.111160   -0.51%  $    1.0  TTM squeeze, stealth accum, RSI divergence, RSI reset, RSI in zone, +1
    8 CAKE        37.2    7  $   1.351300   +0.30%  $    1.5  vol building, vol expansion, stealth accum, RSI reset, RSI in zone, +2
    9 ETHUP       37.0    7  $  11.651000   -0.72%  $    0.5  TTM squeeze, vol building, vol expansion, stealth accum, RSI in zone, +2
   10 TWT         36.3    7  $   0.401300   +0.82%  $    0.8  vol building, vol expansion, stealth accum, RSI reset, CMF buying, +2
   11 STX         35.7    6  $   0.186100   -0.70%  $    1.5  vol building, vol expansion, whale candle, stealth accum, RSI reset, +1
   12 KAITO       35.0    6  $   0.466600   +5.25%  $   11.2  vol building, vol expansion, RSI divergence, RSI reset, RSI in zone, +1
   13 EWY         34.9    7  $ 201.400000   +0.85%  $    1.0  vol building, vol expansion, stealth accum, RSI reset, CMF buying, +2
   14 ERA         34.8    6  $   0.103700   +0.30%  $    0.5  TTM squeeze, whale candle, stealth accum, RSI reset, decoupling BTC, +1
   15 DEXE        34.6    6  $  18.017000   +0.04%  $    5.4  stealth accum, RSI divergence, RSI reset, RSI in zone, higher lows, +1
   16 FIDA        34.6    6  $   0.023503   +1.94%  $    2.6  TTM squeeze, RSI divergence, RSI reset, RSI in zone, higher lows, +1
   17 BTW         34.5    6  $   0.090050  +19.15%  $    9.9  vol building, vol expansion, RSI divergence, RSI reset, CMF buying, +1
   18 MDX         34.5    5  $   0.034500  +13.52%  $    0.3  vol building, whale candle, RSI divergence, RSI reset, decoupling BTC
   19 USD1        34.1    6  $   1.000300   +0.05%  $  138.9  vol building, vol expansion, stealth accum, RSI reset, CMF buying, +1
   20 INTC        33.9    6  $ 127.830000   +1.77%  $    1.1  stealth accum, RSI divergence, RSI reset, CMF buying, higher lows, +1
   21 LDO         33.8    5  $   0.261400   -1.82%  $    2.6  TTM squeeze, stealth accum, OBV divergence, RSI reset, RSI in zone
   22 HEI         33.8    4  $   0.085500   -4.09%  $    1.5  TTM squeeze, OBV divergence, RSI divergence, RSI reset
   23 1000000MOG  33.7    6  $   0.107650   -1.84%  $    0.9  vol expansion, stealth accum, RSI reset, RSI in zone, CMF buying, +1
   24 ORN         33.5    5  $   1.053000   +1.64%  $    0.5  stealth accum, RSI divergence, RSI reset, RSI in zone, higher lows
   25 EUL         33.2    6  $   0.987000   +6.75%  $    0.7  vol expansion, OBV divergence, RSI reset, CMF buying, decoupling BTC, +1
   26 SLF         33.2    5  $   0.020800  -12.24%  $    0.3  vol building, vol expansion, OBV divergence, RSI divergence, RSI in zone
   27 PIXEL       33.1    5  $   0.005470   -0.73%  $    0.4  TTM squeeze, stealth accum, OBV divergence, RSI reset, RSI in zone
   28 UNI         33.0    6  $   2.522000   -1.73%  $    4.0  TTM squeeze, stealth accum, OBV divergence, RSI reset, RSI in zone, +1
   29 EURI        33.0    5  $   1.155800   -0.08%  $    0.5  TTM squeeze, stealth accum, RSI reset, RSI in zone, CMF buying
   30 U           32.9    6  $   1.000600   +0.00%  $   12.1  TTM squeeze, vol building, vol expansion, stealth accum, CMF buying, +1
   31 XAI         32.6    5  $   0.008039   -2.39%  $    0.7  TTM squeeze, stealth accum, RSI divergence, RSI reset, RSI in zone
   32 COCOS       32.5    7  $   1.754600   +3.44%  $    1.5  vol building, vol expansion, stealth accum, RSI reset, RSI in zone, +2
   33 PLA         32.3    7  $   0.234700   +5.53%  $    0.8  vol building, vol expansion, stealth accum, RSI reset, CMF buying, +2
   34 SAPIEN      32.2    5  $   0.083600   +0.85%  $    0.9  vol expansion, whale candle, RSI divergence, RSI in zone, higher lows
   35 2Z          32.2    5  $   0.070260   -2.89%  $    0.4  TTM squeeze, stealth accum, OBV divergence, RSI reset, RSI in zone
   36 WCT         32.1    5  $   0.047260   +0.58%  $    1.0  TTM squeeze, stealth accum, OBV divergence, RSI reset, funding neg
   37 ICNT        32.0    6  $   0.216100   +5.67%  $    0.8  vol building, vol expansion, whale candle, RSI divergence, higher lows, +1
   38 TRB         32.0    5  $  13.440000   -0.07%  $    0.5  TTM squeeze, stealth accum, RSI reset, RSI in zone, CMF buying
   39 DRAM        31.9    7  $  67.419000   +2.37%  $    1.5  vol building, vol expansion, stealth accum, CMF buying, higher lows, +2
   40 SKYAI1      31.9    5  $   0.355850   -4.36%  $    6.4  TTM squeeze, RSI divergence, RSI in zone, CMF buying, higher lows
   41 TON         31.8    6  $   1.703500   +1.00%  $   17.5  TTM squeeze, vol building, RSI divergence, RSI reset, RSI in zone, +1
   42 JTO         31.8    5  $   0.537600   -3.21%  $    6.3  TTM squeeze, stealth accum, RSI reset, RSI in zone, higher lows
   43 GENIUS      31.8    5  $   0.449100   +0.99%  $    2.2  TTM squeeze, stealth accum, RSI divergence, RSI reset, decoupling BTC
   44 SHIB        31.8    4  $   0.000005   -1.60%  $    4.1  TTM squeeze, RSI divergence, RSI reset, CMF buying
   45 CATI        31.7    5  $   0.059300   +2.86%  $    0.6  TTM squeeze, vol building, vol expansion, RSI divergence, RSI reset
   46 ATH         31.4    5  $   0.004648   -1.00%  $    0.8  TTM squeeze, stealth accum, OBV divergence, RSI reset, funding neg
   47 MEGA        31.3    5  $   0.061070  +14.18%  $   39.9  RSI divergence, RSI reset, RSI in zone, CMF buying, higher lows
   48 ORDI        31.1    4  $   3.304000   -2.60%  $    6.0  stealth accum, OBV divergence, RSI reset, CMF buying
   49 GWEI        31.0    6  $   0.171740   -6.40%  $    2.3  TTM squeeze, OBV divergence, RSI reset, RSI in zone, CMF buying, +1
   50 RAY         31.0    6  $   0.608000   -0.66%  $    1.1  TTM squeeze, vol building, vol expansion, stealth accum, RSI reset, +1

================================================================================
2026-06-14 14:31:48,575 [INFO]   Saved → ignition_v3_LATEST.txt, ignition_v3_LATEST.json, ignition_v3_20260614_143148.txt
2026-06-14 17:48:07,305 [INFO] ================================================================
2026-06-14 17:48:07,307 [INFO] IGNITION SCANNER v3.0
2026-06-14 17:48:07,309 [INFO] ================================================================
2026-06-14 17:48:07,310 [INFO] Building universe...
2026-06-14 17:48:08,781 [INFO]   Universe (post-filter): 571 coins
2026-06-14 17:48:08,783 [INFO] Fetching BTC reference (1h)...
2026-06-14 17:48:09,121 [INFO] Scanning 571 coins on 1h timeframe...
2026-06-14 17:48:26,932 [INFO]   ...50/571  (surfaced so far: 13)
2026-06-14 17:48:44,510 [INFO]   ...100/571  (surfaced so far: 29)
2026-06-14 17:49:00,687 [INFO]   ...150/571  (surfaced so far: 40)
2026-06-14 17:49:17,095 [INFO]   ...200/571  (surfaced so far: 49)
2026-06-14 17:49:33,350 [INFO]   ...250/571  (surfaced so far: 61)
2026-06-14 17:49:50,269 [INFO]   ...300/571  (surfaced so far: 69)
2026-06-14 17:50:08,680 [INFO]   ...350/571  (surfaced so far: 80)
2026-06-14 17:50:26,812 [INFO]   ...400/571  (surfaced so far: 88)
2026-06-14 17:50:45,424 [INFO]   ...450/571  (surfaced so far: 95)
2026-06-14 17:51:04,259 [INFO]   ...500/571  (surfaced so far: 101)
2026-06-14 17:51:23,013 [INFO]   ...550/571  (surfaced so far: 110)
2026-06-14 17:51:30,934 [INFO] Done in 204s  |  scanned=570  failed=1  skipped=0  watch_now=12  on_radar=50
2026-06-14 17:51:30,939 [INFO] 
================================================================================
  IGNITION SCANNER v3.0  —  early warning watchlist
  Generated : 2026-06-14 17:51:30
  Universe  : 571 bases (Bybit + Binance)  |  Scanned: 570
  Scan time : 204s  |  BTC: $64,025
================================================================================

  Tiers — WATCH NOW: conviction ≥ 40, signals ≥ 5
          ON RADAR : conviction ≥ 25, signals ≥ 3

  This scanner does NOT produce trade plans — it surfaces what's brewing.
  Confirm with trend_scanner (Phase 4) before entry.

--------------------------------------------------------------------------------
  WATCH NOW  —  12 coin(s)
--------------------------------------------------------------------------------

  [ 1] PUFFER      conv= 51.3  sigs= 9  price=$0.017760      24h=+42.55%  vol=$   2.1M
       sources: bybit   fund: -2.5000%/8h  |  vs BTC 6h: +20.59%
       → vol building, vol expansion, whale candle, RSI reset, CMF buying, higher lows, decoupling BTC, funding neg, 5d high

  [ 2] CREAM       conv= 46.7  sigs= 7  price=$2.100000      24h=+65.35%  vol=$   0.3M
       sources: binance   vs BTC 6h: +78.88%
       → vol building, whale candle, OBV divergence, RSI divergence, RSI reset, decoupling BTC, 5d high

  [ 3] DODO        conv= 43.8  sigs= 9  price=$0.015160      24h= +0.33%  vol=$   0.2M
       sources: binance   vs BTC 6h: +2.18%
       → TTM squeeze, vol building, vol expansion, stealth accum, OBV divergence, RSI divergence, RSI in zone, CMF buying, decoupling BTC

  [ 4] DOGS        conv= 43.6  sigs= 7  price=$0.000044      24h= -0.23%  vol=$   1.3M
       sources: binance   vs BTC 6h: +2.54%
       → TTM squeeze, vol building, vol expansion, stealth accum, RSI divergence, RSI reset, decoupling BTC

  [ 5] INTC        conv= 43.1  sigs= 8  price=$127.700000    24h= +1.74%  vol=$   1.3M
       sources: bybit   fund: +0.0241%/8h  |  vs BTC 6h: +1.13%
       → TTM squeeze, vol building, vol expansion, stealth accum, RSI divergence, RSI reset, RSI in zone, CMF buying

  [ 6] BLUAI       conv= 42.5  sigs= 7  price=$0.013997      24h=+27.25%  vol=$   4.2M
       sources: bybit   fund: +0.0050%/8h  |  vs BTC 6h: +4.55%
       → vol building, vol expansion, RSI divergence, RSI reset, CMF buying, higher lows, decoupling BTC

  [ 7] BOND        conv= 42.5  sigs= 7  price=$2.152000      24h= +4.42%  vol=$   0.7M
       sources: binance   vs BTC 6h: +20.94%
       → vol building, whale candle, RSI divergence, CMF buying, higher lows, decoupling BTC, 5d high

  [ 8] LA          conv= 41.7  sigs= 8  price=$0.076230      24h= +6.18%  vol=$   2.1M
       sources: bybit, binance   fund: -0.0912%/8h  |  vs BTC 6h: +3.36%
       → vol building, vol expansion, stealth accum, RSI divergence, RSI in zone, higher lows, decoupling BTC, funding neg

  [ 9] TOMO        conv= 41.7  sigs= 7  price=$1.381900      24h= +3.22%  vol=$   1.1M
       sources: binance   vs BTC 6h: +12.08%
       → vol building, vol expansion, whale candle, RSI reset, CMF buying, decoupling BTC, 5d high

  [10] HOME        conv= 41.5  sigs= 7  price=$0.029636      24h= +1.81%  vol=$  12.3M
       sources: bybit, binance   fund: -0.3909%/8h  |  vs BTC 6h: -0.27%
       → TTM squeeze, stealth accum, RSI reset, RSI in zone, CMF buying, higher lows, funding neg

  [11] XAN         conv= 41.1  sigs= 7  price=$0.008612      24h= -2.73%  vol=$   0.5M
       sources: bybit   fund: +0.0050%/8h  |  vs BTC 6h: -1.63%
       → TTM squeeze, vol building, vol expansion, stealth accum, RSI reset, CMF buying, higher lows

  [12] EDEN        conv= 40.0  sigs= 8  price=$0.042250      24h= +6.54%  vol=$   2.5M
       sources: bybit, binance   fund: +0.0050%/8h  |  vs BTC 6h: +2.50%
       → vol building, vol expansion, stealth accum, RSI divergence, RSI reset, RSI in zone, higher lows, decoupling BTC

--------------------------------------------------------------------------------
  ON RADAR   —  50 coin(s)
--------------------------------------------------------------------------------
  #   Symbol      Conv Sigs         Price     24h%    Vol $M  Signals
  ------------------------------------------------------------------------------
    1 ACM         39.2    7  $   0.309000   +5.28%  $    0.9  TTM squeeze, vol building, vol expansion, whale candle, stealth accum, +2
    2 WCT         38.8    7  $   0.047070   -0.62%  $    0.8  TTM squeeze, vol building, vol expansion, stealth accum, OBV divergence, +2
    3 UAI         38.3    7  $   0.291090   +7.21%  $    1.9  vol building, vol expansion, whale candle, RSI divergence, RSI in zone, +2
    4 CL          38.0    7  $  81.810000   +0.64%  $   19.9  TTM squeeze, vol building, vol expansion, stealth accum, RSI reset, +2
    5 HYPE        37.5    6  $  60.225000   +0.37%  $  206.9  TTM squeeze, vol building, stealth accum, RSI divergence, RSI in zone, +1
    6 BILL        37.4    7  $   0.074890   +5.65%  $    6.3  vol building, vol expansion, RSI divergence, RSI reset, RSI in zone, +2
    7 OPG         37.1    7  $   0.213100  +20.34%  $   15.3  vol building, vol expansion, RSI divergence, CMF buying, higher lows, +2
    8 NIL         37.0    8  $   0.039740   -3.41%  $    2.5  vol building, vol expansion, stealth accum, RSI reset, RSI in zone, +3
    9 ETHUP       37.0    7  $  11.651000   -0.72%  $    0.5  TTM squeeze, vol building, vol expansion, stealth accum, RSI in zone, +2
   10 U           36.9    6  $   1.000600   +0.00%  $   13.1  TTM squeeze, stealth accum, RSI reset, RSI in zone, CMF buying, +1
   11 MRVL        36.7    7  $ 284.880000   +2.35%  $    1.6  TTM squeeze, vol building, vol expansion, stealth accum, RSI reset, +2
   12 EVAA        36.4    6  $   0.534700  +45.17%  $    4.0  vol expansion, whale candle, CMF buying, higher lows, decoupling BTC, +1
   13 LIT         36.2    7  $   1.613400   -2.12%  $    7.5  vol building, stealth accum, OBV divergence, RSI divergence, RSI reset, +2
   14 ORN         35.8    6  $   1.053000   +1.64%  $    0.5  stealth accum, RSI divergence, RSI reset, RSI in zone, higher lows, +1
   15 BABY        35.7    8  $   0.015445  +10.65%  $   13.7  vol building, vol expansion, RSI divergence, RSI reset, CMF buying, +3
   16 SKY         35.1    8  $   0.057020   +0.82%  $    1.6  vol building, vol expansion, stealth accum, RSI reset, RSI in zone, +3
   17 MDX         34.7    5  $   0.034500  +13.52%  $    0.3  vol building, whale candle, RSI divergence, RSI reset, decoupling BTC
   18 USD1        34.4    6  $   1.000400   +0.00%  $  147.4  vol building, vol expansion, stealth accum, RSI reset, CMF buying, +1
   19 TSLAB       34.1    5  $ 406.520000   -0.17%  $    2.9  whale candle, stealth accum, RSI reset, RSI in zone, CMF buying
   20 AUDIO       33.5    6  $   0.015220   -0.59%  $    0.3  TTM squeeze, vol building, vol expansion, stealth accum, RSI reset, +1
   21 LTC         33.5    5  $  44.010000   +0.75%  $   16.9  TTM squeeze, RSI divergence, RSI reset, RSI in zone, CMF buying
   22 CHIP        33.4    7  $   0.036820   +6.09%  $    8.7  vol building, vol expansion, RSI reset, RSI in zone, CMF buying, +2
   23 A           33.4    5  $   0.071450   -3.14%  $    0.9  TTM squeeze, stealth accum, OBV divergence, RSI reset, RSI in zone
   24 SLF         33.2    5  $   0.020800  -12.24%  $    0.3  vol building, vol expansion, OBV divergence, RSI divergence, RSI in zone
   25 TON         33.1    7  $   1.728700   -0.97%  $   18.3  TTM squeeze, vol building, vol expansion, RSI reset, higher lows, +2
   26 KMNO        33.0    6  $   0.017650   -5.17%  $    0.7  TTM squeeze, stealth accum, RSI reset, RSI in zone, CMF buying, +1
   27 RONIN       32.7    5  $   0.058900   +1.89%  $    1.6  vol expansion, stealth accum, RSI divergence, RSI reset, decoupling BTC
   28 EWY         32.6    6  $ 200.900000   +1.50%  $    1.1  vol building, vol expansion, stealth accum, RSI reset, RSI in zone, +1
   29 COCOS       32.5    7  $   1.754600   +3.44%  $    1.5  vol building, vol expansion, stealth accum, RSI reset, RSI in zone, +2
   30 PLA         32.5    7  $   0.234700   +5.53%  $    0.8  vol building, vol expansion, stealth accum, RSI reset, CMF buying, +2
   31 GIGGLE      32.4    6  $  28.090000   +2.92%  $    3.6  vol building, vol expansion, stealth accum, RSI reset, RSI in zone, +1
   32 BNB         32.1    6  $ 607.600000   -0.34%  $   49.1  TTM squeeze, vol building, stealth accum, RSI reset, RSI in zone, +1
   33 BP          32.0    6  $   0.381010  +34.45%  $    0.9  vol building, vol expansion, RSI divergence, RSI reset, decoupling BTC, +1
   34 PNUT        32.0    5  $   0.043510   -1.62%  $    2.0  stealth accum, OBV divergence, RSI divergence, RSI reset, RSI in zone
   35 MEGA        31.9    6  $   0.062440  +14.32%  $   40.1  RSI divergence, RSI reset, RSI in zone, CMF buying, decoupling BTC, +1
   36 IP          31.9    6  $   0.286500   -3.66%  $    6.0  vol building, vol expansion, OBV divergence, RSI reset, RSI in zone, +1
   37 COW         31.9    5  $   0.151700   +1.89%  $    0.4  stealth accum, RSI divergence, RSI reset, RSI in zone, CMF buying
   38 ATOM        31.7    6  $   1.955800   -0.11%  $    6.3  TTM squeeze, vol building, stealth accum, RSI reset, decoupling BTC, +1
   39 PEAQ        31.7    6  $   0.021840   -2.70%  $    0.5  vol building, vol expansion, stealth accum, RSI reset, RSI in zone, +1
   40 ALT         31.7    5  $   0.006372   -1.47%  $    2.7  stealth accum, RSI divergence, RSI reset, RSI in zone, higher lows
   41 BAL         31.7    5  $   0.967000   -3.69%  $    0.2  stealth accum, RSI divergence, RSI reset, RSI in zone, decoupling BTC
   42 AGIX        30.9    7  $   0.614100   -0.37%  $    0.8  TTM squeeze, vol building, vol expansion, stealth accum, RSI in zone, +2
   43 ZORA        30.9    6  $   0.008396   +3.39%  $    1.4  vol building, stealth accum, OBV divergence, RSI reset, decoupling BTC, +1
   44 OMG         30.9    6  $   0.383000   -0.78%  $    0.7  TTM squeeze, vol building, vol expansion, RSI reset, RSI in zone, +1
   45 ZKC         30.9    5  $   0.060740  +21.70%  $   16.6  vol expansion, whale candle, higher lows, decoupling BTC, funding neg
   46 YFII        30.8    6  $ 435.500000   +2.30%  $    0.8  stealth accum, RSI divergence, RSI reset, RSI in zone, higher lows, +1
   47 REP         30.8    6  $   4.730000   -0.84%  $    0.5  TTM squeeze, vol building, vol expansion, RSI reset, RSI in zone, +1
   48 QQQ         30.6    6  $ 726.080000   +0.32%  $    1.3  vol building, vol expansion, stealth accum, RSI reset, higher lows, +1
   49 B3          30.4    7  $   0.000588   +5.75%  $    3.1  vol building, vol expansion, RSI reset, RSI in zone, CMF buying, +2
   50 PHA         30.2    5  $   0.035230   -5.31%  $    3.2  TTM squeeze, stealth accum, RSI reset, RSI in zone, funding neg

================================================================================
2026-06-14 17:51:30,986 [INFO]   Saved → ignition_v3_LATEST.txt, ignition_v3_LATEST.json, ignition_v3_20260614_175130.txt
2026-06-14 20:32:12,596 [INFO] ================================================================
2026-06-14 20:32:12,598 [INFO] IGNITION SCANNER v3.0
2026-06-14 20:32:12,599 [INFO] ================================================================
2026-06-14 20:32:12,599 [INFO] Building universe...
2026-06-14 20:32:13,967 [INFO]   Universe (post-filter): 569 coins
2026-06-14 20:32:13,968 [INFO] Fetching BTC reference (1h)...
2026-06-14 20:32:14,311 [INFO] Scanning 569 coins on 1h timeframe...
2026-06-14 20:32:30,769 [INFO]   ...50/569  (surfaced so far: 12)
2026-06-14 20:32:46,104 [INFO]   ...100/569  (surfaced so far: 26)
2026-06-14 20:33:06,778 [INFO]   ...150/569  (surfaced so far: 33)
2026-06-14 20:33:24,250 [INFO]   ...200/569  (surfaced so far: 36)
2026-06-14 20:33:39,645 [INFO]   ...250/569  (surfaced so far: 48)
2026-06-14 20:33:57,828 [INFO]   ...300/569  (surfaced so far: 56)
2026-06-14 20:34:14,409 [INFO]   ...350/569  (surfaced so far: 67)
2026-06-14 20:34:33,313 [INFO]   ...400/569  (surfaced so far: 72)
2026-06-14 20:34:51,637 [INFO]   ...450/569  (surfaced so far: 79)
2026-06-14 20:35:08,588 [INFO]   ...500/569  (surfaced so far: 83)
2026-06-14 20:35:24,909 [INFO]   ...550/569  (surfaced so far: 92)
2026-06-14 20:35:32,162 [INFO] Done in 200s  |  scanned=569  failed=0  skipped=0  watch_now=10  on_radar=50
2026-06-14 20:35:32,164 [INFO] 
================================================================================
  IGNITION SCANNER v3.0  —  early warning watchlist
  Generated : 2026-06-14 20:35:32
  Universe  : 569 bases (Bybit + Binance)  |  Scanned: 569
  Scan time : 200s  |  BTC: $63,813
================================================================================

  Tiers — WATCH NOW: conviction ≥ 40, signals ≥ 5
          ON RADAR : conviction ≥ 25, signals ≥ 3

  This scanner does NOT produce trade plans — it surfaces what's brewing.
  Confirm with trend_scanner (Phase 4) before entry.

--------------------------------------------------------------------------------
  WATCH NOW  —  10 coin(s)
--------------------------------------------------------------------------------

  [ 1] OSMO        conv= 48.8  sigs= 9  price=$0.046400      24h= -3.34%  vol=$   0.5M
       sources: binance   vs BTC 6h: +1.89%
       → TTM squeeze, vol building, vol expansion, stealth accum, OBV divergence, RSI divergence, RSI reset, RSI in zone, decoupling BTC

  [ 2] CREAM       conv= 46.7  sigs= 7  price=$2.100000      24h=+65.35%  vol=$   0.3M
       sources: binance   vs BTC 6h: +78.77%
       → vol building, whale candle, OBV divergence, RSI divergence, RSI reset, decoupling BTC, 5d high

  [ 3] PUFFER      conv= 46.2  sigs= 8  price=$0.020180      24h=+39.59%  vol=$   2.9M
       sources: bybit   fund: -1.4087%/8h  |  vs BTC 6h: +36.87%
       → vol expansion, whale candle, RSI reset, CMF buying, higher lows, decoupling BTC, funding neg, 5d high

  [ 4] XAN         conv= 45.9  sigs= 9  price=$0.008693      24h= -0.88%  vol=$   0.5M
       sources: bybit   fund: +0.0050%/8h  |  vs BTC 6h: +1.60%
       → TTM squeeze, vol building, vol expansion, stealth accum, RSI reset, RSI in zone, CMF buying, higher lows, decoupling BTC

  [ 5] BOND        conv= 42.5  sigs= 7  price=$2.152000      24h= +4.42%  vol=$   0.7M
       sources: binance   vs BTC 6h: +20.82%
       → vol building, whale candle, RSI divergence, CMF buying, higher lows, decoupling BTC, 5d high

  [ 6] DODO        conv= 42.2  sigs= 8  price=$0.015120      24h= +0.00%  vol=$   0.2M
       sources: binance   vs BTC 6h: +0.73%
       → TTM squeeze, vol building, vol expansion, stealth accum, OBV divergence, RSI divergence, RSI in zone, CMF buying

  [ 7] TOMO        conv= 41.7  sigs= 7  price=$1.381900      24h= +3.22%  vol=$   1.1M
       sources: binance   vs BTC 6h: +11.97%
       → vol building, vol expansion, whale candle, RSI reset, CMF buying, decoupling BTC, 5d high

  [ 8] YB          conv= 41.5  sigs= 7  price=$0.091100      24h= +1.77%  vol=$   0.7M
       sources: binance   vs BTC 6h: +2.36%
       → TTM squeeze, vol building, vol expansion, whale candle, RSI reset, CMF buying, decoupling BTC

  [ 9] EIGEN       conv= 40.4  sigs= 8  price=$0.198020      24h= +7.87%  vol=$   8.0M
       sources: bybit, binance   fund: +0.0050%/8h  |  vs BTC 6h: +3.18%
       → vol building, vol expansion, stealth accum, RSI divergence, RSI reset, RSI in zone, higher lows, decoupling BTC

  [10] HYPE        conv= 40.4  sigs= 6  price=$60.343000     24h= +1.47%  vol=$ 197.0M
       sources: bybit   fund: -0.0009%/8h  |  vs BTC 6h: -0.04%
       → TTM squeeze, stealth accum, RSI divergence, RSI reset, RSI in zone, higher lows

--------------------------------------------------------------------------------
  ON RADAR   —  50 coin(s)
--------------------------------------------------------------------------------
  #   Symbol      Conv Sigs         Price     24h%    Vol $M  Signals
  ------------------------------------------------------------------------------
    1 BABY        39.9    8  $   0.016213  +16.16%  $   15.7  vol building, vol expansion, RSI divergence, RSI reset, CMF buying, +3
    2 BLUAI       39.6    7  $   0.014198  +23.86%  $    3.6  vol building, vol expansion, RSI divergence, RSI reset, CMF buying, +2
    3 CLO         39.3    7  $   0.190490  +35.48%  $   13.6  vol building, vol expansion, RSI divergence, RSI in zone, CMF buying, +2
    4 SPELL       39.2    7  $   0.000129   +9.16%  $    1.3  vol building, vol expansion, stealth accum, RSI divergence, RSI reset, +2
    5 1000000MOG  38.7    5  $   0.106350   -1.82%  $    0.8  stealth accum, OBV divergence, RSI divergence, RSI reset, CMF buying
    6 LIT         38.3    7  $   1.591200   -2.36%  $    7.0  TTM squeeze, vol building, vol expansion, stealth accum, RSI divergence, +2
    7 TRUTH       37.5    7  $   0.013114  +12.68%  $    5.2  vol building, vol expansion, RSI divergence, RSI reset, RSI in zone, +2
    8 ETHUP       37.0    7  $  11.651000   -0.72%  $    0.5  TTM squeeze, vol building, vol expansion, stealth accum, RSI in zone, +2
    9 PHA         36.9    7  $   0.035970   -0.42%  $    3.2  TTM squeeze, stealth accum, OBV divergence, RSI reset, RSI in zone, +2
   10 ORN         35.8    6  $   1.053000   +1.64%  $    0.5  stealth accum, RSI divergence, RSI reset, RSI in zone, higher lows, +1
   11 SKYAI1      35.5    6  $   0.376180   +2.24%  $    6.1  TTM squeeze, RSI divergence, RSI reset, CMF buying, decoupling BTC, +1
   12 INTC        35.4    8  $ 128.030000   +1.67%  $    1.3  vol building, vol expansion, stealth accum, RSI reset, RSI in zone, +3
   13 OP          35.4    5  $   0.105780   -1.46%  $    9.4  TTM squeeze, stealth accum, RSI divergence, RSI reset, RSI in zone
   14 VVV         35.3    6  $  16.078000   -0.15%  $   15.6  stealth accum, OBV divergence, RSI divergence, RSI reset, RSI in zone, +1
   15 XUSD        35.3    5  $   1.002000   +0.10%  $    0.8  vol expansion, whale candle, stealth accum, RSI reset, 5d high
   16 ZORA        35.0    7  $   0.008373   -1.55%  $    1.5  vol building, vol expansion, stealth accum, OBV divergence, RSI reset, +2
   17 HUMA        35.0    5  $   0.024064   +5.54%  $    1.6  stealth accum, OBV divergence, RSI reset, RSI in zone, CMF buying
   18 MDX         34.6    5  $   0.034500  +13.52%  $    0.3  vol building, whale candle, RSI divergence, RSI reset, decoupling BTC
   19 LA          34.5    8  $   0.078040   +6.46%  $    2.4  vol building, vol expansion, stealth accum, RSI reset, higher lows, +3
   20 CL          34.0    6  $  82.240000   +1.52%  $   19.4  TTM squeeze, vol building, vol expansion, stealth accum, RSI reset, +1
   21 WLFI        33.3    6  $   0.058320   -0.53%  $    9.0  vol building, vol expansion, stealth accum, OBV divergence, RSI reset, +1
   22 SLF         33.2    5  $   0.020800  -12.24%  $    0.3  vol building, vol expansion, OBV divergence, RSI divergence, RSI in zone
   23 COCOS       32.5    7  $   1.754600   +3.44%  $    1.5  vol building, vol expansion, stealth accum, RSI reset, RSI in zone, +2
   24 AZTEC       32.5    6  $   0.016074   -2.93%  $    1.3  vol building, vol expansion, RSI divergence, RSI reset, RSI in zone, +1
   25 XMR         32.4    7  $ 340.410000   -0.57%  $   13.2  TTM squeeze, vol building, vol expansion, RSI reset, RSI in zone, +2
   26 PLA         32.4    7  $   0.234700   +5.53%  $    0.8  vol building, vol expansion, stealth accum, RSI reset, CMF buying, +2
   27 LTC         32.2    6  $  44.040000   +1.26%  $   17.2  TTM squeeze, RSI divergence, RSI reset, RSI in zone, higher lows, +1
   28 WLD         32.1    6  $   0.503800   +0.34%  $  109.1  TTM squeeze, stealth accum, RSI reset, RSI in zone, higher lows, +1
   29 BAL         31.7    5  $   0.967000   -3.69%  $    0.2  stealth accum, RSI divergence, RSI reset, RSI in zone, decoupling BTC
   30 CHIP        31.5    7  $   0.035570   +4.21%  $    9.5  vol building, vol expansion, stealth accum, RSI in zone, CMF buying, +2
   31 IP          31.5    7  $   0.295300   -3.21%  $    6.3  vol building, vol expansion, stealth accum, RSI reset, RSI in zone, +2
   32 TRB         31.5    5  $  13.480000   +0.60%  $    0.9  TTM squeeze, vol expansion, stealth accum, RSI reset, RSI in zone
   33 EDEN        31.1    6  $   0.045280  +11.42%  $    4.2  vol building, vol expansion, RSI divergence, CMF buying, higher lows, +1
   34 OMG         30.9    6  $   0.383000   -0.78%  $    0.7  TTM squeeze, vol building, vol expansion, RSI reset, RSI in zone, +1
   35 AGIX        30.8    7  $   0.614100   -0.37%  $    0.8  TTM squeeze, vol building, vol expansion, stealth accum, RSI in zone, +2
   36 YFII        30.8    6  $ 435.500000   +2.30%  $    0.8  stealth accum, RSI divergence, RSI reset, RSI in zone, higher lows, +1
   37 REP         30.8    6  $   4.730000   -0.84%  $    0.5  TTM squeeze, vol building, vol expansion, RSI reset, RSI in zone, +1
   38 BNX         30.2    5  $   1.781900   +2.81%  $    0.8  whale candle, RSI divergence, RSI in zone, CMF buying, decoupling BTC
   39 STO         30.1    5  $   0.049760   -4.11%  $    1.3  TTM squeeze, stealth accum, RSI reset, RSI in zone, CMF buying
   40 BANANAS31   29.9    6  $   0.010511  +36.77%  $   12.3  vol building, vol expansion, RSI reset, CMF buying, higher lows, +1
   41 TON         29.8    6  $   1.695600   -3.05%  $   17.8  TTM squeeze, vol building, RSI reset, RSI in zone, higher lows, +1
   42 TURTLE      29.8    6  $   0.036500   -0.82%  $    0.3  TTM squeeze, vol building, vol expansion, RSI reset, RSI in zone, +1
   43 MFT         29.5    6  $   0.005254   -0.85%  $    0.7  vol building, vol expansion, RSI reset, RSI in zone, CMF buying, +1
   44 PNT         29.4    5  $   0.035000  +45.23%  $    0.3  whale candle, RSI reset, RSI in zone, higher lows, decoupling BTC
   45 TVK         29.1    7  $   0.054050   +0.04%  $    1.0  vol building, vol expansion, stealth accum, RSI reset, higher lows, +2
   46 OPG         29.1    6  $   0.213400  +26.50%  $   16.8  vol building, vol expansion, RSI divergence, RSI in zone, CMF buying, +1
   47 AUDIO       29.0    5  $   0.015180   -0.13%  $    0.3  TTM squeeze, vol building, vol expansion, RSI reset, RSI in zone
   48 LOKA        28.8    6  $   0.123700   +3.86%  $    0.9  vol building, vol expansion, RSI reset, CMF buying, higher lows, +1
   49 COW         28.6    4  $   0.151600   +3.32%  $    0.4  stealth accum, RSI divergence, RSI in zone, CMF buying
   50 ALICE       28.5    6  $   0.107800   +2.56%  $    1.2  vol expansion, stealth accum, RSI reset, RSI in zone, higher lows, +1

================================================================================
2026-06-14 20:35:32,179 [INFO]   Saved → ignition_v3_LATEST.txt, ignition_v3_LATEST.json, ignition_v3_20260614_203532.txt
2026-06-14 21:22:53,180 [INFO] ================================================================
2026-06-14 21:22:53,181 [INFO] IGNITION SCANNER v3.0
2026-06-14 21:22:53,182 [INFO] ================================================================
2026-06-14 21:22:53,183 [INFO] Building universe...
2026-06-14 21:22:54,462 [INFO]   Universe (post-filter): 572 coins
2026-06-14 21:22:54,463 [INFO] Fetching BTC reference (1h)...
2026-06-14 21:22:54,490 [INFO] Scanning 572 coins on 1h timeframe...
2026-06-14 21:22:55,572 [INFO]   ...50/572  (surfaced so far: 13)
2026-06-14 21:22:57,166 [INFO]   ...100/572  (surfaced so far: 26)
2026-06-14 21:22:59,021 [INFO]   ...150/572  (surfaced so far: 33)
2026-06-14 21:23:01,461 [INFO]   ...200/572  (surfaced so far: 38)
2026-06-14 21:23:04,691 [INFO]   ...250/572  (surfaced so far: 49)
2026-06-14 21:23:07,852 [INFO]   ...300/572  (surfaced so far: 57)
2026-06-14 21:23:12,295 [INFO]   ...350/572  (surfaced so far: 69)
2026-06-14 21:23:16,749 [INFO]   ...400/572  (surfaced so far: 75)
2026-06-14 21:23:20,241 [INFO]   ...450/572  (surfaced so far: 81)
2026-06-14 21:23:22,718 [INFO]   ...500/572  (surfaced so far: 85)
2026-06-14 21:23:25,070 [INFO]   ...550/572  (surfaced so far: 94)
2026-06-14 21:23:25,819 [INFO] Done in 33s  |  scanned=572  failed=0  skipped=0  watch_now=12  on_radar=50
2026-06-14 21:23:25,819 [INFO] 
================================================================================
  IGNITION SCANNER v3.0  —  early warning watchlist
  Generated : 2026-06-14 21:23:25
  Universe  : 572 bases (Bybit + Binance)  |  Scanned: 572
  Scan time : 33s  |  BTC: $63,813
================================================================================

  Tiers — WATCH NOW: conviction ≥ 40, signals ≥ 5
          ON RADAR : conviction ≥ 25, signals ≥ 3

  This scanner does NOT produce trade plans — it surfaces what's brewing.
  Confirm with trend_scanner (Phase 4) before entry.

--------------------------------------------------------------------------------
  WATCH NOW  —  12 coin(s)
--------------------------------------------------------------------------------

  [ 1] OSMO        conv= 48.8  sigs= 9  price=$0.046400      24h= -3.76%  vol=$   0.5M
       sources: binance   vs BTC 6h: +1.89%
       → TTM squeeze, vol building, vol expansion, stealth accum, OBV divergence, RSI divergence, RSI reset, RSI in zone, decoupling BTC

  [ 2] CREAM       conv= 46.7  sigs= 7  price=$2.100000      24h=+65.35%  vol=$   0.3M
       sources: binance   vs BTC 6h: +78.77%
       → vol building, whale candle, OBV divergence, RSI divergence, RSI reset, decoupling BTC, 5d high

  [ 3] PUFFER      conv= 46.2  sigs= 8  price=$0.020180      24h=+50.14%  vol=$   3.2M
       sources: bybit   fund: -1.5021%/8h  |  vs BTC 6h: +36.87%
       → vol expansion, whale candle, RSI reset, CMF buying, higher lows, decoupling BTC, funding neg, 5d high

  [ 4] XAN         conv= 45.9  sigs= 9  price=$0.008693      24h= -0.54%  vol=$   0.5M
       sources: bybit   fund: +0.0050%/8h  |  vs BTC 6h: +1.60%
       → TTM squeeze, vol building, vol expansion, stealth accum, RSI reset, RSI in zone, CMF buying, higher lows, decoupling BTC

  [ 5] BOND        conv= 42.5  sigs= 7  price=$2.152000      24h= +4.42%  vol=$   0.7M
       sources: binance   vs BTC 6h: +20.82%
       → vol building, whale candle, RSI divergence, CMF buying, higher lows, decoupling BTC, 5d high

  [ 6] DODO        conv= 42.2  sigs= 8  price=$0.015120      24h= -0.60%  vol=$   0.2M
       sources: binance   vs BTC 6h: +0.73%
       → TTM squeeze, vol building, vol expansion, stealth accum, OBV divergence, RSI divergence, RSI in zone, CMF buying

  [ 7] LIT         conv= 42.1  sigs= 8  price=$1.591200      24h= -1.70%  vol=$   6.9M
       sources: bybit, binance   fund: -0.0353%/8h  |  vs BTC 6h: +2.10%
       → TTM squeeze, vol building, vol expansion, stealth accum, RSI divergence, RSI in zone, decoupling BTC, funding neg

  [ 8] TOMO        conv= 41.7  sigs= 7  price=$1.381900      24h= +3.22%  vol=$   1.1M
       sources: binance   vs BTC 6h: +11.97%
       → vol building, vol expansion, whale candle, RSI reset, CMF buying, decoupling BTC, 5d high

  [ 9] YB          conv= 41.5  sigs= 7  price=$0.091100      24h= +2.77%  vol=$   0.7M
       sources: binance   vs BTC 6h: +2.36%
       → TTM squeeze, vol building, vol expansion, whale candle, RSI reset, CMF buying, decoupling BTC

  [10] 1000000MOG  conv= 41.5  sigs= 6  price=$0.106350      24h= -1.85%  vol=$   0.8M
       sources: bybit   fund: -0.0123%/8h  |  vs BTC 6h: +0.08%
       → stealth accum, OBV divergence, RSI divergence, RSI reset, CMF buying, funding neg

  [11] EIGEN       conv= 40.4  sigs= 8  price=$0.198020      24h= +5.69%  vol=$   8.2M
       sources: bybit, binance   fund: +0.0050%/8h  |  vs BTC 6h: +3.18%
       → vol building, vol expansion, stealth accum, RSI divergence, RSI reset, RSI in zone, higher lows, decoupling BTC

  [12] HYPE        conv= 40.4  sigs= 6  price=$60.343000     24h= +1.10%  vol=$ 196.2M
       sources: bybit   fund: -0.0002%/8h  |  vs BTC 6h: -0.04%
       → TTM squeeze, stealth accum, RSI divergence, RSI reset, RSI in zone, higher lows

--------------------------------------------------------------------------------
  ON RADAR   —  50 coin(s)
--------------------------------------------------------------------------------
  #   Symbol      Conv Sigs         Price     24h%    Vol $M  Signals
  ------------------------------------------------------------------------------
    1 BABY        39.9    8  $   0.016213  +15.58%  $   16.3  vol building, vol expansion, RSI divergence, RSI reset, CMF buying, +3
    2 BLUAI       39.6    7  $   0.014198  +23.56%  $    3.6  vol building, vol expansion, RSI divergence, RSI reset, CMF buying, +2
    3 CLO         39.3    7  $   0.190490  +35.90%  $   13.9  vol building, vol expansion, RSI divergence, RSI in zone, CMF buying, +2
    4 SPELL       39.2    7  $   0.000129  +27.88%  $    2.5  vol building, vol expansion, stealth accum, RSI divergence, RSI reset, +2
    5 CHR         38.5    7  $   0.016310   +5.58%  $    0.3  vol building, vol expansion, whale candle, RSI reset, CMF buying, +2
    6 TRUTH       37.5    7  $   0.013114   +9.97%  $    5.3  vol building, vol expansion, RSI divergence, RSI reset, RSI in zone, +2
    7 ETHUP       37.0    7  $  11.651000   -0.72%  $    0.5  TTM squeeze, vol building, vol expansion, stealth accum, RSI in zone, +2
    8 ORN         35.8    6  $   1.053000   +1.64%  $    0.5  stealth accum, RSI divergence, RSI reset, RSI in zone, higher lows, +1
    9 SKYAI1      35.5    6  $   0.376180   +2.29%  $    6.1  TTM squeeze, RSI divergence, RSI reset, CMF buying, decoupling BTC, +1
   10 INTC        35.4    8  $ 128.030000   +1.26%  $    1.4  vol building, vol expansion, stealth accum, RSI reset, RSI in zone, +3
   11 OP          35.4    5  $   0.105780   -2.13%  $    9.2  TTM squeeze, stealth accum, RSI divergence, RSI reset, RSI in zone
   12 VVV         35.3    6  $  16.078000   -0.81%  $   15.3  stealth accum, OBV divergence, RSI divergence, RSI reset, RSI in zone, +1
   13 XUSD        35.3    5  $   1.002000   +0.08%  $    0.8  vol expansion, whale candle, stealth accum, RSI reset, 5d high
   14 HUMA        35.0    5  $   0.024064   +6.33%  $    1.6  stealth accum, OBV divergence, RSI reset, RSI in zone, CMF buying
   15 MDX         34.6    5  $   0.034500  +13.52%  $    0.3  vol building, whale candle, RSI divergence, RSI reset, decoupling BTC
   16 CL          34.0    6  $  82.240000   +0.60%  $   20.0  TTM squeeze, vol building, vol expansion, stealth accum, RSI reset, +1
   17 PHA         33.7    6  $   0.035970   -1.09%  $    3.3  TTM squeeze, stealth accum, OBV divergence, RSI reset, RSI in zone, +1
   18 LA          33.5    8  $   0.078040   +5.54%  $    2.4  vol building, vol expansion, stealth accum, RSI reset, higher lows, +3
   19 WLFI        33.3    6  $   0.058320   -0.41%  $    9.0  vol building, vol expansion, stealth accum, OBV divergence, RSI reset, +1
   20 SLF         33.2    5  $   0.020800  -12.24%  $    0.3  vol building, vol expansion, OBV divergence, RSI divergence, RSI in zone
   21 COCOS       32.5    7  $   1.754600   +3.44%  $    1.5  vol building, vol expansion, stealth accum, RSI reset, RSI in zone, +2
   22 AZTEC       32.5    6  $   0.016074   -3.28%  $    1.3  vol building, vol expansion, RSI divergence, RSI reset, RSI in zone, +1
   23 XMR         32.4    7  $ 340.410000   -1.40%  $   13.2  TTM squeeze, vol building, vol expansion, RSI reset, RSI in zone, +2
   24 PLA         32.4    7  $   0.234700   +5.53%  $    0.8  vol building, vol expansion, stealth accum, RSI reset, CMF buying, +2
   25 ZORA        32.3    6  $   0.008373   -2.55%  $    1.4  vol building, vol expansion, stealth accum, OBV divergence, RSI reset, +1
   26 WLD         32.1    6  $   0.503800   +0.48%  $  109.8  TTM squeeze, stealth accum, RSI reset, RSI in zone, higher lows, +1
   27 BAL         31.7    5  $   0.967000   -3.69%  $    0.2  stealth accum, RSI divergence, RSI reset, RSI in zone, decoupling BTC
   28 CHIP        31.5    7  $   0.035570   +4.06%  $    9.6  vol building, vol expansion, stealth accum, RSI in zone, CMF buying, +2
   29 TRB         31.5    5  $  13.480000   +0.00%  $    0.9  TTM squeeze, vol expansion, stealth accum, RSI reset, RSI in zone
   30 EDEN        31.1    6  $   0.045280  +11.63%  $    4.4  vol building, vol expansion, RSI divergence, CMF buying, higher lows, +1
   31 OMG         30.9    6  $   0.383000   -0.78%  $    0.7  TTM squeeze, vol building, vol expansion, RSI reset, RSI in zone, +1
   32 AGIX        30.8    7  $   0.614100   -0.37%  $    0.8  TTM squeeze, vol building, vol expansion, stealth accum, RSI in zone, +2
   33 YFII        30.8    6  $ 435.500000   +2.30%  $    0.8  stealth accum, RSI divergence, RSI reset, RSI in zone, higher lows, +1
   34 REP         30.8    6  $   4.730000   -0.84%  $    0.5  TTM squeeze, vol building, vol expansion, RSI reset, RSI in zone, +1
   35 BNX         30.2    5  $   1.781900   +2.81%  $    0.8  whale candle, RSI divergence, RSI in zone, CMF buying, decoupling BTC
   36 STO         30.1    5  $   0.049760   -4.90%  $    1.3  TTM squeeze, stealth accum, RSI reset, RSI in zone, CMF buying
   37 BANANAS31   29.9    6  $   0.010511  +35.89%  $   13.0  vol building, vol expansion, RSI reset, CMF buying, higher lows, +1
   38 TON         29.8    6  $   1.695600   -2.50%  $   17.5  TTM squeeze, vol building, RSI reset, RSI in zone, higher lows, +1
   39 TURTLE      29.8    6  $   0.036500   -0.82%  $    0.3  TTM squeeze, vol building, vol expansion, RSI reset, RSI in zone, +1
   40 CTR         29.6    6  $   0.012150   -2.43%  $    1.5  vol building, vol expansion, RSI divergence, RSI reset, decoupling BTC, +1
   41 MFT         29.5    6  $   0.005254   -0.85%  $    0.7  vol building, vol expansion, RSI reset, RSI in zone, CMF buying, +1
   42 LTC         29.4    5  $  44.040000   +1.26%  $   17.0  TTM squeeze, RSI divergence, RSI reset, RSI in zone, higher lows
   43 PNT         29.4    5  $   0.035000  +45.23%  $    0.3  whale candle, RSI reset, RSI in zone, higher lows, decoupling BTC
   44 TVK         29.1    7  $   0.054050   +0.04%  $    1.0  vol building, vol expansion, stealth accum, RSI reset, higher lows, +2
   45 OPG         29.1    6  $   0.213400  +26.46%  $   17.1  vol building, vol expansion, RSI divergence, RSI in zone, CMF buying, +1
   46 AUDIO       29.0    5  $   0.015180   +1.18%  $    0.3  TTM squeeze, vol building, vol expansion, RSI reset, RSI in zone
   47 LOKA        28.8    6  $   0.123700   +3.86%  $    0.9  vol building, vol expansion, RSI reset, CMF buying, higher lows, +1
   48 WET         28.8    5  $   0.056540   +0.94%  $    0.6  vol building, vol expansion, RSI divergence, RSI reset, RSI in zone
   49 IP          28.6    6  $   0.295300   -3.02%  $    6.3  vol building, vol expansion, stealth accum, RSI reset, RSI in zone, +1
   50 COW         28.6    4  $   0.151600   +2.84%  $    0.4  stealth accum, RSI divergence, RSI in zone, CMF buying

================================================================================
2026-06-14 21:23:25,842 [INFO]   Saved → ignition_v3_LATEST.txt, ignition_v3_LATEST.json, ignition_v3_20260614_212325.txt
2026-06-14 22:47:42,883 [INFO] ================================================================
2026-06-14 22:47:42,887 [INFO] IGNITION SCANNER v3.0
2026-06-14 22:47:42,888 [INFO] ================================================================
2026-06-14 22:47:42,889 [INFO] Building universe...
2026-06-14 22:47:44,465 [INFO]   Universe (post-filter): 580 coins
2026-06-14 22:47:44,466 [INFO] Fetching BTC reference (1h)...
2026-06-14 22:47:44,825 [INFO] Scanning 580 coins on 1h timeframe...
2026-06-14 22:48:01,817 [INFO]   ...50/580  (surfaced so far: 14)
2026-06-14 22:48:26,590 [INFO]   ...100/580  (surfaced so far: 23)
2026-06-14 22:48:49,867 [INFO]   ...150/580  (surfaced so far: 34)
2026-06-14 22:49:08,873 [INFO]   ...200/580  (surfaced so far: 41)
2026-06-14 22:49:32,832 [INFO]   ...250/580  (surfaced so far: 49)
2026-06-14 22:49:57,066 [INFO]   ...300/580  (surfaced so far: 63)
2026-06-14 22:50:20,140 [INFO]   ...350/580  (surfaced so far: 76)
2026-06-14 22:50:41,395 [INFO]   ...400/580  (surfaced so far: 84)
2026-06-14 22:51:03,528 [INFO]   ...450/580  (surfaced so far: 91)
2026-06-14 22:51:24,875 [INFO]   ...500/580  (surfaced so far: 97)
2026-06-14 22:51:48,214 [INFO]   ...550/580  (surfaced so far: 106)
2026-06-14 22:52:00,636 [INFO] Done in 258s  |  scanned=580  failed=0  skipped=0  watch_now=7  on_radar=50
2026-06-14 22:52:00,642 [INFO] 
================================================================================
  IGNITION SCANNER v3.0  —  early warning watchlist
  Generated : 2026-06-14 22:52:00
  Universe  : 580 bases (Bybit + Binance)  |  Scanned: 580
  Scan time : 258s  |  BTC: $64,009
================================================================================

  Tiers — WATCH NOW: conviction ≥ 40, signals ≥ 5
          ON RADAR : conviction ≥ 25, signals ≥ 3

  This scanner does NOT produce trade plans — it surfaces what's brewing.
  Confirm with trend_scanner (Phase 4) before entry.

--------------------------------------------------------------------------------
  WATCH NOW  —  7 coin(s)
--------------------------------------------------------------------------------

  [ 1] OSMO        conv= 50.0  sigs= 9  price=$0.046300      24h= -2.70%  vol=$   0.5M
       sources: binance   vs BTC 6h: +1.94%
       → TTM squeeze, vol building, vol expansion, stealth accum, OBV divergence, RSI divergence, RSI reset, RSI in zone, decoupling BTC

  [ 2] CREAM       conv= 46.7  sigs= 7  price=$2.100000      24h=+65.35%  vol=$   0.3M
       sources: binance   vs BTC 6h: +77.93%
       → vol building, whale candle, OBV divergence, RSI divergence, RSI reset, decoupling BTC, 5d high

  [ 3] EDEN        conv= 43.7  sigs= 8  price=$0.046690      24h=+24.86%  vol=$   5.3M
       sources: bybit, binance   fund: +0.0050%/8h  |  vs BTC 6h: +12.96%
       → vol building, vol expansion, RSI divergence, RSI reset, CMF buying, higher lows, decoupling BTC, 5d high

  [ 4] BOND        conv= 42.5  sigs= 7  price=$2.152000      24h= +4.42%  vol=$   0.7M
       sources: binance   vs BTC 6h: +19.98%
       → vol building, whale candle, RSI divergence, CMF buying, higher lows, decoupling BTC, 5d high

  [ 5] YB          conv= 42.0  sigs= 7  price=$0.092800      24h= +4.52%  vol=$   0.7M
       sources: binance   vs BTC 6h: +5.30%
       → vol building, vol expansion, whale candle, OBV divergence, RSI divergence, CMF buying, decoupling BTC

  [ 6] BABY        conv= 41.7  sigs= 8  price=$0.016977      24h=+20.16%  vol=$  17.1M
       sources: bybit, binance   fund: +0.0050%/8h  |  vs BTC 6h: +9.82%
       → vol building, vol expansion, RSI divergence, RSI reset, CMF buying, higher lows, decoupling BTC, 5d high

  [ 7] TOMO        conv= 41.6  sigs= 7  price=$1.381900      24h= +3.22%  vol=$   1.1M
       sources: binance   vs BTC 6h: +11.13%
       → vol building, vol expansion, whale candle, RSI reset, CMF buying, decoupling BTC, 5d high

--------------------------------------------------------------------------------
  ON RADAR   —  50 coin(s)
--------------------------------------------------------------------------------
  #   Symbol      Conv Sigs         Price     24h%    Vol $M  Signals
  ------------------------------------------------------------------------------
    1 CHR         38.4    7  $   0.016310   +6.36%  $    0.4  vol building, vol expansion, whale candle, RSI reset, CMF buying, +2
    2 XAN         38.1    6  $   0.009264   +5.66%  $    0.6  whale candle, OBV divergence, RSI reset, CMF buying, decoupling BTC, +1
    3 ETHUP       37.0    7  $  11.651000   -0.72%  $    0.5  TTM squeeze, vol building, vol expansion, stealth accum, RSI in zone, +2
    4 VVV         36.1    6  $  16.279000   +1.01%  $   15.4  TTM squeeze, stealth accum, OBV divergence, RSI divergence, RSI in zone, +1
    5 ORN         35.7    6  $   1.053000   +1.64%  $    0.5  stealth accum, RSI divergence, RSI reset, RSI in zone, higher lows, +1
    6 W           35.0    6  $   0.009657   +1.20%  $    2.0  TTM squeeze, OBV divergence, RSI divergence, RSI reset, RSI in zone, +1
    7 WCT         35.0    6  $   0.047000   +2.49%  $    1.0  TTM squeeze, stealth accum, OBV divergence, RSI reset, RSI in zone, +1
    8 TRB         34.5    6  $  13.480000   +1.11%  $    1.0  TTM squeeze, vol building, vol expansion, stealth accum, RSI reset, +1
    9 MDX         34.5    5  $   0.034500  +13.52%  $    0.3  vol building, whale candle, RSI divergence, RSI reset, decoupling BTC
   10 MON         34.2    5  $   0.021428   +3.03%  $    1.8  stealth accum, OBV divergence, RSI divergence, RSI reset, RSI in zone
   11 1000000MOG  34.2    5  $   0.107350   +0.60%  $    0.9  OBV divergence, RSI divergence, RSI reset, RSI in zone, CMF buying
   12 CLO         34.0    6  $   0.189600  +35.93%  $   14.2  vol building, RSI divergence, RSI in zone, CMF buying, higher lows, +1
   13 AUDIO       33.9    5  $   0.015270   +1.23%  $    0.4  TTM squeeze, vol expansion, stealth accum, RSI reset, RSI in zone
   14 FHE         33.6    6  $   0.023570   +3.24%  $    0.7  vol building, vol expansion, whale candle, RSI divergence, CMF buying, +1
   15 PUFFER      33.5    6  $   0.020830  +31.63%  $    3.6  vol expansion, whale candle, CMF buying, higher lows, decoupling BTC, +1
   16 SLF         33.2    5  $   0.020800  -12.24%  $    0.3  vol building, vol expansion, OBV divergence, RSI divergence, RSI in zone
   17 S           33.1    5  $   0.030130   +1.55%  $    1.0  TTM squeeze, stealth accum, RSI divergence, RSI reset, RSI in zone
   18 SKYAI1      33.0    5  $   0.369980   +4.32%  $    6.0  TTM squeeze, stealth accum, RSI divergence, RSI in zone, CMF buying
   19 0G          33.0    5  $   0.292400   -0.20%  $    1.2  TTM squeeze, stealth accum, OBV divergence, RSI divergence, RSI in zone
   20 COW         32.9    5  $   0.153000   +5.15%  $    0.4  stealth accum, RSI divergence, RSI reset, CMF buying, 5d high
   21 COCOS       32.5    7  $   1.754600   +3.44%  $    1.5  vol building, vol expansion, stealth accum, RSI reset, RSI in zone, +2
   22 FIGHT       32.4    7  $   0.003811  +13.26%  $    0.8  vol building, vol expansion, RSI divergence, RSI in zone, CMF buying, +2
   23 MOODENG     32.4    5  $   0.039660   +0.81%  $    3.1  stealth accum, OBV divergence, RSI divergence, RSI reset, RSI in zone
   24 PLA         32.3    7  $   0.234700   +5.53%  $    0.8  vol building, vol expansion, stealth accum, RSI reset, CMF buying, +2
   25 OPG         31.9    6  $   0.230100  +51.13%  $   20.4  vol building, vol expansion, RSI divergence, CMF buying, decoupling BTC, +1
   26 ZKC         31.9    6  $   0.059300  +18.92%  $   19.9  vol building, vol expansion, RSI reset, RSI in zone, higher lows, +1
   27 PNUT        31.3    5  $   0.043390   +0.60%  $    2.1  stealth accum, OBV divergence, RSI divergence, RSI reset, RSI in zone
   28 EUL         30.9    7  $   1.025700  +12.13%  $    1.5  vol building, vol expansion, RSI reset, CMF buying, higher lows, +2
   29 OMG         30.9    6  $   0.383000   -0.78%  $    0.7  TTM squeeze, vol building, vol expansion, RSI reset, RSI in zone, +1
   30 REP         30.8    6  $   4.730000   -0.84%  $    0.5  TTM squeeze, vol building, vol expansion, RSI reset, RSI in zone, +1
   31 AGIX        30.7    7  $   0.614100   -0.37%  $    0.8  TTM squeeze, vol building, vol expansion, stealth accum, RSI in zone, +2
   32 HMSTR       30.6    5  $   0.000164   -2.39%  $    6.1  TTM squeeze, stealth accum, RSI reset, RSI in zone, higher lows
   33 BNX         30.1    5  $   1.781900   +2.81%  $    0.8  whale candle, RSI divergence, RSI in zone, CMF buying, decoupling BTC
   34 BCH         29.9    6  $ 200.400000   -0.81%  $   26.6  vol building, vol expansion, RSI divergence, RSI reset, RSI in zone, +1
   35 MFT         29.5    6  $   0.005254   -0.85%  $    0.7  vol building, vol expansion, RSI reset, RSI in zone, CMF buying, +1
   36 BAL         29.4    4  $   0.967000   -3.69%  $    0.2  stealth accum, RSI divergence, RSI reset, RSI in zone
   37 XPL         29.3    6  $   0.090170   +2.44%  $   24.2  TTM squeeze, stealth accum, RSI reset, RSI in zone, CMF buying, +1
   38 AMAT        29.3    5  $ 585.740000   +3.15%  $    0.5  TTM squeeze, RSI divergence, RSI reset, RSI in zone, higher lows
   39 PNT         29.3    5  $   0.035000  +45.23%  $    0.3  whale candle, RSI reset, RSI in zone, higher lows, decoupling BTC
   40 TVK         29.0    7  $   0.054050   +0.04%  $    1.0  vol building, vol expansion, stealth accum, RSI reset, higher lows, +2
   41 BAN         28.8    6  $   0.076610  +11.04%  $    0.6  vol building, vol expansion, RSI reset, CMF buying, higher lows, +1
   42 GUN         28.8    5  $   0.005862   +1.25%  $    1.2  stealth accum, RSI divergence, RSI reset, RSI in zone, decoupling BTC
   43 WET         28.8    5  $   0.056540   +2.78%  $    0.7  vol building, vol expansion, RSI divergence, RSI reset, RSI in zone
   44 STG         28.8    4  $   0.253090  -19.91%  $   39.7  TTM squeeze, OBV divergence, RSI divergence, RSI in zone
   45 DEXE        28.8    4  $  17.784000   +2.27%  $    4.3  TTM squeeze, RSI divergence, RSI reset, higher lows
   46 JELLYJELLY  28.7    6  $   0.075130  +40.14%  $   13.5  vol building, vol expansion, RSI reset, CMF buying, higher lows, +1
   47 LOKA        28.7    6  $   0.123700   +3.86%  $    0.9  vol building, vol expansion, RSI reset, CMF buying, higher lows, +1
   48 PIEVERSE    28.6    5  $   0.646700   -3.01%  $    1.4  whale candle, stealth accum, RSI reset, higher lows, decoupling BTC
   49 LTC         28.5    5  $  44.410000   +1.13%  $   16.4  TTM squeeze, RSI divergence, RSI reset, CMF buying, 5d high
   50 YFII        28.5    5  $ 435.500000   +2.30%  $    0.8  stealth accum, RSI divergence, RSI reset, RSI in zone, higher lows

================================================================================
2026-06-14 22:52:00,721 [INFO]   Saved → ignition_v3_LATEST.txt, ignition_v3_LATEST.json, ignition_v3_20260614_225200.txt
2026-06-14 23:47:29,079 [INFO] ================================================================
2026-06-14 23:47:29,084 [INFO] IGNITION SCANNER v3.0
2026-06-14 23:47:29,086 [INFO] ================================================================
2026-06-14 23:47:29,087 [INFO] Building universe...
2026-06-14 23:47:31,691 [INFO]   Universe (post-filter): 587 coins
2026-06-14 23:47:31,702 [INFO] Fetching BTC reference (1h)...
2026-06-14 23:47:31,796 [INFO] Scanning 587 coins on 1h timeframe...
2026-06-14 23:47:40,148 [INFO]   ...50/587  (surfaced so far: 14)
2026-06-14 23:47:46,700 [INFO]   ...100/587  (surfaced so far: 24)
2026-06-14 23:47:55,396 [INFO]   ...150/587  (surfaced so far: 34)
2026-06-14 23:48:00,492 [INFO]   ...200/587  (surfaced so far: 41)
2026-06-14 23:48:07,884 [INFO]   ...250/587  (surfaced so far: 49)
2026-06-14 23:48:12,424 [INFO]   ...300/587  (surfaced so far: 62)
2026-06-14 23:48:16,825 [INFO]   ...350/587  (surfaced so far: 76)
2026-06-14 23:48:21,455 [INFO]   ...400/587  (surfaced so far: 86)
2026-06-14 23:48:31,506 [INFO]   ...450/587  (surfaced so far: 94)
2026-06-14 23:48:35,078 [INFO]   ...500/587  (surfaced so far: 103)
2026-06-14 23:48:36,814 [INFO]   ...550/587  (surfaced so far: 112)
2026-06-14 23:48:39,616 [INFO] Done in 71s  |  scanned=587  failed=0  skipped=0  watch_now=10  on_radar=50
2026-06-14 23:48:39,622 [INFO] 
================================================================================
  IGNITION SCANNER v3.0  —  early warning watchlist
  Generated : 2026-06-14 23:48:39
  Universe  : 587 bases (Bybit + Binance)  |  Scanned: 587
  Scan time : 71s  |  BTC: $64,009
================================================================================

  Tiers — WATCH NOW: conviction ≥ 40, signals ≥ 5
          ON RADAR : conviction ≥ 25, signals ≥ 3

  This scanner does NOT produce trade plans — it surfaces what's brewing.
  Confirm with trend_scanner (Phase 4) before entry.

--------------------------------------------------------------------------------
  WATCH NOW  —  10 coin(s)
--------------------------------------------------------------------------------

  [ 1] SKHYNIX     conv= 50.7  sigs= 8  price=$1,573.020000  24h= +4.33%  vol=$   0.6M
       sources: bybit   fund: +0.0874%/8h  |  vs BTC 6h: +3.68%
       → vol expansion, whale candle, RSI divergence, RSI reset, CMF buying, higher lows, decoupling BTC, 5d high

  [ 2] OSMO        conv= 50.0  sigs= 9  price=$0.046300      24h= -1.05%  vol=$   0.5M
       sources: binance   vs BTC 6h: +1.94%
       → TTM squeeze, vol building, vol expansion, stealth accum, OBV divergence, RSI divergence, RSI reset, RSI in zone, decoupling BTC

  [ 3] CREAM       conv= 46.7  sigs= 7  price=$2.100000      24h=+65.35%  vol=$   0.3M
       sources: binance   vs BTC 6h: +77.93%
       → vol building, whale candle, OBV divergence, RSI divergence, RSI reset, decoupling BTC, 5d high

  [ 4] CORE        conv= 45.5  sigs= 7  price=$0.028560      24h= +1.48%  vol=$   0.5M
       sources: bybit   fund: +0.0100%/8h  |  vs BTC 6h: +2.33%
       → TTM squeeze, whale candle, stealth accum, RSI divergence, RSI reset, CMF buying, decoupling BTC

  [ 5] EDEN        conv= 43.7  sigs= 8  price=$0.046690      24h=+21.99%  vol=$   5.8M
       sources: bybit, binance   fund: +0.0050%/8h  |  vs BTC 6h: +12.96%
       → vol building, vol expansion, RSI divergence, RSI reset, CMF buying, higher lows, decoupling BTC, 5d high

  [ 6] BOND        conv= 42.5  sigs= 7  price=$2.152000      24h= +4.42%  vol=$   0.7M
       sources: binance   vs BTC 6h: +19.98%
       → vol building, whale candle, RSI divergence, CMF buying, higher lows, decoupling BTC, 5d high

  [ 7] YB          conv= 42.0  sigs= 7  price=$0.092800      24h= +4.77%  vol=$   0.7M
       sources: binance   vs BTC 6h: +5.30%
       → vol building, vol expansion, whale candle, OBV divergence, RSI divergence, CMF buying, decoupling BTC

  [ 8] BABY        conv= 41.7  sigs= 8  price=$0.016977      24h=+18.89%  vol=$  17.5M
       sources: bybit, binance   fund: +0.0050%/8h  |  vs BTC 6h: +9.82%
       → vol building, vol expansion, RSI divergence, RSI reset, CMF buying, higher lows, decoupling BTC, 5d high

  [ 9] TOMO        conv= 41.6  sigs= 7  price=$1.381900      24h= +3.22%  vol=$   1.1M
       sources: binance   vs BTC 6h: +11.13%
       → vol building, vol expansion, whale candle, RSI reset, CMF buying, decoupling BTC, 5d high

  [10] API3        conv= 40.5  sigs= 7  price=$0.267600      24h= +6.32%  vol=$   0.7M
       sources: bybit, binance   fund: +0.0050%/8h  |  vs BTC 6h: +4.61%
       → vol building, vol expansion, whale candle, RSI reset, CMF buying, decoupling BTC, 5d high

--------------------------------------------------------------------------------
  ON RADAR   —  50 coin(s)
--------------------------------------------------------------------------------
  #   Symbol      Conv Sigs         Price     24h%    Vol $M  Signals
  ------------------------------------------------------------------------------
    1 XAN         38.1    6  $   0.009264   +6.92%  $    0.7  whale candle, OBV divergence, RSI reset, CMF buying, decoupling BTC, +1
    2 ETHUP       37.0    7  $  11.651000   -0.72%  $    0.5  TTM squeeze, vol building, vol expansion, stealth accum, RSI in zone, +2
    3 VVV         36.1    6  $  16.279000   +0.57%  $   15.8  TTM squeeze, stealth accum, OBV divergence, RSI divergence, RSI in zone, +1
    4 ORN         35.7    6  $   1.053000   +1.64%  $    0.5  stealth accum, RSI divergence, RSI reset, RSI in zone, higher lows, +1
    5 CHR         35.5    6  $   0.016750   +5.89%  $    0.4  vol expansion, whale candle, RSI reset, CMF buying, decoupling BTC, +1
    6 W           35.0    6  $   0.009657   +1.77%  $    2.1  TTM squeeze, OBV divergence, RSI divergence, RSI reset, RSI in zone, +1
    7 WCT         35.0    6  $   0.047000   +1.88%  $    0.9  TTM squeeze, stealth accum, OBV divergence, RSI reset, RSI in zone, +1
    8 TRB         34.5    6  $  13.480000   +2.52%  $    1.2  TTM squeeze, vol building, vol expansion, stealth accum, RSI reset, +1
    9 MDX         34.5    5  $   0.034500  +13.52%  $    0.3  vol building, whale candle, RSI divergence, RSI reset, decoupling BTC
   10 MON         34.2    5  $   0.021428   +2.36%  $    2.0  stealth accum, OBV divergence, RSI divergence, RSI reset, RSI in zone
   11 1000000MOG  34.2    5  $   0.107350   +2.77%  $    0.9  OBV divergence, RSI divergence, RSI reset, RSI in zone, CMF buying
   12 CLO         34.0    6  $   0.189600  +35.99%  $   14.5  vol building, RSI divergence, RSI in zone, CMF buying, higher lows, +1
   13 AUDIO       33.9    5  $   0.015270   +0.85%  $    0.5  TTM squeeze, vol expansion, stealth accum, RSI reset, RSI in zone
   14 FHE         33.6    6  $   0.023570   +3.32%  $    0.7  vol building, vol expansion, whale candle, RSI divergence, CMF buying, +1
   15 PUFFER      33.5    6  $   0.020830  +21.10%  $    4.0  vol expansion, whale candle, CMF buying, higher lows, decoupling BTC, +1
   16 SLF         33.2    5  $   0.020800  -12.24%  $    0.3  vol building, vol expansion, OBV divergence, RSI divergence, RSI in zone
   17 S           33.1    5  $   0.030130   +2.27%  $    1.1  TTM squeeze, stealth accum, RSI divergence, RSI reset, RSI in zone
   18 SKYAI1      33.0    5  $   0.369980   +5.62%  $    5.9  TTM squeeze, stealth accum, RSI divergence, RSI in zone, CMF buying
   19 0G          33.0    5  $   0.292400   -0.30%  $    1.0  TTM squeeze, stealth accum, OBV divergence, RSI divergence, RSI in zone
   20 COW         32.9    5  $   0.153000   +5.36%  $    0.5  stealth accum, RSI divergence, RSI reset, CMF buying, 5d high
   21 STG         32.6    5  $   0.253090  -18.21%  $   38.0  TTM squeeze, OBV divergence, RSI divergence, RSI in zone, funding neg
   22 COCOS       32.5    7  $   1.754600   +3.44%  $    1.5  vol building, vol expansion, stealth accum, RSI reset, RSI in zone, +2
   23 FIGHT       32.4    7  $   0.003811  +17.78%  $    0.8  vol building, vol expansion, RSI divergence, RSI in zone, CMF buying, +2
   24 MOODENG     32.4    5  $   0.039660   +1.66%  $    3.3  stealth accum, OBV divergence, RSI divergence, RSI reset, RSI in zone
   25 PLA         32.3    7  $   0.234700   +5.53%  $    0.8  vol building, vol expansion, stealth accum, RSI reset, CMF buying, +2
   26 OPG         31.9    6  $   0.230100  +73.68%  $   29.8  vol building, vol expansion, RSI divergence, CMF buying, decoupling BTC, +1
   27 ZKC         31.9    6  $   0.059300  +19.29%  $   20.1  vol building, vol expansion, RSI reset, RSI in zone, higher lows, +1
   28 NBIS        31.5    6  $ 243.900000   +6.15%  $    0.6  stealth accum, RSI reset, CMF buying, higher lows, decoupling BTC, +1
   29 PNUT        31.3    5  $   0.043390   +0.76%  $    2.0  stealth accum, OBV divergence, RSI divergence, RSI reset, RSI in zone
   30 EUL         30.9    7  $   1.025700  +12.38%  $    1.6  vol building, vol expansion, RSI reset, CMF buying, higher lows, +2
   31 OMG         30.9    6  $   0.383000   -0.78%  $    0.7  TTM squeeze, vol building, vol expansion, RSI reset, RSI in zone, +1
   32 REP         30.8    6  $   4.730000   -0.84%  $    0.5  TTM squeeze, vol building, vol expansion, RSI reset, RSI in zone, +1
   33 AGIX        30.7    7  $   0.614100   -0.37%  $    0.8  TTM squeeze, vol building, vol expansion, stealth accum, RSI in zone, +2
   34 HMSTR       30.6    5  $   0.000164   -0.83%  $    6.1  TTM squeeze, stealth accum, RSI reset, RSI in zone, higher lows
   35 BNX         30.1    5  $   1.781900   +2.81%  $    0.8  whale candle, RSI divergence, RSI in zone, CMF buying, decoupling BTC
   36 NVDA        30.1    5  $ 209.240000   +1.54%  $    0.5  vol building, whale candle, stealth accum, RSI reset, 5d high
   37 BCH         29.8    6  $ 200.400000   +0.19%  $   33.2  vol building, vol expansion, RSI divergence, RSI reset, RSI in zone, +1
   38 MFT         29.5    6  $   0.005254   -0.85%  $    0.7  vol building, vol expansion, RSI reset, RSI in zone, CMF buying, +1
   39 SUPER       29.5    5  $   0.098490   +0.55%  $    0.5  vol building, whale candle, stealth accum, RSI reset, decoupling BTC
   40 BAL         29.4    4  $   0.967000   -3.69%  $    0.2  stealth accum, RSI divergence, RSI reset, RSI in zone
   41 XPL         29.3    6  $   0.090170   +3.33%  $   24.7  TTM squeeze, stealth accum, RSI reset, RSI in zone, CMF buying, +1
   42 AMAT        29.3    5  $ 585.740000   +2.48%  $    0.6  TTM squeeze, RSI divergence, RSI reset, RSI in zone, higher lows
   43 PNT         29.3    5  $   0.035000  +45.23%  $    0.3  whale candle, RSI reset, RSI in zone, higher lows, decoupling BTC
   44 TVK         29.0    7  $   0.054050   +0.04%  $    1.0  vol building, vol expansion, stealth accum, RSI reset, higher lows, +2
   45 XCN         28.8    6  $   0.003975   +0.64%  $    1.0  vol building, vol expansion, whale candle, RSI in zone, decoupling BTC, +1
   46 BAN         28.8    6  $   0.076610   +9.56%  $    0.6  vol building, vol expansion, RSI reset, CMF buying, higher lows, +1
   47 GUN         28.8    5  $   0.005862   +0.43%  $    1.2  stealth accum, RSI divergence, RSI reset, RSI in zone, decoupling BTC
   48 DEXE        28.8    4  $  17.784000   +1.10%  $    4.4  TTM squeeze, RSI divergence, RSI reset, higher lows
   49 JELLYJELLY  28.7    6  $   0.075130  +36.76%  $   14.2  vol building, vol expansion, RSI reset, CMF buying, higher lows, +1
   50 LOKA        28.7    6  $   0.123700   +3.86%  $    0.9  vol building, vol expansion, RSI reset, CMF buying, higher lows, +1

================================================================================
2026-06-14 23:48:39,655 [INFO]   Saved → ignition_v3_LATEST.txt, ignition_v3_LATEST.json, ignition_v3_20260614_234839.txt
