2026-06-18 06:21:07,331 [INFO] ================================================================
2026-06-18 06:21:07,332 [INFO] IGNITION SCANNER v3.0
2026-06-18 06:21:07,332 [INFO] ================================================================
2026-06-18 06:21:07,332 [INFO] Building universe...
2026-06-18 06:21:08,711 [INFO]   Universe (post-filter): 638 coins
2026-06-18 06:21:08,711 [INFO] Fetching BTC reference (1h)...
2026-06-18 06:21:09,018 [INFO] Scanning 638 coins on 1h timeframe...
2026-06-18 06:21:27,683 [INFO]   ...50/638  (surfaced so far: 5)
2026-06-18 06:21:45,662 [INFO]   ...100/638  (surfaced so far: 10)
2026-06-18 06:22:03,101 [INFO]   ...150/638  (surfaced so far: 18)
2026-06-18 06:22:20,106 [INFO]   ...200/638  (surfaced so far: 21)
2026-06-18 06:22:39,478 [INFO]   ...250/638  (surfaced so far: 31)
2026-06-18 06:22:56,538 [INFO]   ...300/638  (surfaced so far: 44)
2026-06-18 06:23:12,825 [INFO]   ...350/638  (surfaced so far: 50)
2026-06-18 06:23:34,378 [INFO]   ...400/638  (surfaced so far: 58)
2026-06-18 06:23:51,843 [INFO]   ...450/638  (surfaced so far: 60)
2026-06-18 06:24:09,230 [INFO]   ...500/638  (surfaced so far: 65)
2026-06-18 06:24:28,183 [INFO]   ...550/638  (surfaced so far: 68)
2026-06-18 06:24:44,954 [INFO]   ...600/638  (surfaced so far: 74)
2026-06-18 06:24:58,095 [INFO] Done in 231s  |  scanned=635  failed=3  skipped=0  watch_now=5  on_radar=50
2026-06-18 06:24:58,096 [INFO] 
================================================================================
  IGNITION SCANNER v3.0  —  early warning watchlist
  Generated : 2026-06-18 06:24:58
  Universe  : 638 bases (Bybit + Binance)  |  Scanned: 635
  Scan time : 231s  |  BTC: $63,883
================================================================================

  Tiers — WATCH NOW: conviction ≥ 40, signals ≥ 5
          ON RADAR : conviction ≥ 25, signals ≥ 3

  This scanner does NOT produce trade plans — it surfaces what's brewing.
  Confirm with trend_scanner (Phase 4) before entry.

--------------------------------------------------------------------------------
  WATCH NOW  —  5 coin(s)
--------------------------------------------------------------------------------

  [ 1] CREAM       conv= 46.7  sigs= 7  price=$2.100000      24h=+65.35%  vol=$   0.3M
       sources: binance   vs BTC 6h: +78.61%
       → vol building, whale candle, OBV divergence, RSI divergence, RSI reset, decoupling BTC, 5d high

  [ 2] BOND        conv= 42.5  sigs= 7  price=$2.152000      24h= +4.42%  vol=$   0.7M
       sources: binance   vs BTC 6h: +20.67%
       → vol building, whale candle, RSI divergence, CMF buying, higher lows, decoupling BTC, 5d high

  [ 3] BLEND       conv= 42.3  sigs= 8  price=$0.060740      24h= +0.51%  vol=$   1.4M
       sources: bybit   fund: -0.2969%/8h  |  vs BTC 6h: +6.36%
       → vol building, vol expansion, whale candle, RSI reset, CMF buying, higher lows, decoupling BTC, funding neg

  [ 4] KERNEL      conv= 41.8  sigs= 8  price=$0.053240      24h= +4.65%  vol=$   0.9M
       sources: bybit, binance   fund: -0.2369%/8h  |  vs BTC 6h: +6.18%
       → vol building, vol expansion, RSI divergence, RSI reset, CMF buying, decoupling BTC, funding neg, 5d high

  [ 5] TOMO        conv= 41.7  sigs= 7  price=$1.381900      24h= +3.22%  vol=$   1.1M
       sources: binance   vs BTC 6h: +11.81%
       → vol building, vol expansion, whale candle, RSI reset, CMF buying, decoupling BTC, 5d high

--------------------------------------------------------------------------------
  ON RADAR   —  50 coin(s)
--------------------------------------------------------------------------------
  #   Symbol      Conv Sigs         Price     24h%    Vol $M  Signals
  ------------------------------------------------------------------------------
    1 SIGN        38.5    8  $   0.009456   +5.14%  $    2.5  vol building, vol expansion, RSI divergence, RSI reset, RSI in zone, +3
    2 ETHUP       37.0    7  $  11.651000   -0.72%  $    0.5  TTM squeeze, vol building, vol expansion, stealth accum, RSI in zone, +2
    3 ORN         35.8    6  $   1.053000   +1.64%  $    0.5  stealth accum, RSI divergence, RSI reset, RSI in zone, higher lows, +1
    4 M           35.6    5  $   2.914400   -8.40%  $    2.9  stealth accum, OBV divergence, RSI divergence, RSI reset, RSI in zone
    5 BEL         34.6    6  $   0.099090  +14.90%  $    2.6  vol building, vol expansion, RSI divergence, RSI reset, higher lows, +1
    6 MDX         34.6    5  $   0.034500  +13.52%  $    0.3  vol building, whale candle, RSI divergence, RSI reset, decoupling BTC
    7 BLAST       34.4    6  $   0.000309   -2.82%  $    0.6  vol expansion, stealth accum, RSI divergence, RSI in zone, CMF buying, +1
    8 IOTA        33.9    6  $   0.047200   -2.43%  $    1.4  vol building, vol expansion, whale candle, OBV divergence, RSI divergence, +1
    9 SLF         33.2    5  $   0.020800  -12.24%  $    0.3  vol building, vol expansion, OBV divergence, RSI divergence, RSI in zone
   10 HIGH        32.9    5  $   0.045440   +2.37%  $   12.1  stealth accum, RSI divergence, RSI in zone, higher lows, funding neg
   11 ATM         32.9    4  $   1.376000  +14.67%  $    6.3  whale candle, OBV divergence, RSI reset, decoupling BTC
   12 BSB         32.7    5  $   0.539100  +19.09%  $   65.6  stealth accum, RSI divergence, RSI reset, RSI in zone, higher lows
   13 EUL         32.6    6  $   1.071500   +4.11%  $    1.1  vol building, vol expansion, stealth accum, RSI divergence, RSI in zone, +1
   14 COCOS       32.5    7  $   1.754600   +3.44%  $    1.5  vol building, vol expansion, stealth accum, RSI reset, RSI in zone, +2
   15 PLA         32.4    7  $   0.234700   +5.53%  $    0.8  vol building, vol expansion, stealth accum, RSI reset, CMF buying, +2
   16 WHITEWHALE  32.2    6  $   0.003670  +13.27%  $    1.2  vol expansion, RSI reset, RSI in zone, CMF buying, higher lows, +1
   17 NMR         32.2    6  $   8.690000   -0.12%  $    0.2  vol building, vol expansion, stealth accum, RSI reset, RSI in zone, +1
   18 WLD         32.2    5  $   0.637800   -8.19%  $  233.8  TTM squeeze, OBV divergence, RSI divergence, RSI reset, RSI in zone
   19 PHA         32.0    7  $   0.036710   +3.42%  $    2.4  vol building, vol expansion, stealth accum, RSI reset, CMF buying, +2
   20 PLAYSOUT    31.0    5  $   0.040140  +13.37%  $    3.2  RSI divergence, RSI reset, higher lows, decoupling BTC, 5d high
   21 OMG         30.9    6  $   0.383000   -0.78%  $    0.7  TTM squeeze, vol building, vol expansion, RSI reset, RSI in zone, +1
   22 AGIX        30.8    7  $   0.614100   -0.37%  $    0.8  TTM squeeze, vol building, vol expansion, stealth accum, RSI in zone, +2
   23 YFII        30.8    6  $ 435.500000   +2.30%  $    0.8  stealth accum, RSI divergence, RSI reset, RSI in zone, higher lows, +1
   24 REP         30.8    6  $   4.730000   -0.84%  $    0.5  TTM squeeze, vol building, vol expansion, RSI reset, RSI in zone, +1
   25 D           30.8    5  $   0.005530   +5.88%  $    4.1  stealth accum, RSI divergence, RSI reset, higher lows, decoupling BTC
   26 QNTX        30.6    5  $  63.760000  +13.69%  $    1.9  stealth accum, RSI divergence, RSI in zone, CMF buying, higher lows
   27 SYN         30.5    7  $   0.085500  +72.81%  $   10.0  vol building, vol expansion, RSI reset, RSI in zone, CMF buying, +2
   28 BNX         30.2    5  $   1.781900   +2.81%  $    0.8  whale candle, RSI divergence, RSI in zone, CMF buying, decoupling BTC
   29 OPG         30.0    5  $   0.155100   -2.59%  $    7.7  TTM squeeze, RSI divergence, RSI reset, RSI in zone, funding neg
   30 AMAT        30.0    5  $ 610.600000   +5.69%  $    1.5  vol building, stealth accum, RSI divergence, CMF buying, higher lows
   31 SAHARA      29.7    7  $   0.014171   -2.29%  $    6.6  vol building, vol expansion, whale candle, RSI in zone, CMF buying, +2
   32 MFT         29.5    6  $   0.005254   -0.85%  $    0.7  vol building, vol expansion, RSI reset, RSI in zone, CMF buying, +1
   33 PNT         29.4    5  $   0.035000  +45.23%  $    0.3  whale candle, RSI reset, RSI in zone, higher lows, decoupling BTC
   34 BAL         29.4    4  $   0.967000   -3.69%  $    0.2  stealth accum, RSI divergence, RSI reset, RSI in zone
   35 TVK         29.1    7  $   0.054050   +0.04%  $    1.0  vol building, vol expansion, stealth accum, RSI reset, higher lows, +2
   36 PROVE       29.1    6  $   0.211100   +0.24%  $    1.3  vol building, vol expansion, RSI divergence, RSI reset, decoupling BTC, +1
   37 BASED       29.1    5  $   0.077450   +0.67%  $    2.3  TTM squeeze, RSI reset, RSI in zone, CMF buying, higher lows
   38 LOKA        28.8    6  $   0.123700   +3.86%  $    0.9  vol building, vol expansion, RSI reset, CMF buying, higher lows, +1
   39 SPACE       28.8    5  $   0.007364   -8.18%  $    2.4  RSI divergence, RSI reset, RSI in zone, CMF buying, funding neg
   40 BR          28.8    4  $   0.186290   -9.02%  $    9.1  OBV divergence, RSI divergence, RSI reset, RSI in zone
   41 INTC        28.7    5  $ 130.010000   +7.63%  $   13.4  whale candle, RSI reset, CMF buying, higher lows, decoupling BTC
   42 NIL         28.5    5  $   0.041210   -1.43%  $    2.1  TTM squeeze, stealth accum, RSI reset, RSI in zone, higher lows
   43 APR         28.0    5  $   0.208160   -0.30%  $    0.6  vol building, vol expansion, RSI divergence, RSI reset, decoupling BTC
   44 CLV         27.9    5  $   0.029370  +13.97%  $    0.3  vol building, vol expansion, whale candle, RSI reset, RSI in zone
   45 TORN        27.9    4  $   4.060000   -4.02%  $    0.5  stealth accum, RSI divergence, RSI in zone, higher lows
   46 GPS         27.8    5  $   0.008916  -10.31%  $    2.0  vol building, vol expansion, RSI divergence, RSI reset, RSI in zone
   47 FORM        27.8    4  $   0.239100   +2.37%  $    1.3  stealth accum, RSI divergence, RSI reset, RSI in zone
   48 LAB         27.6    6  $  14.372000   +3.61%  $   40.2  vol building, RSI divergence, RSI reset, higher lows, decoupling BTC, +1
   49 ATH         27.5    4  $   0.004669   -6.81%  $    1.9  RSI divergence, RSI reset, CMF buying, funding neg
   50 ZAMA        27.3    4  $   0.035350   +1.34%  $    8.2  stealth accum, RSI divergence, RSI reset, decoupling BTC

================================================================================
2026-06-18 06:24:58,112 [INFO]   Saved → ignition_v3_LATEST.txt, ignition_v3_LATEST.json, ignition_v3_20260618_062458.txt
2026-06-18 13:13:02,517 [INFO] ================================================================
2026-06-18 13:13:02,517 [INFO] IGNITION SCANNER v3.0
2026-06-18 13:13:02,517 [INFO] ================================================================
2026-06-18 13:13:02,517 [INFO] Building universe...
2026-06-18 13:13:03,716 [INFO]   Universe (post-filter): 640 coins
2026-06-18 13:13:03,718 [INFO] Fetching BTC reference (1h)...
2026-06-18 13:13:04,099 [INFO] Scanning 640 coins on 1h timeframe...
2026-06-18 13:13:19,515 [INFO]   ...50/640  (surfaced so far: 3)
2026-06-18 13:13:35,083 [INFO]   ...100/640  (surfaced so far: 15)
2026-06-18 13:13:52,605 [INFO]   ...150/640  (surfaced so far: 24)
2026-06-18 13:14:07,639 [INFO]   ...200/640  (surfaced so far: 31)
2026-06-18 13:14:23,076 [INFO]   ...250/640  (surfaced so far: 42)
2026-06-18 13:14:39,781 [INFO]   ...300/640  (surfaced so far: 49)
2026-06-18 13:14:56,461 [INFO]   ...350/640  (surfaced so far: 57)
2026-06-18 13:15:14,733 [INFO]   ...400/640  (surfaced so far: 70)
2026-06-18 13:15:31,734 [INFO]   ...450/640  (surfaced so far: 74)
2026-06-18 13:15:48,973 [INFO]   ...500/640  (surfaced so far: 80)
2026-06-18 13:16:07,576 [INFO]   ...550/640  (surfaced so far: 85)
2026-06-18 13:16:25,970 [INFO]   ...600/640  (surfaced so far: 93)
2026-06-18 13:16:40,730 [INFO] Done in 218s  |  scanned=637  failed=3  skipped=0  watch_now=5  on_radar=50
2026-06-18 13:16:40,731 [INFO] 
================================================================================
  IGNITION SCANNER v3.0  —  early warning watchlist
  Generated : 2026-06-18 13:16:40
  Universe  : 640 bases (Bybit + Binance)  |  Scanned: 637
  Scan time : 218s  |  BTC: $63,974
================================================================================

  Tiers — WATCH NOW: conviction ≥ 40, signals ≥ 5
          ON RADAR : conviction ≥ 25, signals ≥ 3

  This scanner does NOT produce trade plans — it surfaces what's brewing.
  Confirm with trend_scanner (Phase 4) before entry.

--------------------------------------------------------------------------------
  WATCH NOW  —  5 coin(s)
--------------------------------------------------------------------------------

  [ 1] CREAM       conv= 46.7  sigs= 7  price=$2.100000      24h=+65.35%  vol=$   0.3M
       sources: binance   vs BTC 6h: +78.00%
       → vol building, whale candle, OBV divergence, RSI divergence, RSI reset, decoupling BTC, 5d high

  [ 2] SXT         conv= 42.9  sigs= 8  price=$0.007980      24h= +0.12%  vol=$   0.4M
       sources: binance   vs BTC 6h: +1.69%
       → vol building, vol expansion, whale candle, stealth accum, OBV divergence, RSI divergence, RSI in zone, decoupling BTC

  [ 3] BOND        conv= 42.5  sigs= 7  price=$2.152000      24h= +4.42%  vol=$   0.7M
       sources: binance   vs BTC 6h: +20.05%
       → vol building, whale candle, RSI divergence, CMF buying, higher lows, decoupling BTC, 5d high

  [ 4] TOMO        conv= 41.6  sigs= 7  price=$1.381900      24h= +3.22%  vol=$   1.1M
       sources: binance   vs BTC 6h: +11.20%
       → vol building, vol expansion, whale candle, RSI reset, CMF buying, decoupling BTC, 5d high

  [ 5] BEAM        conv= 40.2  sigs= 6  price=$0.001502      24h= -3.29%  vol=$   0.9M
       sources: bybit, binance   fund: +0.0050%/8h  |  vs BTC 6h: -0.27%
       → stealth accum, OBV divergence, RSI divergence, RSI reset, RSI in zone, CMF buying

--------------------------------------------------------------------------------
  ON RADAR   —  50 coin(s)
--------------------------------------------------------------------------------
  #   Symbol      Conv Sigs         Price     24h%    Vol $M  Signals
  ------------------------------------------------------------------------------
    1 USELESS     38.7    7  $   0.076350   +0.47%  $    6.7  vol building, vol expansion, stealth accum, OBV divergence, RSI divergence, +2
    2 ETHUP       37.0    7  $  11.651000   -0.72%  $    0.5  TTM squeeze, vol building, vol expansion, stealth accum, RSI in zone, +2
    3 PARTI       37.0    6  $   0.061290   -1.23%  $    1.1  TTM squeeze, stealth accum, RSI divergence, RSI reset, RSI in zone, +1
    4 ORN         35.7    6  $   1.053000   +1.64%  $    0.5  stealth accum, RSI divergence, RSI reset, RSI in zone, higher lows, +1
    5 NBIS        35.4    5  $ 293.950000  +10.30%  $    3.1  stealth accum, RSI divergence, RSI reset, CMF buying, higher lows
    6 DELL        35.2    5  $ 429.340000   +5.36%  $    0.7  stealth accum, RSI divergence, RSI reset, CMF buying, higher lows
    7 SKY         34.7    6  $   0.057810   -0.91%  $    3.0  stealth accum, OBV divergence, RSI divergence, RSI reset, CMF buying, +1
    8 MDX         34.5    5  $   0.034500  +13.52%  $    0.3  vol building, whale candle, RSI divergence, RSI reset, decoupling BTC
    9 BAR         33.8    5  $   0.284000   -3.41%  $    0.3  stealth accum, OBV divergence, RSI divergence, RSI reset, RSI in zone
   10 1000FLOKI   33.3    4  $   0.025880   -1.22%  $    3.6  stealth accum, OBV divergence, RSI divergence, RSI reset
   11 FLOKI       33.3    4  $   0.000026   -1.22%  $    2.8  stealth accum, OBV divergence, RSI divergence, RSI reset
   12 HMSTR       33.2    5  $   0.000165   -0.91%  $    1.6  TTM squeeze, OBV divergence, RSI divergence, RSI reset, RSI in zone
   13 SLF         33.2    5  $   0.020800  -12.24%  $    0.3  vol building, vol expansion, OBV divergence, RSI divergence, RSI in zone
   14 ARC         32.7    6  $   0.084880   +2.09%  $    2.5  TTM squeeze, vol building, vol expansion, stealth accum, RSI in zone, +1
   15 WCT         32.7    5  $   0.046970   -1.98%  $    1.1  stealth accum, OBV divergence, RSI divergence, RSI reset, RSI in zone
   16 MEME        32.6    5  $   0.000594   -1.51%  $    2.6  TTM squeeze, OBV divergence, RSI divergence, RSI reset, funding neg
   17 TRUTH       32.5    7  $   0.016093  +17.29%  $    2.4  vol building, vol expansion, RSI reset, CMF buying, higher lows, +2
   18 COCOS       32.5    7  $   1.754600   +3.44%  $    1.5  vol building, vol expansion, stealth accum, RSI reset, RSI in zone, +2
   19 DUSK        32.4    6  $   0.097420   +4.01%  $    0.5  vol building, vol expansion, whale candle, RSI reset, CMF buying, +1
   20 ATH         32.4    5  $   0.004693   -5.03%  $    2.1  OBV divergence, RSI divergence, RSI in zone, CMF buying, funding neg
   21 PLA         32.3    7  $   0.234700   +5.53%  $    0.8  vol building, vol expansion, stealth accum, RSI reset, CMF buying, +2
   22 BEAMX       32.3    5  $   0.001498   -3.47%  $    0.5  stealth accum, RSI divergence, RSI reset, RSI in zone, CMF buying
   23 BEL         32.2    5  $   0.093950   +6.58%  $    2.6  vol building, vol expansion, stealth accum, RSI divergence, higher lows
   24 AMAT        31.9    7  $ 622.950000   +5.91%  $    1.7  vol building, stealth accum, RSI reset, CMF buying, higher lows, +2
   25 HEI         31.9    6  $   0.086310  +26.16%  $    4.8  vol building, vol expansion, OBV divergence, RSI reset, CMF buying, +1
   26 OSMO        31.5    5  $   0.044400   -2.63%  $    0.7  vol building, vol expansion, OBV divergence, RSI divergence, RSI reset
   27 AIGENSYN    31.1    6  $   0.025220   +4.06%  $    3.0  vol building, vol expansion, stealth accum, OBV divergence, RSI in zone, +1
   28 PENGU       31.1    5  $   0.006732   -5.16%  $   13.8  OBV divergence, RSI divergence, RSI reset, RSI in zone, funding neg
   29 OMG         30.9    6  $   0.383000   -0.78%  $    0.7  TTM squeeze, vol building, vol expansion, RSI reset, RSI in zone, +1
   30 WDC         30.8    7  $ 756.480000   +8.99%  $    0.8  vol building, vol expansion, stealth accum, RSI reset, higher lows, +2
   31 REP         30.8    6  $   4.730000   -0.84%  $    0.5  TTM squeeze, vol building, vol expansion, RSI reset, RSI in zone, +1
   32 VELVET      30.8    5  $   0.397240   -0.23%  $    8.7  OBV divergence, RSI divergence, RSI reset, CMF buying, decoupling BTC
   33 AGIX        30.7    7  $   0.614100   -0.37%  $    0.8  TTM squeeze, vol building, vol expansion, stealth accum, RSI in zone, +2
   34 VIRTUAL     30.2    5  $   0.595500   -3.52%  $   18.8  OBV divergence, RSI divergence, RSI reset, RSI in zone, funding neg
   35 BNX         30.1    5  $   1.781900   +2.81%  $    0.8  whale candle, RSI divergence, RSI in zone, CMF buying, decoupling BTC
   36 BLEND       29.8    6  $   0.057000   -1.34%  $    2.1  vol building, vol expansion, stealth accum, CMF buying, higher lows, +1
   37 BLESS       29.7    4  $   0.006478  -12.42%  $    6.8  OBV divergence, RSI divergence, RSI reset, RSI in zone
   38 POWER       29.6    6  $   0.082080   +9.49%  $    1.1  vol building, vol expansion, RSI reset, CMF buying, higher lows, +1
   39 MFT         29.5    6  $   0.005254   -0.85%  $    0.7  vol building, vol expansion, RSI reset, RSI in zone, CMF buying, +1
   40 BAL         29.4    4  $   0.967000   -3.69%  $    0.2  stealth accum, RSI divergence, RSI reset, RSI in zone
   41 KMNO        29.3    6  $   0.017610   -1.35%  $    0.7  vol building, whale candle, stealth accum, RSI in zone, CMF buying, +1
   42 PNT         29.3    5  $   0.035000  +45.23%  $    0.3  whale candle, RSI reset, RSI in zone, higher lows, decoupling BTC
   43 TVK         29.0    7  $   0.054050   +0.04%  $    1.0  vol building, vol expansion, stealth accum, RSI reset, higher lows, +2
   44 YB          29.0    5  $   0.082300   -5.42%  $    0.3  vol building, stealth accum, RSI divergence, RSI reset, RSI in zone
   45 USD1        28.9    6  $   1.000300   +0.02%  $  206.5  TTM squeeze, RSI reset, RSI in zone, CMF buying, funding neg, +1
   46 IMX         28.9    5  $   0.141650   -2.34%  $    1.0  stealth accum, OBV divergence, RSI reset, RSI in zone, CMF buying
   47 LOKA        28.7    6  $   0.123700   +3.86%  $    0.9  vol building, vol expansion, RSI reset, CMF buying, higher lows, +1
   48 ENJ         28.6    7  $   0.035992   +8.28%  $    5.7  vol building, vol expansion, RSI in zone, CMF buying, higher lows, +2
   49 YFII        28.5    5  $ 435.500000   +2.30%  $    0.8  stealth accum, RSI divergence, RSI reset, RSI in zone, higher lows
   50 PORTAL      28.3    6  $   0.016235  +17.15%  $   12.1  vol building, vol expansion, CMF buying, higher lows, decoupling BTC, +1

================================================================================
2026-06-18 13:16:40,777 [INFO]   Saved → ignition_v3_LATEST.txt, ignition_v3_LATEST.json, ignition_v3_20260618_131640.txt
2026-06-18 14:34:48,191 [INFO] ================================================================
2026-06-18 14:34:48,193 [INFO] IGNITION SCANNER v3.0
2026-06-18 14:34:48,193 [INFO] ================================================================
2026-06-18 14:34:48,196 [INFO] Building universe...
2026-06-18 14:34:49,858 [INFO]   Universe (post-filter): 641 coins
2026-06-18 14:34:49,859 [INFO] Fetching BTC reference (1h)...
2026-06-18 14:34:50,206 [INFO] Scanning 641 coins on 1h timeframe...
2026-06-18 14:34:53,496 [INFO]   ...50/641  (surfaced so far: 2)
2026-06-18 14:34:56,800 [INFO]   ...100/641  (surfaced so far: 14)
2026-06-18 14:35:00,118 [INFO]   ...150/641  (surfaced so far: 24)
2026-06-18 14:35:03,398 [INFO]   ...200/641  (surfaced so far: 31)
2026-06-18 14:35:06,546 [INFO]   ...250/641  (surfaced so far: 40)
2026-06-18 14:35:09,456 [INFO]   ...300/641  (surfaced so far: 47)
2026-06-18 14:35:12,396 [INFO]   ...350/641  (surfaced so far: 56)
2026-06-18 14:35:15,019 [INFO]   ...400/641  (surfaced so far: 66)
2026-06-18 14:35:17,602 [INFO]   ...450/641  (surfaced so far: 71)
2026-06-18 14:35:21,656 [INFO]   ...500/641  (surfaced so far: 77)
2026-06-18 14:35:24,607 [INFO]   ...550/641  (surfaced so far: 81)
2026-06-18 14:35:27,276 [INFO]   ...600/641  (surfaced so far: 89)
2026-06-18 14:35:29,656 [INFO] Done in 41s  |  scanned=641  failed=0  skipped=0  watch_now=5  on_radar=50
2026-06-18 14:35:29,661 [INFO] 
================================================================================
  IGNITION SCANNER v3.0  —  early warning watchlist
  Generated : 2026-06-18 14:35:29
  Universe  : 641 bases (Bybit + Binance)  |  Scanned: 641
  Scan time : 41s  |  BTC: $64,378
================================================================================

  Tiers — WATCH NOW: conviction ≥ 40, signals ≥ 5
          ON RADAR : conviction ≥ 25, signals ≥ 3

  This scanner does NOT produce trade plans — it surfaces what's brewing.
  Confirm with trend_scanner (Phase 4) before entry.

--------------------------------------------------------------------------------
  WATCH NOW  —  5 coin(s)
--------------------------------------------------------------------------------

  [ 1] CREAM       conv= 46.7  sigs= 7  price=$2.100000      24h=+65.35%  vol=$   0.3M
       sources: binance   vs BTC 6h: +77.51%
       → vol building, whale candle, OBV divergence, RSI divergence, RSI reset, decoupling BTC, 5d high

  [ 2] BOND        conv= 42.5  sigs= 7  price=$2.152000      24h= +4.42%  vol=$   0.7M
       sources: binance   vs BTC 6h: +19.56%
       → vol building, whale candle, RSI divergence, CMF buying, higher lows, decoupling BTC, 5d high

  [ 3] TOMO        conv= 41.5  sigs= 7  price=$1.381900      24h= +3.22%  vol=$   1.1M
       sources: binance   vs BTC 6h: +10.71%
       → vol building, vol expansion, whale candle, RSI reset, CMF buying, decoupling BTC, 5d high

  [ 4] SXT         conv= 40.7  sigs= 7  price=$0.007980      24h= -0.50%  vol=$   0.4M
       sources: binance   vs BTC 6h: +1.20%
       → vol building, vol expansion, whale candle, stealth accum, OBV divergence, RSI divergence, RSI in zone

  [ 5] BEAM        conv= 40.2  sigs= 6  price=$0.001502      24h= -2.43%  vol=$   0.8M
       sources: bybit, binance   fund: +0.0050%/8h  |  vs BTC 6h: -0.77%
       → stealth accum, OBV divergence, RSI divergence, RSI reset, RSI in zone, CMF buying

--------------------------------------------------------------------------------
  ON RADAR   —  50 coin(s)
--------------------------------------------------------------------------------
  #   Symbol      Conv Sigs         Price     24h%    Vol $M  Signals
  ------------------------------------------------------------------------------
    1 USELESS     38.6    7  $   0.076350   +0.17%  $    6.7  vol building, vol expansion, stealth accum, OBV divergence, RSI divergence, +2
    2 ETHUP       37.0    7  $  11.651000   -0.72%  $    0.5  TTM squeeze, vol building, vol expansion, stealth accum, RSI in zone, +2
    3 PARTI       37.0    6  $   0.061290   +1.12%  $    1.0  TTM squeeze, stealth accum, RSI divergence, RSI reset, RSI in zone, +1
    4 HEI         36.3    7  $   0.086310  +25.63%  $    5.5  vol building, vol expansion, OBV divergence, RSI reset, CMF buying, +2
    5 NBIS        35.4    5  $ 293.950000   +8.74%  $    3.1  stealth accum, RSI divergence, RSI reset, CMF buying, higher lows
    6 DELL        35.2    5  $ 429.340000   +6.10%  $    0.7  stealth accum, RSI divergence, RSI reset, CMF buying, higher lows
    7 SKY         34.6    6  $   0.057810   -1.78%  $    2.7  stealth accum, OBV divergence, RSI divergence, RSI reset, CMF buying, +1
    8 MDX         34.5    5  $   0.034500  +13.52%  $    0.3  vol building, whale candle, RSI divergence, RSI reset, decoupling BTC
    9 BAR         33.8    5  $   0.284000   -3.40%  $    0.3  stealth accum, OBV divergence, RSI divergence, RSI reset, RSI in zone
   10 ORN         33.5    5  $   1.053000   +1.64%  $    0.5  stealth accum, RSI divergence, RSI reset, RSI in zone, higher lows
   11 1000FLOKI   33.3    4  $   0.025880   +1.64%  $    4.3  stealth accum, OBV divergence, RSI divergence, RSI reset
   12 FLOKI       33.3    4  $   0.000026   +1.56%  $    3.2  stealth accum, OBV divergence, RSI divergence, RSI reset
   13 HMSTR       33.2    5  $   0.000165   -1.46%  $    1.6  TTM squeeze, OBV divergence, RSI divergence, RSI reset, RSI in zone
   14 SLF         33.2    5  $   0.020800  -12.24%  $    0.3  vol building, vol expansion, OBV divergence, RSI divergence, RSI in zone
   15 ARC         32.7    6  $   0.084880   +1.65%  $    2.3  TTM squeeze, vol building, vol expansion, stealth accum, RSI in zone, +1
   16 WCT         32.7    5  $   0.046970   -2.32%  $    1.2  stealth accum, OBV divergence, RSI divergence, RSI reset, RSI in zone
   17 COCOS       32.5    7  $   1.754600   +3.44%  $    1.5  vol building, vol expansion, stealth accum, RSI reset, RSI in zone, +2
   18 TRUTH       32.4    7  $   0.016093   +9.32%  $    2.2  vol building, vol expansion, RSI reset, CMF buying, higher lows, +2
   19 ATH         32.4    5  $   0.004693   -5.53%  $    2.1  OBV divergence, RSI divergence, RSI in zone, CMF buying, funding neg
   20 PLA         32.3    7  $   0.234700   +5.53%  $    0.8  vol building, vol expansion, stealth accum, RSI reset, CMF buying, +2
   21 DUSK        32.3    6  $   0.097420   +3.18%  $    0.5  vol building, vol expansion, whale candle, RSI reset, CMF buying, +1
   22 BEAMX       32.3    5  $   0.001498   -2.98%  $    0.5  stealth accum, RSI divergence, RSI reset, RSI in zone, CMF buying
   23 BEL         32.2    5  $   0.093950   +3.65%  $    2.7  vol building, vol expansion, stealth accum, RSI divergence, higher lows
   24 OSMO        31.5    5  $   0.044400   -1.32%  $    0.8  vol building, vol expansion, OBV divergence, RSI divergence, RSI reset
   25 AIGENSYN    31.1    6  $   0.025220   +4.86%  $    2.9  vol building, vol expansion, stealth accum, OBV divergence, RSI in zone, +1
   26 OMG         30.9    6  $   0.383000   -0.78%  $    0.7  TTM squeeze, vol building, vol expansion, RSI reset, RSI in zone, +1
   27 REP         30.8    6  $   4.730000   -0.84%  $    0.5  TTM squeeze, vol building, vol expansion, RSI reset, RSI in zone, +1
   28 VELVET      30.8    5  $   0.397240   +7.85%  $    9.5  OBV divergence, RSI divergence, RSI reset, CMF buying, decoupling BTC
   29 AGIX        30.7    7  $   0.614100   -0.37%  $    0.8  TTM squeeze, vol building, vol expansion, stealth accum, RSI in zone, +2
   30 VIRTUAL     30.4    5  $   0.595500   -3.91%  $   18.6  OBV divergence, RSI divergence, RSI reset, RSI in zone, funding neg
   31 AIXBT       30.1    6  $   0.022259   -4.29%  $    0.9  vol building, vol expansion, RSI divergence, RSI reset, RSI in zone, +1
   32 BNX         30.0    5  $   1.781900   +2.81%  $    0.8  whale candle, RSI divergence, RSI in zone, CMF buying, decoupling BTC
   33 BLEND       29.8    6  $   0.057000   -2.02%  $    2.2  vol building, vol expansion, stealth accum, CMF buying, higher lows, +1
   34 BLESS       29.7    4  $   0.006478   -9.76%  $    6.1  OBV divergence, RSI divergence, RSI reset, RSI in zone
   35 AMAT        29.6    6  $ 622.950000   +2.42%  $    1.6  vol building, stealth accum, RSI reset, CMF buying, higher lows, +1
   36 POWER       29.5    6  $   0.082080   +8.52%  $    1.3  vol building, vol expansion, RSI reset, CMF buying, higher lows, +1
   37 MFT         29.5    6  $   0.005254   -0.85%  $    0.7  vol building, vol expansion, RSI reset, RSI in zone, CMF buying, +1
   38 BAL         29.4    4  $   0.967000   -3.69%  $    0.2  stealth accum, RSI divergence, RSI reset, RSI in zone
   39 KMNO        29.3    6  $   0.017610   -2.57%  $    0.6  vol building, whale candle, stealth accum, RSI in zone, CMF buying, +1
   40 PNT         29.2    5  $   0.035000  +45.23%  $    0.3  whale candle, RSI reset, RSI in zone, higher lows, decoupling BTC
   41 YB          29.0    5  $   0.082300   -6.18%  $    0.3  vol building, stealth accum, RSI divergence, RSI reset, RSI in zone
   42 TVK         28.9    7  $   0.054050   +0.04%  $    1.0  vol building, vol expansion, stealth accum, RSI reset, higher lows, +2
   43 IMX         28.9    5  $   0.141650   -2.20%  $    0.9  stealth accum, OBV divergence, RSI reset, RSI in zone, CMF buying
   44 CRO         28.7    7  $   0.059110   -0.78%  $    0.6  TTM squeeze, vol building, vol expansion, RSI reset, RSI in zone, +2
   45 LOKA        28.7    6  $   0.123700   +3.86%  $    0.9  vol building, vol expansion, RSI reset, CMF buying, higher lows, +1
   46 WDC         28.5    6  $ 756.480000   +9.50%  $    1.0  vol building, vol expansion, stealth accum, RSI reset, higher lows, +1
   47 YFII        28.5    5  $ 435.500000   +2.30%  $    0.8  stealth accum, RSI divergence, RSI reset, RSI in zone, higher lows
   48 PORTAL      28.2    6  $   0.016235  +11.43%  $   13.9  vol building, vol expansion, CMF buying, higher lows, decoupling BTC, +1
   49 ROAM        28.1    7  $   0.008217   -9.52%  $    1.5  TTM squeeze, vol building, vol expansion, RSI reset, RSI in zone, +2
   50 BTW         28.1    5  $   0.049360  -24.93%  $   11.1  vol building, vol expansion, RSI divergence, RSI reset, decoupling BTC

================================================================================
2026-06-18 14:35:29,689 [INFO]   Saved → ignition_v3_LATEST.txt, ignition_v3_LATEST.json, ignition_v3_20260618_143529.txt
2026-06-18 16:27:10,036 [INFO] ================================================================
2026-06-18 16:27:10,050 [INFO] IGNITION SCANNER v3.0
2026-06-18 16:27:10,052 [INFO] ================================================================
2026-06-18 16:27:10,052 [INFO] Building universe...
2026-06-18 16:27:13,316 [INFO]   Universe (post-filter): 646 coins
2026-06-18 16:27:13,317 [INFO] Fetching BTC reference (1h)...
2026-06-18 16:27:13,661 [INFO] Scanning 646 coins on 1h timeframe...
2026-06-18 16:27:25,909 [INFO]   ...50/646  (surfaced so far: 7)
2026-06-18 16:27:39,424 [INFO]   ...100/646  (surfaced so far: 20)
2026-06-18 16:27:52,716 [INFO]   ...150/646  (surfaced so far: 34)
2026-06-18 16:28:05,851 [INFO]   ...200/646  (surfaced so far: 44)
2026-06-18 16:28:19,135 [INFO]   ...250/646  (surfaced so far: 56)
2026-06-18 16:28:32,408 [INFO]   ...300/646  (surfaced so far: 69)
2026-06-18 16:28:46,470 [INFO]   ...350/646  (surfaced so far: 83)
2026-06-18 16:29:01,268 [INFO]   ...400/646  (surfaced so far: 97)
2026-06-18 16:29:15,512 [INFO]   ...450/646  (surfaced so far: 101)
2026-06-18 16:29:30,481 [INFO]   ...500/646  (surfaced so far: 110)
2026-06-18 16:29:46,119 [INFO]   ...550/646  (surfaced so far: 115)
2026-06-18 16:30:03,889 [INFO]   ...600/646  (surfaced so far: 124)
2026-06-18 16:30:18,215 [INFO] Done in 188s  |  scanned=645  failed=1  skipped=0  watch_now=10  on_radar=50
2026-06-18 16:30:18,217 [INFO] 
================================================================================
  IGNITION SCANNER v3.0  —  early warning watchlist
  Generated : 2026-06-18 16:30:18
  Universe  : 646 bases (Bybit + Binance)  |  Scanned: 645
  Scan time : 188s  |  BTC: $63,817
================================================================================

  Tiers — WATCH NOW: conviction ≥ 40, signals ≥ 5
          ON RADAR : conviction ≥ 25, signals ≥ 3

  This scanner does NOT produce trade plans — it surfaces what's brewing.
  Confirm with trend_scanner (Phase 4) before entry.

--------------------------------------------------------------------------------
  WATCH NOW  —  10 coin(s)
--------------------------------------------------------------------------------

  [ 1] ATH         conv= 48.0  sigs= 7  price=$0.004727      24h= -6.90%  vol=$   2.2M
       sources: bybit   fund: -0.0134%/8h  |  vs BTC 6h: +0.46%
       → stealth accum, OBV divergence, RSI divergence, RSI reset, RSI in zone, CMF buying, funding neg

  [ 2] CREAM       conv= 46.7  sigs= 7  price=$2.100000      24h=+65.35%  vol=$   0.3M
       sources: binance   vs BTC 6h: +78.87%
       → vol building, whale candle, OBV divergence, RSI divergence, RSI reset, decoupling BTC, 5d high

  [ 3] CBRS        conv= 44.2  sigs= 8  price=$240.060000    24h= +6.70%  vol=$   6.5M
       sources: bybit   fund: +0.0000%/8h  |  vs BTC 6h: +10.70%
       → vol building, vol expansion, whale candle, RSI reset, CMF buying, higher lows, decoupling BTC, 5d high

  [ 4] QNTX        conv= 43.9  sigs= 8  price=$66.620000     24h= +5.32%  vol=$   2.0M
       sources: bybit   fund: +0.0130%/8h  |  vs BTC 6h: +5.41%
       → vol building, vol expansion, whale candle, RSI divergence, RSI reset, higher lows, decoupling BTC, 5d high

  [ 5] BOND        conv= 42.5  sigs= 7  price=$2.152000      24h= +4.42%  vol=$   0.7M
       sources: binance   vs BTC 6h: +20.93%
       → vol building, whale candle, RSI divergence, CMF buying, higher lows, decoupling BTC, 5d high

  [ 6] SNDK        conv= 41.7  sigs= 8  price=$2,163.950000  24h= +9.01%  vol=$  26.1M
       sources: bybit   fund: +0.0000%/8h  |  vs BTC 6h: +7.36%
       → vol building, vol expansion, whale candle, RSI reset, CMF buying, higher lows, decoupling BTC, 5d high

  [ 7] TOMO        conv= 41.7  sigs= 7  price=$1.381900      24h= +3.22%  vol=$   1.1M
       sources: binance   vs BTC 6h: +12.07%
       → vol building, vol expansion, whale candle, RSI reset, CMF buying, decoupling BTC, 5d high

  [ 8] EWY         conv= 41.4  sigs= 8  price=$219.140000    24h= +3.63%  vol=$   6.0M
       sources: bybit   fund: +0.0000%/8h  |  vs BTC 6h: +3.81%
       → vol building, whale candle, stealth accum, RSI reset, CMF buying, higher lows, decoupling BTC, 5d high

  [ 9] TSM         conv= 41.1  sigs= 7  price=$454.190000    24h= +3.65%  vol=$   1.7M
       sources: bybit   fund: +0.0125%/8h  |  vs BTC 6h: +4.07%
       → vol expansion, whale candle, RSI reset, CMF buying, higher lows, decoupling BTC, 5d high

  [10] QCOM        conv= 40.6  sigs= 7  price=$224.250000    24h= +2.16%  vol=$   0.5M
       sources: bybit   fund: +0.0000%/8h  |  vs BTC 6h: +3.45%
       → vol building, vol expansion, whale candle, stealth accum, OBV divergence, CMF buying, decoupling BTC

--------------------------------------------------------------------------------
  ON RADAR   —  50 coin(s)
--------------------------------------------------------------------------------
  #   Symbol      Conv Sigs         Price     24h%    Vol $M  Signals
  ------------------------------------------------------------------------------
    1 BEAM        39.6    6  $   0.001507   -5.82%  $    0.8  stealth accum, OBV divergence, RSI divergence, RSI reset, RSI in zone, +1
    2 SNDKB       38.8    8  $2,167.460000   +9.30%  $    1.9  vol building, vol expansion, whale candle, RSI reset, CMF buying, +3
    3 FOLKS       38.2    6  $   2.856000  +19.59%  $   12.8  vol building, vol expansion, RSI divergence, RSI in zone, CMF buying, +1
    4 LITE        38.1    7  $ 876.820000   -1.71%  $    1.5  vol building, vol expansion, whale candle, stealth accum, RSI reset, +2
    5 IMX         37.8    6  $   0.142160   -4.27%  $    1.0  TTM squeeze, stealth accum, OBV divergence, RSI reset, RSI in zone, +1
    6 TURBO       37.8    6  $   0.000893   -3.93%  $    0.5  TTM squeeze, stealth accum, OBV divergence, RSI reset, RSI in zone, +1
    7 PARTI       37.4    7  $   0.060730   -0.89%  $    1.0  TTM squeeze, vol building, stealth accum, RSI divergence, RSI in zone, +2
    8 COMP        37.3    7  $  17.550000   -2.05%  $    1.3  TTM squeeze, stealth accum, RSI reset, RSI in zone, CMF buying, +2
    9 1000FLOKI   37.2    6  $   0.026940   +0.34%  $    5.3  vol building, vol expansion, OBV divergence, RSI divergence, RSI reset, +1
   10 ETHUP       37.0    7  $  11.651000   -0.72%  $    0.5  TTM squeeze, vol building, vol expansion, stealth accum, RSI in zone, +2
   11 ATOM        36.8    7  $   1.832200   -8.34%  $   13.5  vol building, vol expansion, stealth accum, RSI divergence, RSI reset, +2
   12 VIC         36.4    6  $   0.037300   +2.49%  $    1.8  vol building, vol expansion, stealth accum, RSI divergence, RSI in zone, +1
   13 AAOI        36.3    6  $ 171.360000   -1.36%  $    4.2  vol building, vol expansion, whale candle, RSI reset, RSI in zone, +1
   14 NBIS        36.0    7  $ 286.200000   +3.46%  $    2.8  vol building, vol expansion, stealth accum, RSI divergence, RSI reset, +2
   15 MEME        36.0    6  $   0.000587   -3.71%  $    2.5  TTM squeeze, OBV divergence, RSI divergence, RSI reset, RSI in zone, +1
   16 JASMY       35.8    6  $   0.004890   -4.27%  $    3.2  TTM squeeze, vol building, vol expansion, stealth accum, RSI divergence, +1
   17 ORN         35.8    6  $   1.053000   +1.64%  $    0.5  stealth accum, RSI divergence, RSI reset, RSI in zone, higher lows, +1
   18 COIN        35.6    7  $ 169.280000   -3.44%  $    1.0  vol building, vol expansion, whale candle, RSI reset, RSI in zone, +2
   19 FLOKI       35.5    6  $   0.000027   +0.61%  $    3.7  vol building, vol expansion, OBV divergence, RSI divergence, RSI reset, +1
   20 IREN        35.0    7  $  60.770000   +2.40%  $    1.3  vol building, vol expansion, whale candle, RSI reset, RSI in zone, +2
   21 MDX         34.7    5  $   0.034500  +13.52%  $    0.3  vol building, whale candle, RSI divergence, RSI reset, decoupling BTC
   22 ANIME       34.5    6  $   0.002900   -5.63%  $    0.3  vol building, vol expansion, stealth accum, OBV divergence, RSI divergence, +1
   23 ARKM        34.4    7  $   0.132040   -4.27%  $    5.4  vol building, vol expansion, stealth accum, RSI divergence, RSI reset, +2
   24 FLNC        34.3    6  $  24.720000   +4.31%  $    3.7  vol expansion, whale candle, RSI reset, RSI in zone, higher lows, +1
   25 MRVL        34.1    7  $ 322.660000  +10.71%  $    9.2  vol building, vol expansion, whale candle, CMF buying, higher lows, +2
   26 NVDA        33.9    6  $ 209.560000   +1.40%  $   12.8  vol expansion, stealth accum, RSI reset, CMF buying, higher lows, +1
   27 ORCL        33.9    6  $ 184.760000   -2.00%  $    0.6  vol building, vol expansion, whale candle, RSI reset, RSI in zone, +1
   28 NVDAB       33.8    6  $ 209.780000   +1.30%  $    0.8  whale candle, stealth accum, RSI reset, CMF buying, higher lows, +1
   29 1000TURBO   33.4    5  $   0.893300   -4.09%  $    0.5  TTM squeeze, stealth accum, OBV divergence, RSI reset, RSI in zone
   30 BEAMX       33.4    5  $   0.001503   -5.79%  $    0.5  stealth accum, RSI divergence, RSI reset, RSI in zone, CMF buying
   31 HEI         33.2    6  $   0.091450  +31.26%  $    7.1  vol building, vol expansion, OBV divergence, CMF buying, decoupling BTC, +1
   32 SLF         33.2    5  $   0.020800  -12.24%  $    0.3  vol building, vol expansion, OBV divergence, RSI divergence, RSI in zone
   33 EURI        33.1    6  $   1.150300   -0.98%  $    3.0  vol building, vol expansion, stealth accum, RSI reset, RSI in zone, +1
   34 WAL         32.6    7  $   0.035110   -1.97%  $    1.2  vol building, vol expansion, RSI divergence, RSI reset, higher lows, +2
   35 COCOS       32.5    7  $   1.754600   +3.44%  $    1.5  vol building, vol expansion, stealth accum, RSI reset, RSI in zone, +2
   36 PLA         32.5    7  $   0.234700   +5.53%  $    0.8  vol building, vol expansion, stealth accum, RSI reset, CMF buying, +2
   37 AIGENSYN    32.2    5  $   0.025320   +2.99%  $    2.9  stealth accum, RSI reset, RSI in zone, CMF buying, higher lows
   38 ARM         32.0    7  $ 447.620000   +5.43%  $    3.9  vol building, vol expansion, RSI divergence, CMF buying, higher lows, +2
   39 HOOD        31.9    6  $ 108.890000   +1.23%  $    6.4  vol building, vol expansion, whale candle, RSI reset, RSI in zone, +1
   40 PENGU       31.8    5  $   0.006760   -6.31%  $   14.6  OBV divergence, RSI divergence, RSI reset, RSI in zone, funding neg
   41 BAL         31.7    5  $   0.967000   -3.69%  $    0.2  stealth accum, RSI divergence, RSI reset, RSI in zone, decoupling BTC
   42 DRAM        31.4    7  $  77.224000   +8.39%  $    4.5  vol building, vol expansion, RSI reset, CMF buying, higher lows, +2
   43 AVGO        31.4    7  $ 409.950000   +3.07%  $    0.8  vol building, stealth accum, RSI divergence, CMF buying, higher lows, +2
   44 AKT         31.4    5  $   0.738200  -12.44%  $    4.5  TTM squeeze, stealth accum, RSI reset, RSI in zone, higher lows
   45 ENA         31.3    5  $   0.094600   +1.16%  $  109.9  stealth accum, RSI divergence, RSI reset, RSI in zone, higher lows
   46 MEGA        31.2    6  $   0.064890  +16.51%  $   92.2  vol building, vol expansion, stealth accum, RSI reset, RSI in zone, +1
   47 AMP         31.1    5  $   0.000542   -2.93%  $    0.5  TTM squeeze, whale candle, stealth accum, RSI reset, RSI in zone
   48 AGIX        30.9    7  $   0.614100   -0.37%  $    0.8  TTM squeeze, vol building, vol expansion, stealth accum, RSI in zone, +2
   49 OMG         30.9    6  $   0.383000   -0.78%  $    0.7  TTM squeeze, vol building, vol expansion, RSI reset, RSI in zone, +1
   50 YFII        30.8    6  $ 435.500000   +2.30%  $    0.8  stealth accum, RSI divergence, RSI reset, RSI in zone, higher lows, +1

================================================================================
2026-06-18 16:30:18,255 [INFO]   Saved → ignition_v3_LATEST.txt, ignition_v3_LATEST.json, ignition_v3_20260618_163018.txt
2026-06-18 17:43:13,113 [INFO] ================================================================
2026-06-18 17:43:13,114 [INFO] IGNITION SCANNER v3.0
2026-06-18 17:43:13,115 [INFO] ================================================================
2026-06-18 17:43:13,115 [INFO] Building universe...
2026-06-18 17:43:15,934 [INFO]   Universe (post-filter): 662 coins
2026-06-18 17:43:15,936 [INFO] Fetching BTC reference (1h)...
2026-06-18 17:43:16,267 [INFO] Scanning 662 coins on 1h timeframe...
2026-06-18 17:43:17,606 [INFO]   ...50/662  (surfaced so far: 7)
2026-06-18 17:43:18,913 [INFO]   ...100/662  (surfaced so far: 25)
2026-06-18 17:43:20,603 [INFO]   ...150/662  (surfaced so far: 39)
2026-06-18 17:43:21,990 [INFO]   ...200/662  (surfaced so far: 51)
2026-06-18 17:43:23,300 [INFO]   ...250/662  (surfaced so far: 65)
2026-06-18 17:43:24,679 [INFO]   ...300/662  (surfaced so far: 80)
2026-06-18 17:43:26,054 [INFO]   ...350/662  (surfaced so far: 95)
2026-06-18 17:43:27,377 [INFO]   ...400/662  (surfaced so far: 112)
2026-06-18 17:43:28,700 [INFO]   ...450/662  (surfaced so far: 118)
2026-06-18 17:43:31,494 [INFO]   ...500/662  (surfaced so far: 125)
2026-06-18 17:43:33,121 [INFO]   ...550/662  (surfaced so far: 135)
2026-06-18 17:43:34,323 [INFO]   ...600/662  (surfaced so far: 141)
2026-06-18 17:43:37,330 [INFO]   ...650/662  (surfaced so far: 146)
2026-06-18 17:43:38,768 [INFO] Done in 26s  |  scanned=661  failed=1  skipped=0  watch_now=13  on_radar=50
2026-06-18 17:43:38,769 [INFO] 
================================================================================
  IGNITION SCANNER v3.0  —  early warning watchlist
  Generated : 2026-06-18 17:43:38
  Universe  : 662 bases (Bybit + Binance)  |  Scanned: 661
  Scan time : 26s  |  BTC: $62,369
================================================================================

  Tiers — WATCH NOW: conviction ≥ 40, signals ≥ 5
          ON RADAR : conviction ≥ 25, signals ≥ 3

  This scanner does NOT produce trade plans — it surfaces what's brewing.
  Confirm with trend_scanner (Phase 4) before entry.

--------------------------------------------------------------------------------
  WATCH NOW  —  13 coin(s)
--------------------------------------------------------------------------------

  [ 1] ATH         conv= 51.1  sigs= 8  price=$0.004727      24h=-10.14%  vol=$   2.3M
       sources: bybit   fund: -0.0302%/8h  |  vs BTC 6h: +2.41%
       → stealth accum, OBV divergence, RSI divergence, RSI reset, RSI in zone, CMF buying, decoupling BTC, funding neg

  [ 2] CREAM       conv= 46.7  sigs= 7  price=$2.100000      24h=+65.35%  vol=$   0.3M
       sources: binance   vs BTC 6h: +80.82%
       → vol building, whale candle, OBV divergence, RSI divergence, RSI reset, decoupling BTC, 5d high

  [ 3] EWY         conv= 45.4  sigs= 9  price=$219.140000    24h= +3.76%  vol=$   6.3M
       sources: bybit   fund: -0.0333%/8h  |  vs BTC 6h: +5.75%
       → vol building, whale candle, stealth accum, RSI reset, CMF buying, higher lows, decoupling BTC, funding neg, 5d high

  [ 4] CBRS        conv= 44.5  sigs= 8  price=$240.060000    24h= +2.29%  vol=$   6.9M
       sources: bybit   fund: +0.0000%/8h  |  vs BTC 6h: +12.64%
       → vol building, vol expansion, whale candle, RSI reset, CMF buying, higher lows, decoupling BTC, 5d high

  [ 5] QNTX        conv= 44.2  sigs= 8  price=$66.620000     24h= +2.75%  vol=$   1.8M
       sources: bybit   fund: +0.0000%/8h  |  vs BTC 6h: +7.35%
       → vol building, vol expansion, whale candle, RSI divergence, RSI reset, higher lows, decoupling BTC, 5d high

  [ 6] BOND        conv= 42.5  sigs= 7  price=$2.152000      24h= +4.42%  vol=$   0.7M
       sources: binance   vs BTC 6h: +22.87%
       → vol building, whale candle, RSI divergence, CMF buying, higher lows, decoupling BTC, 5d high

  [ 7] SNDK        conv= 42.0  sigs= 8  price=$2,163.950000  24h= +8.23%  vol=$  27.0M
       sources: bybit   fund: +0.0000%/8h  |  vs BTC 6h: +9.30%
       → vol building, vol expansion, whale candle, RSI reset, CMF buying, higher lows, decoupling BTC, 5d high

  [ 8] TOMO        conv= 42.0  sigs= 7  price=$1.381900      24h= +3.22%  vol=$   1.1M
       sources: binance   vs BTC 6h: +14.02%
       → vol building, vol expansion, whale candle, RSI reset, CMF buying, decoupling BTC, 5d high

  [ 9] BEAM        conv= 41.9  sigs= 7  price=$0.001507      24h= -9.10%  vol=$   0.9M
       sources: bybit, binance   fund: +0.0050%/8h  |  vs BTC 6h: +1.96%
       → stealth accum, OBV divergence, RSI divergence, RSI reset, RSI in zone, CMF buying, decoupling BTC

  [10] TSM         conv= 41.4  sigs= 7  price=$454.190000    24h= +3.41%  vol=$   1.7M
       sources: bybit   fund: +0.0000%/8h  |  vs BTC 6h: +6.01%
       → vol expansion, whale candle, RSI reset, CMF buying, higher lows, decoupling BTC, 5d high

  [11] QCOM        conv= 40.9  sigs= 7  price=$224.250000    24h= +1.94%  vol=$   0.6M
       sources: bybit   fund: +0.0000%/8h  |  vs BTC 6h: +5.39%
       → vol building, vol expansion, whale candle, stealth accum, OBV divergence, CMF buying, decoupling BTC

  [12] IMX         conv= 40.1  sigs= 7  price=$0.142160      24h= -7.62%  vol=$   1.1M
       sources: bybit, binance   fund: +0.0050%/8h  |  vs BTC 6h: +1.99%
       → TTM squeeze, stealth accum, OBV divergence, RSI reset, RSI in zone, CMF buying, decoupling BTC

  [13] TURBO       conv= 40.1  sigs= 7  price=$0.000893      24h= -8.11%  vol=$   0.5M
       sources: binance   vs BTC 6h: +1.96%
       → TTM squeeze, stealth accum, OBV divergence, RSI reset, RSI in zone, CMF buying, decoupling BTC

--------------------------------------------------------------------------------
  ON RADAR   —  50 coin(s)
--------------------------------------------------------------------------------
  #   Symbol      Conv Sigs         Price     24h%    Vol $M  Signals
  ------------------------------------------------------------------------------
    1 ETHUP       39.4    8  $  11.651000   -0.72%  $    0.5  TTM squeeze, vol building, vol expansion, stealth accum, RSI in zone, +3
    2 SNDKB       39.1    8  $2,167.460000   +8.19%  $    1.9  vol building, vol expansion, whale candle, RSI reset, CMF buying, +3
    3 VIC         38.7    7  $   0.037300   -0.28%  $    1.9  vol building, vol expansion, stealth accum, RSI divergence, RSI in zone, +2
    4 AAOI        38.6    7  $ 171.360000   -5.71%  $    4.6  vol building, vol expansion, whale candle, RSI reset, RSI in zone, +2
    5 JASMY       38.2    7  $   0.004890   -6.76%  $    3.6  TTM squeeze, vol building, vol expansion, stealth accum, RSI divergence, +2
    6 MEME        38.2    7  $   0.000587   -7.82%  $    2.8  TTM squeeze, OBV divergence, RSI divergence, RSI reset, RSI in zone, +2
    7 FOLKS       38.2    6  $   2.856000   +6.25%  $   15.6  vol building, vol expansion, RSI divergence, RSI in zone, CMF buying, +1
    8 LITE        38.1    7  $ 876.820000   -3.33%  $    1.6  vol building, vol expansion, whale candle, stealth accum, RSI reset, +2
    9 ARKM        37.7    8  $   0.132040   -7.34%  $    6.3  vol building, vol expansion, stealth accum, RSI divergence, RSI reset, +3
   10 PARTI       37.7    7  $   0.060730   +0.00%  $    1.1  TTM squeeze, vol building, stealth accum, RSI divergence, RSI in zone, +2
   11 1000FLOKI   37.5    6  $   0.026940   -3.35%  $    6.0  vol building, vol expansion, OBV divergence, RSI divergence, RSI reset, +1
   12 COMP        36.6    7  $  17.550000   -4.94%  $    1.6  TTM squeeze, stealth accum, RSI reset, RSI in zone, CMF buying, +2
   13 FIL         36.5    7  $   0.796400   -7.12%  $   11.0  TTM squeeze, stealth accum, RSI reset, RSI in zone, higher lows, +2
   14 ORCL        36.3    7  $ 184.760000   -2.20%  $    0.7  vol building, vol expansion, whale candle, RSI reset, RSI in zone, +2
   15 VIRTUAL     36.3    6  $   0.598700   -8.81%  $   22.5  stealth accum, OBV divergence, RSI divergence, RSI in zone, decoupling BTC, +1
   16 ORN         36.1    6  $   1.053000   +1.64%  $    0.5  stealth accum, RSI divergence, RSI reset, RSI in zone, higher lows, +1
   17 NBIS        36.0    7  $ 286.200000   +0.29%  $    2.6  vol building, vol expansion, stealth accum, RSI divergence, RSI reset, +2
   18 COIN        35.9    7  $ 169.280000   -4.84%  $    1.0  vol building, vol expansion, whale candle, RSI reset, RSI in zone, +2
   19 FLOKI       35.8    6  $   0.000027   -3.38%  $    4.0  vol building, vol expansion, OBV divergence, RSI divergence, RSI reset, +1
   20 1000TURBO   35.7    6  $   0.893300   -7.74%  $    0.6  TTM squeeze, stealth accum, OBV divergence, RSI reset, RSI in zone, +1
   21 EURI        35.6    7  $   1.150300   -0.98%  $    3.2  vol building, vol expansion, stealth accum, RSI reset, RSI in zone, +2
   22 BEAMX       35.6    6  $   0.001503   -9.29%  $    0.5  stealth accum, RSI divergence, RSI reset, RSI in zone, CMF buying, +1
   23 WIF         35.4    6  $   0.166710   -7.17%  $   19.2  TTM squeeze, stealth accum, OBV divergence, RSI in zone, decoupling BTC, +1
   24 IREN        35.3    7  $  60.770000   +1.86%  $    1.3  vol building, vol expansion, whale candle, RSI reset, RSI in zone, +2
   25 MDX         35.0    5  $   0.034500  +13.52%  $    0.3  vol building, whale candle, RSI divergence, RSI reset, decoupling BTC
   26 PENGU       34.9    6  $   0.006760  -10.18%  $   15.5  OBV divergence, RSI divergence, RSI reset, RSI in zone, decoupling BTC, +1
   27 PUMPFUN     34.6    7  $   0.001481   -7.46%  $   21.1  TTM squeeze, stealth accum, OBV divergence, RSI reset, RSI in zone, +2
   28 FLNC        34.6    6  $  24.720000   -2.30%  $    4.2  vol expansion, whale candle, RSI reset, RSI in zone, higher lows, +1
   29 MRVL        34.4    7  $ 322.660000   +9.75%  $    9.7  vol building, vol expansion, whale candle, CMF buying, higher lows, +2
   30 NVDA        34.2    6  $ 209.560000   +1.66%  $   13.2  vol expansion, stealth accum, RSI reset, CMF buying, higher lows, +1
   31 NVDAB       34.1    6  $ 209.780000   +1.74%  $    0.6  whale candle, stealth accum, RSI reset, CMF buying, higher lows, +1
   32 AGI         33.8    7  $   0.005726   -3.42%  $    0.5  vol building, vol expansion, stealth accum, OBV divergence, RSI reset, +2
   33 ENA         33.7    6  $   0.094600   -5.54%  $  113.2  stealth accum, RSI divergence, RSI reset, RSI in zone, higher lows, +1
   34 AKT         33.7    6  $   0.738200  -11.52%  $    4.8  TTM squeeze, stealth accum, RSI reset, RSI in zone, higher lows, +1
   35 MEGA        33.6    7  $   0.064890  +12.85%  $   74.5  vol building, vol expansion, stealth accum, RSI reset, RSI in zone, +2
   36 AMP         33.6    6  $   0.000542   -5.45%  $    0.5  TTM squeeze, whale candle, stealth accum, RSI reset, RSI in zone, +1
   37 AMAT        33.2    7  $ 632.050000   +2.64%  $    1.5  vol building, vol expansion, stealth accum, CMF buying, higher lows, +2
   38 OMG         33.2    7  $   0.383000   -0.78%  $    0.7  TTM squeeze, vol building, vol expansion, RSI reset, RSI in zone, +2
   39 ATOM        33.2    6  $   1.832200  -10.07%  $   14.1  vol building, vol expansion, stealth accum, RSI divergence, RSI reset, +1
   40 SLF         33.2    5  $   0.020800  -12.24%  $    0.3  vol building, vol expansion, OBV divergence, RSI divergence, RSI in zone
   41 REP         33.1    7  $   4.730000   -0.84%  $    0.5  TTM squeeze, vol building, vol expansion, RSI reset, RSI in zone, +2
   42 CRCL        33.0    7  $  81.250000   -4.95%  $    4.5  vol building, vol expansion, whale candle, RSI reset, RSI in zone, +2
   43 PLA         32.7    7  $   0.234700   +5.53%  $    0.8  vol building, vol expansion, stealth accum, RSI reset, CMF buying, +2
   44 COCOS       32.5    7  $   1.754600   +3.44%  $    1.5  vol building, vol expansion, stealth accum, RSI reset, RSI in zone, +2
   45 ENS         32.4    7  $   5.327000   -5.26%  $    2.1  TTM squeeze, vol building, stealth accum, RSI reset, RSI in zone, +2
   46 ARM         32.3    7  $ 447.620000   +1.72%  $    4.0  vol building, vol expansion, RSI divergence, CMF buying, higher lows, +2
   47 HOOD        32.2    6  $ 108.890000   -0.93%  $    5.8  vol building, vol expansion, whale candle, RSI reset, RSI in zone, +1
   48 CRCLB       32.2    6  $  81.250000   -5.23%  $    1.8  vol building, vol expansion, whale candle, RSI reset, RSI in zone, +1
   49 AIGENSYN    32.2    5  $   0.025320   +0.53%  $    3.1  stealth accum, RSI reset, RSI in zone, CMF buying, higher lows
   50 BAL         32.0    5  $   0.967000   -3.69%  $    0.2  stealth accum, RSI divergence, RSI reset, RSI in zone, decoupling BTC

================================================================================
2026-06-18 17:43:38,786 [INFO]   Saved → ignition_v3_LATEST.txt, ignition_v3_LATEST.json, ignition_v3_20260618_174338.txt
