2026-06-16 10:18:56,535 [INFO] ================================================================
2026-06-16 10:18:56,535 [INFO] IGNITION SCANNER v3.0
2026-06-16 10:18:56,536 [INFO] ================================================================
2026-06-16 10:18:56,536 [INFO] Building universe...
2026-06-16 10:18:58,092 [INFO]   Universe (post-filter): 654 coins
2026-06-16 10:18:58,092 [INFO] Fetching BTC reference (1h)...
2026-06-16 10:18:58,410 [INFO] Scanning 654 coins on 1h timeframe...
2026-06-16 10:19:18,549 [INFO]   ...50/654  (surfaced so far: 16)
2026-06-16 10:19:45,864 [INFO]   ...100/654  (surfaced so far: 27)
2026-06-16 10:20:03,529 [INFO]   ...150/654  (surfaced so far: 39)
2026-06-16 10:20:20,235 [INFO]   ...200/654  (surfaced so far: 57)
2026-06-16 10:20:37,561 [INFO]   ...250/654  (surfaced so far: 73)
2026-06-16 10:20:57,836 [INFO]   ...300/654  (surfaced so far: 86)
2026-06-16 10:21:13,853 [INFO]   ...350/654  (surfaced so far: 99)
2026-06-16 10:21:31,592 [INFO]   ...400/654  (surfaced so far: 117)
2026-06-16 10:21:48,150 [INFO]   ...450/654  (surfaced so far: 126)
2026-06-16 10:22:06,953 [INFO]   ...500/654  (surfaced so far: 130)
2026-06-16 10:22:24,225 [INFO]   ...550/654  (surfaced so far: 141)
2026-06-16 10:22:40,593 [INFO]   ...600/654  (surfaced so far: 149)
2026-06-16 10:22:57,217 [INFO]   ...650/654  (surfaced so far: 158)
2026-06-16 10:22:58,921 [INFO] Done in 242s  |  scanned=652  failed=2  skipped=0  watch_now=17  on_radar=50
2026-06-16 10:22:58,923 [INFO] 
================================================================================
  IGNITION SCANNER v3.0  —  early warning watchlist
  Generated : 2026-06-16 10:22:58
  Universe  : 654 bases (Bybit + Binance)  |  Scanned: 652
  Scan time : 242s  |  BTC: $66,900
================================================================================

  Tiers — WATCH NOW: conviction ≥ 40, signals ≥ 5
          ON RADAR : conviction ≥ 25, signals ≥ 3

  This scanner does NOT produce trade plans — it surfaces what's brewing.
  Confirm with trend_scanner (Phase 4) before entry.

--------------------------------------------------------------------------------
  WATCH NOW  —  17 coin(s)
--------------------------------------------------------------------------------

  [ 1] AWE         conv= 51.7  sigs= 8  price=$0.054700      24h= +0.76%  vol=$   0.6M
       sources: binance   vs BTC 6h: +0.90%
       → vol building, vol expansion, whale candle, stealth accum, OBV divergence, RSI reset, CMF buying, 5d high

  [ 2] B           conv= 47.6  sigs= 7  price=$0.244160      24h= +4.39%  vol=$   1.8M
       sources: bybit   fund: +0.0277%/8h  |  vs BTC 6h: -4.07%
       → vol expansion, whale candle, RSI divergence, RSI reset, RSI in zone, CMF buying, higher lows

  [ 3] CREAM       conv= 46.7  sigs= 7  price=$2.100000      24h=+65.35%  vol=$   0.3M
       sources: binance   vs BTC 6h: +76.21%
       → vol building, whale candle, OBV divergence, RSI divergence, RSI reset, decoupling BTC, 5d high

  [ 4] NEO         conv= 45.9  sigs= 6  price=$2.315000      24h= +2.49%  vol=$   0.4M
       sources: binance   vs BTC 6h: +0.67%
       → whale candle, stealth accum, OBV divergence, RSI divergence, RSI reset, CMF buying

  [ 5] MUB         conv= 44.8  sigs= 8  price=$1,131.360000  24h= +5.98%  vol=$   1.0M
       sources: binance   vs BTC 6h: +4.14%
       → vol building, whale candle, RSI divergence, RSI reset, CMF buying, higher lows, decoupling BTC, 5d high

  [ 6] COAI        conv= 44.7  sigs= 7  price=$0.349400      24h= +1.97%  vol=$   4.9M
       sources: bybit   fund: +0.0050%/8h  |  vs BTC 6h: +8.43%
       → TTM squeeze, OBV divergence, RSI divergence, RSI reset, RSI in zone, CMF buying, decoupling BTC

  [ 7] DRAM        conv= 44.2  sigs= 7  price=$72.570000     24h= +5.45%  vol=$   2.7M
       sources: bybit   fund: +0.0237%/8h  |  vs BTC 6h: +1.94%
       → whale candle, stealth accum, RSI divergence, RSI reset, CMF buying, decoupling BTC, 5d high

  [ 8] ETH         conv= 43.2  sigs= 6  price=$1,802.150000  24h= +3.95%  vol=$3583.8M
       sources: bybit, binance   fund: +0.0052%/8h  |  vs BTC 6h: +0.09%
       → stealth accum, OBV divergence, RSI divergence, RSI reset, RSI in zone, CMF buying

  [ 9] BOND        conv= 42.5  sigs= 7  price=$2.152000      24h= +4.42%  vol=$   0.7M
       sources: binance   vs BTC 6h: +18.26%
       → vol building, whale candle, RSI divergence, CMF buying, higher lows, decoupling BTC, 5d high

  [10] BR          conv= 42.3  sigs= 7  price=$0.164660      24h=+47.69%  vol=$   1.8M
       sources: bybit   fund: +0.0050%/8h  |  vs BTC 6h: +45.65%
       → vol expansion, whale candle, RSI reset, CMF buying, higher lows, decoupling BTC, 5d high

  [11] QCOM        conv= 41.4  sigs= 8  price=$229.610000    24h= +3.26%  vol=$   0.8M
       sources: bybit   fund: +0.0000%/8h  |  vs BTC 6h: +2.38%
       → vol building, vol expansion, whale candle, RSI reset, CMF buying, higher lows, decoupling BTC, 5d high

  [12] TOMO        conv= 41.3  sigs= 7  price=$1.381900      24h= +3.22%  vol=$   1.1M
       sources: binance   vs BTC 6h: +9.40%
       → vol building, vol expansion, whale candle, RSI reset, CMF buying, decoupling BTC, 5d high

  [13] CVX         conv= 41.2  sigs= 7  price=$1.427000      24h= +4.69%  vol=$   0.7M
       sources: binance   vs BTC 6h: +3.24%
       → vol building, whale candle, stealth accum, RSI divergence, RSI reset, CMF buying, decoupling BTC

  [14] HAEDAL      conv= 40.6  sigs= 7  price=$0.020080      24h= +1.83%  vol=$   0.6M
       sources: bybit, binance   fund: +0.0050%/8h  |  vs BTC 6h: +4.88%
       → vol building, vol expansion, whale candle, RSI divergence, RSI reset, CMF buying, decoupling BTC

  [15] WCT         conv= 40.1  sigs= 6  price=$0.047740      24h= -0.73%  vol=$   2.3M
       sources: bybit, binance   fund: -0.0213%/8h  |  vs BTC 6h: +1.37%
       → stealth accum, OBV divergence, RSI divergence, RSI reset, RSI in zone, funding neg

  [16] KAS         conv= 40.0  sigs= 7  price=$0.034190      24h= +4.07%  vol=$   4.0M
       sources: bybit   fund: +0.0050%/8h  |  vs BTC 6h: +2.16%
       → vol building, whale candle, RSI divergence, RSI reset, CMF buying, decoupling BTC, 5d high

  [17] WBETH       conv= 40.0  sigs= 6  price=$1,979.540000  24h= +3.98%  vol=$   3.7M
       sources: binance   vs BTC 6h: +0.10%
       → whale candle, stealth accum, RSI divergence, RSI reset, RSI in zone, CMF buying

--------------------------------------------------------------------------------
  ON RADAR   —  50 coin(s)
--------------------------------------------------------------------------------
  #   Symbol      Conv Sigs         Price     24h%    Vol $M  Signals
  ------------------------------------------------------------------------------
    1 BB          38.2    7  $   0.023440   +1.26%  $    1.2  stealth accum, OBV divergence, RSI divergence, RSI reset, RSI in zone, +2
    2 MON         37.3    7  $   0.023147   +3.16%  $    3.0  stealth accum, OBV divergence, RSI divergence, RSI reset, decoupling BTC, +2
    3 SKHYNIX     37.0    7  $1,632.340000   +6.01%  $    1.1  stealth accum, RSI divergence, RSI reset, CMF buying, higher lows, +2
    4 ETHUP       37.0    7  $  11.651000   -0.72%  $    0.5  TTM squeeze, vol building, vol expansion, stealth accum, RSI in zone, +2
    5 COW         36.8    7  $   0.162500   +3.20%  $    0.4  vol building, whale candle, stealth accum, RSI reset, CMF buying, +2
    6 SPACE       36.5    7  $   0.008109  +24.18%  $   17.3  vol expansion, OBV divergence, RSI divergence, RSI in zone, CMF buying, +2
    7 IP          36.1    6  $   0.315300   +1.09%  $   10.5  stealth accum, OBV divergence, RSI divergence, RSI reset, RSI in zone, +1
    8 BICO        35.9    5  $   0.019900   +3.65%  $    0.2  stealth accum, RSI divergence, RSI reset, RSI in zone, higher lows
    9 PUMPBTC     35.8    6  $   0.010741   +8.30%  $    0.7  stealth accum, OBV divergence, RSI divergence, RSI reset, RSI in zone, +1
   10 EPIC        35.6    6  $   0.576900  +18.80%  $    2.4  vol building, vol expansion, whale candle, RSI reset, CMF buying, +1
   11 SNDK        35.1    6  $2,147.660000   +2.51%  $   17.3  whale candle, stealth accum, OBV divergence, RSI reset, decoupling BTC, +1
   12 BNB         35.1    5  $ 618.500000   +0.19%  $  123.8  stealth accum, OBV divergence, RSI divergence, RSI reset, RSI in zone
   13 MU          35.1    5  $1,130.150000   +6.29%  $   17.0  whale candle, RSI divergence, RSI reset, decoupling BTC, 5d high
   14 QNTX        34.4    6  $  59.310000   +2.78%  $    1.5  stealth accum, RSI divergence, RSI reset, CMF buying, higher lows, +1
   15 ORCA        34.3    6  $   1.201000   +6.04%  $    5.6  vol expansion, whale candle, RSI reset, CMF buying, decoupling BTC, +1
   16 MDX         34.3    5  $   0.034500  +13.52%  $    0.3  vol building, whale candle, RSI divergence, RSI reset, decoupling BTC
   17 SOXL        34.2    6  $ 278.800000   +4.52%  $   22.6  whale candle, stealth accum, RSI reset, higher lows, decoupling BTC, +1
   18 AAOI        34.0    6  $ 197.950000  +10.95%  $    2.4  RSI divergence, RSI reset, CMF buying, higher lows, decoupling BTC, +1
   19 SOLAYER     33.9    7  $   0.071470   +6.06%  $    1.3  vol building, vol expansion, RSI reset, CMF buying, higher lows, +2
   20 BANK        33.9    6  $   0.043200   +5.67%  $    0.6  vol building, vol expansion, whale candle, RSI reset, CMF buying, +1
   21 S           33.8    6  $   0.033860   +1.92%  $    1.3  whale candle, stealth accum, OBV divergence, RSI reset, decoupling BTC, +1
   22 WLD         33.7    7  $   0.672600  +11.95%  $  317.8  vol building, vol expansion, whale candle, RSI reset, CMF buying, +2
   23 CARV        33.7    6  $   0.043770   +4.68%  $    0.8  vol building, vol expansion, RSI divergence, RSI reset, RSI in zone, +1
   24 ORN         33.5    5  $   1.053000   +1.64%  $    0.5  stealth accum, RSI divergence, RSI reset, RSI in zone, higher lows
   25 SENT        33.2    6  $   0.016695  +10.51%  $    1.7  vol building, vol expansion, RSI divergence, RSI reset, CMF buying, +1
   26 SLF         33.2    5  $   0.020800  -12.24%  $    0.3  vol building, vol expansion, OBV divergence, RSI divergence, RSI in zone
   27 TURTLE      33.0    6  $   0.038100   +3.25%  $    0.3  vol building, vol expansion, stealth accum, RSI divergence, RSI reset, +1
   28 ZBT         32.9    6  $   0.117000   +3.63%  $    2.3  TTM squeeze, OBV divergence, RSI divergence, RSI reset, RSI in zone, +1
   29 RSR         32.8    5  $   0.001469   +2.43%  $    1.2  stealth accum, OBV divergence, RSI divergence, RSI reset, decoupling BTC
   30 PNUT        32.6    5  $   0.046000   +2.14%  $    1.8  stealth accum, OBV divergence, RSI divergence, RSI reset, decoupling BTC
   31 COCOS       32.5    7  $   1.754600   +3.44%  $    1.5  vol building, vol expansion, stealth accum, RSI reset, RSI in zone, +2
   32 FIDA        32.5    6  $   0.024671   +5.54%  $    6.3  stealth accum, RSI divergence, RSI reset, RSI in zone, decoupling BTC, +1
   33 NEXO        32.5    5  $   0.821000   +1.49%  $    0.6  stealth accum, RSI divergence, RSI reset, RSI in zone, higher lows
   34 AVAX        32.4    6  $   7.028000   +2.95%  $   41.4  stealth accum, RSI divergence, RSI reset, CMF buying, decoupling BTC, +1
   35 GLMR        32.4    6  $   0.009900   +0.00%  $    0.2  vol building, vol expansion, stealth accum, RSI divergence, RSI reset, +1
   36 AAVE        32.3    5  $  75.420000   +2.56%  $   37.7  stealth accum, RSI divergence, RSI reset, CMF buying, decoupling BTC
   37 JTO         32.2    5  $   0.755300  +24.97%  $   92.7  vol building, stealth accum, RSI divergence, RSI reset, CMF buying
   38 PLA         32.1    7  $   0.234700   +5.53%  $    0.8  vol building, vol expansion, stealth accum, RSI reset, CMF buying, +2
   39 TRB         31.8    6  $  14.360000   +3.24%  $    0.7  stealth accum, RSI divergence, RSI reset, CMF buying, decoupling BTC, +1
   40 ZORA        31.5    5  $   0.008564   -0.71%  $    1.2  stealth accum, OBV divergence, RSI divergence, RSI reset, RSI in zone
   41 M           31.3    6  $   3.092200   +4.61%  $    2.3  vol building, vol expansion, whale candle, RSI reset, CMF buying, +1
   42 SUPER       31.2    4  $   0.100200   +0.16%  $    0.8  stealth accum, OBV divergence, RSI divergence, RSI reset
   43 VET         31.1    6  $   0.005348   +3.81%  $    1.3  OBV divergence, RSI divergence, RSI reset, RSI in zone, funding neg, +1
   44 AMP         31.1    5  $   0.000547   +2.06%  $    0.9  stealth accum, RSI divergence, RSI reset, RSI in zone, higher lows
   45 POLYX       30.9    7  $   0.042300   +2.93%  $    0.7  vol building, vol expansion, stealth accum, RSI reset, RSI in zone, +2
   46 VELVET      30.9    6  $   0.449230  +30.94%  $   19.0  vol building, vol expansion, RSI reset, CMF buying, higher lows, +1
   47 OMG         30.9    6  $   0.383000   -0.78%  $    0.7  TTM squeeze, vol building, vol expansion, RSI reset, RSI in zone, +1
   48 REP         30.8    6  $   4.730000   -0.84%  $    0.5  TTM squeeze, vol building, vol expansion, RSI reset, RSI in zone, +1
   49 PORTAL      30.7    6  $   0.012950  +13.19%  $    2.5  vol building, vol expansion, whale candle, RSI reset, decoupling BTC, +1
   50 NEAR        30.7    5  $   2.493800   +5.81%  $  173.9  stealth accum, RSI divergence, RSI reset, decoupling BTC, funding neg

================================================================================
2026-06-16 10:22:58,944 [INFO]   Saved → ignition_v3_LATEST.txt, ignition_v3_LATEST.json, ignition_v3_20260616_102258.txt
2026-06-16 13:24:04,492 [INFO] ================================================================
2026-06-16 13:24:04,495 [INFO] IGNITION SCANNER v3.0
2026-06-16 13:24:04,496 [INFO] ================================================================
2026-06-16 13:24:04,496 [INFO] Building universe...
2026-06-16 13:24:06,837 [INFO]   Universe (post-filter): 639 coins
2026-06-16 13:24:06,838 [INFO] Fetching BTC reference (1h)...
2026-06-16 13:24:07,202 [INFO] Scanning 639 coins on 1h timeframe...
2026-06-16 13:24:25,397 [INFO]   ...50/639  (surfaced so far: 11)
2026-06-16 13:24:46,134 [INFO]   ...100/639  (surfaced so far: 20)
2026-06-16 13:25:07,937 [INFO]   ...150/639  (surfaced so far: 29)
2026-06-16 13:25:26,462 [INFO]   ...200/639  (surfaced so far: 43)
2026-06-16 13:25:45,156 [INFO]   ...250/639  (surfaced so far: 51)
2026-06-16 13:26:12,662 [INFO]   ...300/639  (surfaced so far: 60)
2026-06-16 13:26:36,427 [INFO]   ...350/639  (surfaced so far: 71)
2026-06-16 13:26:54,252 [INFO]   ...400/639  (surfaced so far: 88)
2026-06-16 13:27:13,811 [INFO]   ...450/639  (surfaced so far: 93)
2026-06-16 13:27:35,957 [INFO]   ...500/639  (surfaced so far: 100)
2026-06-16 13:27:55,077 [INFO]   ...550/639  (surfaced so far: 103)
2026-06-16 13:28:15,241 [INFO]   ...600/639  (surfaced so far: 111)
2026-06-16 13:28:29,587 [INFO] Done in 265s  |  scanned=635  failed=4  skipped=0  watch_now=9  on_radar=50
2026-06-16 13:28:29,591 [INFO] 
================================================================================
  IGNITION SCANNER v3.0  —  early warning watchlist
  Generated : 2026-06-16 13:28:29
  Universe  : 639 bases (Bybit + Binance)  |  Scanned: 635
  Scan time : 265s  |  BTC: $66,482
================================================================================

  Tiers — WATCH NOW: conviction ≥ 40, signals ≥ 5
          ON RADAR : conviction ≥ 25, signals ≥ 3

  This scanner does NOT produce trade plans — it surfaces what's brewing.
  Confirm with trend_scanner (Phase 4) before entry.

--------------------------------------------------------------------------------
  WATCH NOW  —  9 coin(s)
--------------------------------------------------------------------------------

  [ 1] CREAM       conv= 46.7  sigs= 7  price=$2.100000      24h=+65.35%  vol=$   0.3M
       sources: binance   vs BTC 6h: +77.30%
       → vol building, whale candle, OBV divergence, RSI divergence, RSI reset, decoupling BTC, 5d high

  [ 2] BR          conv= 44.4  sigs= 8  price=$0.172350      24h=+47.41%  vol=$   3.2M
       sources: bybit   fund: -0.1210%/8h  |  vs BTC 6h: +30.50%
       → vol expansion, whale candle, RSI reset, CMF buying, higher lows, decoupling BTC, funding neg, 5d high

  [ 3] PORTAL      conv= 43.8  sigs= 7  price=$0.017139      24h=+39.16%  vol=$  10.4M
       sources: bybit, binance   fund: -1.1611%/8h  |  vs BTC 6h: +42.34%
       → vol expansion, whale candle, RSI reset, CMF buying, decoupling BTC, funding neg, 5d high

  [ 4] HAEDAL      conv= 42.9  sigs= 7  price=$0.019790      24h= +0.56%  vol=$   0.7M
       sources: bybit, binance   fund: +0.0064%/8h  |  vs BTC 6h: +3.72%
       → vol building, vol expansion, whale candle, RSI divergence, RSI reset, CMF buying, decoupling BTC

  [ 5] BOND        conv= 42.5  sigs= 7  price=$2.152000      24h= +4.42%  vol=$   0.7M
       sources: binance   vs BTC 6h: +19.36%
       → vol building, whale candle, RSI divergence, CMF buying, higher lows, decoupling BTC, 5d high

  [ 6] QQQ         conv= 42.0  sigs= 7  price=$746.540000    24h= +0.97%  vol=$   0.9M
       sources: bybit   fund: +0.0311%/8h  |  vs BTC 6h: -0.21%
       → whale candle, stealth accum, RSI divergence, RSI reset, CMF buying, higher lows, 5d high

  [ 7] TOMO        conv= 41.5  sigs= 7  price=$1.381900      24h= +3.22%  vol=$   1.1M
       sources: binance   vs BTC 6h: +10.50%
       → vol building, vol expansion, whale candle, RSI reset, CMF buying, decoupling BTC, 5d high

  [ 8] LAB         conv= 41.0  sigs= 7  price=$12.422000     24h=+37.64%  vol=$  24.3M
       sources: bybit   fund: +0.0050%/8h  |  vs BTC 6h: +24.00%
       → vol building, vol expansion, whale candle, OBV divergence, CMF buying, decoupling BTC, 5d high

  [ 9] AT          conv= 41.0  sigs= 6  price=$0.132170      24h= -5.89%  vol=$   0.8M
       sources: bybit, binance   fund: +0.0050%/8h  |  vs BTC 6h: +1.21%
       → TTM squeeze, vol building, vol expansion, whale candle, RSI divergence, RSI reset

--------------------------------------------------------------------------------
  ON RADAR   —  50 coin(s)
--------------------------------------------------------------------------------
  #   Symbol      Conv Sigs         Price     24h%    Vol $M  Signals
  ------------------------------------------------------------------------------
    1 QCOM        39.5    8  $ 231.480000   +4.29%  $    0.9  vol building, vol expansion, whale candle, RSI reset, CMF buying, +3
    2 ROSE        39.4    8  $   0.007377   +7.83%  $    3.3  vol building, vol expansion, whale candle, RSI reset, CMF buying, +3
    3 KAS         38.7    7  $   0.033900   +1.53%  $    3.8  vol building, vol expansion, whale candle, stealth accum, RSI divergence, +2
    4 ETHUP       37.0    7  $  11.651000   -0.72%  $    0.5  TTM squeeze, vol building, vol expansion, stealth accum, RSI in zone, +2
    5 SENT        35.5    6  $   0.017174  +11.00%  $    3.0  vol expansion, RSI divergence, RSI reset, CMF buying, decoupling BTC, +1
    6 ID          35.0    7  $   0.028290   +0.76%  $    2.7  vol building, vol expansion, RSI divergence, RSI reset, CMF buying, +2
    7 BNB         34.7    5  $ 613.900000   -0.76%  $  121.7  stealth accum, OBV divergence, RSI divergence, RSI reset, RSI in zone
    8 MDX         34.4    5  $   0.034500  +13.52%  $    0.3  vol building, whale candle, RSI divergence, RSI reset, decoupling BTC
    9 WBETH       34.0    5  $1,978.090000   +3.13%  $    2.8  whale candle, stealth accum, RSI divergence, RSI reset, decoupling BTC
   10 SPX         33.6    7  $   0.381400  +11.23%  $   41.4  vol building, vol expansion, RSI reset, RSI in zone, CMF buying, +2
   11 DRAM        33.6    6  $  72.803000   +4.03%  $    2.9  whale candle, RSI divergence, RSI reset, CMF buying, decoupling BTC, +1
   12 ORN         33.5    5  $   1.053000   +1.64%  $    0.5  stealth accum, RSI divergence, RSI reset, RSI in zone, higher lows
   13 SYN         33.2    5  $   0.050100  +16.55%  $    5.5  stealth accum, RSI divergence, RSI reset, RSI in zone, higher lows
   14 SLF         33.2    5  $   0.020800  -12.24%  $    0.3  vol building, vol expansion, OBV divergence, RSI divergence, RSI in zone
   15 ZEC         33.0    5  $ 514.460000   -3.76%  $  250.5  TTM squeeze, stealth accum, RSI divergence, RSI reset, RSI in zone
   16 BEAM        32.9    7  $   0.001578   +6.15%  $    0.7  vol building, vol expansion, whale candle, RSI reset, CMF buying, +2
   17 NIGHT       32.9    6  $   0.033740   +1.64%  $   17.8  TTM squeeze, vol building, stealth accum, RSI reset, RSI in zone, +1
   18 ETH         32.7    4  $1,798.910000   +3.26%  $ 3196.5  stealth accum, OBV divergence, RSI divergence, RSI reset
   19 MUB         32.6    6  $1,123.680000   +4.05%  $    1.0  vol building, whale candle, RSI divergence, CMF buying, higher lows, +1
   20 INX         32.6    6  $   0.008152   -2.25%  $    0.9  vol building, vol expansion, stealth accum, RSI divergence, RSI reset, +1
   21 COCOS       32.5    7  $   1.754600   +3.44%  $    1.5  vol building, vol expansion, stealth accum, RSI reset, RSI in zone, +2
   22 COAI        32.5    5  $   0.342300   +7.28%  $    4.8  vol building, OBV divergence, RSI divergence, RSI reset, decoupling BTC
   23 PLA         32.2    7  $   0.234700   +5.53%  $    0.8  vol building, vol expansion, stealth accum, RSI reset, CMF buying, +2
   24 AWE         32.2    4  $   0.054520   +0.55%  $    0.6  stealth accum, OBV divergence, RSI reset, CMF buying
   25 ORCA        32.0    6  $   1.183700   +4.58%  $    5.8  vol expansion, whale candle, RSI reset, CMF buying, decoupling BTC, +1
   26 1000FLOKI   31.8    5  $   0.026410   +0.42%  $    2.2  OBV divergence, RSI divergence, RSI reset, RSI in zone, funding neg
   27 VIC         31.4    5  $   0.040200  +13.61%  $    1.7  vol expansion, RSI divergence, RSI reset, decoupling BTC, 5d high
   28 BANK        31.3    6  $   0.040900   +0.99%  $    0.6  vol building, vol expansion, whale candle, stealth accum, RSI in zone, +1
   29 IN          31.2    5  $   0.076100   +1.89%  $    1.0  TTM squeeze, stealth accum, RSI divergence, RSI reset, decoupling BTC
   30 MON         31.0    6  $   0.023656   +5.05%  $    3.2  OBV divergence, RSI divergence, RSI reset, decoupling BTC, funding neg, +1
   31 ACX         31.0    5  $   0.041830   -2.57%  $    0.5  vol building, vol expansion, OBV divergence, RSI reset, RSI in zone
   32 OMG         30.9    6  $   0.383000   -0.78%  $    0.7  TTM squeeze, vol building, vol expansion, RSI reset, RSI in zone, +1
   33 REP         30.8    6  $   4.730000   -0.84%  $    0.5  TTM squeeze, vol building, vol expansion, RSI reset, RSI in zone, +1
   34 SPACE       30.5    5  $   0.008338  +27.43%  $   19.9  vol expansion, RSI reset, CMF buying, higher lows, funding neg
   35 STORJ       30.5    4  $   0.079200   -0.13%  $    0.3  stealth accum, OBV divergence, RSI divergence, RSI reset
   36 BB          30.4    4  $   0.023170   -0.26%  $    1.2  stealth accum, OBV divergence, RSI divergence, RSI reset
   37 NEO         30.4    4  $   2.288000   +0.00%  $    0.4  whale candle, OBV divergence, RSI divergence, RSI reset
   38 ETHBTC      30.3    4  $   0.027060   +2.55%  $    0.9  stealth accum, RSI divergence, RSI reset, CMF buying
   39 FORM        30.2    6  $   0.231200   -0.30%  $    0.6  vol building, vol expansion, stealth accum, OBV divergence, RSI reset, +1
   40 QNTX        30.1    5  $  59.110000   +1.85%  $    1.5  stealth accum, RSI divergence, RSI reset, CMF buying, higher lows
   41 PNUT        30.1    4  $   0.045770   +0.07%  $    1.4  stealth accum, OBV divergence, RSI divergence, RSI reset
   42 BNX         30.0    5  $   1.781900   +2.81%  $    0.8  whale candle, RSI divergence, RSI in zone, CMF buying, decoupling BTC
   43 WCT         29.9    5  $   0.047950   -0.35%  $    2.3  OBV divergence, RSI divergence, RSI reset, decoupling BTC, funding neg
   44 PARTI       29.9    5  $   0.058290   +3.86%  $    1.1  TTM squeeze, whale candle, RSI reset, higher lows, decoupling BTC
   45 KSM         29.9    4  $   3.790000   -0.52%  $    0.3  stealth accum, OBV divergence, RSI divergence, RSI reset
   46 UNI         29.7    6  $   3.014000  +12.72%  $   47.9  vol building, vol expansion, stealth accum, CMF buying, higher lows, +1
   47 MUBARAK     29.7    4  $   0.011010   -0.36%  $    0.4  stealth accum, OBV divergence, RSI divergence, RSI reset
   48 KITE        29.6    4  $   0.192400   -1.77%  $    1.1  TTM squeeze, OBV divergence, RSI divergence, RSI reset
   49 MFT         29.5    6  $   0.005254   -0.85%  $    0.7  vol building, vol expansion, RSI reset, RSI in zone, CMF buying, +1
   50 BAL         29.4    4  $   0.967000   -3.69%  $    0.2  stealth accum, RSI divergence, RSI reset, RSI in zone

================================================================================
2026-06-16 13:28:29,608 [INFO]   Saved → ignition_v3_LATEST.txt, ignition_v3_LATEST.json, ignition_v3_20260616_132829.txt
2026-06-16 14:26:47,512 [INFO] ================================================================
2026-06-16 14:26:47,518 [INFO] IGNITION SCANNER v3.0
2026-06-16 14:26:47,518 [INFO] ================================================================
2026-06-16 14:26:47,518 [INFO] Building universe...
2026-06-16 14:26:50,402 [INFO]   Universe (post-filter): 638 coins
2026-06-16 14:26:50,402 [INFO] Fetching BTC reference (1h)...
2026-06-16 14:26:50,814 [INFO] Scanning 638 coins on 1h timeframe...
2026-06-16 14:26:53,574 [INFO]   ...50/638  (surfaced so far: 14)
2026-06-16 14:26:56,152 [INFO]   ...100/638  (surfaced so far: 24)
2026-06-16 14:26:58,550 [INFO]   ...150/638  (surfaced so far: 33)
2026-06-16 14:27:00,843 [INFO]   ...200/638  (surfaced so far: 46)
2026-06-16 14:27:03,342 [INFO]   ...250/638  (surfaced so far: 55)
2026-06-16 14:27:05,746 [INFO]   ...300/638  (surfaced so far: 66)
2026-06-16 14:27:08,250 [INFO]   ...350/638  (surfaced so far: 77)
2026-06-16 14:27:11,092 [INFO]   ...400/638  (surfaced so far: 92)
2026-06-16 14:27:13,804 [INFO]   ...450/638  (surfaced so far: 96)
2026-06-16 14:27:16,330 [INFO]   ...500/638  (surfaced so far: 106)
2026-06-16 14:27:18,877 [INFO]   ...550/638  (surfaced so far: 109)
2026-06-16 14:27:22,494 [INFO]   ...600/638  (surfaced so far: 120)
2026-06-16 14:27:24,852 [INFO] Done in 37s  |  scanned=636  failed=2  skipped=0  watch_now=9  on_radar=50
2026-06-16 14:27:24,856 [INFO] 
================================================================================
  IGNITION SCANNER v3.0  —  early warning watchlist
  Generated : 2026-06-16 14:27:24
  Universe  : 638 bases (Bybit + Binance)  |  Scanned: 636
  Scan time : 37s  |  BTC: $66,430
================================================================================

  Tiers — WATCH NOW: conviction ≥ 40, signals ≥ 5
          ON RADAR : conviction ≥ 25, signals ≥ 3

  This scanner does NOT produce trade plans — it surfaces what's brewing.
  Confirm with trend_scanner (Phase 4) before entry.

--------------------------------------------------------------------------------
  WATCH NOW  —  9 coin(s)
--------------------------------------------------------------------------------

  [ 1] CREAM       conv= 46.7  sigs= 7  price=$2.100000      24h=+65.35%  vol=$   0.3M
       sources: binance   vs BTC 6h: +77.99%
       → vol building, whale candle, OBV divergence, RSI divergence, RSI reset, decoupling BTC, 5d high

  [ 2] BR          conv= 44.4  sigs= 8  price=$0.172350      24h=+45.56%  vol=$   3.6M
       sources: bybit   fund: -0.0651%/8h  |  vs BTC 6h: +31.19%
       → vol expansion, whale candle, RSI reset, CMF buying, higher lows, decoupling BTC, funding neg, 5d high

  [ 3] PORTAL      conv= 43.8  sigs= 7  price=$0.017139      24h=+30.98%  vol=$  12.2M
       sources: bybit, binance   fund: -0.8062%/8h  |  vs BTC 6h: +43.03%
       → vol expansion, whale candle, RSI reset, CMF buying, decoupling BTC, funding neg, 5d high

  [ 4] AT          conv= 43.2  sigs= 7  price=$0.132170      24h= -6.13%  vol=$   0.8M
       sources: bybit, binance   fund: +0.0050%/8h  |  vs BTC 6h: +1.90%
       → TTM squeeze, vol building, vol expansion, whale candle, RSI divergence, RSI reset, decoupling BTC

  [ 5] HAEDAL      conv= 43.0  sigs= 7  price=$0.019790      24h= -2.36%  vol=$   0.7M
       sources: bybit, binance   fund: +0.0051%/8h  |  vs BTC 6h: +4.40%
       → vol building, vol expansion, whale candle, RSI divergence, RSI reset, CMF buying, decoupling BTC

  [ 6] BOND        conv= 42.5  sigs= 7  price=$2.152000      24h= +4.42%  vol=$   0.7M
       sources: binance   vs BTC 6h: +20.05%
       → vol building, whale candle, RSI divergence, CMF buying, higher lows, decoupling BTC, 5d high

  [ 7] QQQ         conv= 42.0  sigs= 7  price=$746.540000    24h= +0.62%  vol=$   0.9M
       sources: bybit   fund: +0.0242%/8h  |  vs BTC 6h: +0.48%
       → whale candle, stealth accum, RSI divergence, RSI reset, CMF buying, higher lows, 5d high

  [ 8] TOMO        conv= 41.6  sigs= 7  price=$1.381900      24h= +3.22%  vol=$   1.1M
       sources: binance   vs BTC 6h: +11.19%
       → vol building, vol expansion, whale candle, RSI reset, CMF buying, decoupling BTC, 5d high

  [ 9] LAB         conv= 41.0  sigs= 7  price=$12.422000     24h=+29.23%  vol=$  30.0M
       sources: bybit   fund: +0.0274%/8h  |  vs BTC 6h: +24.68%
       → vol building, vol expansion, whale candle, OBV divergence, CMF buying, decoupling BTC, 5d high

--------------------------------------------------------------------------------
  ON RADAR   —  50 coin(s)
--------------------------------------------------------------------------------
  #   Symbol      Conv Sigs         Price     24h%    Vol $M  Signals
  ------------------------------------------------------------------------------
    1 QCOM        39.6    8  $ 231.480000   +3.14%  $    1.0  vol building, vol expansion, whale candle, RSI reset, CMF buying, +3
    2 KAS         38.8    7  $   0.033900   -1.46%  $    3.9  vol building, vol expansion, whale candle, stealth accum, RSI divergence, +2
    3 ETHUP       37.0    7  $  11.651000   -0.72%  $    0.5  TTM squeeze, vol building, vol expansion, stealth accum, RSI in zone, +2
    4 ROSE        36.4    7  $   0.007377   -0.48%  $    2.8  vol building, vol expansion, whale candle, RSI reset, CMF buying, +2
    5 ORN         35.7    6  $   1.053000   +1.64%  $    0.5  stealth accum, RSI divergence, RSI reset, RSI in zone, higher lows, +1
    6 SENT        35.6    6  $   0.017174  +11.34%  $    3.1  vol expansion, RSI divergence, RSI reset, CMF buying, decoupling BTC, +1
    7 ID          35.1    7  $   0.028290   -3.54%  $    2.8  vol building, vol expansion, RSI divergence, RSI reset, CMF buying, +2
    8 ETH         35.0    5  $1,798.910000   -0.81%  $ 2965.7  stealth accum, OBV divergence, RSI divergence, RSI reset, decoupling BTC
    9 BNB         34.7    5  $ 613.900000   -3.17%  $  119.0  stealth accum, OBV divergence, RSI divergence, RSI reset, RSI in zone
   10 MDX         34.5    5  $   0.034500  +13.52%  $    0.3  vol building, whale candle, RSI divergence, RSI reset, decoupling BTC
   11 WBETH       34.1    5  $1,978.090000   -0.96%  $    2.2  whale candle, stealth accum, RSI divergence, RSI reset, decoupling BTC
   12 SPX         33.8    7  $   0.381400   +9.84%  $   42.0  vol building, vol expansion, RSI reset, RSI in zone, CMF buying, +2
   13 DRAM        33.7    6  $  72.803000   +3.38%  $    3.0  whale candle, RSI divergence, RSI reset, CMF buying, decoupling BTC, +1
   14 SYN         33.2    5  $   0.050100  +21.70%  $    5.5  stealth accum, RSI divergence, RSI reset, RSI in zone, higher lows
   15 SLF         33.2    5  $   0.020800  -12.24%  $    0.3  vol building, vol expansion, OBV divergence, RSI divergence, RSI in zone
   16 ZEC         33.0    5  $ 514.460000   -4.77%  $  243.7  TTM squeeze, stealth accum, RSI divergence, RSI reset, RSI in zone
   17 NIGHT       32.9    6  $   0.033740   -3.33%  $   15.0  TTM squeeze, vol building, stealth accum, RSI reset, RSI in zone, +1
   18 MUB         32.7    6  $1,123.680000   +3.95%  $    1.0  vol building, whale candle, RSI divergence, CMF buying, higher lows, +1
   19 INX         32.7    6  $   0.008152   -3.00%  $    1.0  vol building, vol expansion, stealth accum, RSI divergence, RSI reset, +1
   20 COAI        32.6    5  $   0.342300   -0.85%  $    4.8  vol building, OBV divergence, RSI divergence, RSI reset, decoupling BTC
   21 COCOS       32.5    7  $   1.754600   +3.44%  $    1.5  vol building, vol expansion, stealth accum, RSI reset, RSI in zone, +2
   22 WDC         32.5    6  $ 717.880000  +15.33%  $    0.5  vol building, vol expansion, RSI divergence, CMF buying, decoupling BTC, +1
   23 PNUT        32.4    5  $   0.045770   -3.52%  $    1.3  stealth accum, OBV divergence, RSI divergence, RSI reset, decoupling BTC
   24 PLA         32.3    7  $   0.234700   +5.53%  $    0.8  vol building, vol expansion, stealth accum, RSI reset, CMF buying, +2
   25 QNTX        32.3    6  $  59.110000   +0.82%  $    1.5  stealth accum, RSI divergence, RSI reset, CMF buying, higher lows, +1
   26 ORCA        32.2    6  $   1.183700   +2.08%  $    5.8  vol expansion, whale candle, RSI reset, CMF buying, decoupling BTC, +1
   27 AWE         32.2    4  $   0.054520   +0.73%  $    0.5  stealth accum, OBV divergence, RSI reset, CMF buying
   28 1000FLOKI   32.1    5  $   0.026410   -4.78%  $    1.8  OBV divergence, RSI divergence, RSI reset, RSI in zone, funding neg
   29 STG         31.6    6  $   0.231990   +7.33%  $   21.6  vol building, vol expansion, RSI divergence, RSI reset, decoupling BTC, +1
   30 IMX         31.5    5  $   0.148750   -3.67%  $    0.9  stealth accum, OBV divergence, RSI divergence, RSI reset, decoupling BTC
   31 VIC         31.4    5  $   0.040200   +8.75%  $    1.9  vol expansion, RSI divergence, RSI reset, decoupling BTC, 5d high
   32 BANK        31.3    6  $   0.040900   +2.74%  $    0.6  vol building, vol expansion, whale candle, stealth accum, RSI in zone, +1
   33 IN          31.3    5  $   0.076100   -0.63%  $    1.0  TTM squeeze, stealth accum, RSI divergence, RSI reset, decoupling BTC
   34 POLYX       31.2    7  $   0.042700   +0.47%  $    1.0  vol building, vol expansion, stealth accum, RSI reset, higher lows, +2
   35 ACX         31.0    5  $   0.041830   -2.19%  $    0.5  vol building, vol expansion, OBV divergence, RSI reset, RSI in zone
   36 OMG         30.9    6  $   0.383000   -0.78%  $    0.7  TTM squeeze, vol building, vol expansion, RSI reset, RSI in zone, +1
   37 REP         30.8    6  $   4.730000   -0.84%  $    0.5  TTM squeeze, vol building, vol expansion, RSI reset, RSI in zone, +1
   38 WCT         30.8    5  $   0.047950   -3.27%  $    2.3  OBV divergence, RSI divergence, RSI reset, decoupling BTC, funding neg
   39 AGIX        30.7    7  $   0.614100   -0.37%  $    0.8  TTM squeeze, vol building, vol expansion, stealth accum, RSI in zone, +2
   40 SPACE       30.5    5  $   0.008338  +16.12%  $   21.0  vol expansion, RSI reset, CMF buying, higher lows, funding neg
   41 STORJ       30.5    4  $   0.079200   -2.85%  $    0.2  stealth accum, OBV divergence, RSI divergence, RSI reset
   42 BB          30.4    4  $   0.023170   -3.53%  $    1.2  stealth accum, OBV divergence, RSI divergence, RSI reset
   43 NEO         30.4    4  $   2.288000   -2.24%  $    0.4  whale candle, OBV divergence, RSI divergence, RSI reset
   44 ETHBTC      30.3    4  $   0.027060   +0.16%  $    0.6  stealth accum, RSI divergence, RSI reset, CMF buying
   45 FORM        30.2    6  $   0.231200   -3.29%  $    0.6  vol building, vol expansion, stealth accum, OBV divergence, RSI reset, +1
   46 BNX         30.1    5  $   1.781900   +2.81%  $    0.8  whale candle, RSI divergence, RSI in zone, CMF buying, decoupling BTC
   47 PARTI       30.0    5  $   0.058290   +9.60%  $    1.4  TTM squeeze, whale candle, RSI reset, higher lows, decoupling BTC
   48 KSM         29.9    4  $   3.790000   -3.35%  $    0.3  stealth accum, OBV divergence, RSI divergence, RSI reset
   49 UNI         29.8    6  $   3.014000  +11.44%  $   50.8  vol building, vol expansion, stealth accum, CMF buying, higher lows, +1
   50 MUBARAK     29.7    4  $   0.011010   -4.06%  $    0.3  stealth accum, OBV divergence, RSI divergence, RSI reset

================================================================================
2026-06-16 14:27:24,906 [INFO]   Saved → ignition_v3_LATEST.txt, ignition_v3_LATEST.json, ignition_v3_20260616_142724.txt
2026-06-16 15:42:36,835 [INFO] ================================================================
2026-06-16 15:42:36,836 [INFO] IGNITION SCANNER v3.0
2026-06-16 15:42:36,836 [INFO] ================================================================
2026-06-16 15:42:36,837 [INFO] Building universe...
2026-06-16 15:42:38,376 [INFO]   Universe (post-filter): 641 coins
2026-06-16 15:42:38,376 [INFO] Fetching BTC reference (1h)...
2026-06-16 15:42:38,729 [INFO] Scanning 641 coins on 1h timeframe...
2026-06-16 15:42:59,039 [INFO]   ...50/641  (surfaced so far: 12)
2026-06-16 15:43:20,326 [INFO]   ...100/641  (surfaced so far: 22)
2026-06-16 15:43:41,161 [INFO]   ...150/641  (surfaced so far: 29)
2026-06-16 15:44:02,255 [INFO]   ...200/641  (surfaced so far: 37)
2026-06-16 15:44:25,716 [INFO]   ...250/641  (surfaced so far: 42)
2026-06-16 15:44:47,332 [INFO]   ...300/641  (surfaced so far: 52)
2026-06-16 15:45:08,406 [INFO]   ...350/641  (surfaced so far: 64)
2026-06-16 15:45:24,626 [INFO]   ...400/641  (surfaced so far: 77)
2026-06-16 15:45:43,060 [INFO]   ...450/641  (surfaced so far: 83)
2026-06-16 15:45:59,243 [INFO]   ...500/641  (surfaced so far: 88)
2026-06-16 15:46:16,953 [INFO]   ...550/641  (surfaced so far: 96)
2026-06-16 15:46:33,432 [INFO]   ...600/641  (surfaced so far: 105)
2026-06-16 15:46:46,938 [INFO] Done in 250s  |  scanned=635  failed=6  skipped=0  watch_now=9  on_radar=50
2026-06-16 15:46:46,940 [INFO] 
================================================================================
  IGNITION SCANNER v3.0  —  early warning watchlist
  Generated : 2026-06-16 15:46:46
  Universe  : 641 bases (Bybit + Binance)  |  Scanned: 635
  Scan time : 250s  |  BTC: $66,052
================================================================================

  Tiers — WATCH NOW: conviction ≥ 40, signals ≥ 5
          ON RADAR : conviction ≥ 25, signals ≥ 3

  This scanner does NOT produce trade plans — it surfaces what's brewing.
  Confirm with trend_scanner (Phase 4) before entry.

--------------------------------------------------------------------------------
  WATCH NOW  —  9 coin(s)
--------------------------------------------------------------------------------

  [ 1] TRIA        conv= 52.0  sigs= 8  price=$0.025923      24h=+22.73%  vol=$   1.6M
       sources: bybit   fund: +0.0050%/8h  |  vs BTC 6h: +12.14%
       → vol building, vol expansion, whale candle, OBV divergence, RSI divergence, RSI reset, CMF buying, decoupling BTC

  [ 2] NBIS        conv= 48.6  sigs= 8  price=$274.490000    24h= +8.12%  vol=$   1.0M
       sources: bybit   fund: +0.0000%/8h  |  vs BTC 6h: +5.98%
       → vol building, whale candle, RSI divergence, RSI reset, CMF buying, higher lows, decoupling BTC, 5d high

  [ 3] CREAM       conv= 46.7  sigs= 7  price=$2.100000      24h=+65.35%  vol=$   0.3M
       sources: binance   vs BTC 6h: +78.45%
       → vol building, whale candle, OBV divergence, RSI divergence, RSI reset, decoupling BTC, 5d high

  [ 4] MRVL        conv= 42.9  sigs= 9  price=$311.220000    24h= +4.08%  vol=$  10.9M
       sources: bybit   fund: +0.0238%/8h  |  vs BTC 6h: +2.54%
       → vol building, vol expansion, whale candle, stealth accum, RSI reset, RSI in zone, higher lows, decoupling BTC, 5d high

  [ 5] BOND        conv= 42.5  sigs= 7  price=$2.152000      24h= +4.42%  vol=$   0.7M
       sources: binance   vs BTC 6h: +20.50%
       → vol building, whale candle, RSI divergence, CMF buying, higher lows, decoupling BTC, 5d high

  [ 6] CRWV        conv= 42.4  sigs= 8  price=$117.050000    24h=+10.42%  vol=$   1.0M
       sources: bybit   fund: +0.0000%/8h  |  vs BTC 6h: +9.49%
       → vol building, vol expansion, whale candle, RSI reset, CMF buying, higher lows, decoupling BTC, 5d high

  [ 7] TOMO        conv= 41.7  sigs= 7  price=$1.381900      24h= +3.22%  vol=$   1.1M
       sources: binance   vs BTC 6h: +11.65%
       → vol building, vol expansion, whale candle, RSI reset, CMF buying, decoupling BTC, 5d high

  [ 8] AWE         conv= 40.3  sigs= 7  price=$0.054760      24h= +0.78%  vol=$   0.5M
       sources: binance   vs BTC 6h: +0.74%
       → vol building, vol expansion, stealth accum, OBV divergence, RSI reset, CMF buying, 5d high

  [ 9] XAN         conv= 40.2  sigs= 7  price=$0.009317      24h= -2.12%  vol=$   1.1M
       sources: bybit   fund: +0.0050%/8h  |  vs BTC 6h: -0.40%
       → TTM squeeze, vol building, vol expansion, OBV divergence, RSI divergence, RSI in zone, CMF buying

--------------------------------------------------------------------------------
  ON RADAR   —  50 coin(s)
--------------------------------------------------------------------------------
  #   Symbol      Conv Sigs         Price     24h%    Vol $M  Signals
  ------------------------------------------------------------------------------
    1 Q           37.8    6  $   0.021557  +16.75%  $    2.2  vol expansion, whale candle, RSI reset, CMF buying, decoupling BTC, +1
    2 SENT        37.0    7  $   0.017079  +19.12%  $    4.9  vol building, vol expansion, RSI divergence, RSI reset, CMF buying, +2
    3 ARM         37.0    7  $ 419.420000   +4.01%  $    2.4  vol building, vol expansion, whale candle, RSI reset, higher lows, +2
    4 ETHUP       37.0    7  $  11.651000   -0.72%  $    0.5  TTM squeeze, vol building, vol expansion, stealth accum, RSI in zone, +2
    5 ORN         35.8    6  $   1.053000   +1.64%  $    0.5  stealth accum, RSI divergence, RSI reset, RSI in zone, higher lows, +1
    6 HAEDAL      35.6    7  $   0.019480   -2.77%  $    0.7  vol building, vol expansion, whale candle, RSI divergence, RSI in zone, +2
    7 TSLA        34.7    7  $ 409.920000   -0.97%  $    1.2  vol building, vol expansion, stealth accum, RSI reset, CMF buying, +2
    8 JTO         34.6    8  $   0.863400   +8.61%  $  113.1  vol building, vol expansion, RSI reset, CMF buying, higher lows, +3
    9 SPX         34.6    7  $   0.387900  +11.09%  $   43.1  vol building, vol expansion, stealth accum, RSI reset, CMF buying, +2
   10 MDX         34.6    5  $   0.034500  +13.52%  $    0.3  vol building, whale candle, RSI divergence, RSI reset, decoupling BTC
   11 CELR        33.9    5  $   0.002218   -4.02%  $    0.2  TTM squeeze, stealth accum, OBV divergence, RSI divergence, RSI in zone
   12 TRB         33.7    7  $  14.681000   +0.82%  $    0.8  vol building, vol expansion, RSI divergence, RSI reset, CMF buying, +2
   13 QCOM        33.7    6  $ 230.560000   +2.08%  $    0.9  vol expansion, whale candle, RSI reset, CMF buying, higher lows, +1
   14 LAB         33.4    5  $  13.004000  +31.61%  $   34.3  vol expansion, whale candle, OBV divergence, CMF buying, decoupling BTC
   15 SLF         33.2    5  $   0.020800  -12.24%  $    0.3  vol building, vol expansion, OBV divergence, RSI divergence, RSI in zone
   16 NEO         32.9    5  $   2.263000   -2.76%  $    0.4  vol building, stealth accum, OBV divergence, RSI divergence, RSI in zone
   17 SPACE       32.7    6  $   0.007678  +17.23%  $   21.5  vol building, vol expansion, stealth accum, CMF buying, higher lows, +1
   18 ETH         32.6    5  $1,797.090000   -1.78%  $ 2939.1  vol building, stealth accum, OBV divergence, RSI divergence, decoupling BTC
   19 COCOS       32.5    7  $   1.754600   +3.44%  $    1.5  vol building, vol expansion, stealth accum, RSI reset, RSI in zone, +2
   20 PLA         32.4    7  $   0.234700   +5.53%  $    0.8  vol building, vol expansion, stealth accum, RSI reset, CMF buying, +2
   21 ARB         32.4    6  $   0.085660   -5.45%  $   14.7  vol building, stealth accum, OBV divergence, RSI divergence, RSI in zone, +1
   22 ID          32.2    6  $   0.027120   -4.63%  $    3.0  vol building, vol expansion, stealth accum, RSI divergence, RSI in zone, +1
   23 MUB         32.2    6  $1,089.540000   +1.13%  $    1.2  vol building, vol expansion, whale candle, RSI divergence, RSI in zone, +1
   24 TSM         31.8    6  $ 437.760000   -0.65%  $    0.6  vol building, vol expansion, stealth accum, RSI divergence, RSI in zone, +1
   25 WDC         31.8    5  $ 716.000000  +10.12%  $    0.6  vol expansion, RSI divergence, RSI reset, CMF buying, decoupling BTC
   26 INX         31.7    6  $   0.008047   -6.88%  $    0.9  TTM squeeze, vol building, vol expansion, stealth accum, RSI divergence, +1
   27 CELO        31.7    4  $   0.063320   -3.07%  $    0.4  stealth accum, OBV divergence, RSI divergence, RSI in zone
   28 ROSE        31.4    7  $   0.007087   -0.58%  $    2.7  vol building, vol expansion, whale candle, RSI in zone, CMF buying, +2
   29 SEI         31.4    5  $   0.053250   -4.87%  $    7.3  TTM squeeze, stealth accum, RSI divergence, RSI in zone, funding neg
   30 TA          31.2    6  $   0.077420   +9.92%  $    0.5  vol building, vol expansion, whale candle, RSI reset, CMF buying, +1
   31 OP          31.1    5  $   0.107320   -4.45%  $   11.4  stealth accum, OBV divergence, RSI divergence, RSI in zone, funding neg
   32 OMG         30.9    6  $   0.383000   -0.78%  $    0.7  TTM squeeze, vol building, vol expansion, RSI reset, RSI in zone, +1
   33 AGIX        30.8    7  $   0.614100   -0.37%  $    0.8  TTM squeeze, vol building, vol expansion, stealth accum, RSI in zone, +2
   34 REP         30.8    6  $   4.730000   -0.84%  $    0.5  TTM squeeze, vol building, vol expansion, RSI reset, RSI in zone, +1
   35 YFII        30.7    6  $ 435.500000   +2.30%  $    0.8  stealth accum, RSI divergence, RSI reset, RSI in zone, higher lows, +1
   36 PORTAL      30.7    5  $   0.016503  +37.92%  $   13.9  vol expansion, whale candle, CMF buying, decoupling BTC, funding neg
   37 ACX         30.5    6  $   0.041800   -3.99%  $    0.3  vol building, vol expansion, stealth accum, RSI divergence, RSI in zone, +1
   38 MU          30.4    5  $1,089.710000   +1.21%  $   18.9  vol building, vol expansion, whale candle, RSI divergence, RSI in zone
   39 USELESS     30.3    5  $   0.074430   -9.23%  $    7.0  vol building, stealth accum, OBV divergence, RSI divergence, RSI in zone
   40 BNX         30.2    5  $   1.781900   +2.81%  $    0.8  whale candle, RSI divergence, RSI in zone, CMF buying, decoupling BTC
   41 STRK        29.9    4  $   0.036350   -4.98%  $    7.4  TTM squeeze, stealth accum, RSI divergence, RSI in zone
   42 KAS         29.6    5  $   0.033130   -0.93%  $    4.4  vol building, vol expansion, stealth accum, RSI divergence, RSI in zone
   43 XVG         29.6    4  $   0.002692   -8.18%  $    1.0  stealth accum, OBV divergence, RSI divergence, RSI in zone
   44 MFT         29.5    6  $   0.005254   -0.85%  $    0.7  vol building, vol expansion, RSI reset, RSI in zone, CMF buying, +1
   45 PNT         29.4    5  $   0.035000  +45.23%  $    0.3  whale candle, RSI reset, RSI in zone, higher lows, decoupling BTC
   46 BAL         29.4    4  $   0.967000   -3.69%  $    0.2  stealth accum, RSI divergence, RSI reset, RSI in zone
   47 ACT         29.2    5  $   0.010380   -5.24%  $    0.4  vol building, vol expansion, stealth accum, RSI divergence, RSI in zone
   48 ACH         29.2    4  $   0.005380   -5.15%  $    0.7  stealth accum, OBV divergence, RSI divergence, RSI in zone
   49 TVK         29.0    7  $   0.054050   +0.04%  $    1.0  vol building, vol expansion, stealth accum, RSI reset, higher lows, +2
   50 LUMIA       29.0    4  $   0.090200   -4.95%  $    0.3  TTM squeeze, stealth accum, RSI divergence, RSI in zone

================================================================================
2026-06-16 15:46:46,972 [INFO]   Saved → ignition_v3_LATEST.txt, ignition_v3_LATEST.json, ignition_v3_20260616_154646.txt
2026-06-16 16:00:32,031 [INFO] ================================================================
2026-06-16 16:00:32,041 [INFO] IGNITION SCANNER v3.0
2026-06-16 16:00:32,041 [INFO] ================================================================
2026-06-16 16:00:32,041 [INFO] Building universe...
2026-06-16 16:00:33,643 [INFO]   Universe (post-filter): 642 coins
2026-06-16 16:00:33,644 [INFO] Fetching BTC reference (1h)...
2026-06-16 16:00:33,653 [INFO] Scanning 642 coins on 1h timeframe...
2026-06-16 16:00:34,531 [INFO]   ...50/642  (surfaced so far: 11)
2026-06-16 16:00:35,303 [INFO]   ...100/642  (surfaced so far: 21)
2026-06-16 16:00:36,347 [INFO]   ...150/642  (surfaced so far: 28)
2026-06-16 16:00:37,131 [INFO]   ...200/642  (surfaced so far: 36)
2026-06-16 16:00:37,936 [INFO]   ...250/642  (surfaced so far: 41)
2026-06-16 16:00:39,085 [INFO]   ...300/642  (surfaced so far: 52)
2026-06-16 16:00:39,824 [INFO]   ...350/642  (surfaced so far: 62)
2026-06-16 16:00:40,909 [INFO]   ...400/642  (surfaced so far: 78)
2026-06-16 16:00:41,821 [INFO]   ...450/642  (surfaced so far: 83)
2026-06-16 16:00:42,879 [INFO]   ...500/642  (surfaced so far: 88)
2026-06-16 16:00:43,628 [INFO]   ...550/642  (surfaced so far: 96)
2026-06-16 16:00:44,937 [INFO]   ...600/642  (surfaced so far: 105)
2026-06-16 16:00:46,123 [INFO] Done in 14s  |  scanned=639  failed=3  skipped=0  watch_now=10  on_radar=50
2026-06-16 16:00:46,124 [INFO] 
================================================================================
  IGNITION SCANNER v3.0  —  early warning watchlist
  Generated : 2026-06-16 16:00:46
  Universe  : 642 bases (Bybit + Binance)  |  Scanned: 639
  Scan time : 14s  |  BTC: $66,052
================================================================================

  Tiers — WATCH NOW: conviction ≥ 40, signals ≥ 5
          ON RADAR : conviction ≥ 25, signals ≥ 3

  This scanner does NOT produce trade plans — it surfaces what's brewing.
  Confirm with trend_scanner (Phase 4) before entry.

--------------------------------------------------------------------------------
  WATCH NOW  —  10 coin(s)
--------------------------------------------------------------------------------

  [ 1] TRIA        conv= 52.0  sigs= 8  price=$0.025923      24h=+22.94%  vol=$   1.8M
       sources: bybit   fund: +0.0050%/8h  |  vs BTC 6h: +12.14%
       → vol building, vol expansion, whale candle, OBV divergence, RSI divergence, RSI reset, CMF buying, decoupling BTC

  [ 2] NBIS        conv= 48.6  sigs= 8  price=$274.490000    24h= +4.65%  vol=$   1.0M
       sources: bybit   fund: +0.0000%/8h  |  vs BTC 6h: +5.98%
       → vol building, whale candle, RSI divergence, RSI reset, CMF buying, higher lows, decoupling BTC, 5d high

  [ 3] ORCL        conv= 46.8  sigs= 9  price=$194.450000    24h= -2.06%  vol=$   0.8M
       sources: bybit   fund: +0.0000%/8h  |  vs BTC 6h: +1.22%
       → vol building, whale candle, stealth accum, RSI divergence, RSI reset, RSI in zone, CMF buying, higher lows, 5d high

  [ 4] CREAM       conv= 46.7  sigs= 7  price=$2.100000      24h=+65.35%  vol=$   0.3M
       sources: binance   vs BTC 6h: +78.45%
       → vol building, whale candle, OBV divergence, RSI divergence, RSI reset, decoupling BTC, 5d high

  [ 5] MRVL        conv= 42.9  sigs= 9  price=$311.220000    24h= +2.69%  vol=$  11.0M
       sources: bybit   fund: +0.0210%/8h  |  vs BTC 6h: +2.54%
       → vol building, vol expansion, whale candle, stealth accum, RSI reset, RSI in zone, higher lows, decoupling BTC, 5d high

  [ 6] BOND        conv= 42.5  sigs= 7  price=$2.152000      24h= +4.42%  vol=$   0.7M
       sources: binance   vs BTC 6h: +20.50%
       → vol building, whale candle, RSI divergence, CMF buying, higher lows, decoupling BTC, 5d high

  [ 7] CRWV        conv= 42.4  sigs= 8  price=$117.050000    24h= +7.58%  vol=$   1.0M
       sources: bybit   fund: +0.0000%/8h  |  vs BTC 6h: +9.49%
       → vol building, vol expansion, whale candle, RSI reset, CMF buying, higher lows, decoupling BTC, 5d high

  [ 8] TOMO        conv= 41.7  sigs= 7  price=$1.381900      24h= +3.22%  vol=$   1.1M
       sources: binance   vs BTC 6h: +11.65%
       → vol building, vol expansion, whale candle, RSI reset, CMF buying, decoupling BTC, 5d high

  [ 9] AWE         conv= 40.3  sigs= 7  price=$0.054760      24h= +0.98%  vol=$   0.5M
       sources: binance   vs BTC 6h: +0.74%
       → vol building, vol expansion, stealth accum, OBV divergence, RSI reset, CMF buying, 5d high

  [10] XAN         conv= 40.2  sigs= 7  price=$0.009317      24h= -3.10%  vol=$   1.1M
       sources: bybit   fund: +0.0050%/8h  |  vs BTC 6h: -0.40%
       → TTM squeeze, vol building, vol expansion, OBV divergence, RSI divergence, RSI in zone, CMF buying

--------------------------------------------------------------------------------
  ON RADAR   —  50 coin(s)
--------------------------------------------------------------------------------
  #   Symbol      Conv Sigs         Price     24h%    Vol $M  Signals
  ------------------------------------------------------------------------------
    1 SENT        38.6    7  $   0.017079  +18.32%  $    5.8  vol building, vol expansion, RSI divergence, RSI reset, CMF buying, +2
    2 Q           37.8    6  $   0.021557  +15.36%  $    2.3  vol expansion, whale candle, RSI reset, CMF buying, decoupling BTC, +1
    3 ARM         37.0    7  $ 419.420000   +0.98%  $    2.4  vol building, vol expansion, whale candle, RSI reset, higher lows, +2
    4 ETHUP       37.0    7  $  11.651000   -0.72%  $    0.5  TTM squeeze, vol building, vol expansion, stealth accum, RSI in zone, +2
    5 ORN         35.8    6  $   1.053000   +1.64%  $    0.5  stealth accum, RSI divergence, RSI reset, RSI in zone, higher lows, +1
    6 HAEDAL      35.6    7  $   0.019480   -3.18%  $    0.7  vol building, vol expansion, whale candle, RSI divergence, RSI in zone, +2
    7 TSLA        34.7    7  $ 409.920000   -0.74%  $    1.2  vol building, vol expansion, stealth accum, RSI reset, CMF buying, +2
    8 MDX         34.6    5  $   0.034500  +13.52%  $    0.3  vol building, whale candle, RSI divergence, RSI reset, decoupling BTC
    9 SPX         34.4    7  $   0.387900  +10.14%  $   43.3  vol building, vol expansion, stealth accum, RSI reset, CMF buying, +2
   10 JTO         34.2    8  $   0.863400   +7.60%  $  113.1  vol building, vol expansion, RSI reset, CMF buying, higher lows, +3
   11 CELR        33.9    5  $   0.002218   -4.54%  $    0.2  TTM squeeze, stealth accum, OBV divergence, RSI divergence, RSI in zone
   12 TRB         33.7    7  $  14.681000   +0.32%  $    0.8  vol building, vol expansion, RSI divergence, RSI reset, CMF buying, +2
   13 QCOM        33.7    6  $ 230.560000   +1.06%  $    1.0  vol expansion, whale candle, RSI reset, CMF buying, higher lows, +1
   14 LAB         33.4    5  $  13.004000  +32.97%  $   35.1  vol expansion, whale candle, OBV divergence, CMF buying, decoupling BTC
   15 SLF         33.2    5  $   0.020800  -12.24%  $    0.3  vol building, vol expansion, OBV divergence, RSI divergence, RSI in zone
   16 NEO         32.9    5  $   2.263000   -3.15%  $    0.4  vol building, stealth accum, OBV divergence, RSI divergence, RSI in zone
   17 SPACE       32.7    6  $   0.007678  +16.02%  $   21.6  vol building, vol expansion, stealth accum, CMF buying, higher lows, +1
   18 ETH         32.6    5  $1,797.090000   -1.97%  $ 2929.4  vol building, stealth accum, OBV divergence, RSI divergence, decoupling BTC
   19 COCOS       32.5    7  $   1.754600   +3.44%  $    1.5  vol building, vol expansion, stealth accum, RSI reset, RSI in zone, +2
   20 ARB         32.5    6  $   0.085660   -5.67%  $   14.8  vol building, stealth accum, OBV divergence, RSI divergence, RSI in zone, +1
   21 PLA         32.4    7  $   0.234700   +5.53%  $    0.8  vol building, vol expansion, stealth accum, RSI reset, CMF buying, +2
   22 ID          32.2    6  $   0.027120   -4.89%  $    3.0  vol building, vol expansion, stealth accum, RSI divergence, RSI in zone, +1
   23 MUB         32.2    6  $1,089.540000   -0.49%  $    1.2  vol building, vol expansion, whale candle, RSI divergence, RSI in zone, +1
   24 TSM         31.8    6  $ 437.760000   -1.52%  $    0.6  vol building, vol expansion, stealth accum, RSI divergence, RSI in zone, +1
   25 WDC         31.8    5  $ 716.000000   +7.45%  $    0.6  vol expansion, RSI divergence, RSI reset, CMF buying, decoupling BTC
   26 INX         31.7    6  $   0.008047   -7.57%  $    0.8  TTM squeeze, vol building, vol expansion, stealth accum, RSI divergence, +1
   27 CELO        31.7    4  $   0.063320   -3.46%  $    0.4  stealth accum, OBV divergence, RSI divergence, RSI in zone
   28 SEI         31.5    5  $   0.053250   -4.78%  $    7.3  TTM squeeze, stealth accum, RSI divergence, RSI in zone, funding neg
   29 ROSE        31.4    7  $   0.007087   -0.49%  $    2.6  vol building, vol expansion, whale candle, RSI in zone, CMF buying, +2
   30 TA          31.2    6  $   0.077420   +8.06%  $    0.5  vol building, vol expansion, whale candle, RSI reset, CMF buying, +1
   31 OP          31.2    5  $   0.107320   -4.64%  $   11.4  stealth accum, OBV divergence, RSI divergence, RSI in zone, funding neg
   32 OMG         30.9    6  $   0.383000   -0.78%  $    0.7  TTM squeeze, vol building, vol expansion, RSI reset, RSI in zone, +1
   33 AGIX        30.8    7  $   0.614100   -0.37%  $    0.8  TTM squeeze, vol building, vol expansion, stealth accum, RSI in zone, +2
   34 REP         30.8    6  $   4.730000   -0.84%  $    0.5  TTM squeeze, vol building, vol expansion, RSI reset, RSI in zone, +1
   35 YFII        30.7    6  $ 435.500000   +2.30%  $    0.8  stealth accum, RSI divergence, RSI reset, RSI in zone, higher lows, +1
   36 PORTAL      30.7    5  $   0.016503  +44.17%  $   14.4  vol expansion, whale candle, CMF buying, decoupling BTC, funding neg
   37 ACX         30.5    6  $   0.041800   -4.31%  $    0.3  vol building, vol expansion, stealth accum, RSI divergence, RSI in zone, +1
   38 MU          30.4    5  $1,089.710000   -0.61%  $   18.9  vol building, vol expansion, whale candle, RSI divergence, RSI in zone
   39 USELESS     30.3    5  $   0.074430  -11.68%  $    6.9  vol building, stealth accum, OBV divergence, RSI divergence, RSI in zone
   40 BNX         30.2    5  $   1.781900   +2.81%  $    0.8  whale candle, RSI divergence, RSI in zone, CMF buying, decoupling BTC
   41 STRK        29.9    4  $   0.036350   -4.86%  $    7.5  TTM squeeze, stealth accum, RSI divergence, RSI in zone
   42 KAS         29.6    5  $   0.033130   -1.63%  $    4.4  vol building, vol expansion, stealth accum, RSI divergence, RSI in zone
   43 XVG         29.6    4  $   0.002692   -7.19%  $    1.0  stealth accum, OBV divergence, RSI divergence, RSI in zone
   44 MFT         29.5    6  $   0.005254   -0.85%  $    0.7  vol building, vol expansion, RSI reset, RSI in zone, CMF buying, +1
   45 PNT         29.4    5  $   0.035000  +45.23%  $    0.3  whale candle, RSI reset, RSI in zone, higher lows, decoupling BTC
   46 BAL         29.4    4  $   0.967000   -3.69%  $    0.2  stealth accum, RSI divergence, RSI reset, RSI in zone
   47 ACT         29.2    5  $   0.010380   -5.63%  $    0.4  vol building, vol expansion, stealth accum, RSI divergence, RSI in zone
   48 ACH         29.2    4  $   0.005380   -5.67%  $    0.7  stealth accum, OBV divergence, RSI divergence, RSI in zone
   49 TVK         29.0    7  $   0.054050   +0.04%  $    1.0  vol building, vol expansion, stealth accum, RSI reset, higher lows, +2
   50 LUMIA       29.0    4  $   0.090200   -4.96%  $    0.3  TTM squeeze, stealth accum, RSI divergence, RSI in zone

================================================================================
2026-06-16 16:00:46,134 [INFO]   Saved → ignition_v3_LATEST.txt, ignition_v3_LATEST.json, ignition_v3_20260616_160046.txt
2026-06-16 21:20:46,011 [INFO] ================================================================
2026-06-16 21:20:46,013 [INFO] IGNITION SCANNER v3.0
2026-06-16 21:20:46,014 [INFO] ================================================================
2026-06-16 21:20:46,014 [INFO] Building universe...
2026-06-16 21:20:48,073 [INFO]   Universe (post-filter): 625 coins
2026-06-16 21:20:48,074 [INFO] Fetching BTC reference (1h)...
2026-06-16 21:20:48,432 [INFO] Scanning 625 coins on 1h timeframe...
2026-06-16 21:21:10,641 [INFO]   ...50/625  (surfaced so far: 2)
2026-06-16 21:21:30,204 [INFO]   ...100/625  (surfaced so far: 8)
2026-06-16 21:21:49,847 [INFO]   ...150/625  (surfaced so far: 13)
2026-06-16 21:22:14,738 [INFO]   ...200/625  (surfaced so far: 24)
2026-06-16 21:22:36,246 [INFO]   ...250/625  (surfaced so far: 36)
2026-06-16 21:23:01,781 [INFO]   ...300/625  (surfaced so far: 42)
2026-06-16 21:23:22,536 [INFO]   ...350/625  (surfaced so far: 49)
2026-06-16 21:23:43,456 [INFO]   ...400/625  (surfaced so far: 57)
2026-06-16 21:24:05,560 [INFO]   ...450/625  (surfaced so far: 59)
2026-06-16 21:24:26,222 [INFO]   ...500/625  (surfaced so far: 66)
2026-06-16 21:24:45,866 [INFO]   ...550/625  (surfaced so far: 70)
2026-06-16 21:25:07,607 [INFO]   ...600/625  (surfaced so far: 74)
2026-06-16 21:25:17,011 [INFO] Done in 271s  |  scanned=621  failed=4  skipped=0  watch_now=8  on_radar=50
2026-06-16 21:25:17,012 [INFO] 
================================================================================
  IGNITION SCANNER v3.0  —  early warning watchlist
  Generated : 2026-06-16 21:25:17
  Universe  : 625 bases (Bybit + Binance)  |  Scanned: 621
  Scan time : 271s  |  BTC: $65,676
================================================================================

  Tiers — WATCH NOW: conviction ≥ 40, signals ≥ 5
          ON RADAR : conviction ≥ 25, signals ≥ 3

  This scanner does NOT produce trade plans — it surfaces what's brewing.
  Confirm with trend_scanner (Phase 4) before entry.

--------------------------------------------------------------------------------
  WATCH NOW  —  8 coin(s)
--------------------------------------------------------------------------------

  [ 1] CREAM       conv= 46.7  sigs= 7  price=$2.100000      24h=+65.35%  vol=$   0.3M
       sources: binance   vs BTC 6h: +78.54%
       → vol building, whale candle, OBV divergence, RSI divergence, RSI reset, decoupling BTC, 5d high

  [ 2] LAYER       conv= 44.2  sigs= 7  price=$0.071700      24h= +6.60%  vol=$   2.3M
       sources: binance   vs BTC 6h: +1.70%
       → stealth accum, RSI divergence, RSI reset, RSI in zone, CMF buying, higher lows, decoupling BTC

  [ 3] CFG         conv= 43.4  sigs= 8  price=$0.236600      24h= +7.70%  vol=$   2.8M
       sources: bybit, binance   fund: +0.0050%/8h  |  vs BTC 6h: +6.43%
       → vol building, vol expansion, whale candle, RSI reset, CMF buying, higher lows, decoupling BTC, 5d high

  [ 4] BOND        conv= 42.5  sigs= 7  price=$2.152000      24h= +4.42%  vol=$   0.7M
       sources: binance   vs BTC 6h: +20.59%
       → vol building, whale candle, RSI divergence, CMF buying, higher lows, decoupling BTC, 5d high

  [ 5] SENT        conv= 41.8  sigs= 7  price=$0.021045      24h=+36.00%  vol=$  13.5M
       sources: bybit, binance   fund: -0.8036%/8h  |  vs BTC 6h: +23.79%
       → vol expansion, RSI divergence, RSI reset, CMF buying, decoupling BTC, funding neg, 5d high

  [ 6] TOMO        conv= 41.7  sigs= 7  price=$1.381900      24h= +3.22%  vol=$   1.1M
       sources: binance   vs BTC 6h: +11.74%
       → vol building, vol expansion, whale candle, RSI reset, CMF buying, decoupling BTC, 5d high

  [ 7] SOLAYER     conv= 41.2  sigs= 7  price=$0.071680      24h= +6.12%  vol=$   2.0M
       sources: bybit   fund: -0.3613%/8h  |  vs BTC 6h: +1.73%
       → RSI divergence, RSI reset, RSI in zone, CMF buying, higher lows, decoupling BTC, funding neg

  [ 8] TRIA        conv= 40.4  sigs= 6  price=$0.029192      24h=+29.05%  vol=$   5.6M
       sources: bybit   fund: +0.0050%/8h  |  vs BTC 6h: +13.18%
       → vol expansion, whale candle, OBV divergence, RSI divergence, CMF buying, decoupling BTC

--------------------------------------------------------------------------------
  ON RADAR   —  50 coin(s)
--------------------------------------------------------------------------------
  #   Symbol      Conv Sigs         Price     24h%    Vol $M  Signals
  ------------------------------------------------------------------------------
    1 AVNT        39.8    8  $   0.113840   +1.63%  $    2.3  vol building, vol expansion, stealth accum, RSI divergence, RSI reset, +3
    2 NIL         39.4    6  $   0.041510   +0.95%  $    1.6  stealth accum, OBV divergence, RSI divergence, RSI reset, RSI in zone, +1
    3 GENIUS      39.2    7  $   0.437500   -2.21%  $    2.9  TTM squeeze, stealth accum, OBV divergence, RSI reset, RSI in zone, +2
    4 MITO        38.7    7  $   0.021050   +6.05%  $    1.6  vol building, whale candle, stealth accum, RSI divergence, CMF buying, +2
    5 BLESS       38.4    7  $   0.006977  +27.76%  $    2.0  vol building, vol expansion, RSI reset, CMF buying, higher lows, +2
    6 SPELL       37.7    6  $   0.000137   +0.38%  $    1.9  vol expansion, whale candle, OBV divergence, RSI divergence, RSI in zone, +1
    7 ETHUP       37.0    7  $  11.651000   -0.72%  $    0.5  TTM squeeze, vol building, vol expansion, stealth accum, RSI in zone, +2
    8 BR          35.8    7  $   0.188320  +68.32%  $    9.2  vol expansion, RSI reset, CMF buying, higher lows, decoupling BTC, +2
    9 ORN         35.8    6  $   1.053000   +1.64%  $    0.5  stealth accum, RSI divergence, RSI reset, RSI in zone, higher lows, +1
   10 NXPC        34.6    6  $   0.330800   -4.00%  $    0.6  vol building, vol expansion, OBV divergence, RSI divergence, RSI reset, +1
   11 MDX         34.6    5  $   0.034500  +13.52%  $    0.3  vol building, whale candle, RSI divergence, RSI reset, decoupling BTC
   12 SLF         33.2    5  $   0.020800  -12.24%  $    0.3  vol building, vol expansion, OBV divergence, RSI divergence, RSI in zone
   13 SAGA        33.0    6  $   0.013820   +8.02%  $    2.3  vol building, vol expansion, whale candle, RSI reset, higher lows, +1
   14 BICO        32.9    5  $   0.019900   -0.49%  $    0.2  whale candle, OBV divergence, RSI divergence, RSI in zone, decoupling BTC
   15 TRB         32.7    6  $  14.498000   +3.61%  $    0.9  vol building, vol expansion, stealth accum, RSI reset, RSI in zone, +1
   16 PLAYSOUT    32.7    5  $   0.035520  +11.63%  $    1.6  whale candle, RSI reset, CMF buying, higher lows, decoupling BTC
   17 COCOS       32.5    7  $   1.754600   +3.44%  $    1.5  vol building, vol expansion, stealth accum, RSI reset, RSI in zone, +2
   18 ENJ         32.4    8  $   0.033315   +5.58%  $    3.2  vol building, vol expansion, RSI reset, RSI in zone, CMF buying, +3
   19 PLA         32.4    7  $   0.234700   +5.53%  $    0.8  vol building, vol expansion, stealth accum, RSI reset, CMF buying, +2
   20 COAI        31.7    5  $   0.337100   +4.86%  $    4.4  RSI divergence, RSI reset, RSI in zone, CMF buying, higher lows
   21 HANA        31.2    5  $   0.040593   +7.02%  $    5.8  RSI divergence, RSI reset, RSI in zone, CMF buying, higher lows
   22 ARM         31.1    6  $ 395.870000   -3.93%  $    2.7  vol building, vol expansion, stealth accum, RSI divergence, RSI in zone, +1
   23 SPX         30.9    6  $   0.397300  +14.42%  $   47.3  stealth accum, RSI divergence, CMF buying, higher lows, decoupling BTC, +1
   24 HNT         30.9    6  $   0.304200   +3.24%  $    1.4  vol building, vol expansion, stealth accum, RSI reset, RSI in zone, +1
   25 OMG         30.9    6  $   0.383000   -0.78%  $    0.7  TTM squeeze, vol building, vol expansion, RSI reset, RSI in zone, +1
   26 AGIX        30.8    7  $   0.614100   -0.37%  $    0.8  TTM squeeze, vol building, vol expansion, stealth accum, RSI in zone, +2
   27 REP         30.8    6  $   4.730000   -0.84%  $    0.5  TTM squeeze, vol building, vol expansion, RSI reset, RSI in zone, +1
   28 YFII        30.7    6  $ 435.500000   +2.30%  $    0.8  stealth accum, RSI divergence, RSI reset, RSI in zone, higher lows, +1
   29 MANTRA      30.5    6  $   0.008220   +3.25%  $    2.1  vol building, vol expansion, whale candle, stealth accum, RSI in zone, +1
   30 ROSE        30.3    6  $   0.007176   +4.77%  $    2.1  stealth accum, RSI reset, RSI in zone, CMF buying, higher lows, +1
   31 HOOD        30.3    5  $  96.750000   -1.39%  $    1.4  vol expansion, OBV divergence, RSI divergence, RSI reset, RSI in zone
   32 BNX         30.2    5  $   1.781900   +2.81%  $    0.8  whale candle, RSI divergence, RSI in zone, CMF buying, decoupling BTC
   33 LIT         29.9    6  $   1.791000   +6.81%  $   15.8  vol building, RSI divergence, RSI in zone, CMF buying, higher lows, +1
   34 ORDI        29.9    6  $   3.458000   +2.25%  $    8.8  vol building, vol expansion, stealth accum, RSI reset, RSI in zone, +1
   35 2Z          29.6    6  $   0.072700   +3.72%  $    0.7  vol building, vol expansion, stealth accum, RSI divergence, RSI in zone, +1
   36 MFT         29.5    6  $   0.005254   -0.85%  $    0.7  vol building, vol expansion, RSI reset, RSI in zone, CMF buying, +1
   37 MON         29.4    6  $   0.023162   +3.36%  $    3.7  vol building, vol expansion, stealth accum, RSI in zone, CMF buying, +1
   38 PNT         29.4    5  $   0.035000  +45.23%  $    0.3  whale candle, RSI reset, RSI in zone, higher lows, decoupling BTC
   39 BAL         29.4    4  $   0.967000   -3.69%  $    0.2  stealth accum, RSI divergence, RSI reset, RSI in zone
   40 TVK         29.1    7  $   0.054050   +0.04%  $    1.0  vol building, vol expansion, stealth accum, RSI reset, higher lows, +2
   41 LOKA        28.8    6  $   0.123700   +3.86%  $    0.9  vol building, vol expansion, RSI reset, CMF buying, higher lows, +1
   42 CITY        28.7    5  $   0.402000   +0.00%  $    0.4  stealth accum, OBV divergence, RSI divergence, RSI in zone, decoupling BTC
   43 AIGENSYN    27.9    5  $   0.025250   -3.18%  $    1.8  TTM squeeze, OBV divergence, RSI reset, RSI in zone, decoupling BTC
   44 CLV         27.9    5  $   0.029370  +13.97%  $    0.3  vol building, vol expansion, whale candle, RSI reset, RSI in zone
   45 TORN        27.9    4  $   4.060000   -4.02%  $    0.5  stealth accum, RSI divergence, RSI in zone, higher lows
   46 EDGE        27.8    5  $   0.350800   -0.57%  $    1.9  TTM squeeze, stealth accum, RSI reset, CMF buying, higher lows
   47 FORM        27.7    5  $   0.230200   +1.05%  $    0.6  TTM squeeze, stealth accum, RSI in zone, CMF buying, higher lows
   48 UB          27.6    5  $   0.122520   +6.56%  $    1.3  RSI divergence, RSI reset, CMF buying, higher lows, decoupling BTC
   49 UNI         27.1    6  $   3.193000  +20.74%  $   67.7  vol building, vol expansion, RSI divergence, CMF buying, higher lows, +1
   50 POLYX       27.1    5  $   0.042400   +2.66%  $    1.1  stealth accum, RSI divergence, RSI in zone, CMF buying, higher lows

================================================================================
2026-06-16 21:25:17,039 [INFO]   Saved → ignition_v3_LATEST.txt, ignition_v3_LATEST.json, ignition_v3_20260616_212517.txt
2026-06-16 22:49:01,450 [INFO] ================================================================
2026-06-16 22:49:01,451 [INFO] IGNITION SCANNER v3.0
2026-06-16 22:49:01,451 [INFO] ================================================================
2026-06-16 22:49:01,452 [INFO] Building universe...
2026-06-16 22:49:03,064 [INFO]   Universe (post-filter): 628 coins
2026-06-16 22:49:03,065 [INFO] Fetching BTC reference (1h)...
2026-06-16 22:49:03,412 [INFO] Scanning 628 coins on 1h timeframe...
2026-06-16 22:49:04,209 [INFO]   ...50/628  (surfaced so far: 2)
2026-06-16 22:49:04,987 [INFO]   ...100/628  (surfaced so far: 8)
2026-06-16 22:49:05,826 [INFO]   ...150/628  (surfaced so far: 14)
2026-06-16 22:49:06,668 [INFO]   ...200/628  (surfaced so far: 27)
2026-06-16 22:49:07,856 [INFO]   ...250/628  (surfaced so far: 36)
2026-06-16 22:49:08,977 [INFO]   ...300/628  (surfaced so far: 42)
2026-06-16 22:49:10,791 [INFO]   ...350/628  (surfaced so far: 50)
2026-06-16 22:49:11,852 [INFO]   ...400/628  (surfaced so far: 60)
2026-06-16 22:49:13,014 [INFO]   ...450/628  (surfaced so far: 62)
2026-06-16 22:49:14,097 [INFO]   ...500/628  (surfaced so far: 67)
2026-06-16 22:49:15,155 [INFO]   ...550/628  (surfaced so far: 69)
2026-06-16 22:49:16,200 [INFO]   ...600/628  (surfaced so far: 74)
2026-06-16 22:49:17,669 [INFO] Done in 16s  |  scanned=624  failed=4  skipped=0  watch_now=8  on_radar=50
2026-06-16 22:49:17,670 [INFO] 
================================================================================
  IGNITION SCANNER v3.0  —  early warning watchlist
  Generated : 2026-06-16 22:49:17
  Universe  : 628 bases (Bybit + Binance)  |  Scanned: 624
  Scan time : 16s  |  BTC: $65,854
================================================================================

  Tiers — WATCH NOW: conviction ≥ 40, signals ≥ 5
          ON RADAR : conviction ≥ 25, signals ≥ 3

  This scanner does NOT produce trade plans — it surfaces what's brewing.
  Confirm with trend_scanner (Phase 4) before entry.

--------------------------------------------------------------------------------
  WATCH NOW  —  8 coin(s)
--------------------------------------------------------------------------------

  [ 1] CREAM       conv= 46.7  sigs= 7  price=$2.100000      24h=+65.35%  vol=$   0.3M
       sources: binance   vs BTC 6h: +77.66%
       → vol building, whale candle, OBV divergence, RSI divergence, RSI reset, decoupling BTC, 5d high

  [ 2] CFG         conv= 43.2  sigs= 8  price=$0.236600      24h= +5.59%  vol=$   2.9M
       sources: bybit, binance   fund: +0.0050%/8h  |  vs BTC 6h: +5.56%
       → vol building, vol expansion, whale candle, RSI reset, CMF buying, higher lows, decoupling BTC, 5d high

  [ 3] BOND        conv= 42.5  sigs= 7  price=$2.152000      24h= +4.42%  vol=$   0.7M
       sources: binance   vs BTC 6h: +19.72%
       → vol building, whale candle, RSI divergence, CMF buying, higher lows, decoupling BTC, 5d high

  [ 4] LAYER       conv= 42.0  sigs= 6  price=$0.071700      24h= +4.54%  vol=$   2.6M
       sources: binance   vs BTC 6h: +0.83%
       → stealth accum, RSI divergence, RSI reset, RSI in zone, CMF buying, higher lows

  [ 5] SENT        conv= 41.8  sigs= 7  price=$0.021045      24h=+30.33%  vol=$  14.9M
       sources: bybit, binance   fund: -0.2359%/8h  |  vs BTC 6h: +22.92%
       → vol expansion, RSI divergence, RSI reset, CMF buying, decoupling BTC, funding neg, 5d high

  [ 6] TOMO        conv= 41.6  sigs= 7  price=$1.381900      24h= +3.22%  vol=$   1.1M
       sources: binance   vs BTC 6h: +10.86%
       → vol building, vol expansion, whale candle, RSI reset, CMF buying, decoupling BTC, 5d high

  [ 7] BEL         conv= 40.4  sigs= 6  price=$0.088500      24h= -1.25%  vol=$   0.2M
       sources: binance   vs BTC 6h: +7.36%
       → vol expansion, whale candle, stealth accum, RSI reset, CMF buying, decoupling BTC

  [ 8] TRIA        conv= 40.3  sigs= 6  price=$0.029192      24h=+32.12%  vol=$   5.8M
       sources: bybit   fund: +0.0050%/8h  |  vs BTC 6h: +12.31%
       → vol expansion, whale candle, OBV divergence, RSI divergence, CMF buying, decoupling BTC

--------------------------------------------------------------------------------
  ON RADAR   —  50 coin(s)
--------------------------------------------------------------------------------
  #   Symbol      Conv Sigs         Price     24h%    Vol $M  Signals
  ------------------------------------------------------------------------------
    1 NIL         39.4    6  $   0.041510   +1.77%  $    1.7  stealth accum, OBV divergence, RSI divergence, RSI reset, RSI in zone, +1
    2 CLANKER     38.7    7  $  17.243000   +0.52%  $    0.7  vol building, vol expansion, RSI divergence, RSI reset, CMF buying, +2
    3 MITO        38.5    7  $   0.021050  +11.88%  $    1.9  vol building, whale candle, stealth accum, RSI divergence, CMF buying, +2
    4 BLESS       38.4    7  $   0.006977  +27.61%  $    2.4  vol building, vol expansion, RSI reset, CMF buying, higher lows, +2
    5 AVNT        37.6    7  $   0.113840   +1.57%  $    2.3  vol building, vol expansion, stealth accum, RSI divergence, RSI reset, +2
    6 SPELL       37.5    6  $   0.000137   -0.07%  $    2.0  vol expansion, whale candle, OBV divergence, RSI divergence, RSI in zone, +1
    7 ETHUP       37.0    7  $  11.651000   -0.72%  $    0.5  TTM squeeze, vol building, vol expansion, stealth accum, RSI in zone, +2
    8 GENIUS      36.9    6  $   0.437500   -2.48%  $    2.9  TTM squeeze, stealth accum, OBV divergence, RSI reset, RSI in zone, +1
    9 BR          36.1    7  $   0.188320  +67.51%  $    9.7  vol expansion, RSI reset, CMF buying, higher lows, decoupling BTC, +2
   10 NXPC        34.6    6  $   0.330800   -4.69%  $    0.6  vol building, vol expansion, OBV divergence, RSI divergence, RSI reset, +1
   11 SOLAYER     34.5    5  $   0.071680   +4.62%  $    2.2  RSI divergence, RSI reset, RSI in zone, CMF buying, higher lows
   12 MDX         34.5    5  $   0.034500  +13.52%  $    0.3  vol building, whale candle, RSI divergence, RSI reset, decoupling BTC
   13 ORN         33.5    5  $   1.053000   +1.64%  $    0.5  stealth accum, RSI divergence, RSI reset, RSI in zone, higher lows
   14 SLF         33.2    5  $   0.020800  -12.24%  $    0.3  vol building, vol expansion, OBV divergence, RSI divergence, RSI in zone
   15 SAGA        32.9    6  $   0.013820   +8.15%  $    3.5  vol building, vol expansion, whale candle, RSI reset, higher lows, +1
   16 TRB         32.7    6  $  14.498000   +4.36%  $    0.9  vol building, vol expansion, stealth accum, RSI reset, RSI in zone, +1
   17 PLAYSOUT    32.6    5  $   0.035520  +12.57%  $    1.7  whale candle, RSI reset, CMF buying, higher lows, decoupling BTC
   18 COCOS       32.5    7  $   1.754600   +3.44%  $    1.5  vol building, vol expansion, stealth accum, RSI reset, RSI in zone, +2
   19 PLA         32.3    7  $   0.234700   +5.53%  $    0.8  vol building, vol expansion, stealth accum, RSI reset, CMF buying, +2
   20 COAI        31.7    5  $   0.337100   +6.40%  $    4.4  RSI divergence, RSI reset, RSI in zone, CMF buying, higher lows
   21 HANA        31.2    5  $   0.040593   +4.40%  $    5.8  RSI divergence, RSI reset, RSI in zone, CMF buying, higher lows
   22 HNT         30.9    6  $   0.304200   +1.63%  $    1.4  vol building, vol expansion, stealth accum, RSI reset, RSI in zone, +1
   23 OMG         30.9    6  $   0.383000   -0.78%  $    0.7  TTM squeeze, vol building, vol expansion, RSI reset, RSI in zone, +1
   24 REP         30.8    6  $   4.730000   -0.84%  $    0.5  TTM squeeze, vol building, vol expansion, RSI reset, RSI in zone, +1
   25 AGIX        30.7    7  $   0.614100   -0.37%  $    0.8  TTM squeeze, vol building, vol expansion, stealth accum, RSI in zone, +2
   26 SPX         30.7    6  $   0.397300  +13.87%  $   47.8  stealth accum, RSI divergence, CMF buying, higher lows, decoupling BTC, +1
   27 MANTRA      30.5    6  $   0.008220   +4.39%  $    2.2  vol building, vol expansion, whale candle, stealth accum, RSI in zone, +1
   28 HOOD        30.3    5  $  96.750000   -1.41%  $    1.4  vol expansion, OBV divergence, RSI divergence, RSI reset, RSI in zone
   29 ARM         30.2    6  $ 395.870000   -3.09%  $    2.8  vol building, vol expansion, stealth accum, RSI divergence, RSI in zone, +1
   30 BNX         30.1    5  $   1.781900   +2.81%  $    0.8  whale candle, RSI divergence, RSI in zone, CMF buying, decoupling BTC
   31 ENJ         30.0    7  $   0.033315   +4.93%  $    3.3  vol building, vol expansion, RSI reset, RSI in zone, CMF buying, +2
   32 ORDI        29.9    6  $   3.458000   +1.49%  $    8.8  vol building, vol expansion, stealth accum, RSI reset, RSI in zone, +1
   33 LIT         29.8    6  $   1.791000   +3.89%  $   15.5  vol building, RSI divergence, RSI in zone, CMF buying, higher lows, +1
   34 2Z          29.5    6  $   0.072700   +2.72%  $    0.8  vol building, vol expansion, stealth accum, RSI divergence, RSI in zone, +1
   35 MFT         29.5    6  $   0.005254   -0.85%  $    0.7  vol building, vol expansion, RSI reset, RSI in zone, CMF buying, +1
   36 MON         29.4    6  $   0.023162   +2.61%  $    3.7  vol building, vol expansion, stealth accum, RSI in zone, CMF buying, +1
   37 BAL         29.4    4  $   0.967000   -3.69%  $    0.2  stealth accum, RSI divergence, RSI reset, RSI in zone
   38 PNT         29.2    5  $   0.035000  +45.23%  $    0.3  whale candle, RSI reset, RSI in zone, higher lows, decoupling BTC
   39 TVK         28.9    7  $   0.054050   +0.04%  $    1.0  vol building, vol expansion, stealth accum, RSI reset, higher lows, +2
   40 LOKA        28.7    6  $   0.123700   +3.86%  $    0.9  vol building, vol expansion, RSI reset, CMF buying, higher lows, +1
   41 YFII        28.5    5  $ 435.500000   +2.30%  $    0.8  stealth accum, RSI divergence, RSI reset, RSI in zone, higher lows
   42 SOPH        28.4    5  $   0.005500   -1.61%  $    0.2  TTM squeeze, RSI divergence, RSI reset, RSI in zone, decoupling BTC
   43 HEI         28.1    5  $   0.071460   +0.91%  $    2.4  stealth accum, RSI reset, RSI in zone, higher lows, funding neg
   44 C           28.1    4  $   0.095600   +6.48%  $    1.0  RSI divergence, RSI reset, RSI in zone, higher lows
   45 ROSE        28.0    5  $   0.007176   +4.03%  $    2.1  stealth accum, RSI reset, RSI in zone, CMF buying, higher lows
   46 CLV         27.9    5  $   0.029370  +13.97%  $    0.3  vol building, vol expansion, whale candle, RSI reset, RSI in zone
   47 TORN        27.9    4  $   4.060000   -4.02%  $    0.5  stealth accum, RSI divergence, RSI in zone, higher lows
   48 EDGE        27.8    5  $   0.350800   +1.23%  $    1.9  TTM squeeze, stealth accum, RSI reset, CMF buying, higher lows
   49 FORM        27.7    5  $   0.230200   +0.83%  $    0.7  TTM squeeze, stealth accum, RSI in zone, CMF buying, higher lows
   50 UB          27.5    5  $   0.122520   +5.66%  $    1.4  RSI divergence, RSI reset, CMF buying, higher lows, decoupling BTC

================================================================================
2026-06-16 22:49:17,682 [INFO]   Saved → ignition_v3_LATEST.txt, ignition_v3_LATEST.json, ignition_v3_20260616_224917.txt
