2026-06-17 01:12:35,640 [INFO] ================================================================
2026-06-17 01:12:35,640 [INFO] IGNITION SCANNER v3.0
2026-06-17 01:12:35,640 [INFO] ================================================================
2026-06-17 01:12:35,641 [INFO] Building universe...
2026-06-17 01:12:37,084 [INFO]   Universe (post-filter): 623 coins
2026-06-17 01:12:37,084 [INFO] Fetching BTC reference (1h)...
2026-06-17 01:12:37,457 [INFO] Scanning 623 coins on 1h timeframe...
2026-06-17 01:12:54,813 [INFO]   ...50/623  (surfaced so far: 8)
2026-06-17 01:13:13,798 [INFO]   ...100/623  (surfaced so far: 14)
2026-06-17 01:13:37,735 [INFO]   ...150/623  (surfaced so far: 19)
2026-06-17 01:13:56,770 [INFO]   ...200/623  (surfaced so far: 27)
2026-06-17 01:14:15,300 [INFO]   ...250/623  (surfaced so far: 32)
2026-06-17 01:14:37,042 [INFO]   ...300/623  (surfaced so far: 40)
2026-06-17 01:14:56,222 [INFO]   ...350/623  (surfaced so far: 49)
2026-06-17 01:15:16,484 [INFO]   ...400/623  (surfaced so far: 57)
2026-06-17 01:15:33,101 [INFO]   ...450/623  (surfaced so far: 60)
2026-06-17 01:15:50,567 [INFO]   ...500/623  (surfaced so far: 67)
2026-06-17 01:16:08,755 [INFO]   ...550/623  (surfaced so far: 72)
2026-06-17 01:16:26,552 [INFO]   ...600/623  (surfaced so far: 77)
2026-06-17 01:16:34,437 [INFO] Done in 239s  |  scanned=617  failed=6  skipped=0  watch_now=4  on_radar=50
2026-06-17 01:16:34,438 [INFO] 
================================================================================
  IGNITION SCANNER v3.0  —  early warning watchlist
  Generated : 2026-06-17 01:16:34
  Universe  : 623 bases (Bybit + Binance)  |  Scanned: 617
  Scan time : 239s  |  BTC: $65,675
================================================================================

  Tiers — WATCH NOW: conviction ≥ 40, signals ≥ 5
          ON RADAR : conviction ≥ 25, signals ≥ 3

  This scanner does NOT produce trade plans — it surfaces what's brewing.
  Confirm with trend_scanner (Phase 4) before entry.

--------------------------------------------------------------------------------
  WATCH NOW  —  4 coin(s)
--------------------------------------------------------------------------------

  [ 1] CREAM       conv= 46.7  sigs= 7  price=$2.100000      24h=+65.35%  vol=$   0.3M
       sources: binance   vs BTC 6h: +78.43%
       → vol building, whale candle, OBV divergence, RSI divergence, RSI reset, decoupling BTC, 5d high

  [ 2] BOND        conv= 42.5  sigs= 7  price=$2.152000      24h= +4.42%  vol=$   0.7M
       sources: binance   vs BTC 6h: +20.48%
       → vol building, whale candle, RSI divergence, CMF buying, higher lows, decoupling BTC, 5d high

  [ 3] TOMO        conv= 41.7  sigs= 7  price=$1.381900      24h= +3.22%  vol=$   1.1M
       sources: binance   vs BTC 6h: +11.63%
       → vol building, vol expansion, whale candle, RSI reset, CMF buying, decoupling BTC, 5d high

  [ 4] USTC        conv= 40.5  sigs= 6  price=$0.006250      24h= -0.80%  vol=$   0.5M
       sources: binance   vs BTC 6h: +3.94%
       → whale candle, stealth accum, OBV divergence, RSI divergence, RSI reset, decoupling BTC

--------------------------------------------------------------------------------
  ON RADAR   —  50 coin(s)
--------------------------------------------------------------------------------
  #   Symbol      Conv Sigs         Price     24h%    Vol $M  Signals
  ------------------------------------------------------------------------------
    1 CITY        38.3    6  $   0.400000   +0.00%  $    0.3  TTM squeeze, stealth accum, OBV divergence, RSI divergence, RSI reset, +1
    2 LAYER       37.9    7  $   0.072100   +3.93%  $    2.7  vol building, vol expansion, RSI divergence, RSI reset, CMF buying, +2
    3 CFX         37.8    7  $   0.050100   +5.19%  $    1.2  vol building, vol expansion, whale candle, RSI reset, CMF buying, +2
    4 ETHUP       37.0    7  $  11.651000   -0.72%  $    0.5  TTM squeeze, vol building, vol expansion, stealth accum, RSI in zone, +2
    5 LUNA        36.5    6  $   0.054300   +0.74%  $    0.6  vol building, vol expansion, whale candle, stealth accum, CMF buying, +1
    6 JST         36.1    6  $   0.082590   +3.33%  $    3.5  stealth accum, RSI divergence, RSI reset, CMF buying, higher lows, +1
    7 PORTAL      35.8    7  $   0.015967  +35.15%  $   22.4  vol building, vol expansion, RSI divergence, RSI in zone, CMF buying, +2
    8 ORN         35.8    6  $   1.053000   +1.64%  $    0.5  stealth accum, RSI divergence, RSI reset, RSI in zone, higher lows, +1
    9 AVNT        35.4    6  $   0.114110   +1.85%  $    2.3  TTM squeeze, vol building, stealth accum, RSI divergence, RSI reset, +1
   10 SPELL       35.1    6  $   0.000133   +1.75%  $    1.9  vol expansion, whale candle, OBV divergence, RSI divergence, RSI in zone, +1
   11 BEL         34.9    6  $   0.087000   -1.48%  $    0.2  vol building, vol expansion, whale candle, stealth accum, CMF buying, +1
   12 MDX         34.6    5  $   0.034500  +13.52%  $    0.3  vol building, whale candle, RSI divergence, RSI reset, decoupling BTC
   13 1000FLOKI   34.3    6  $   0.026350   +0.15%  $    2.3  vol building, vol expansion, stealth accum, RSI divergence, RSI reset, +1
   14 SLF         33.2    5  $   0.020800  -12.24%  $    0.3  vol building, vol expansion, OBV divergence, RSI divergence, RSI in zone
   15 Q           32.8    4  $   0.020014  +15.47%  $    2.6  stealth accum, OBV divergence, RSI reset, CMF buying
   16 AERO        32.6    7  $   0.470400   +9.89%  $   30.3  vol building, vol expansion, RSI divergence, RSI reset, RSI in zone, +2
   17 COCOS       32.5    7  $   1.754600   +3.44%  $    1.5  vol building, vol expansion, stealth accum, RSI reset, RSI in zone, +2
   18 PLA         32.4    7  $   0.234700   +5.53%  $    0.8  vol building, vol expansion, stealth accum, RSI reset, CMF buying, +2
   19 SOLAYER     31.9    5  $   0.072200   +3.97%  $    2.2  RSI divergence, RSI reset, CMF buying, higher lows, decoupling BTC
   20 BLESS       31.8    6  $   0.007675  +37.80%  $    3.1  vol building, vol expansion, CMF buying, higher lows, decoupling BTC, +1
   21 NIL         31.3    5  $   0.041530   +0.48%  $    1.7  stealth accum, OBV divergence, RSI divergence, CMF buying, decoupling BTC
   22 SPX         31.2    5  $   0.390200  +14.29%  $   48.6  stealth accum, RSI divergence, RSI reset, RSI in zone, higher lows
   23 OMG         30.9    6  $   0.383000   -0.78%  $    0.7  TTM squeeze, vol building, vol expansion, RSI reset, RSI in zone, +1
   24 AGIX        30.8    7  $   0.614100   -0.37%  $    0.8  TTM squeeze, vol building, vol expansion, stealth accum, RSI in zone, +2
   25 REP         30.8    6  $   4.730000   -0.84%  $    0.5  TTM squeeze, vol building, vol expansion, RSI reset, RSI in zone, +1
   26 YFII        30.7    6  $ 435.500000   +2.30%  $    0.8  stealth accum, RSI divergence, RSI reset, RSI in zone, higher lows, +1
   27 AT          30.6    5  $   0.132600   +2.01%  $    1.0  whale candle, OBV divergence, RSI divergence, RSI reset, decoupling BTC
   28 BNX         30.2    5  $   1.781900   +2.81%  $    0.8  whale candle, RSI divergence, RSI in zone, CMF buying, decoupling BTC
   29 COAI        30.2    4  $   0.346600   +8.20%  $    4.5  stealth accum, RSI divergence, CMF buying, higher lows
   30 FLOKI       30.0    5  $   0.000026   +0.04%  $    1.9  vol building, vol expansion, stealth accum, RSI divergence, RSI reset
   31 CARV        29.8    6  $   0.042490   -5.44%  $    0.6  vol building, vol expansion, stealth accum, RSI reset, CMF buying, +1
   32 MFT         29.5    6  $   0.005254   -0.85%  $    0.7  vol building, vol expansion, RSI reset, RSI in zone, CMF buying, +1
   33 BAL         29.4    4  $   0.967000   -3.69%  $    0.2  stealth accum, RSI divergence, RSI reset, RSI in zone
   34 LAB         29.3    5  $  13.356000  +40.64%  $   53.1  RSI divergence, RSI reset, CMF buying, higher lows, decoupling BTC
   35 PNT         29.3    5  $   0.035000  +45.23%  $    0.3  whale candle, RSI reset, RSI in zone, higher lows, decoupling BTC
   36 TVK         29.0    7  $   0.054050   +0.04%  $    1.0  vol building, vol expansion, stealth accum, RSI reset, higher lows, +2
   37 LOKA        28.8    6  $   0.123700   +3.86%  $    0.9  vol building, vol expansion, RSI reset, CMF buying, higher lows, +1
   38 FIL         28.6    6  $   0.807900   +1.76%  $    8.3  vol building, vol expansion, stealth accum, RSI divergence, CMF buying, +1
   39 MASK        28.5    6  $   0.390000   +3.43%  $    0.4  stealth accum, RSI reset, CMF buying, higher lows, decoupling BTC, +1
   40 2Z          28.5    5  $   0.073160   +2.96%  $    0.8  stealth accum, RSI divergence, RSI reset, decoupling BTC, funding neg
   41 HEI         28.2    5  $   0.071400   -2.29%  $    2.2  TTM squeeze, stealth accum, RSI in zone, higher lows, funding neg
   42 AWE         28.1    5  $   0.055810   +3.70%  $    0.5  stealth accum, RSI reset, CMF buying, higher lows, 5d high
   43 C           28.0    4  $   0.094600   +4.54%  $    1.0  TTM squeeze, RSI divergence, RSI in zone, higher lows
   44 SEI         27.9    6  $   0.054620   +1.27%  $    8.9  vol building, vol expansion, stealth accum, RSI reset, CMF buying, +1
   45 CLV         27.9    5  $   0.029370  +13.97%  $    0.3  vol building, vol expansion, whale candle, RSI reset, RSI in zone
   46 TORN        27.9    4  $   4.060000   -4.02%  $    0.5  stealth accum, RSI divergence, RSI in zone, higher lows
   47 WAL         27.8    5  $   0.034580   -3.27%  $    0.8  OBV divergence, RSI divergence, RSI reset, RSI in zone, CMF buying
   48 UB          27.6    5  $   0.119210   +4.20%  $    1.3  RSI divergence, RSI reset, RSI in zone, CMF buying, higher lows
   49 HEMI        27.5    4  $   0.005478   -7.08%  $    1.2  TTM squeeze, stealth accum, RSI divergence, RSI in zone
   50 CRWV        27.5    4  $ 117.600000   +9.42%  $    1.1  RSI divergence, RSI in zone, CMF buying, higher lows

================================================================================
2026-06-17 01:16:34,465 [INFO]   Saved → ignition_v3_LATEST.txt, ignition_v3_LATEST.json, ignition_v3_20260617_011634.txt
2026-06-17 10:16:49,453 [INFO] ================================================================
2026-06-17 10:16:49,454 [INFO] IGNITION SCANNER v3.0
2026-06-17 10:16:49,455 [INFO] ================================================================
2026-06-17 10:16:49,456 [INFO] Building universe...
2026-06-17 10:16:51,387 [INFO]   Universe (post-filter): 618 coins
2026-06-17 10:16:51,390 [INFO] Fetching BTC reference (1h)...
2026-06-17 10:16:51,715 [INFO] Scanning 618 coins on 1h timeframe...
2026-06-17 10:17:10,397 [INFO]   ...50/618  (surfaced so far: 6)
2026-06-17 10:17:29,862 [INFO]   ...100/618  (surfaced so far: 13)
2026-06-17 10:17:49,484 [INFO]   ...150/618  (surfaced so far: 22)
2026-06-17 10:18:07,809 [INFO]   ...200/618  (surfaced so far: 27)
2026-06-17 10:18:23,934 [INFO]   ...250/618  (surfaced so far: 32)
2026-06-17 10:18:45,418 [INFO]   ...300/618  (surfaced so far: 39)
2026-06-17 10:19:00,739 [INFO]   ...350/618  (surfaced so far: 44)
2026-06-17 10:19:16,252 [INFO]   ...400/618  (surfaced so far: 54)
2026-06-17 10:19:32,251 [INFO]   ...450/618  (surfaced so far: 58)
2026-06-17 10:19:50,424 [INFO]   ...500/618  (surfaced so far: 66)
2026-06-17 10:20:10,140 [INFO]   ...550/618  (surfaced so far: 69)
2026-06-17 10:20:27,035 [INFO]   ...600/618  (surfaced so far: 74)
2026-06-17 10:20:33,282 [INFO] Done in 224s  |  scanned=614  failed=4  skipped=0  watch_now=10  on_radar=50
2026-06-17 10:20:33,283 [INFO] 
================================================================================
  IGNITION SCANNER v3.0  —  early warning watchlist
  Generated : 2026-06-17 10:20:33
  Universe  : 618 bases (Bybit + Binance)  |  Scanned: 614
  Scan time : 224s  |  BTC: $64,926
================================================================================

  Tiers — WATCH NOW: conviction ≥ 40, signals ≥ 5
          ON RADAR : conviction ≥ 25, signals ≥ 3

  This scanner does NOT produce trade plans — it surfaces what's brewing.
  Confirm with trend_scanner (Phase 4) before entry.

--------------------------------------------------------------------------------
  WATCH NOW  —  10 coin(s)
--------------------------------------------------------------------------------

  [ 1] ID          conv= 49.9  sigs= 8  price=$0.033820      24h=+19.39%  vol=$  16.1M
       sources: bybit, binance   fund: -2.0000%/8h  |  vs BTC 6h: +10.90%
       → vol expansion, whale candle, RSI reset, CMF buying, higher lows, decoupling BTC, funding neg, 5d high

  [ 2] NEXO        conv= 47.3  sigs= 8  price=$0.845000      24h= +1.58%  vol=$   0.6M
       sources: binance   vs BTC 6h: +4.28%
       → vol building, vol expansion, whale candle, RSI divergence, RSI reset, CMF buying, decoupling BTC, 5d high

  [ 3] CREAM       conv= 46.7  sigs= 7  price=$2.100000      24h=+65.35%  vol=$   0.3M
       sources: binance   vs BTC 6h: +79.45%
       → vol building, whale candle, OBV divergence, RSI divergence, RSI reset, decoupling BTC, 5d high

  [ 4] 1000TAG     conv= 44.2  sigs= 7  price=$1.212100      24h=+22.92%  vol=$   0.7M
       sources: bybit   fund: +0.0104%/8h  |  vs BTC 6h: +20.29%
       → vol expansion, whale candle, OBV divergence, RSI reset, CMF buying, decoupling BTC, 5d high

  [ 5] BR          conv= 43.2  sigs= 8  price=$0.194490      24h=+13.40%  vol=$  18.2M
       sources: bybit   fund: +0.0050%/8h  |  vs BTC 6h: +4.73%
       → vol building, vol expansion, stealth accum, RSI divergence, RSI in zone, CMF buying, higher lows, decoupling BTC

  [ 6] BOND        conv= 42.5  sigs= 7  price=$2.152000      24h= +4.42%  vol=$   0.7M
       sources: binance   vs BTC 6h: +21.51%
       → vol building, whale candle, RSI divergence, CMF buying, higher lows, decoupling BTC, 5d high

  [ 7] XUSD        conv= 42.1  sigs= 7  price=$1.001700      24h= +0.06%  vol=$   4.7M
       sources: binance   vs BTC 6h: +1.56%
       → vol expansion, whale candle, stealth accum, RSI reset, CMF buying, decoupling BTC, 5d high

  [ 8] TOMO        conv= 41.8  sigs= 7  price=$1.381900      24h= +3.22%  vol=$   1.1M
       sources: binance   vs BTC 6h: +12.65%
       → vol building, vol expansion, whale candle, RSI reset, CMF buying, decoupling BTC, 5d high

  [ 9] ZBT         conv= 41.5  sigs= 7  price=$0.128140      24h=+11.15%  vol=$   4.4M
       sources: bybit, binance   fund: +0.0050%/8h  |  vs BTC 6h: -0.72%
       → vol building, vol expansion, stealth accum, RSI divergence, RSI reset, RSI in zone, higher lows

  [10] ELSA        conv= 40.9  sigs= 8  price=$0.050850      24h= +4.55%  vol=$   2.5M
       sources: bybit   fund: -0.3375%/8h  |  vs BTC 6h: +0.26%
       → vol building, vol expansion, RSI divergence, RSI reset, RSI in zone, CMF buying, higher lows, funding neg

--------------------------------------------------------------------------------
  ON RADAR   —  50 coin(s)
--------------------------------------------------------------------------------
  #   Symbol      Conv Sigs         Price     24h%    Vol $M  Signals
  ------------------------------------------------------------------------------
    1 MAGMA       39.2    7  $   0.461000  +22.41%  $    2.8  vol building, vol expansion, whale candle, RSI reset, CMF buying, +2
    2 D           38.9    7  $   0.005170  +48.18%  $    0.8  TTM squeeze, vol building, stealth accum, OBV divergence, RSI reset, +2
    3 MITO        37.3    6  $   0.021120   +4.03%  $    2.1  stealth accum, RSI divergence, RSI reset, RSI in zone, CMF buying, +1
    4 ETHUP       37.0    7  $  11.651000   -0.72%  $    0.5  TTM squeeze, vol building, vol expansion, stealth accum, RSI in zone, +2
    5 ORN         35.9    6  $   1.053000   +1.64%  $    0.5  stealth accum, RSI divergence, RSI reset, RSI in zone, higher lows, +1
    6 CRWV        35.9    5  $ 117.560000  +10.18%  $    1.3  stealth accum, RSI divergence, RSI in zone, CMF buying, higher lows
    7 MDX         34.7    5  $   0.034500  +13.52%  $    0.3  vol building, whale candle, RSI divergence, RSI reset, decoupling BTC
    8 BTW         34.4    7  $   0.065700   -3.28%  $    9.5  vol building, vol expansion, whale candle, RSI reset, RSI in zone, +2
    9 SPCXB       33.8    6  $ 208.200000   -2.32%  $   53.8  stealth accum, RSI divergence, RSI reset, CMF buying, higher lows, +1
   10 USTC        33.7    5  $   0.006260   +1.95%  $    0.7  vol building, stealth accum, OBV divergence, RSI divergence, RSI in zone
   11 SPK         33.6    8  $   0.020794   +3.28%  $    3.5  vol building, vol expansion, stealth accum, RSI reset, RSI in zone, +3
   12 SLF         33.2    5  $   0.020800  -12.24%  $    0.3  vol building, vol expansion, OBV divergence, RSI divergence, RSI in zone
   13 COCOS       32.5    7  $   1.754600   +3.44%  $    1.5  vol building, vol expansion, stealth accum, RSI reset, RSI in zone, +2
   14 PLA         32.5    7  $   0.234700   +5.53%  $    0.8  vol building, vol expansion, stealth accum, RSI reset, CMF buying, +2
   15 NBIS        32.5    6  $ 269.730000   +3.57%  $    2.2  stealth accum, RSI divergence, CMF buying, higher lows, decoupling BTC, +1
   16 LQTY        32.5    5  $   0.218000   +5.74%  $    0.6  vol expansion, OBV divergence, RSI divergence, RSI in zone, CMF buying
   17 BAL         31.8    5  $   0.967000   -3.69%  $    0.2  stealth accum, RSI divergence, RSI reset, RSI in zone, decoupling BTC
   18 EDEN        31.6    5  $   0.044130   -3.31%  $    3.3  vol building, stealth accum, OBV divergence, RSI divergence, RSI in zone
   19 STG         31.4    5  $   0.254770  +12.34%  $   24.0  TTM squeeze, RSI divergence, RSI reset, RSI in zone, decoupling BTC
   20 BSB         31.3    5  $   0.529000   +5.25%  $  112.5  stealth accum, OBV divergence, RSI reset, CMF buying, decoupling BTC
   21 BILL        31.0    6  $   0.068860   +2.65%  $    3.7  RSI divergence, RSI reset, RSI in zone, CMF buying, higher lows, +1
   22 AGIX        30.9    7  $   0.614100   -0.37%  $    0.8  TTM squeeze, vol building, vol expansion, stealth accum, RSI in zone, +2
   23 YFII        30.9    6  $ 435.500000   +2.30%  $    0.8  stealth accum, RSI divergence, RSI reset, RSI in zone, higher lows, +1
   24 OMG         30.9    6  $   0.383000   -0.78%  $    0.7  TTM squeeze, vol building, vol expansion, RSI reset, RSI in zone, +1
   25 REP         30.8    6  $   4.730000   -0.84%  $    0.5  TTM squeeze, vol building, vol expansion, RSI reset, RSI in zone, +1
   26 ARC         30.6    6  $   0.078850   +2.85%  $    1.0  vol building, vol expansion, whale candle, CMF buying, higher lows, +1
   27 BNX         30.3    5  $   1.781900   +2.81%  $    0.8  whale candle, RSI divergence, RSI in zone, CMF buying, decoupling BTC
   28 C           30.3    5  $   0.095300   +0.00%  $    0.4  TTM squeeze, stealth accum, RSI divergence, RSI in zone, higher lows
   29 ESPORTS     30.1    6  $   0.087560  +40.04%  $   25.1  vol building, vol expansion, RSI in zone, CMF buying, higher lows, +1
   30 OPN         29.8    6  $   0.078000   +5.31%  $    6.9  vol building, vol expansion, stealth accum, RSI in zone, higher lows, +1
   31 MERL        29.7    4  $   0.021630   -1.73%  $    0.5  TTM squeeze, stealth accum, OBV divergence, RSI divergence
   32 MFT         29.5    6  $   0.005254   -0.85%  $    0.7  vol building, vol expansion, RSI reset, RSI in zone, CMF buying, +1
   33 PNT         29.5    5  $   0.035000  +45.23%  $    0.3  whale candle, RSI reset, RSI in zone, higher lows, decoupling BTC
   34 TON         29.4    4  $   1.638000   -3.99%  $   12.8  TTM squeeze, stealth accum, OBV divergence, RSI in zone
   35 TVK         29.2    7  $   0.054050   +0.04%  $    1.0  vol building, vol expansion, stealth accum, RSI reset, higher lows, +2
   36 GUN         29.0    5  $   0.005950   -2.13%  $    0.5  TTM squeeze, stealth accum, RSI in zone, CMF buying, higher lows
   37 AT          28.9    6  $   0.134850   +4.94%  $    1.0  stealth accum, RSI reset, RSI in zone, CMF buying, higher lows, +1
   38 LOKA        28.9    6  $   0.123700   +3.86%  $    0.9  vol building, vol expansion, RSI reset, CMF buying, higher lows, +1
   39 TAC         28.9    6  $   0.019301  +24.08%  $    0.6  vol building, vol expansion, CMF buying, higher lows, decoupling BTC, +1
   40 HIGH        28.1    5  $   0.041060  +20.30%  $    1.7  stealth accum, OBV divergence, RSI reset, RSI in zone, funding neg
   41 USD1        28.0    5  $   1.000000   +0.03%  $  250.2  TTM squeeze, vol expansion, RSI reset, RSI in zone, 5d high
   42 JST         28.0    5  $   0.081930   +2.44%  $    3.7  TTM squeeze, RSI reset, RSI in zone, CMF buying, higher lows
   43 BIO         27.9    5  $   0.033890   +9.36%  $    8.4  vol expansion, whale candle, CMF buying, higher lows, decoupling BTC
   44 CLV         27.9    5  $   0.029370  +13.97%  $    0.3  vol building, vol expansion, whale candle, RSI reset, RSI in zone
   45 TORN        27.9    4  $   4.060000   -4.02%  $    0.5  stealth accum, RSI divergence, RSI in zone, higher lows
   46 FIDA        27.7    5  $   0.024022   -3.67%  $    1.9  stealth accum, OBV divergence, RSI reset, decoupling BTC, funding neg
   47 SQD         27.6    6  $   0.054380  +31.22%  $    9.2  vol building, vol expansion, RSI in zone, CMF buying, higher lows, +1
   48 KLAY        27.5    5  $   0.125500   +0.96%  $    0.9  stealth accum, RSI divergence, higher lows, decoupling BTC, 5d high
   49 ATM         27.5    4  $   1.347000  +12.69%  $    4.1  vol expansion, whale candle, RSI divergence, decoupling BTC
   50 BZ          27.4    6  $  78.900000   -2.27%  $    1.3  vol building, vol expansion, stealth accum, RSI reset, RSI in zone, +1

================================================================================
2026-06-17 10:20:33,310 [INFO]   Saved → ignition_v3_LATEST.txt, ignition_v3_LATEST.json, ignition_v3_20260617_102033.txt
2026-06-17 19:21:41,279 [INFO] ================================================================
2026-06-17 19:21:41,282 [INFO] IGNITION SCANNER v3.0
2026-06-17 19:21:41,282 [INFO] ================================================================
2026-06-17 19:21:41,282 [INFO] Building universe...
2026-06-17 19:21:42,695 [INFO]   Universe (post-filter): 621 coins
2026-06-17 19:21:42,697 [INFO] Fetching BTC reference (1h)...
2026-06-17 19:21:43,031 [INFO] Scanning 621 coins on 1h timeframe...
2026-06-17 19:22:02,012 [INFO]   ...50/621  (surfaced so far: 14)
2026-06-17 19:22:20,481 [INFO]   ...100/621  (surfaced so far: 31)
2026-06-17 19:22:39,342 [INFO]   ...150/621  (surfaced so far: 42)
2026-06-17 19:22:58,409 [INFO]   ...200/621  (surfaced so far: 53)
2026-06-17 19:23:16,833 [INFO]   ...250/621  (surfaced so far: 66)
2026-06-17 19:23:38,884 [INFO]   ...300/621  (surfaced so far: 76)
2026-06-17 19:23:55,382 [INFO]   ...350/621  (surfaced so far: 87)
2026-06-17 19:24:12,659 [INFO]   ...400/621  (surfaced so far: 98)
2026-06-17 19:24:31,393 [INFO]   ...450/621  (surfaced so far: 106)
2026-06-17 19:24:48,795 [INFO]   ...500/621  (surfaced so far: 117)
2026-06-17 19:28:19,620 [INFO]   ...550/621  (surfaced so far: 124)
2026-06-17 19:28:37,436 [INFO]   ...600/621  (surfaced so far: 133)
2026-06-17 19:28:46,816 [INFO] Done in 426s  |  scanned=618  failed=3  skipped=0  watch_now=12  on_radar=50
2026-06-17 19:28:46,818 [INFO] 
================================================================================
  IGNITION SCANNER v3.0  —  early warning watchlist
  Generated : 2026-06-17 19:28:46
  Universe  : 621 bases (Bybit + Binance)  |  Scanned: 618
  Scan time : 426s  |  BTC: $66,104
================================================================================

  Tiers — WATCH NOW: conviction ≥ 40, signals ≥ 5
          ON RADAR : conviction ≥ 25, signals ≥ 3

  This scanner does NOT produce trade plans — it surfaces what's brewing.
  Confirm with trend_scanner (Phase 4) before entry.

--------------------------------------------------------------------------------
  WATCH NOW  —  12 coin(s)
--------------------------------------------------------------------------------

  [ 1] SYN         conv= 56.6  sigs= 9  price=$0.064900      24h=+43.41%  vol=$   2.2M
       sources: binance   vs BTC 6h: +18.41%
       → vol building, vol expansion, whale candle, RSI divergence, RSI reset, CMF buying, higher lows, decoupling BTC, 5d high

  [ 2] NBIS        conv= 52.2  sigs= 9  price=$290.830000    24h= +7.39%  vol=$   2.6M
       sources: bybit   fund: +0.0635%/8h  |  vs BTC 6h: +7.54%
       → vol building, vol expansion, whale candle, RSI divergence, RSI reset, CMF buying, higher lows, decoupling BTC, 5d high

  [ 3] XPL         conv= 47.9  sigs= 8  price=$0.119170      24h=+27.88%  vol=$ 101.6M
       sources: bybit, binance   fund: +0.0050%/8h  |  vs BTC 6h: +23.39%
       → vol expansion, whale candle, RSI divergence, RSI reset, CMF buying, higher lows, decoupling BTC, 5d high

  [ 4] CREAM       conv= 46.7  sigs= 7  price=$2.100000      24h=+65.35%  vol=$   0.3M
       sources: binance   vs BTC 6h: +75.97%
       → vol building, whale candle, OBV divergence, RSI divergence, RSI reset, decoupling BTC, 5d high

  [ 5] MITO        conv= 45.6  sigs= 7  price=$0.029420      24h=+37.10%  vol=$   8.0M
       sources: bybit, binance   fund: +0.0050%/8h  |  vs BTC 6h: +34.71%
       → vol expansion, whale candle, OBV divergence, RSI reset, CMF buying, decoupling BTC, 5d high

  [ 6] BOND        conv= 42.5  sigs= 7  price=$2.152000      24h= +4.42%  vol=$   0.7M
       sources: binance   vs BTC 6h: +18.03%
       → vol building, whale candle, RSI divergence, CMF buying, higher lows, decoupling BTC, 5d high

  [ 7] COIN        conv= 42.1  sigs= 8  price=$173.600000    24h= -0.05%  vol=$   0.6M
       sources: bybit   fund: +0.0000%/8h  |  vs BTC 6h: +1.73%
       → vol building, vol expansion, whale candle, stealth accum, RSI reset, CMF buying, decoupling BTC, 5d high

  [ 8] ETHFI       conv= 41.8  sigs= 7  price=$0.378000      24h= +8.04%  vol=$   9.7M
       sources: bybit, binance   fund: +0.0050%/8h  |  vs BTC 6h: +10.54%
       → vol expansion, whale candle, OBV divergence, RSI reset, CMF buying, decoupling BTC, 5d high

  [ 9] AMAT        conv= 41.5  sigs= 8  price=$612.330000    24h= +4.21%  vol=$   1.1M
       sources: bybit   fund: -0.0221%/8h  |  vs BTC 6h: +2.84%
       → vol building, vol expansion, whale candle, RSI reset, CMF buying, higher lows, decoupling BTC, funding neg

  [10] TOMO        conv= 41.3  sigs= 7  price=$1.381900      24h= +3.22%  vol=$   1.1M
       sources: binance   vs BTC 6h: +9.17%
       → vol building, vol expansion, whale candle, RSI reset, CMF buying, decoupling BTC, 5d high

  [11] XAN         conv= 40.6  sigs= 7  price=$0.010798      24h=+10.33%  vol=$   0.8M
       sources: bybit   fund: +0.0050%/8h  |  vs BTC 6h: +12.10%
       → vol building, vol expansion, whale candle, RSI reset, CMF buying, decoupling BTC, 5d high

  [12] XAI         conv= 40.2  sigs= 7  price=$0.008205      24h= +0.05%  vol=$   0.6M
       sources: bybit, binance   fund: +0.0050%/8h  |  vs BTC 6h: -0.02%
       → vol building, vol expansion, whale candle, stealth accum, OBV divergence, RSI reset, CMF buying

--------------------------------------------------------------------------------
  ON RADAR   —  50 coin(s)
--------------------------------------------------------------------------------
  #   Symbol      Conv Sigs         Price     24h%    Vol $M  Signals
  ------------------------------------------------------------------------------
    1 SKHYNIX     39.7    8  $1,704.680000   +8.25%  $    3.2  vol building, vol expansion, stealth accum, RSI reset, CMF buying, +3
    2 BRETT       39.7    7  $   0.007219   +9.57%  $    2.5  vol expansion, whale candle, RSI reset, CMF buying, higher lows, +2
    3 XCN         39.0    7  $   0.004185   +5.35%  $    0.8  stealth accum, RSI divergence, RSI reset, CMF buying, higher lows, +2
    4 BROCCOLI714  38.7    7  $   0.013190   -1.59%  $    0.6  TTM squeeze, vol building, vol expansion, stealth accum, OBV divergence, +2
    5 ARM         38.4    8  $ 427.150000   +5.37%  $    2.5  vol building, vol expansion, whale candle, RSI reset, CMF buying, +3
    6 EWY         37.5    7  $ 212.680000   +1.83%  $    2.7  vol building, vol expansion, stealth accum, RSI divergence, RSI reset, +2
    7 ETHUP       37.0    7  $  11.651000   -0.72%  $    0.5  TTM squeeze, vol building, vol expansion, stealth accum, RSI in zone, +2
    8 ROBO        36.3    7  $   0.020990   +7.23%  $    2.4  vol building, vol expansion, RSI divergence, RSI reset, CMF buying, +2
    9 SUN         35.9    7  $   0.017230   +1.60%  $    0.7  vol building, vol expansion, stealth accum, RSI reset, CMF buying, +2
   10 HOOD        35.8    6  $ 108.960000  +12.40%  $    4.5  vol expansion, whale candle, RSI reset, CMF buying, decoupling BTC, +1
   11 ASTER       35.4    6  $   0.733400  +11.03%  $   91.0  vol expansion, whale candle, RSI divergence, CMF buying, higher lows, +1
   12 T           35.4    6  $   0.003880   +0.00%  $    0.2  vol building, vol expansion, whale candle, stealth accum, RSI reset, +1
   13 ALGO        35.2    7  $   0.099290   +3.95%  $    7.6  vol building, vol expansion, stealth accum, RSI divergence, RSI reset, +2
   14 CYBER       35.1    6  $   0.371000   +1.67%  $    0.4  vol building, vol expansion, stealth accum, RSI divergence, RSI reset, +1
   15 ASTR        34.8    6  $   0.005937   -0.09%  $    0.4  vol building, whale candle, stealth accum, OBV divergence, RSI reset, +1
   16 FIL         34.6    7  $   0.820300   +1.66%  $   11.6  TTM squeeze, vol building, vol expansion, OBV divergence, RSI reset, +2
   17 MINA        34.2    6  $   0.044900   +2.55%  $    0.4  vol building, vol expansion, whale candle, RSI divergence, CMF buying, +1
   18 MDX         34.2    5  $   0.034500  +13.52%  $    0.3  vol building, whale candle, RSI divergence, RSI reset, decoupling BTC
   19 ALICE       33.8    6  $   0.107300   -0.93%  $    0.2  vol building, vol expansion, whale candle, stealth accum, OBV divergence, +1
   20 PENDLE      33.8    5  $   1.506000   +6.13%  $   11.8  RSI divergence, RSI reset, RSI in zone, CMF buying, higher lows
   21 ORN         33.5    5  $   1.053000   +1.64%  $    0.5  stealth accum, RSI divergence, RSI reset, RSI in zone, higher lows
   22 ATH         33.4    6  $   0.005020   +0.92%  $    0.7  TTM squeeze, vol building, vol expansion, RSI divergence, RSI reset, +1
   23 CFX         33.3    7  $   0.052970   +9.57%  $    2.9  vol building, vol expansion, whale candle, CMF buying, higher lows, +2
   24 SLF         33.2    5  $   0.020800  -12.24%  $    0.3  vol building, vol expansion, OBV divergence, RSI divergence, RSI in zone
   25 CLANKER     33.1    4  $  16.425000   +1.38%  $    0.9  whale candle, stealth accum, OBV divergence, RSI reset
   26 QNTX        32.7    6  $  63.120000   +7.35%  $    1.9  vol building, vol expansion, whale candle, CMF buying, higher lows, +1
   27 COCOS       32.5    7  $   1.754600   +3.44%  $    1.5  vol building, vol expansion, stealth accum, RSI reset, RSI in zone, +2
   28 POWER       32.5    6  $   0.075320   -4.40%  $    0.6  TTM squeeze, vol building, vol expansion, stealth accum, RSI reset, +1
   29 FLOKI       32.3    5  $   0.000027   +0.38%  $    2.2  vol building, whale candle, RSI divergence, RSI reset, CMF buying
   30 PLA         32.0    7  $   0.234700   +5.53%  $    0.8  vol building, vol expansion, stealth accum, RSI reset, CMF buying, +2
   31 TWT         31.8    6  $   0.409000   -1.85%  $    0.2  TTM squeeze, vol building, vol expansion, stealth accum, RSI in zone, +1
   32 AR          31.5    6  $   2.052100   -0.28%  $    1.8  vol building, vol expansion, RSI divergence, RSI in zone, CMF buying, +1
   33 1000000MOG  31.3    7  $   0.124620   +2.92%  $    0.7  vol building, vol expansion, stealth accum, RSI reset, CMF buying, +2
   34 PUNDIX      31.3    5  $   0.103200   -0.88%  $    0.3  TTM squeeze, vol expansion, whale candle, RSI reset, CMF buying
   35 XAG         31.2    6  $  71.400000   -1.29%  $   29.6  vol building, vol expansion, stealth accum, RSI reset, CMF buying, +1
   36 1000FLOKI   31.2    5  $   0.026590   +0.38%  $    2.6  vol building, whale candle, RSI divergence, RSI reset, CMF buying
   37 MRVL        31.1    6  $ 297.570000   +2.04%  $    9.3  vol building, stealth accum, RSI divergence, RSI reset, higher lows, +1
   38 PUMPFUN     31.0    6  $   0.001535   -1.68%  $   11.4  vol building, vol expansion, whale candle, stealth accum, RSI reset, +1
   39 OMG         30.9    6  $   0.383000   -0.78%  $    0.7  TTM squeeze, vol building, vol expansion, RSI reset, RSI in zone, +1
   40 REP         30.8    6  $   4.730000   -0.84%  $    0.5  TTM squeeze, vol building, vol expansion, RSI reset, RSI in zone, +1
   41 FIDA        30.7    6  $   0.024037   -1.24%  $    2.2  vol building, stealth accum, OBV divergence, RSI in zone, CMF buying, +1
   42 WLFI        30.5    6  $   0.061940   +2.11%  $    6.6  vol building, vol expansion, stealth accum, RSI reset, CMF buying, +1
   43 FLOW        30.5    5  $   0.031360   +4.21%  $    0.8  vol expansion, whale candle, RSI reset, CMF buying, decoupling BTC
   44 SPY         30.3    5  $ 751.010000   -0.70%  $    0.5  vol expansion, stealth accum, RSI reset, RSI in zone, CMF buying
   45 ID          30.2    5  $   0.032290  +19.04%  $   22.7  RSI divergence, RSI in zone, CMF buying, higher lows, funding neg
   46 BEL         30.0    6  $   0.096100  +13.19%  $    1.4  vol building, vol expansion, whale candle, higher lows, decoupling BTC, +1
   47 DOLO        29.8    6  $   0.024980   +0.12%  $    0.2  vol building, vol expansion, stealth accum, OBV divergence, RSI reset, +1
   48 BNX         29.8    5  $   1.781900   +2.81%  $    0.8  whale candle, RSI divergence, RSI in zone, CMF buying, decoupling BTC
   49 INTC        29.6    5  $ 122.640000   +1.82%  $    9.9  vol expansion, stealth accum, OBV divergence, RSI reset, RSI in zone
   50 TRX         29.5    6  $   0.321330   +0.96%  $   31.9  vol building, stealth accum, RSI reset, CMF buying, funding neg, +1

================================================================================
2026-06-17 19:28:46,853 [INFO]   Saved → ignition_v3_LATEST.txt, ignition_v3_LATEST.json, ignition_v3_20260617_192846.txt
2026-06-17 21:03:20,971 [INFO] ================================================================
2026-06-17 21:03:20,974 [INFO] IGNITION SCANNER v3.0
2026-06-17 21:03:20,975 [INFO] ================================================================
2026-06-17 21:03:20,975 [INFO] Building universe...
2026-06-17 21:03:22,584 [INFO]   Universe (post-filter): 632 coins
2026-06-17 21:03:22,586 [INFO] Fetching BTC reference (1h)...
2026-06-17 21:03:23,274 [INFO] Scanning 632 coins on 1h timeframe...
2026-06-17 21:03:43,869 [INFO]   ...50/632  (surfaced so far: 8)
2026-06-17 21:04:05,905 [INFO]   ...100/632  (surfaced so far: 15)
2026-06-17 21:04:28,919 [INFO]   ...150/632  (surfaced so far: 19)
2026-06-17 21:04:50,006 [INFO]   ...200/632  (surfaced so far: 26)
2026-06-17 21:05:11,310 [INFO]   ...250/632  (surfaced so far: 30)
2026-06-17 21:05:32,628 [INFO]   ...300/632  (surfaced so far: 37)
2026-06-17 21:05:54,306 [INFO]   ...350/632  (surfaced so far: 42)
2026-06-17 21:06:18,586 [INFO]   ...400/632  (surfaced so far: 52)
2026-06-17 21:06:41,419 [INFO]   ...450/632  (surfaced so far: 55)
2026-06-17 21:07:03,206 [INFO]   ...500/632  (surfaced so far: 61)
2026-06-17 21:07:26,378 [INFO]   ...550/632  (surfaced so far: 64)
2026-06-17 21:07:50,144 [INFO]   ...600/632  (surfaced so far: 70)
2026-06-17 21:08:04,764 [INFO] Done in 284s  |  scanned=628  failed=4  skipped=0  watch_now=3  on_radar=50
2026-06-17 21:08:04,767 [INFO] 
================================================================================
  IGNITION SCANNER v3.0  —  early warning watchlist
  Generated : 2026-06-17 21:08:04
  Universe  : 632 bases (Bybit + Binance)  |  Scanned: 628
  Scan time : 284s  |  BTC: $64,302
================================================================================

  Tiers — WATCH NOW: conviction ≥ 40, signals ≥ 5
          ON RADAR : conviction ≥ 25, signals ≥ 3

  This scanner does NOT produce trade plans — it surfaces what's brewing.
  Confirm with trend_scanner (Phase 4) before entry.

--------------------------------------------------------------------------------
  WATCH NOW  —  3 coin(s)
--------------------------------------------------------------------------------

  [ 1] CREAM       conv= 46.7  sigs= 7  price=$2.100000      24h=+65.35%  vol=$   0.3M
       sources: binance   vs BTC 6h: +79.46%
       → vol building, whale candle, OBV divergence, RSI divergence, RSI reset, decoupling BTC, 5d high

  [ 2] BOND        conv= 42.5  sigs= 7  price=$2.152000      24h= +4.42%  vol=$   0.7M
       sources: binance   vs BTC 6h: +21.52%
       → vol building, whale candle, RSI divergence, CMF buying, higher lows, decoupling BTC, 5d high

  [ 3] TOMO        conv= 41.8  sigs= 7  price=$1.381900      24h= +3.22%  vol=$   1.1M
       sources: binance   vs BTC 6h: +12.66%
       → vol building, vol expansion, whale candle, RSI reset, CMF buying, decoupling BTC, 5d high

--------------------------------------------------------------------------------
  ON RADAR   —  50 coin(s)
--------------------------------------------------------------------------------
  #   Symbol      Conv Sigs         Price     24h%    Vol $M  Signals
  ------------------------------------------------------------------------------
    1 NBIS        39.2    7  $ 280.730000   +6.61%  $    2.8  vol building, vol expansion, whale candle, RSI divergence, CMF buying, +2
    2 ROBO        37.4    7  $   0.020750   +7.97%  $    2.5  vol building, vol expansion, RSI divergence, RSI reset, CMF buying, +2
    3 QNTX        37.1    7  $  62.860000  +13.01%  $    1.9  vol building, vol expansion, whale candle, RSI reset, CMF buying, +2
    4 ETHUP       37.0    7  $  11.651000   -0.72%  $    0.5  TTM squeeze, vol building, vol expansion, stealth accum, RSI in zone, +2
    5 MINA        36.9    7  $   0.043600   +1.63%  $    0.5  vol building, vol expansion, whale candle, RSI divergence, RSI in zone, +2
    6 ALGO        35.9    7  $   0.096450   +2.78%  $    8.5  vol building, vol expansion, stealth accum, RSI divergence, RSI in zone, +2
    7 ORN         35.9    6  $   1.053000   +1.64%  $    0.5  stealth accum, RSI divergence, RSI reset, RSI in zone, higher lows, +1
    8 AMAT        35.4    7  $ 593.480000   +4.27%  $    1.2  vol building, vol expansion, stealth accum, RSI in zone, CMF buying, +2
    9 MDX         34.8    5  $   0.034500  +13.52%  $    0.3  vol building, whale candle, RSI divergence, RSI reset, decoupling BTC
   10 ASTR        33.5    6  $   0.005789   +0.21%  $    0.4  vol building, vol expansion, stealth accum, OBV divergence, RSI in zone, +1
   11 SLF         33.2    5  $   0.020800  -12.24%  $    0.3  vol building, vol expansion, OBV divergence, RSI divergence, RSI in zone
   12 ESPORTS     33.0    7  $   0.097180  +41.52%  $   60.0  vol building, vol expansion, RSI reset, RSI in zone, CMF buying, +2
   13 MRVL        32.9    7  $ 289.960000   +3.63%  $    9.6  vol building, vol expansion, stealth accum, RSI divergence, RSI in zone, +2
   14 COCOS       32.5    7  $   1.754600   +3.44%  $    1.5  vol building, vol expansion, stealth accum, RSI reset, RSI in zone, +2
   15 PLA         32.5    7  $   0.234700   +5.53%  $    0.8  vol building, vol expansion, stealth accum, RSI reset, CMF buying, +2
   16 PLAYSOUT    32.4    6  $   0.037280   +6.22%  $    3.5  vol building, vol expansion, RSI divergence, RSI reset, RSI in zone, +1
   17 XPL         32.2    6  $   0.118650  +29.27%  $  118.1  vol building, vol expansion, RSI divergence, CMF buying, higher lows, +1
   18 WDC         32.1    7  $ 712.810000   +5.03%  $    0.7  vol building, vol expansion, stealth accum, RSI divergence, CMF buying, +2
   19 MITO        32.1    5  $   0.029070  +35.57%  $    9.6  vol expansion, whale candle, OBV divergence, CMF buying, decoupling BTC
   20 SPX         31.8    5  $   0.444800  +12.72%  $   50.9  stealth accum, RSI divergence, RSI in zone, higher lows, decoupling BTC
   21 BAL         31.8    5  $   0.967000   -3.69%  $    0.2  stealth accum, RSI divergence, RSI reset, RSI in zone, decoupling BTC
   22 BROCCOLI714  31.2    6  $   0.012790   -1.53%  $    0.7  vol building, vol expansion, stealth accum, OBV divergence, RSI in zone, +1
   23 AGIX        30.9    7  $   0.614100   -0.37%  $    0.8  TTM squeeze, vol building, vol expansion, stealth accum, RSI in zone, +2
   24 SKHYNIX     30.9    6  $1,670.440000  +10.04%  $    3.9  vol building, vol expansion, stealth accum, RSI in zone, higher lows, +1
   25 YFII        30.9    6  $ 435.500000   +2.30%  $    0.8  stealth accum, RSI divergence, RSI reset, RSI in zone, higher lows, +1
   26 OMG         30.9    6  $   0.383000   -0.78%  $    0.7  TTM squeeze, vol building, vol expansion, RSI reset, RSI in zone, +1
   27 REP         30.8    6  $   4.730000   -0.84%  $    0.5  TTM squeeze, vol building, vol expansion, RSI reset, RSI in zone, +1
   28 BNX         30.3    5  $   1.781900   +2.81%  $    0.8  whale candle, RSI divergence, RSI in zone, CMF buying, decoupling BTC
   29 FIGHT       30.2    4  $   0.004062   +1.26%  $    0.6  TTM squeeze, stealth accum, OBV divergence, RSI in zone
   30 BASED       29.9    5  $   0.077480   +1.67%  $    2.6  TTM squeeze, OBV divergence, RSI divergence, RSI in zone, CMF buying
   31 TRX         29.6    6  $   0.319820   +1.24%  $   34.5  vol building, vol expansion, stealth accum, RSI in zone, CMF buying, +1
   32 ID          29.6    5  $   0.031700  +19.29%  $   23.2  RSI divergence, RSI in zone, CMF buying, higher lows, funding neg
   33 MFT         29.5    6  $   0.005254   -0.85%  $    0.7  vol building, vol expansion, RSI reset, RSI in zone, CMF buying, +1
   34 PNT         29.5    5  $   0.035000  +45.23%  $    0.3  whale candle, RSI reset, RSI in zone, higher lows, decoupling BTC
   35 DEXE        29.4    5  $  15.030000  -17.91%  $    5.7  vol building, vol expansion, RSI divergence, RSI reset, RSI in zone
   36 SUN         29.3    6  $   0.017140   +1.66%  $    0.7  vol building, vol expansion, stealth accum, CMF buying, higher lows, +1
   37 TVK         29.2    7  $   0.054050   +0.04%  $    1.0  vol building, vol expansion, stealth accum, RSI reset, higher lows, +2
   38 1000TAG     29.0    6  $   1.266300  +23.23%  $    1.5  vol building, vol expansion, OBV divergence, RSI in zone, CMF buying, +1
   39 LOKA        28.9    6  $   0.123700   +3.86%  $    0.9  vol building, vol expansion, RSI reset, CMF buying, higher lows, +1
   40 ARM         28.3    7  $ 417.880000   +6.01%  $    2.8  vol building, vol expansion, stealth accum, RSI in zone, CMF buying, +2
   41 BRETT       28.2    6  $   0.006706   +5.49%  $    3.1  vol expansion, whale candle, RSI in zone, CMF buying, higher lows, +1
   42 XAN         28.2    5  $   0.010432  +10.59%  $    0.9  vol building, vol expansion, whale candle, CMF buying, decoupling BTC
   43 CRCLB       27.9    6  $  81.000000   +1.93%  $    1.3  vol building, vol expansion, stealth accum, RSI in zone, CMF buying, +1
   44 CLV         27.9    5  $   0.029370  +13.97%  $    0.3  vol building, vol expansion, whale candle, RSI reset, RSI in zone
   45 TORN        27.9    4  $   4.060000   -4.02%  $    0.5  stealth accum, RSI divergence, RSI in zone, higher lows
   46 ASTER       27.8    5  $   0.727800  +11.58%  $   95.8  vol expansion, RSI divergence, RSI in zone, CMF buying, higher lows
   47 PENDLE      27.8    5  $   1.437900   +3.98%  $   12.6  vol building, RSI divergence, RSI in zone, CMF buying, higher lows
   48 PHA         27.6    6  $   0.035870   +2.78%  $    2.0  vol building, vol expansion, stealth accum, OBV divergence, RSI in zone, +1
   49 KLAY        27.5    5  $   0.125500   +0.96%  $    0.9  stealth accum, RSI divergence, higher lows, decoupling BTC, 5d high
   50 BR          27.4    4  $   0.190930   +1.04%  $   15.1  stealth accum, OBV divergence, RSI divergence, decoupling BTC

================================================================================
2026-06-17 21:08:04,813 [INFO]   Saved → ignition_v3_LATEST.txt, ignition_v3_LATEST.json, ignition_v3_20260617_210804.txt
