2026-06-17 01:12:31,415 [INFO] ================================================================
2026-06-17 01:12:31,416 [INFO] MASTER RADAR v3.0  (Phase 5 orchestrator)
2026-06-17 01:12:31,416 [INFO] ================================================================
2026-06-17 01:12:31,416 [INFO] Phase 1/2: running scanners
2026-06-17 01:12:31,416 [INFO] ================================================================
2026-06-17 01:12:31,416 [INFO]   (spot_scanner not auto-run — pass --include-spot to enable)
2026-06-17 01:12:31,418 [INFO] ================================================================
2026-06-17 01:12:31,426 [INFO]   Running ignition_scanner ...  (output streams below)
2026-06-17 01:12:31,426 [INFO]   ────────────────────────────────────────────────────────────
2026-06-17 01:16:34,750 [INFO]   ────────────────────────────────────────────────────────────
2026-06-17 01:16:34,751 [INFO]   [OK]   ignition_scanner finished in 243.3s
2026-06-17 01:16:34,755 [INFO]   Running perp_scanner ...  (output streams below)
2026-06-17 01:16:34,755 [INFO]   ────────────────────────────────────────────────────────────
2026-06-17 01:16:40,820 [INFO]   ────────────────────────────────────────────────────────────
2026-06-17 01:16:40,821 [INFO]   [OK]   perp_scanner finished in 6.1s
2026-06-17 01:16:40,828 [INFO]   Running trend_scanner ...  (output streams below)
2026-06-17 01:16:40,829 [INFO]   ────────────────────────────────────────────────────────────
2026-06-17 01:25:49,406 [INFO]   ────────────────────────────────────────────────────────────
2026-06-17 01:25:49,409 [INFO]   [OK]   trend_scanner finished in 548.6s
2026-06-17 01:25:49,410 [INFO] ================================================================
2026-06-17 01:25:49,410 [INFO] Scanner subprocess summary:
2026-06-17 01:25:49,411 [INFO]   ignition   ✓ OK                 elapsed=243.3s
2026-06-17 01:25:49,411 [INFO]   perp       ✓ OK                 elapsed=6.1s
2026-06-17 01:25:49,411 [INFO]   trend      ✓ OK                 elapsed=548.6s
2026-06-17 01:25:49,412 [INFO] ================================================================
2026-06-17 01:25:49,412 [INFO] Phase 2/2: orchestrating
2026-06-17 01:25:49,413 [INFO] ================================================================
2026-06-17 01:25:49,447 [INFO]   Loaded: ignition=✓  perp=✓  spot=✓  trend=✓
2026-06-17 01:25:49,449 [INFO]   Coins per scanner: ignition=54  perp=10  spot=0  trend=139
2026-06-17 01:25:49,450 [INFO]   Regime: bull  BTC 7d: 6.39  spot stay-out: True
2026-06-17 01:25:49,452 [INFO] 
════════════════════════════════════════════════════════════════════════════════
  MASTER RADAR  v3.0  —  cross-scanner confluence
  Generated  : 2026-06-17 01:25:49    |    Orchestration time: 798.0s
════════════════════════════════════════════════════════════════════════════════

  ⚠️  WARNINGS:
     - spot: not auto-run by orchestrator. spot_scanner: stale (3.9h old). Run `python spot_scanner.py` manually to refresh.

  Regime    : 🟢 BULL    BTC 7d +6.39%  |  24h -0.99%

  ┌──────────────────────────────────────────────────────────────────┐
  │  ⚠️  SPOT SCANNER SAYS STAY IN USDT                                │
  │     0 setups passed spot's regime-aware filter.                  │
  │     Trend coins below may still be valid, but reduce aggression. │
  └──────────────────────────────────────────────────────────────────┘

  Universe  : 184 coins surfaced across scanners
  Buckets   : 0 CONVERGENCE  |  14 STRONG SETUP  |  156 SINGLE-SCANNER  |  14 EXTENDED (24h>15%)

  Scanner badges: I=Ignition  P=Perp  S=Spot  T=Trend
                   ★★=top tier  ★=lower tier  ·=watch (trend only)

────────────────────────────────────────────────────────────────────────────────
  CONVERGENCE  —  0 coin(s)  (≥3 scanners agreeing, confluence ≥10)
────────────────────────────────────────────────────────────────────────────────
  (none — no high-confluence agreement across scanners today)

────────────────────────────────────────────────────────────────────────────────
  STRONG SETUP  —  14 coin(s)  (≥2 scanners, confluence ≥6)
────────────────────────────────────────────────────────────────────────────────

  [ 1] SPACE       conf= 11.0  scanners=2/4     ·    P★★    ·    T★★    $0.007861  24h=+13.21%  vol=$23.3M
       → P:[oi_building, funding_negative, vol_oi_surge]  |  T:[score=137, ST=5/6]
       Plan (trend): entry $0.007861  |  stop $0.006682 -15.00%  |  TPs: $0.009630, $0.011398, $0.013757

  [ 2] SPX         conf=  8.0  scanners=2/4   I★     ·      ·    T★★    $0.390200  24h=+14.80%  vol=$48.7M
       → I:[obv_stealth_accum, rsi_divergence, rsi_reset +2]  |  T:[score=148, ST=6/6]
       Plan (trend): entry $0.390200  |  stop $0.339821 -12.91%  |  TPs: $0.465768, $0.541336, $0.642093

  [ 3] AERO        conf=  8.0  scanners=2/4   I★     ·      ·    T★★    $0.470400  24h=+9.95%  vol=$30.3M
       → I:[vol_in_window, vol_expansion, rsi_divergence +4]  |  T:[score=149, ST=6/6]
       Plan (trend): entry $0.470400  |  stop $0.420118 -10.69%  |  TPs: $0.545823, $0.621246, $0.721811

  [ 4] MEME        conf=  8.0  scanners=2/4     ·    P★     ·    T★★    $0.000630  24h=+3.99%  vol=$4.4M
       → P:[oi_building, vol_oi_surge]  |  T:[score=141, ST=6/6]
       Plan (trend): entry $0.000630  |  stop $0.000535 -15.00%  |  TPs: $0.000772, $0.000913, $0.001102

  [ 5] WAVES       conf=  8.0  scanners=2/4     ·    P★     ·    T★★    $0.294700  24h=+4.78%  vol=$5.5M
       → P:[funding_negative, vol_oi_surge]  |  T:[score=134, ST=5/6]
       Plan (trend): entry $0.294700  |  stop $0.255593 -13.27%  |  TPs: $0.353361, $0.412021, $0.490236

  [ 6] SEI         conf=  6.0  scanners=2/4   I★     ·      ·    T★     $0.054620  24h=+1.11%  vol=$8.9M
       → I:[vol_in_window, vol_expansion, obv_stealth_accum +3]  |  T:[score=125, ST=5/6]
       Plan (trend): entry $0.054620  |  stop $0.048217 -11.72%  |  TPs: $0.064224, $0.073829, $0.086634

  [ 7] HEI         conf=  6.0  scanners=2/4   I★   P★     ·      ·      $0.071400  24h=-2.29%  vol=$2.2M
       → I:[bb_squeeze, obv_stealth_accum, rsi_in_zone +2]  |  P:[funding_negative, vol_oi_surge]

  [ 8] ORCA        conf=  6.0  scanners=2/4     ·    P★     ·    T★     $1.146700  24h=+7.35%  vol=$6.4M
       → P:[funding_negative, vol_oi_surge]  |  T:[score=127, ST=6/6]
       Plan (trend): entry $1.146700  |  stop $0.988643 -13.78%  |  TPs: $1.383786, $1.620871, $1.936986

  [ 9] SOLAYER     conf=  6.0  scanners=2/4   I★     ·      ·    T★     $0.072200  24h=+3.87%  vol=$2.2M
       → I:[rsi_divergence, rsi_reset, cmf_positive +2]  |  T:[score=121, ST=4/6]
       Plan (trend): entry $0.072200  |  stop $0.061797 -14.41%  |  TPs: $0.087804, $0.103407, $0.124213

  [10] 1000FLOKI   conf=  6.0  scanners=2/4   I★     ·      ·    T★     $0.026350  24h=-0.19%  vol=$2.3M
       → I:[vol_in_window, vol_expansion, obv_stealth_accum +3]  |  T:[score=125, ST=3/6]
       Plan (trend): entry $0.026350  |  stop $0.023929 -9.19%  |  TPs: $0.029982, $0.033614, $0.038457

  [11] COAI        conf=  6.0  scanners=2/4   I★     ·      ·    T★     $0.346600  24h=+8.26%  vol=$4.5M
       → I:[obv_stealth_accum, rsi_divergence, cmf_positive +1]  |  T:[score=122, ST=3/6]
       Plan (trend): entry $0.346600  |  stop $0.294610 -15.00%  |  TPs: $0.424585, $0.502570, $0.606550

  [12] B3          conf=  6.0  scanners=2/4     ·    P★     ·    T★     $0.000601  24h=-0.37%  vol=$1.8M
       → P:[funding_negative, vol_oi_surge]  |  T:[score=113, ST=3/6]
       Plan (trend): entry $0.000601  |  stop $0.000511 -15.00%  |  TPs: $0.000736, $0.000871, $0.001051

  [13] FIL         conf=  6.0  scanners=2/4   I★     ·      ·    T★     $0.807900  24h=+1.67%  vol=$8.3M
       → I:[vol_in_window, vol_expansion, obv_stealth_accum +3]  |  T:[score=118, ST=4/6]
       Plan (trend): entry $0.807900  |  stop $0.704121 -12.85%  |  TPs: $0.963568, $1.119236, $1.326793

  [14] AVNT        conf=  6.0  scanners=2/4   I★     ·      ·    T★     $0.114110  24h=+1.69%  vol=$2.3M
       → I:[bb_squeeze, vol_in_window, obv_stealth_accum +3]  |  T:[score=122, ST=4/6]
       Plan (trend): entry $0.114110  |  stop $0.098308 -13.85%  |  TPs: $0.137814, $0.161518, $0.193123

────────────────────────────────────────────────────────────────────────────────
  SINGLE-SCANNER  —  156 coin(s)  (only one scanner surfaced — early but unconfirmed)
────────────────────────────────────────────────────────────────────────────────
  #   Symbol      Conf  IGN PRP SPT TRD         Price    24h%  Signals snapshot
  ------------------------------------------------------------------------------
    1 BOND         6.0  I★★ ·   ·   ·     $  2.152000  +4.42%  I:vol_in_window,whale_candle
    2 USTC         6.0  I★★ ·   ·   ·     $  0.006250  -0.80%  I:whale_candle,obv_stealth_accum
    3 TOMO         6.0  I★★ ·   ·   ·     $  1.381900  +3.22%  I:vol_in_window,vol_expansion
    4 GPS          5.0  ·   ·   ·   T★★   $  0.009351  +1.86%  T:score=146
    5 EVAA         5.0  ·   ·   ·   T★★   $  0.718100 -43.63%  T:score=130
    6 LIT          5.0  ·   ·   ·   T★★   $  1.735000  +3.10%  T:score=142
    7 OPEN         5.0  ·   ·   ·   T★★   $  0.244040  +4.63%  T:score=139
    8 MMT          5.0  ·   ·   ·   T★★   $  0.140450  +8.79%  T:score=148
    9 ALCH         5.0  ·   ·   ·   T★★   $  0.077240  +3.29%  T:score=141
   10 ROSE         5.0  ·   ·   ·   T★★   $  0.007313  +6.36%  T:score=132
   11 AAVE         5.0  ·   ·   ·   T★★   $ 75.870000  +2.54%  T:score=133
   12 JTO          5.0  ·   ·   ·   T★★   $  0.794800  +8.18%  T:score=154
   13 1000LUNC     5.0  ·   ·   ·   T★★   $  0.075340  +5.21%  T:score=141
   14 USELESS      5.0  ·   ·   ·   T★★   $  0.076480  +0.97%  T:score=132
   15 HYPE         5.0  ·   ·   ·   T★★   $ 73.565000  +9.86%  T:score=147
   16 VELODROME    5.0  ·   ·   ·   T★★   $  0.018561 +13.14%  T:score=153
   17 FOLKS        5.0  ·   ·   ·   T★★   $  1.940000  -3.64%  T:score=131
   18 WLD          5.0  ·   ·   ·   T★★   $  0.675000 +13.18%  T:score=157
   19 UMA          5.0  ·   ·   ·   T★★   $  0.454000  +5.17%  T:score=142
   20 PARTI        5.0  ·   ·   ·   T★★   $  0.061510 +10.20%  T:score=144
   21 AKT          5.0  ·   ·   ·   T★★   $  0.819300  -1.17%  T:score=144
   22 KAITO        5.0  ·   ·   ·   T★★   $  0.487500  +0.14%  T:score=135
   23 ATOM         5.0  ·   ·   ·   T★★   $  1.989800  +1.69%  T:score=141
   24 TIA          5.0  ·   ·   ·   T★★   $  0.404500  +7.13%  T:score=148
   25 ZAMA         5.0  ·   ·   ·   T★★   $  0.032050  +2.92%  T:score=134
   26 ARKM         5.0  ·   ·   ·   T★★   $  0.136720  +1.65%  T:score=135
   27 MFT          3.0  I★  ·   ·   ·     $  0.005254  -0.85%  I:vol_in_window,vol_expansion
   28 ETHUP        3.0  I★  ·   ·   ·     $ 11.651000  -0.72%  I:bb_squeeze,vol_in_window
   29 WAL          3.0  I★  ·   ·   ·     $  0.034580  -3.27%  I:obv_divergence,rsi_divergence
   30 LDO          3.0  ·   ·   ·   T★    $  0.277100  +1.24%  T:score=113
  ... (126 more, see JSON)

────────────────────────────────────────────────────────────────────────────────
  EXTENDED  —  14 coin(s)  (already up >15% in 24h — entry likely late)
────────────────────────────────────────────────────────────────────────────────
  #   Symbol      Conf  IGN PRP SPT TRD         Price    24h%  Original bucket / Signals
  ------------------------------------------------------------------------------
    1 BR           5.0  ·   ·   ·   T★★   $  0.191090 +71.62%  would-be: SINGLE_SCANNER
    2 CREAM        6.0  I★★ ·   ·   ·     $  2.100000 +65.35%  would-be: SINGLE_SCANNER
    3 BSB          5.0  ·   ·   ·   T★★   $  0.536400 +47.65%  would-be: SINGLE_SCANNER
    4 PNT          3.0  I★  ·   ·   ·     $  0.035000 +45.23%  would-be: SINGLE_SCANNER
    5 LAB          8.0  I★  ·   ·   T★★   $ 13.356000 +38.76%  would-be: STRONG_SETUP
    6 TRIA         5.0  ·   ·   ·   T★★   $  0.030882 +35.82%  would-be: SINGLE_SCANNER
    7 BLESS        8.0  I★  ·   ·   T★★   $  0.007675 +33.85%  would-be: STRONG_SETUP
    8 PORTAL       6.0  I★  ·   ·   T★    $  0.015967 +32.92%  would-be: STRONG_SETUP
    9 EPIC         5.0  ·   ·   ·   T★★   $  0.636300 +27.26%  would-be: SINGLE_SCANNER
   10 SENT         5.0  ·   ·   ·   T★★   $  0.019610 +26.63%  would-be: SINGLE_SCANNER
   11 PUFFER       8.0  ·   P★  ·   T★★   $  0.021590 +26.20%  would-be: STRONG_SETUP
   12 SQD          5.0  ·   ·   ·   T★★   $  0.050840 +24.90%  would-be: SINGLE_SCANNER
   13 Q            8.0  I★  ·   ·   T★★   $  0.020014 +15.73%  would-be: STRONG_SETUP
   14 UNI          5.0  ·   ·   ·   T★★   $  3.289000 +15.01%  would-be: SINGLE_SCANNER

════════════════════════════════════════════════════════════════════════════════
2026-06-17 01:25:49,504 [INFO]   Saved → master_radar_LATEST.txt, master_radar_LATEST.json, master_radar_20260617_012549.txt
2026-06-17 01:25:49,505 [INFO] ================================================================
2026-06-17 10:16:45,520 [INFO] ================================================================
2026-06-17 10:16:45,522 [INFO] MASTER RADAR v3.0  (Phase 5 orchestrator)
2026-06-17 10:16:45,523 [INFO] ================================================================
2026-06-17 10:16:45,524 [INFO] Phase 1/2: running scanners
2026-06-17 10:16:45,524 [INFO] ================================================================
2026-06-17 10:16:45,525 [INFO]   (spot_scanner not auto-run — pass --include-spot to enable)
2026-06-17 10:16:45,526 [INFO] ================================================================
2026-06-17 10:16:45,530 [INFO]   Running ignition_scanner ...  (output streams below)
2026-06-17 10:16:45,530 [INFO]   ────────────────────────────────────────────────────────────
2026-06-17 10:20:33,461 [INFO]   ────────────────────────────────────────────────────────────
2026-06-17 10:20:33,463 [INFO]   [OK]   ignition_scanner finished in 227.9s
2026-06-17 10:20:33,465 [INFO]   Running perp_scanner ...  (output streams below)
2026-06-17 10:20:33,465 [INFO]   ────────────────────────────────────────────────────────────
2026-06-17 10:20:35,751 [INFO]   ────────────────────────────────────────────────────────────
2026-06-17 10:20:35,751 [INFO]   [OK]   perp_scanner finished in 2.3s
2026-06-17 10:20:35,754 [INFO]   Running trend_scanner ...  (output streams below)
2026-06-17 10:20:35,754 [INFO]   ────────────────────────────────────────────────────────────
2026-06-17 10:27:33,016 [INFO]   ────────────────────────────────────────────────────────────
2026-06-17 10:27:33,018 [INFO]   [OK]   trend_scanner finished in 417.3s
2026-06-17 10:27:33,020 [INFO] ================================================================
2026-06-17 10:27:33,020 [INFO] Scanner subprocess summary:
2026-06-17 10:27:33,022 [INFO]   ignition   ✓ OK                 elapsed=227.9s
2026-06-17 10:27:33,023 [INFO]   perp       ✓ OK                 elapsed=2.3s
2026-06-17 10:27:33,023 [INFO]   trend      ✓ OK                 elapsed=417.3s
2026-06-17 10:27:33,023 [INFO] ================================================================
2026-06-17 10:27:33,023 [INFO] Phase 2/2: orchestrating
2026-06-17 10:27:33,023 [INFO] ================================================================
2026-06-17 10:27:33,052 [INFO]   Loaded: ignition=✓  perp=✓  spot=✓  trend=✓
2026-06-17 10:27:33,053 [INFO]   Coins per scanner: ignition=60  perp=25  spot=0  trend=137
2026-06-17 10:27:33,053 [INFO]   Regime: bull  BTC 7d: 6.39  spot stay-out: True
2026-06-17 10:27:33,059 [INFO] 
════════════════════════════════════════════════════════════════════════════════
  MASTER RADAR  v3.0  —  cross-scanner confluence
  Generated  : 2026-06-17 10:27:33    |    Orchestration time: 647.5s
════════════════════════════════════════════════════════════════════════════════

  Regime    : 🟢 BULL    BTC 7d +6.39%  |  24h -0.99%

  ┌──────────────────────────────────────────────────────────────────┐
  │  ⚠️  SPOT SCANNER SAYS STAY IN USDT                                │
  │     0 setups passed spot's regime-aware filter.                  │
  │     Trend coins below may still be valid, but reduce aggression. │
  └──────────────────────────────────────────────────────────────────┘

  Universe  : 191 coins surfaced across scanners
  Buckets   : 2 CONVERGENCE  |  10 STRONG SETUP  |  164 SINGLE-SCANNER  |  15 EXTENDED (24h>15%)

  Scanner badges: I=Ignition  P=Perp  S=Spot  T=Trend
                   ★★=top tier  ★=lower tier  ·=watch (trend only)

────────────────────────────────────────────────────────────────────────────────
  CONVERGENCE  —  2 coin(s)  (≥3 scanners agreeing, confluence ≥10)
────────────────────────────────────────────────────────────────────────────────

  [ 1] ELSA        conf= 15.0  scanners=3/4   I★★  P★★    ·    T★     $0.047510  24h=+4.06%  vol=$2.5M
       → I:[vol_in_window, vol_expansion, rsi_divergence +5]  |  P:[oi_building, funding_negative, vol_oi_surge]  |  T:[score=112, ST=3/6]
       Plan (trend): entry $0.047510  |  stop $0.041692 -12.25%  |  TPs: $0.056237, $0.064964, $0.076599

  [ 2] BR          conf= 14.0  scanners=3/4   I★★  P★     ·    T★★    $0.191090  24h=+14.62%  vol=$18.2M
       → I:[vol_in_window, vol_expansion, obv_stealth_accum +5]  |  P:[oi_building, vol_oi_surge]  |  T:[score=164, ST=6/6]
       Plan (trend): entry $0.191090  |  stop $0.162427 -15.00%  |  TPs: $0.234085, $0.277081, $0.334408

────────────────────────────────────────────────────────────────────────────────
  STRONG SETUP  —  10 coin(s)  (≥2 scanners, confluence ≥6)
────────────────────────────────────────────────────────────────────────────────

  [ 1] BIO         conf=  9.0  scanners=3/4   I★   P★     ·    T★     $0.030490  24h=+8.35%  vol=$8.7M
       → I:[vol_expansion, whale_candle, cmf_positive +2]  |  P:[oi_building, funding_negative]  |  T:[score=116, ST=4/6]
       Plan (trend): entry $0.030490  |  stop $0.025916 -15.00%  |  TPs: $0.037350, $0.044210, $0.053358

  [ 2] USD1        conf=  9.0  scanners=3/4   I★   P★     ·    T★     $1.000200  24h=+0.02%  vol=$11.1M
       → I:[bb_squeeze, vol_expansion, rsi_reset +2]  |  P:[oi_building, vol_oi_surge]  |  T:[score=125, ST=6/6]
       Plan (trend): entry $1.000200  |  stop $0.950190 -5.00%  |  TPs: $1.075215, $1.150230, $1.250250

  [ 3] ZBT         conf=  9.0  scanners=2/4   I★★    ·      ·    T★     $0.128730  24h=+11.61%  vol=$4.4M
       → I:[vol_in_window, vol_expansion, obv_stealth_accum +4]  |  T:[score=127, ST=3/6]
       Plan (trend): entry $0.128730  |  stop $0.109421 -15.00%  |  TPs: $0.157694, $0.186659, $0.225277

  [ 4] BSB         conf=  8.0  scanners=2/4   I★     ·      ·    T★★    $0.536400  24h=+8.06%  vol=$112.5M
       → I:[obv_stealth_accum, obv_divergence, rsi_reset +2]  |  T:[score=136, ST=5/6]
       Plan (trend): entry $0.536400  |  stop $0.455940 -15.00%  |  TPs: $0.657090, $0.777780, $0.938700

  [ 5] AERO        conf=  8.0  scanners=2/4     ·    P★     ·    T★★    $0.470400  24h=+11.81%  vol=$31.0M
       → P:[oi_building, vol_oi_surge]  |  T:[score=150, ST=6/6]
       Plan (trend): entry $0.470400  |  stop $0.420118 -10.69%  |  TPs: $0.545823, $0.621246, $0.721811

  [ 6] PUFFER      conf=  6.0  scanners=2/4     ·    P★     ·    T★     $0.021590  24h=+1.69%  vol=$2.2M
       → P:[funding_negative, vol_oi_surge]  |  T:[score=116, ST=6/6]
       Plan (trend): entry $0.021590  |  stop $0.018351 -15.00%  |  TPs: $0.026448, $0.031305, $0.037782

  [ 7] FIDA        conf=  6.0  scanners=2/4   I★   P★     ·      ·      $0.024022  24h=-3.67%  vol=$1.9M
       → I:[obv_stealth_accum, obv_divergence, rsi_reset +2]  |  P:[oi_building, funding_negative]

  [ 8] ZEC         conf=  6.0  scanners=2/4     ·    P★     ·    T★     $504.760000  24h=-3.16%  vol=$198.7M
       → P:[oi_building, vol_oi_surge]  |  T:[score=130, ST=4/6]
       Plan (trend): entry $504.760000  |  stop $429.046000 -15.00%  |  TPs: $618.331000, $731.902000, $883.330000

  [ 9] SPK         conf=  6.0  scanners=2/4   I★     ·      ·    T★     $0.020406  24h=+3.31%  vol=$3.5M
       → I:[vol_in_window, vol_expansion, obv_stealth_accum +5]  |  T:[score=111, ST=3/6]
       Plan (trend): entry $0.020406  |  stop $0.017776 -12.89%  |  TPs: $0.024351, $0.028296, $0.033556

  [10] NBIS        conf=  6.0  scanners=2/4   I★   P★     ·      ·      $269.730000  24h=+3.57%  vol=$2.2M
       → I:[obv_stealth_accum, rsi_divergence, cmf_positive +3]  |  P:[oi_building, funding_negative]

────────────────────────────────────────────────────────────────────────────────
  SINGLE-SCANNER  —  164 coin(s)  (only one scanner surfaced — early but unconfirmed)
────────────────────────────────────────────────────────────────────────────────
  #   Symbol      Conf  IGN PRP SPT TRD         Price    24h%  Signals snapshot
  ------------------------------------------------------------------------------
    1 NEXO         6.0  I★★ ·   ·   ·     $  0.845000  +1.58%  I:vol_in_window,vol_expansion
    2 TOMO         6.0  I★★ ·   ·   ·     $  1.381900  +3.22%  I:vol_in_window,vol_expansion
    3 OPG          6.0  ·   P★★ ·   ·     $  0.154300  -3.92%  P:oi_building,funding_negative
    4 BOND         6.0  I★★ ·   ·   ·     $  2.152000  +4.42%  I:vol_in_window,whale_candle
    5 H            6.0  ·   P★★ ·   ·     $  0.247460  +1.25%  P:oi_building,funding_negative
    6 XUSD         6.0  I★★ ·   ·   ·     $  1.001700  +0.06%  I:vol_expansion,whale_candle
    7 1000LUNC     5.0  ·   ·   ·   T★★   $  0.075340  +2.75%  T:score=136
    8 CAKE         5.0  ·   ·   ·   T★★   $  1.412000  -1.65%  T:score=131
    9 MMT          5.0  ·   ·   ·   T★★   $  0.140450  +3.48%  T:score=144
   10 ROAM         5.0  ·   ·   ·   T★★   $  0.010532 -27.40%  T:score=141
   11 VELODROME    5.0  ·   ·   ·   T★★   $  0.018561 +11.71%  T:score=151
   12 Q            5.0  ·   ·   ·   T★★   $  0.020014  +7.51%  T:score=135
   13 GPS          5.0  ·   ·   ·   T★★   $  0.009351 +13.32%  T:score=157
   14 AKE          5.0  ·   ·   ·   T★★   $  0.000372  +2.93%  T:score=135
   15 SPACE        5.0  ·   ·   ·   T★★   $  0.007861  -6.05%  T:score=142
   16 MEME         5.0  ·   ·   ·   T★★   $  0.000630  -8.26%  T:score=130
   17 OPEN         5.0  ·   ·   ·   T★★   $  0.244040  -3.07%  T:score=143
   18 AXL          5.0  ·   ·   ·   T★★   $  0.045710  +1.92%  T:score=134
   19 PARTI        5.0  ·   ·   ·   T★★   $  0.061510 +12.50%  T:score=141
   20 SENT         5.0  ·   ·   ·   T★★   $  0.019610 +14.15%  T:score=149
   21 TIA          5.0  ·   ·   ·   T★★   $  0.404500  +6.35%  T:score=137
   22 APEX         5.0  ·   ·   ·   T★★   $  0.309400  -4.06%  T:score=132
   23 LIT          5.0  ·   ·   ·   T★★   $  1.735000  -0.86%  T:score=151
   24 AKT          5.0  ·   ·   ·   T★★   $  0.819300  +6.37%  T:score=157
   25 JTO          5.0  ·   ·   ·   T★★   $  0.794800  +2.56%  T:score=146
   26 FOLKS        5.0  ·   ·   ·   T★★   $  1.940000  +1.63%  T:score=137
   27 CRV          5.0  ·   ·   ·   T★★   $  0.239000  +0.65%  T:score=141
   28 ZAMA         5.0  ·   ·   ·   T★★   $  0.032050  +5.81%  T:score=146
   29 WLD          5.0  ·   ·   ·   T★★   $  0.675000  -1.02%  T:score=150
   30 EPIC         5.0  ·   ·   ·   T★★   $  0.636300 +10.77%  T:score=142
  ... (134 more, see JSON)

────────────────────────────────────────────────────────────────────────────────
  EXTENDED  —  15 coin(s)  (already up >15% in 24h — entry likely late)
────────────────────────────────────────────────────────────────────────────────
  #   Symbol      Conf  IGN PRP SPT TRD         Price    24h%  Original bucket / Signals
  ------------------------------------------------------------------------------
    1 CREAM        6.0  I★★ ·   ·   ·     $  2.100000 +65.35%  would-be: SINGLE_SCANNER
    2 D            3.0  I★  ·   ·   ·     $  0.005170 +48.18%  would-be: SINGLE_SCANNER
    3 PNT          3.0  I★  ·   ·   ·     $  0.035000 +45.23%  would-be: SINGLE_SCANNER
    4 ESPORTS      4.0  I★  ·   ·   T·    $  0.069040 +43.31%  would-be: SINGLE_SCANNER
    5 SQD         11.0  I★  P★  ·   T★★   $  0.050840 +33.20%  would-be: CONVERGENCE
    6 TRIA         5.0  ·   ·   ·   T★★   $  0.030882 +26.44%  would-be: SINGLE_SCANNER
    7 TAC          3.0  I★  ·   ·   ·     $  0.019301 +24.08%  would-be: SINGLE_SCANNER
    8 1000TAG      6.0  I★★ ·   ·   ·     $  1.212100 +22.92%  would-be: SINGLE_SCANNER
    9 LAB          8.0  ·   P★  ·   T★★   $ 13.356000 +22.46%  would-be: STRONG_SETUP
   10 MAGMA        8.0  I★  ·   ·   T★★   $  0.378160 +22.13%  would-be: STRONG_SETUP
   11 UNI          8.0  ·   P★  ·   T★★   $  3.289000 +20.95%  would-be: STRONG_SETUP
   12 ID          15.0  I★★ P★★ ·   T★    $  0.027530 +20.64%  would-be: CONVERGENCE
   13 HIGH         6.0  I★  P★  ·   ·     $  0.041060 +20.30%  would-be: STRONG_SETUP
   14 SPX          5.0  ·   ·   ·   T★★   $  0.390200 +16.86%  would-be: SINGLE_SCANNER
   15 BLESS        8.0  ·   P★  ·   T★★   $  0.007675 +15.42%  would-be: STRONG_SETUP

════════════════════════════════════════════════════════════════════════════════
2026-06-17 10:27:33,080 [INFO]   Saved → master_radar_LATEST.txt, master_radar_LATEST.json, master_radar_20260617_102733.txt
2026-06-17 10:27:33,080 [INFO] ================================================================
2026-06-17 19:21:34,755 [INFO] ================================================================
2026-06-17 19:21:34,759 [INFO] MASTER RADAR v3.0  (Phase 5 orchestrator)
2026-06-17 19:21:34,759 [INFO] ================================================================
2026-06-17 19:21:34,759 [INFO] Phase 1/2: running scanners
2026-06-17 19:21:34,761 [INFO] ================================================================
2026-06-17 19:21:34,761 [INFO]   (spot_scanner not auto-run — pass --include-spot to enable)
2026-06-17 19:21:34,763 [INFO] ================================================================
2026-06-17 19:21:34,769 [INFO]   Running ignition_scanner ...  (output streams below)
2026-06-17 19:21:34,769 [INFO]   ────────────────────────────────────────────────────────────
2026-06-17 19:28:47,144 [INFO]   ────────────────────────────────────────────────────────────
2026-06-17 19:28:47,145 [INFO]   [OK]   ignition_scanner finished in 432.4s
2026-06-17 19:28:47,148 [INFO]   Running perp_scanner ...  (output streams below)
2026-06-17 19:28:47,148 [INFO]   ────────────────────────────────────────────────────────────
2026-06-17 19:28:51,385 [INFO]   ────────────────────────────────────────────────────────────
2026-06-17 19:28:51,386 [INFO]   [OK]   perp_scanner finished in 4.2s
2026-06-17 19:28:51,392 [INFO]   Running trend_scanner ...  (output streams below)
2026-06-17 19:28:51,392 [INFO]   ────────────────────────────────────────────────────────────
2026-06-17 19:38:49,675 [INFO]   ────────────────────────────────────────────────────────────
2026-06-17 19:38:49,680 [INFO]   [OK]   trend_scanner finished in 598.3s
2026-06-17 19:38:49,683 [INFO] ================================================================
2026-06-17 19:38:49,684 [INFO] Scanner subprocess summary:
2026-06-17 19:38:49,687 [INFO]   ignition   ✓ OK                 elapsed=432.4s
2026-06-17 19:38:49,689 [INFO]   perp       ✓ OK                 elapsed=4.2s
2026-06-17 19:38:49,689 [INFO]   trend      ✓ OK                 elapsed=598.3s
2026-06-17 19:38:49,690 [INFO] ================================================================
2026-06-17 19:38:49,692 [INFO] Phase 2/2: orchestrating
2026-06-17 19:38:49,692 [INFO] ================================================================
2026-06-17 19:38:49,755 [INFO]   Loaded: ignition=✓  perp=✓  spot=✓  trend=✓
2026-06-17 19:38:49,758 [INFO]   Coins per scanner: ignition=62  perp=20  spot=0  trend=131
2026-06-17 19:38:49,758 [INFO]   Regime: bull  BTC 7d: 6.39  spot stay-out: True
2026-06-17 19:38:49,766 [INFO] 
════════════════════════════════════════════════════════════════════════════════
  MASTER RADAR  v3.0  —  cross-scanner confluence
  Generated  : 2026-06-17 19:38:49    |    Orchestration time: 1035.0s
════════════════════════════════════════════════════════════════════════════════

  Regime    : 🟢 BULL    BTC 7d +6.39%  |  24h -0.99%

  ┌──────────────────────────────────────────────────────────────────┐
  │  ⚠️  SPOT SCANNER SAYS STAY IN USDT                                │
  │     0 setups passed spot's regime-aware filter.                  │
  │     Trend coins below may still be valid, but reduce aggression. │
  └──────────────────────────────────────────────────────────────────┘

  Universe  : 189 coins surfaced across scanners
  Buckets   : 0 CONVERGENCE  |  15 STRONG SETUP  |  161 SINGLE-SCANNER  |  13 EXTENDED (24h>15%)

  Scanner badges: I=Ignition  P=Perp  S=Spot  T=Trend
                   ★★=top tier  ★=lower tier  ·=watch (trend only)

────────────────────────────────────────────────────────────────────────────────
  CONVERGENCE  —  0 coin(s)  (≥3 scanners agreeing, confluence ≥10)
────────────────────────────────────────────────────────────────────────────────
  (none — no high-confluence agreement across scanners today)

────────────────────────────────────────────────────────────────────────────────
  STRONG SETUP  —  15 coin(s)  (≥2 scanners, confluence ≥6)
────────────────────────────────────────────────────────────────────────────────

  [ 1] ETHFI       conf= 11.0  scanners=2/4   I★★    ·      ·    T★★    $0.339300  24h=+7.33%  vol=$9.8M
       → I:[vol_expansion, whale_candle, obv_divergence +4]  |  T:[score=135, ST=4/6]
       Plan (trend): entry $0.339300  |  stop $0.295543 -12.90%  |  TPs: $0.404936, $0.470571, $0.558086

  [ 2] UNI         conf=  8.0  scanners=2/4     ·    P★     ·    T★★    $3.289000  24h=+2.89%  vol=$128.6M
       → P:[oi_building, vol_oi_surge]  |  T:[score=133, ST=5/6]
       Plan (trend): entry $3.289000  |  stop $2.987714 -9.16%  |  TPs: $3.740929, $4.192857, $4.795429

  [ 3] BRETT       conf=  8.0  scanners=2/4   I★     ·      ·    T★★    $0.006411  24h=+9.62%  vol=$2.5M
       → I:[vol_expansion, whale_candle, rsi_reset +4]  |  T:[score=136, ST=5/6]
       Plan (trend): entry $0.006411  |  stop $0.005449 -15.00%  |  TPs: $0.007853, $0.009296, $0.011219

  [ 4] XAG         conf=  8.0  scanners=2/4   I★     ·      ·    T★★    $69.950000  24h=-1.87%  vol=$30.0M
       → I:[vol_in_window, vol_expansion, obv_stealth_accum +3]  |  T:[score=130, ST=5/6]
       Plan (trend): entry $69.950000  |  stop $65.643929 -6.16%  |  TPs: $76.409107, $82.868214, $91.480357

  [ 5] SQD         conf=  8.0  scanners=2/4     ·    P★     ·    T★★    $0.050840  24h=+8.13%  vol=$11.8M
       → P:[oi_building, vol_oi_surge]  |  T:[score=146, ST=5/6]
       Plan (trend): entry $0.050840  |  stop $0.043214 -15.00%  |  TPs: $0.062279, $0.073718, $0.088970

  [ 6] BANANAS31   conf=  8.0  scanners=2/4     ·    P★     ·    T★★    $0.009971  24h=+8.92%  vol=$3.0M
       → P:[oi_building, vol_oi_surge]  |  T:[score=130, ST=5/6]
       Plan (trend): entry $0.009971  |  stop $0.008475 -15.00%  |  TPs: $0.012214, $0.014458, $0.017449

  [ 7] ZEC         conf=  6.0  scanners=2/4     ·    P★     ·    T★     $504.760000  24h=-2.00%  vol=$203.6M
       → P:[funding_negative, vol_oi_surge]  |  T:[score=122, ST=3/6]
       Plan (trend): entry $504.760000  |  stop $429.046000 -15.00%  |  TPs: $618.331000, $731.902000, $883.330000

  [ 8] PENDLE      conf=  6.0  scanners=2/4   I★     ·      ·    T★     $1.398900  24h=+5.91%  vol=$11.8M
       → I:[rsi_divergence, rsi_reset, rsi_in_zone +2]  |  T:[score=129, ST=5/6]
       Plan (trend): entry $1.398900  |  stop $1.241454 -11.26%  |  TPs: $1.635070, $1.871239, $2.186132

  [ 9] ASTER       conf=  6.0  scanners=2/4   I★     ·      ·    T★     $0.661600  24h=+11.37%  vol=$84.6M
       → I:[vol_expansion, whale_candle, rsi_divergence +3]  |  T:[score=130, ST=4/6]
       Plan (trend): entry $0.661600  |  stop $0.613139 -7.32%  |  TPs: $0.734291, $0.806982, $0.903904

  [10] 1000FLOKI   conf=  6.0  scanners=2/4   I★     ·      ·    T★     $0.026350  24h=+0.27%  vol=$2.6M
       → I:[vol_in_window, whale_candle, rsi_divergence +2]  |  T:[score=122, ST=4/6]
       Plan (trend): entry $0.026350  |  stop $0.023929 -9.19%  |  TPs: $0.029982, $0.033614, $0.038457

  [11] FIL         conf=  6.0  scanners=2/4   I★     ·      ·    T★     $0.807900  24h=+1.45%  vol=$11.6M
       → I:[bb_squeeze, vol_in_window, vol_expansion +4]  |  T:[score=124, ST=4/6]
       Plan (trend): entry $0.807900  |  stop $0.704121 -12.85%  |  TPs: $0.963568, $1.119236, $1.326793

  [12] FIDA        conf=  6.0  scanners=2/4   I★     ·      ·    T★     $0.023246  24h=-2.21%  vol=$2.2M
       → I:[vol_in_window, obv_stealth_accum, obv_divergence +3]  |  T:[score=118, ST=4/6]
       Plan (trend): entry $0.023246  |  stop $0.019759 -15.00%  |  TPs: $0.028476, $0.033707, $0.040681

  [13] WLFI        conf=  6.0  scanners=2/4   I★     ·      ·    T★     $0.060060  24h=+2.21%  vol=$6.5M
       → I:[vol_in_window, vol_expansion, obv_stealth_accum +3]  |  T:[score=128, ST=5/6]
       Plan (trend): entry $0.060060  |  stop $0.053581 -10.79%  |  TPs: $0.069778, $0.079497, $0.092455

  [14] INTC        conf=  6.0  scanners=2/4   I★   P★     ·      ·      $122.640000  24h=+1.82%  vol=$9.9M
       → I:[vol_expansion, obv_stealth_accum, obv_divergence +2]  |  P:[oi_building, vol_oi_surge]

  [15] WAVES       conf=  6.0  scanners=2/4     ·    P★     ·    T★     $0.294700  24h=-2.89%  vol=$2.1M
       → P:[funding_negative, vol_oi_surge]  |  T:[score=125, ST=4/6]
       Plan (trend): entry $0.294700  |  stop $0.255593 -13.27%  |  TPs: $0.353361, $0.412021, $0.490236

────────────────────────────────────────────────────────────────────────────────
  SINGLE-SCANNER  —  161 coin(s)  (only one scanner surfaced — early but unconfirmed)
────────────────────────────────────────────────────────────────────────────────
  #   Symbol      Conf  IGN PRP SPT TRD         Price    24h%  Signals snapshot
  ------------------------------------------------------------------------------
    1 XAN          6.0  I★★ ·   ·   ·     $  0.010798 +10.33%  I:vol_in_window,vol_expansion
    2 COIN         6.0  I★★ ·   ·   ·     $173.600000  -0.05%  I:vol_in_window,vol_expansion
    3 AMAT         6.0  I★★ ·   ·   ·     $612.330000  +4.21%  I:vol_in_window,vol_expansion
    4 BOND         6.0  I★★ ·   ·   ·     $  2.152000  +4.42%  I:vol_in_window,whale_candle
    5 NBIS         6.0  I★★ ·   ·   ·     $290.830000  +7.39%  I:vol_in_window,vol_expansion
    6 TOMO         6.0  I★★ ·   ·   ·     $  1.381900  +3.22%  I:vol_in_window,vol_expansion
    7 XAI          6.0  I★★ ·   ·   ·     $  0.008205  +0.05%  I:vol_in_window,vol_expansion
    8 H            6.0  ·   P★★ ·   ·     $  0.200390 -32.51%  P:oi_building,funding_negative
    9 AKT          5.0  ·   ·   ·   T★★   $  0.819300  -1.43%  T:score=139
   10 TRUTH        5.0  ·   ·   ·   T★★   $  0.013390  +1.87%  T:score=143
   11 AERO         5.0  ·   ·   ·   T★★   $  0.470400  +3.71%  T:score=159
   12 BSB          5.0  ·   ·   ·   T★★   $  0.536400  +0.89%  T:score=137
   13 VELODROME    5.0  ·   ·   ·   T★★   $  0.018561  -2.10%  T:score=145
   14 SENT         5.0  ·   ·   ·   T★★   $  0.019610 -17.06%  T:score=132
   15 AXL          5.0  ·   ·   ·   T★★   $  0.045710  +2.81%  T:score=136
   16 JTO          5.0  ·   ·   ·   T★★   $  0.794800 -10.90%  T:score=132
   17 ATOM         5.0  ·   ·   ·   T★★   $  1.989800  -2.38%  T:score=136
   18 HOLO         5.0  ·   ·   ·   T★★   $  0.065430  +6.85%  T:score=137
   19 WLD          5.0  ·   ·   ·   T★★   $  0.675000  +0.56%  T:score=154
   20 TIA          5.0  ·   ·   ·   T★★   $  0.404500  +4.99%  T:score=139
   21 HYPE         5.0  ·   ·   ·   T★★   $ 73.565000  +1.04%  T:score=152
   22 LUMIA        5.0  ·   ·   ·   T★★   $  0.095890  +2.02%  T:score=132
   23 GRASS        5.0  ·   ·   ·   T★★   $  0.451160  +0.32%  T:score=153
   24 MMT          5.0  ·   ·   ·   T★★   $  0.140450  +0.28%  T:score=144
   25 SPX          5.0  ·   ·   ·   T★★   $  0.390200 +14.09%  T:score=146
   26 GPS          5.0  ·   ·   ·   T★★   $  0.009351  +0.16%  T:score=140
   27 ORCA         5.0  ·   ·   ·   T★★   $  1.146700  +4.06%  T:score=137
   28 XLM          5.0  ·   ·   ·   T★★   $  0.216670  +2.81%  T:score=136
   29 EPIC         5.0  ·   ·   ·   T★★   $  0.636300  +5.08%  T:score=143
   30 USD1         5.0  ·   ·   ·   T★★   $  1.000200  +0.01%  T:score=131
  ... (131 more, see JSON)

────────────────────────────────────────────────────────────────────────────────
  EXTENDED  —  13 coin(s)  (already up >15% in 24h — entry likely late)
────────────────────────────────────────────────────────────────────────────────
  #   Symbol      Conf  IGN PRP SPT TRD         Price    24h%  Original bucket / Signals
  ------------------------------------------------------------------------------
    1 CREAM        6.0  I★★ ·   ·   ·     $  2.100000 +65.35%  would-be: SINGLE_SCANNER
    2 SYN          6.0  I★★ ·   ·   ·     $  0.064900 +43.41%  would-be: SINGLE_SCANNER
    3 TAC          3.0  ·   P★  ·   ·     $  0.022403 +40.54%  would-be: SINGLE_SCANNER
    4 MITO        12.0  I★★ P★  ·   T★    $  0.021500 +36.73%  would-be: CONVERGENCE
    5 MAGMA        5.0  ·   ·   ·   T★★   $  0.378160 +31.99%  would-be: SINGLE_SCANNER
    6 US           5.0  ·   ·   ·   T★★   $  0.012570 +26.22%  would-be: SINGLE_SCANNER
    7 XPL         14.0  I★★ P★  ·   T★★   $  0.091340 +25.85%  would-be: CONVERGENCE
    8 AT           5.0  ·   ·   ·   T★★   $  0.132600 +22.87%  would-be: SINGLE_SCANNER
    9 1000TAG      3.0  ·   ·   ·   T★    $  1.028100 +19.42%  would-be: SINGLE_SCANNER
   10 ID           6.0  I★  ·   ·   T★    $  0.027530 +18.76%  would-be: STRONG_SETUP
   11 BLESS        5.0  ·   ·   ·   T★★   $  0.007675 +17.78%  would-be: SINGLE_SCANNER
   12 FOLKS        5.0  ·   ·   ·   T★★   $  1.940000 +17.33%  would-be: SINGLE_SCANNER
   13 BIO          6.0  ·   P★  ·   T★    $  0.030490 +15.14%  would-be: STRONG_SETUP

════════════════════════════════════════════════════════════════════════════════
2026-06-17 19:38:49,821 [INFO]   Saved → master_radar_LATEST.txt, master_radar_LATEST.json, master_radar_20260617_193849.txt
2026-06-17 19:38:49,821 [INFO] ================================================================
2026-06-17 21:03:16,072 [INFO] ================================================================
2026-06-17 21:03:16,075 [INFO] MASTER RADAR v3.0  (Phase 5 orchestrator)
2026-06-17 21:03:16,075 [INFO] ================================================================
2026-06-17 21:03:16,076 [INFO] Phase 1/2: running scanners
2026-06-17 21:03:16,077 [INFO] ================================================================
2026-06-17 21:03:16,078 [INFO]   (spot_scanner not auto-run — pass --include-spot to enable)
2026-06-17 21:03:16,080 [INFO] ================================================================
2026-06-17 21:03:16,085 [INFO]   Running ignition_scanner ...  (output streams below)
2026-06-17 21:03:16,087 [INFO]   ────────────────────────────────────────────────────────────
2026-06-17 21:08:05,064 [INFO]   ────────────────────────────────────────────────────────────
2026-06-17 21:08:05,065 [INFO]   [OK]   ignition_scanner finished in 289.0s
2026-06-17 21:08:05,069 [INFO]   Running perp_scanner ...  (output streams below)
2026-06-17 21:08:05,070 [INFO]   ────────────────────────────────────────────────────────────
2026-06-17 21:08:11,073 [INFO]   ────────────────────────────────────────────────────────────
2026-06-17 21:08:11,074 [INFO]   [OK]   perp_scanner finished in 6.0s
2026-06-17 21:08:11,085 [INFO]   Running trend_scanner ...  (output streams below)
2026-06-17 21:08:11,085 [INFO]   ────────────────────────────────────────────────────────────
2026-06-17 21:19:12,429 [INFO]   ────────────────────────────────────────────────────────────
2026-06-17 21:19:12,430 [INFO]   [OK]   trend_scanner finished in 661.3s
2026-06-17 21:19:12,431 [INFO] ================================================================
2026-06-17 21:19:12,432 [INFO] Scanner subprocess summary:
2026-06-17 21:19:12,432 [INFO]   ignition   ✓ OK                 elapsed=289.0s
2026-06-17 21:19:12,432 [INFO]   perp       ✓ OK                 elapsed=6.0s
2026-06-17 21:19:12,433 [INFO]   trend      ✓ OK                 elapsed=661.3s
2026-06-17 21:19:12,433 [INFO] ================================================================
2026-06-17 21:19:12,434 [INFO] Phase 2/2: orchestrating
2026-06-17 21:19:12,434 [INFO] ================================================================
2026-06-17 21:19:12,467 [INFO]   Loaded: ignition=✓  perp=✓  spot=✓  trend=✓
2026-06-17 21:19:12,468 [INFO]   Coins per scanner: ignition=53  perp=57  spot=0  trend=132
2026-06-17 21:19:12,469 [INFO]   Regime: bull  BTC 7d: 6.39  spot stay-out: True
2026-06-17 21:19:12,475 [INFO] 
════════════════════════════════════════════════════════════════════════════════
  MASTER RADAR  v3.0  —  cross-scanner confluence
  Generated  : 2026-06-17 21:19:12    |    Orchestration time: 956.4s
════════════════════════════════════════════════════════════════════════════════

  Regime    : 🟢 BULL    BTC 7d +6.39%  |  24h -0.99%

  ┌──────────────────────────────────────────────────────────────────┐
  │  ⚠️  SPOT SCANNER SAYS STAY IN USDT                                │
  │     0 setups passed spot's regime-aware filter.                  │
  │     Trend coins below may still be valid, but reduce aggression. │
  └──────────────────────────────────────────────────────────────────┘

  Universe  : 207 coins surfaced across scanners
  Buckets   : 1 CONVERGENCE  |  22 STRONG SETUP  |  169 SINGLE-SCANNER  |  15 EXTENDED (24h>15%)

  Scanner badges: I=Ignition  P=Perp  S=Spot  T=Trend
                   ★★=top tier  ★=lower tier  ·=watch (trend only)

────────────────────────────────────────────────────────────────────────────────
  CONVERGENCE  —  1 coin(s)  (≥3 scanners agreeing, confluence ≥10)
────────────────────────────────────────────────────────────────────────────────

  [ 1] BR          conf= 11.0  scanners=3/4   I★   P★     ·    T★★    $0.191090  24h=+2.08%  vol=$15.1M
       → I:[obv_stealth_accum, obv_divergence, rsi_divergence +1]  |  P:[vol_oi_surge, btc_decoupling_1h]  |  T:[score=159, ST=6/6]
       Plan (trend): entry $0.191090  |  stop $0.162427 -15.00%  |  TPs: $0.234085, $0.277081, $0.334408

────────────────────────────────────────────────────────────────────────────────
  STRONG SETUP  —  22 coin(s)  (≥2 scanners, confluence ≥6)
────────────────────────────────────────────────────────────────────────────────

  [ 1] SPACE       conf= 11.0  scanners=2/4     ·    P★★    ·    T★★    $0.007861  24h=+3.53%  vol=$4.2M
       → P:[funding_negative, vol_oi_surge, btc_decoupling_1h]  |  T:[score=133, ST=5/6]
       Plan (trend): entry $0.007861  |  stop $0.006682 -15.00%  |  TPs: $0.009630, $0.011398, $0.013757

  [ 2] RED         conf=  9.0  scanners=2/4     ·    P★★    ·    T★     $0.101310  24h=+9.68%  vol=$1.7M
       → P:[oi_building, funding_negative, btc_decoupling_1h]  |  T:[score=128, ST=4/6]
       Plan (trend): entry $0.101310  |  stop $0.089871 -11.29%  |  TPs: $0.118468, $0.135626, $0.158503

  [ 3] BRETT       conf=  8.0  scanners=2/4   I★     ·      ·    T★★    $0.006411  24h=+5.76%  vol=$3.1M
       → I:[vol_expansion, whale_candle, rsi_in_zone +3]  |  T:[score=133, ST=5/6]
       Plan (trend): entry $0.006411  |  stop $0.005449 -15.00%  |  TPs: $0.007853, $0.009296, $0.011219

  [ 4] LIT         conf=  8.0  scanners=2/4     ·    P★     ·    T★★    $1.735000  24h=-0.93%  vol=$19.4M
       → P:[funding_negative, btc_decoupling_1h]  |  T:[score=166, ST=6/6]
       Plan (trend): entry $1.735000  |  stop $1.474750 -15.00%  |  TPs: $2.125375, $2.515750, $3.036250

  [ 5] WLFI        conf=  8.0  scanners=2/4     ·    P★     ·    T★★    $0.060060  24h=+1.47%  vol=$6.8M
       → P:[funding_negative, btc_decoupling_1h]  |  T:[score=134, ST=5/6]
       Plan (trend): entry $0.060060  |  stop $0.053581 -10.79%  |  TPs: $0.069778, $0.079497, $0.092455

  [ 6] SQD         conf=  8.0  scanners=2/4     ·    P★     ·    T★★    $0.050840  24h=+1.69%  vol=$12.0M
       → P:[vol_oi_surge, btc_decoupling_1h]  |  T:[score=142, ST=5/6]
       Plan (trend): entry $0.050840  |  stop $0.043214 -15.00%  |  TPs: $0.062279, $0.073718, $0.088970

  [ 7] HYPE        conf=  8.0  scanners=2/4     ·    P★     ·    T★★    $73.565000  24h=+0.31%  vol=$676.5M
       → P:[funding_negative, vol_oi_surge, btc_decoupling_1h]  |  T:[score=134, ST=5/6]
       Plan (trend): entry $73.565000  |  stop $63.406036 -13.81%  |  TPs: $88.803446, $104.041893, $124.359821

  [ 8] MMT         conf=  8.0  scanners=2/4     ·    P★     ·    T★★    $0.140450  24h=+0.16%  vol=$1.8M
       → P:[oi_building, btc_decoupling_1h]  |  T:[score=146, ST=6/6]
       Plan (trend): entry $0.140450  |  stop $0.125150 -10.89%  |  TPs: $0.163400, $0.186350, $0.216950

  [ 9] ZAMA        conf=  8.0  scanners=2/4     ·    P★     ·    T★★    $0.032050  24h=+4.90%  vol=$3.3M
       → P:[funding_negative, btc_decoupling_1h]  |  T:[score=146, ST=5/6]
       Plan (trend): entry $0.032050  |  stop $0.028138 -12.21%  |  TPs: $0.037918, $0.043785, $0.051609

  [10] SPX         conf=  8.0  scanners=2/4   I★     ·      ·    T★★    $0.390200  24h=+12.97%  vol=$50.9M
       → I:[obv_stealth_accum, rsi_divergence, rsi_in_zone +2]  |  T:[score=146, ST=6/6]
       Plan (trend): entry $0.390200  |  stop $0.339821 -12.91%  |  TPs: $0.465768, $0.541336, $0.642093

  [11] BLESS       conf=  8.0  scanners=2/4     ·    P★     ·    T★★    $0.007675  24h=+13.50%  vol=$16.0M
       → P:[vol_oi_surge, btc_decoupling_1h]  |  T:[score=153, ST=4/6]
       Plan (trend): entry $0.007675  |  stop $0.006524 -15.00%  |  TPs: $0.009402, $0.011129, $0.013431

  [12] ALGO        conf=  6.0  scanners=2/4   I★     ·      ·    T★     $0.094550  24h=+2.68%  vol=$8.6M
       → I:[vol_in_window, vol_expansion, obv_stealth_accum +4]  |  T:[score=110, ST=4/6]
       Plan (trend): entry $0.094550  |  stop $0.084981 -10.12%  |  TPs: $0.108903, $0.123257, $0.142395

  [13] SKY         conf=  6.0  scanners=2/4     ·    P★     ·    T★     $0.057240  24h=+1.51%  vol=$2.1M
       → P:[funding_negative, btc_decoupling_1h]  |  T:[score=109, ST=4/6]
       Plan (trend): entry $0.057240  |  stop $0.052677 -7.97%  |  TPs: $0.064085, $0.070930, $0.080056

  [14] ASTER       conf=  6.0  scanners=2/4   I★     ·      ·    T★     $0.661600  24h=+11.85%  vol=$88.7M
       → I:[vol_expansion, rsi_divergence, rsi_in_zone +2]  |  T:[score=128, ST=4/6]
       Plan (trend): entry $0.661600  |  stop $0.613139 -7.32%  |  TPs: $0.734291, $0.806982, $0.903904

  [15] PHA         conf=  6.0  scanners=2/4   I★   P★     ·      ·      $0.035870  24h=+2.78%  vol=$2.0M
       → I:[vol_in_window, vol_expansion, obv_stealth_accum +3]  |  P:[oi_building, btc_decoupling_1h]

  [16] PENDLE      conf=  6.0  scanners=2/4   I★     ·      ·    T★     $1.398900  24h=+3.82%  vol=$12.7M
       → I:[vol_in_window, rsi_divergence, rsi_in_zone +2]  |  T:[score=119, ST=5/6]
       Plan (trend): entry $1.398900  |  stop $1.241454 -11.26%  |  TPs: $1.635070, $1.871239, $2.186132

  [17] BASED       conf=  6.0  scanners=2/4   I★     ·      ·    T★     $0.076170  24h=+1.68%  vol=$2.6M
       → I:[bb_squeeze, obv_divergence, rsi_divergence +2]  |  T:[score=126, ST=4/6]
       Plan (trend): entry $0.076170  |  stop $0.064744 -15.00%  |  TPs: $0.093308, $0.110447, $0.133298

  [18] TRX         conf=  6.0  scanners=2/4   I★   P★     ·      ·      $0.319820  24h=+1.24%  vol=$34.5M
       → I:[vol_in_window, vol_expansion, obv_stealth_accum +3]  |  P:[funding_negative, btc_decoupling_1h]

  [19] WIF         conf=  6.0  scanners=2/4     ·    P★     ·    T★     $0.170120  24h=-0.98%  vol=$22.9M
       → P:[funding_negative, vol_oi_surge, btc_decoupling_1h]  |  T:[score=114, ST=3/6]
       Plan (trend): entry $0.170120  |  stop $0.149373 -12.20%  |  TPs: $0.201241, $0.232361, $0.273856

  [20] MEME        conf=  6.0  scanners=2/4     ·    P★     ·    T★     $0.000630  24h=-6.70%  vol=$3.0M
       → P:[funding_negative, btc_decoupling_1h]  |  T:[score=115, ST=4/6]
       Plan (trend): entry $0.000630  |  stop $0.000535 -15.00%  |  TPs: $0.000772, $0.000913, $0.001102

  [21] ONDO        conf=  6.0  scanners=2/4     ·    P★     ·    T★     $0.369500  24h=+0.46%  vol=$51.8M
       → P:[funding_negative, btc_decoupling_1h]  |  T:[score=119, ST=4/6]
       Plan (trend): entry $0.369500  |  stop $0.314075 -15.00%  |  TPs: $0.452638, $0.535775, $0.646625

  [22] ZEC         conf=  6.0  scanners=2/4     ·    P★     ·    T★     $504.760000  24h=-2.81%  vol=$221.7M
       → P:[funding_negative, vol_oi_surge, btc_decoupling_1h]  |  T:[score=116, ST=3/6]
       Plan (trend): entry $504.760000  |  stop $429.046000 -15.00%  |  TPs: $618.331000, $731.902000, $883.330000

────────────────────────────────────────────────────────────────────────────────
  SINGLE-SCANNER  —  169 coin(s)  (only one scanner surfaced — early but unconfirmed)
────────────────────────────────────────────────────────────────────────────────
  #   Symbol      Conf  IGN PRP SPT TRD         Price    24h%  Signals snapshot
  ------------------------------------------------------------------------------
    1 HOOD         6.0  ·   P★★ ·   ·     $105.130000  +8.73%  P:oi_building,vol_oi_surge
    2 TOMO         6.0  I★★ ·   ·   ·     $  1.381900  +3.22%  I:vol_in_window,vol_expansion
    3 BEAT         6.0  ·   P★★ ·   ·     $  1.619500 -33.78%  P:funding_negative,vol_oi_surge
    4 SOXL         6.0  ·   P★★ ·   ·     $236.090000  +3.13%  P:oi_building,vol_oi_surge
    5 H            6.0  ·   P★★ ·   ·     $  0.197770 -30.76%  P:funding_negative,vol_oi_surge
    6 BOND         6.0  I★★ ·   ·   ·     $  2.152000  +4.42%  I:vol_in_window,whale_candle
    7 HOLO         5.0  ·   ·   ·   T★★   $  0.065430  +7.73%  T:score=134
    8 BLUAI        5.0  ·   ·   ·   T★★   $  0.014000  +2.54%  T:score=135
    9 GPS          5.0  ·   ·   ·   T★★   $  0.009351  +0.82%  T:score=133
   10 BSB          5.0  ·   ·   ·   T★★   $  0.536400  +8.74%  T:score=132
   11 RUNE         5.0  ·   ·   ·   T★★   $  0.411100  +2.05%  T:score=138
   12 AERO         5.0  ·   ·   ·   T★★   $  0.470400  +1.03%  T:score=146
   13 VELODROME    5.0  ·   ·   ·   T★★   $  0.018561  +1.20%  T:score=138
   14 TRUTH        5.0  ·   ·   ·   T★★   $  0.013390  +2.76%  T:score=143
   15 EPIC         5.0  ·   ·   ·   T★★   $  0.636300  +5.21%  T:score=140
   16 BANANAS31    5.0  ·   ·   ·   T★★   $  0.009971  +8.46%  T:score=131
   17 UNI          5.0  ·   ·   ·   T★★   $  3.289000  -0.25%  T:score=130
   18 WLD          5.0  ·   ·   ·   T★★   $  0.675000  -2.93%  T:score=137
   19 PARTI        5.0  ·   ·   ·   T★★   $  0.061510  -1.52%  T:score=144
   20 ETHFI        5.0  ·   ·   ·   T★★   $  0.339300  +8.47%  T:score=139
   21 KAS          4.0  ·   P★  ·   T·    $  0.032450  -3.76%  P:funding_negative,btc_decoupling_1h
   22 XAU          4.0  ·   P★  ·   T·   $4333.100000  -1.90%  P:oi_building,vol_oi_surge
   23 MON          4.0  ·   P★  ·   T·    $  0.023042  -5.37%  P:funding_negative,btc_decoupling_1h
   24 HIGH         4.0  ·   P★  ·   T·    $  0.042320  +1.06%  P:vol_oi_surge,btc_decoupling_1h
   25 CHZ          3.0  ·   P★  ·   ·     $  0.023730  -2.51%  P:funding_negative,btc_decoupling_1h
   26 EVAA         3.0  ·   ·   ·   T★    $  0.718100  -9.76%  T:score=115
   27 ATH          3.0  ·   P★  ·   ·     $  0.004873  -0.16%  P:funding_negative,btc_decoupling_1h
   28 GRASS        3.0  ·   ·   ·   T★    $  0.451160  +0.61%  T:score=129
   29 MDX          3.0  I★  ·   ·   ·     $  0.034500 +13.52%  I:vol_in_window,whale_candle
   30 PYTH         3.0  ·   ·   ·   T★    $  0.039140  -0.46%  T:score=112
  ... (139 more, see JSON)

────────────────────────────────────────────────────────────────────────────────
  EXTENDED  —  15 coin(s)  (already up >15% in 24h — entry likely late)
────────────────────────────────────────────────────────────────────────────────
  #   Symbol      Conf  IGN PRP SPT TRD         Price    24h%  Original bucket / Signals
  ------------------------------------------------------------------------------
    1 CREAM        6.0  I★★ ·   ·   ·     $  2.100000 +65.35%  would-be: SINGLE_SCANNER
    2 PNT          3.0  I★  ·   ·   ·     $  0.035000 +45.23%  would-be: SINGLE_SCANNER
    3 TAC          3.0  ·   ·   ·   T★    $  0.015986 +39.76%  would-be: SINGLE_SCANNER
    4 ESPORTS      4.0  I★  ·   ·   T·    $  0.069040 +39.15%  would-be: SINGLE_SCANNER
    5 MITO         6.0  I★  ·   ·   T★    $  0.021500 +35.58%  would-be: STRONG_SETUP
    6 MAGMA        5.0  ·   ·   ·   T★★   $  0.378160 +33.46%  would-be: SINGLE_SCANNER
    7 US           5.0  ·   ·   ·   T★★   $  0.012570 +29.28%  would-be: SINGLE_SCANNER
    8 XPL         11.0  I★  P★  ·   T★★   $  0.091340 +26.50%  would-be: CONVERGENCE
    9 1000TAG      6.0  I★  ·   ·   T★    $  1.028100 +22.48%  would-be: STRONG_SETUP
   10 AT           5.0  ·   ·   ·   T★★   $  0.132600 +22.16%  would-be: SINGLE_SCANNER
   11 ZEREBRO      3.0  ·   ·   ·   T★    $  0.022663 +21.66%  would-be: SINGLE_SCANNER
   12 FOLKS        5.0  ·   ·   ·   T★★   $  1.940000 +19.94%  would-be: SINGLE_SCANNER
   13 ID          12.0  I★  P★★ ·   T★    $  0.027530 +19.35%  would-be: CONVERGENCE
   14 BP           5.0  ·   ·   ·   T★★   $  0.386290 +18.43%  would-be: SINGLE_SCANNER
   15 BIO          5.0  ·   ·   ·   T★★   $  0.030490 +16.24%  would-be: SINGLE_SCANNER

════════════════════════════════════════════════════════════════════════════════
2026-06-17 21:19:12,535 [INFO]   Saved → master_radar_LATEST.txt, master_radar_LATEST.json, master_radar_20260617_211912.txt
2026-06-17 21:19:12,535 [INFO] ================================================================
