2026-06-16 10:18:51,485 [INFO] ================================================================
2026-06-16 10:18:51,485 [INFO] MASTER RADAR v3.0  (Phase 5 orchestrator)
2026-06-16 10:18:51,485 [INFO] ================================================================
2026-06-16 10:18:51,486 [INFO] Phase 1/2: running scanners
2026-06-16 10:18:51,486 [INFO] ================================================================
2026-06-16 10:18:51,486 [INFO]   (spot_scanner not auto-run — pass --include-spot to enable)
2026-06-16 10:18:51,486 [INFO] ================================================================
2026-06-16 10:18:51,493 [INFO]   Running ignition_scanner ...  (output streams below)
2026-06-16 10:18:51,493 [INFO]   ────────────────────────────────────────────────────────────
2026-06-16 10:22:59,194 [INFO]   ────────────────────────────────────────────────────────────
2026-06-16 10:22:59,197 [INFO]   [OK]   ignition_scanner finished in 247.7s
2026-06-16 10:22:59,202 [INFO]   Running perp_scanner ...  (output streams below)
2026-06-16 10:22:59,202 [INFO]   ────────────────────────────────────────────────────────────
2026-06-16 10:23:01,702 [INFO]   ────────────────────────────────────────────────────────────
2026-06-16 10:23:01,702 [INFO]   [OK]   perp_scanner finished in 2.5s
2026-06-16 10:23:01,705 [INFO]   Running trend_scanner ...  (output streams below)
2026-06-16 10:23:01,706 [INFO]   ────────────────────────────────────────────────────────────
2026-06-16 10:32:30,052 [INFO]   ────────────────────────────────────────────────────────────
2026-06-16 10:32:30,055 [INFO]   [OK]   trend_scanner finished in 568.3s
2026-06-16 10:32:30,056 [INFO] ================================================================
2026-06-16 10:32:30,056 [INFO] Scanner subprocess summary:
2026-06-16 10:32:30,058 [INFO]   ignition   ✓ OK                 elapsed=247.7s
2026-06-16 10:32:30,058 [INFO]   perp       ✓ OK                 elapsed=2.5s
2026-06-16 10:32:30,058 [INFO]   trend      ✓ OK                 elapsed=568.3s
2026-06-16 10:32:30,058 [INFO] ================================================================
2026-06-16 10:32:30,060 [INFO] Phase 2/2: orchestrating
2026-06-16 10:32:30,060 [INFO] ================================================================
2026-06-16 10:32:30,103 [INFO]   Loaded: ignition=✓  perp=✓  spot=✓  trend=✓
2026-06-16 10:32:30,104 [INFO]   Coins per scanner: ignition=67  perp=31  spot=0  trend=140
2026-06-16 10:32:30,105 [INFO]   Regime: bull  BTC 7d: 5.14  spot stay-out: True
2026-06-16 10:32:30,110 [INFO] 
════════════════════════════════════════════════════════════════════════════════
  MASTER RADAR  v3.0  —  cross-scanner confluence
  Generated  : 2026-06-16 10:32:30    |    Orchestration time: 818.6s
════════════════════════════════════════════════════════════════════════════════

  Regime    : 🟢 BULL    BTC 7d +5.14%  |  24h +0.89%

  ┌──────────────────────────────────────────────────────────────────┐
  │  ⚠️  SPOT SCANNER SAYS STAY IN USDT                                │
  │     0 setups passed spot's regime-aware filter.                  │
  │     Trend coins below may still be valid, but reduce aggression. │
  └──────────────────────────────────────────────────────────────────┘

  Universe  : 194 coins surfaced across scanners
  Buckets   : 2 CONVERGENCE  |  25 STRONG SETUP  |  153 SINGLE-SCANNER  |  14 EXTENDED (24h>15%)

  Scanner badges: I=Ignition  P=Perp  S=Spot  T=Trend
                   ★★=top tier  ★=lower tier  ·=watch (trend only)

────────────────────────────────────────────────────────────────────────────────
  CONVERGENCE  —  2 coin(s)  (≥3 scanners agreeing, confluence ≥10)
────────────────────────────────────────────────────────────────────────────────

  [ 1] ORCA        conf= 11.0  scanners=3/4   I★   P★     ·    T★★    $1.139000  24h=+5.71%  vol=$5.7M
       → I:[vol_expansion, whale_candle, rsi_reset +3]  |  P:[funding_negative, vol_oi_surge]  |  T:[score=141, ST=6/6]
       Plan (trend): entry $1.139000  |  stop $0.984457 -13.57%  |  TPs: $1.370814, $1.602629, $1.911714

  [ 2] WLD         conf= 11.0  scanners=3/4   I★   P★     ·    T★★    $0.586900  24h=+10.35%  vol=$285.0M
       → I:[vol_in_window, vol_expansion, whale_candle +4]  |  P:[oi_building, vol_oi_surge]  |  T:[score=153, ST=6/6]
       Plan (trend): entry $0.586900  |  stop $0.498865 -15.00%  |  TPs: $0.718952, $0.851005, $1.027075

────────────────────────────────────────────────────────────────────────────────
  STRONG SETUP  —  25 coin(s)  (≥2 scanners, confluence ≥6)
────────────────────────────────────────────────────────────────────────────────

  [ 1] KAS         conf= 11.0  scanners=2/4   I★★    ·      ·    T★★    $0.032990  24h=+4.13%  vol=$4.0M
       → I:[vol_in_window, whale_candle, rsi_divergence +4]  |  T:[score=137, ST=5/6]
       Plan (trend): entry $0.032990  |  stop $0.029524 -10.51%  |  TPs: $0.038189, $0.043388, $0.050320

  [ 2] MON         conf=  9.0  scanners=3/4   I★   P★     ·    T★     $0.022581  24h=+3.28%  vol=$3.0M
       → I:[obv_stealth_accum, obv_divergence, rsi_divergence +4]  |  P:[oi_building, funding_negative]  |  T:[score=124, ST=3/6]
       Plan (trend): entry $0.022581  |  stop $0.019815 -12.25%  |  TPs: $0.026730, $0.030880, $0.036412

  [ 3] COAI        conf=  9.0  scanners=2/4   I★★    ·      ·    T★     $0.320700  24h=+4.34%  vol=$4.9M
       → I:[bb_squeeze, obv_divergence, rsi_divergence +4]  |  T:[score=118, ST=3/6]
       Plan (trend): entry $0.320700  |  stop $0.272595 -15.00%  |  TPs: $0.392858, $0.465015, $0.561225

  [ 4] WAVES       conf=  9.0  scanners=2/4     ·    P★★    ·    T★     $0.271200  24h=+9.00%  vol=$4.0M
       → P:[oi_building, funding_negative, vol_oi_surge]  |  T:[score=126, ST=5/6]
       Plan (trend): entry $0.271200  |  stop $0.231975 -14.46%  |  TPs: $0.330037, $0.388875, $0.467325

  [ 5] SENT        conf=  8.0  scanners=2/4   I★     ·      ·    T★★    $0.015003  24h=+10.41%  vol=$1.5M
       → I:[vol_in_window, vol_expansion, rsi_divergence +3]  |  T:[score=134, ST=6/6]
       Plan (trend): entry $0.015003  |  stop $0.012753 -15.00%  |  TPs: $0.018379, $0.021754, $0.026255

  [ 6] NEAR        conf=  8.0  scanners=2/4   I★     ·      ·    T★★    $2.391800  24h=+5.04%  vol=$174.0M
       → I:[obv_stealth_accum, rsi_divergence, rsi_reset +2]  |  T:[score=140, ST=4/6]
       Plan (trend): entry $2.391800  |  stop $2.033030 -15.00%  |  TPs: $2.929955, $3.468110, $4.185650

  [ 7] FIDA        conf=  8.0  scanners=2/4   I★     ·      ·    T★★    $0.024962  24h=+5.73%  vol=$6.3M
       → I:[obv_stealth_accum, rsi_divergence, rsi_reset +3]  |  T:[score=132, ST=5/6]
       Plan (trend): entry $0.024962  |  stop $0.021218 -15.00%  |  TPs: $0.030578, $0.036195, $0.043684

  [ 8] BASED       conf=  8.0  scanners=2/4     ·    P★     ·    T★★    $0.078590  24h=+9.91%  vol=$6.4M
       → P:[oi_building, vol_oi_surge]  |  T:[score=144, ST=5/6]
       Plan (trend): entry $0.078590  |  stop $0.066801 -15.00%  |  TPs: $0.096273, $0.113956, $0.137533

  [ 9] GPS         conf=  8.0  scanners=2/4     ·    P★     ·    T★★    $0.009181  24h=+1.77%  vol=$4.0M
       → P:[oi_building, vol_oi_surge]  |  T:[score=144, ST=6/6]
       Plan (trend): entry $0.009181  |  stop $0.007804 -15.00%  |  TPs: $0.011247, $0.013312, $0.016067

  [10] B           conf=  7.0  scanners=2/4   I★★    ·      ·    T·     $0.251510  24h=+4.24%  vol=$1.8M
       → I:[vol_expansion, whale_candle, rsi_divergence +4]  |  T:[score=81, ST=2/6]

  [11] B3          conf=  7.0  scanners=2/4     ·    P★★    ·    T·     $0.000610  24h=-2.95%  vol=$1.6M
       → P:[oi_building, funding_negative, vol_oi_surge]  |  T:[score=99, ST=3/6]

  [12] MIRA        conf=  7.0  scanners=2/4     ·    P★★    ·    T·     $0.055370  24h=-2.58%  vol=$2.6M
       → P:[oi_building, funding_negative, vol_oi_surge]  |  T:[score=74, ST=1/6]

  [13] WCT         conf=  7.0  scanners=2/4   I★★    ·      ·    T·     $0.047330  24h=-0.75%  vol=$2.3M
       → I:[obv_stealth_accum, obv_divergence, rsi_divergence +3]  |  T:[score=86, ST=2/6]

  [14] SOXL        conf=  6.0  scanners=2/4   I★   P★     ·      ·      $278.800000  24h=+4.52%  vol=$22.6M
       → I:[whale_candle, obv_stealth_accum, rsi_reset +3]  |  P:[oi_building, vol_oi_surge]

  [15] BOME        conf=  6.0  scanners=2/4     ·    P★     ·    T★     $0.000465  24h=+2.97%  vol=$2.0M
       → P:[funding_negative, vol_oi_surge]  |  T:[score=120, ST=3/6]
       Plan (trend): entry $0.000465  |  stop $0.000406 -12.62%  |  TPs: $0.000552, $0.000640, $0.000758

  [16] XAU         conf=  6.0  scanners=2/4     ·    P★     ·    T★     $4,319.030000  24h=-0.02%  vol=$54.0M
       → P:[oi_building, vol_oi_surge]  |  T:[score=120, ST=5/6]
       Plan (trend): entry $4319.030000  |  stop $4103.078500 -5.00%  |  TPs: $4642.957250, $4966.884500, $5398.787500

  [17] ONDO        conf=  6.0  scanners=2/4     ·    P★     ·    T★     $0.369900  24h=+1.32%  vol=$51.1M
       → P:[oi_building, funding_negative]  |  T:[score=120, ST=3/6]
       Plan (trend): entry $0.369900  |  stop $0.314415 -15.00%  |  TPs: $0.453128, $0.536355, $0.647325

  [18] RSR         conf=  6.0  scanners=2/4   I★     ·      ·    T★     $0.001478  24h=+2.64%  vol=$1.1M
       → I:[obv_stealth_accum, obv_divergence, rsi_divergence +2]  |  T:[score=127, ST=4/6]
       Plan (trend): entry $0.001478  |  stop $0.001327 -10.23%  |  TPs: $0.001704, $0.001931, $0.002233

  [19] PNUT        conf=  6.0  scanners=2/4   I★     ·      ·    T★     $0.045090  24h=+2.05%  vol=$1.5M
       → I:[obv_stealth_accum, obv_divergence, rsi_divergence +2]  |  T:[score=118, ST=3/6]
       Plan (trend): entry $0.045090  |  stop $0.039475 -12.45%  |  TPs: $0.053513, $0.061936, $0.073167

  [20] CLO         conf=  6.0  scanners=2/4     ·    P★     ·    T★     $0.204850  24h=-38.41%  vol=$23.1M
       → P:[oi_building, vol_oi_surge]  |  T:[score=119, ST=3/6]
       Plan (trend): entry $0.204850  |  stop $0.174123 -15.00%  |  TPs: $0.250941, $0.297032, $0.358488

  [21] IP          conf=  6.0  scanners=2/4   I★   P★     ·      ·      $0.315300  24h=+1.09%  vol=$10.5M
       → I:[obv_stealth_accum, obv_divergence, rsi_divergence +3]  |  P:[oi_building, funding_negative]

  [22] AAVE        conf=  6.0  scanners=2/4   I★     ·      ·    T★     $73.700000  24h=+2.46%  vol=$37.7M
       → I:[obv_stealth_accum, rsi_divergence, rsi_reset +2]  |  T:[score=126, ST=5/6]
       Plan (trend): entry $73.700000  |  stop $65.506786 -11.12%  |  TPs: $85.989821, $98.279643, $114.666071

  [23] BABY        conf=  6.0  scanners=2/4     ·    P★     ·    T★     $0.019554  24h=+6.94%  vol=$11.9M
       → P:[oi_building, vol_oi_surge]  |  T:[score=122, ST=5/6]
       Plan (trend): entry $0.019554  |  stop $0.016621 -15.00%  |  TPs: $0.023954, $0.028353, $0.034219

  [24] S           conf=  6.0  scanners=2/4   I★     ·      ·    T★     $0.032700  24h=+1.95%  vol=$1.1M
       → I:[whale_candle, obv_stealth_accum, obv_divergence +3]  |  T:[score=119, ST=4/6]
       Plan (trend): entry $0.032700  |  stop $0.028497 -12.85%  |  TPs: $0.039005, $0.045310, $0.053716

  [25] ENA         conf=  6.0  scanners=2/4     ·    P★     ·    T★     $0.085410  24h=+2.17%  vol=$72.1M
       → P:[oi_building, funding_negative]  |  T:[score=120, ST=4/6]
       Plan (trend): entry $0.085410  |  stop $0.072598 -15.00%  |  TPs: $0.104627, $0.123844, $0.149468

────────────────────────────────────────────────────────────────────────────────
  SINGLE-SCANNER  —  153 coin(s)  (only one scanner surfaced — early but unconfirmed)
────────────────────────────────────────────────────────────────────────────────
  #   Symbol      Conf  IGN PRP SPT TRD         Price    24h%  Signals snapshot
  ------------------------------------------------------------------------------
    1 DRAM         6.0  I★★ ·   ·   ·     $ 72.570000  +5.45%  I:whale_candle,obv_stealth_accum
    2 NEO          6.0  I★★ ·   ·   ·     $  2.315000  +2.49%  I:whale_candle,obv_stealth_accum
    3 AWE          6.0  I★★ ·   ·   ·     $  0.054700  +0.76%  I:vol_in_window,vol_expansion
    4 BOND         6.0  I★★ ·   ·   ·     $  2.152000  +4.42%  I:vol_in_window,whale_candle
    5 WBETH        6.0  I★★ ·   ·   ·    $1979.540000  +3.98%  I:whale_candle,obv_stealth_accum
    6 ETH          6.0  I★★ ·   ·   ·    $1802.150000  +3.95%  I:obv_stealth_accum,obv_divergence
    7 TOMO         6.0  I★★ ·   ·   ·     $  1.381900  +3.22%  I:vol_in_window,vol_expansion
    8 QCOM         6.0  I★★ ·   ·   ·     $229.610000  +3.26%  I:vol_in_window,vol_expansion
    9 HAEDAL       6.0  I★★ ·   ·   ·     $  0.020080  +1.83%  I:vol_in_window,vol_expansion
   10 CVX          6.0  I★★ ·   ·   ·     $  1.427000  +4.69%  I:vol_in_window,whale_candle
   11 MUB          6.0  I★★ ·   ·   ·    $1131.360000  +5.98%  I:vol_in_window,whale_candle
   12 AKT          5.0  ·   ·   ·   T★★   $  0.822100  -1.63%  T:score=147
   13 MMT          5.0  ·   ·   ·   T★★   $  0.127910  +3.90%  T:score=131
   14 AERO         5.0  ·   ·   ·   T★★   $  0.426800 +13.91%  T:score=148
   15 GRASS        5.0  ·   ·   ·   T★★   $  0.461810  +2.86%  T:score=141
   16 JCT          5.0  ·   ·   ·   T★★   $  0.006498  +0.20%  T:score=148
   17 TAO          5.0  ·   ·   ·   T★★   $266.270000  -0.53%  T:score=133
   18 CAKE         5.0  ·   ·   ·   T★★   $  1.402800  +2.01%  T:score=133
   19 ZEC          5.0  ·   ·   ·   T★★   $518.460000  +5.96%  T:score=139
   20 LIT          5.0  ·   ·   ·   T★★   $  1.687900  +7.47%  T:score=164
   21 XPL          5.0  ·   ·   ·   T★★   $  0.090110  +5.41%  T:score=141
   22 CRV          5.0  ·   ·   ·   T★★   $  0.238300  +3.59%  T:score=135
   23 VELODROME    5.0  ·   ·   ·   T★★   $  0.016303 +13.07%  T:score=151
   24 TRUTH        5.0  ·   ·   ·   T★★   $  0.014124  +4.22%  T:score=133
   25 UAI          5.0  ·   ·   ·   T★★   $  0.327980 -11.49%  T:score=146
   26 IO           5.0  ·   ·   ·   T★★   $  0.178020  -5.33%  T:score=130
   27 ARKM         5.0  ·   ·   ·   T★★   $  0.133060  +0.49%  T:score=132
   28 HYPE         5.0  ·   ·   ·   T★★   $ 66.859000 +11.60%  T:score=142
   29 EIGEN        5.0  ·   ·   ·   T★★   $  0.214520  +4.38%  T:score=132
   30 FOLKS        5.0  ·   ·   ·   T★★   $  2.012500 +11.13%  T:score=138
  ... (123 more, see JSON)

────────────────────────────────────────────────────────────────────────────────
  EXTENDED  —  14 coin(s)  (already up >15% in 24h — entry likely late)
────────────────────────────────────────────────────────────────────────────────
  #   Symbol      Conf  IGN PRP SPT TRD         Price    24h%  Original bucket / Signals
  ------------------------------------------------------------------------------
    1 ROAM        11.0  ·   P★★ ·   T★★   $  0.011151 +96.10%  would-be: STRONG_SETUP
    2 BSB          5.0  ·   ·   ·   T★★   $  0.361700 +71.03%  would-be: SINGLE_SCANNER
    3 CREAM        6.0  I★★ ·   ·   ·     $  2.100000 +65.35%  would-be: SINGLE_SCANNER
    4 BR           9.0  I★★ ·   ·   T★    $  0.111890 +46.11%  would-be: STRONG_SETUP
    5 HANA         8.0  ·   P★  ·   T★★   $  0.039695 +34.34%  would-be: STRONG_SETUP
    6 VELVET       4.0  I★  ·   ·   T·    $  0.370800 +30.30%  would-be: SINGLE_SCANNER
    7 SPACE       12.0  I★  P★★ ·   T★    $  0.006639 +25.55%  would-be: CONVERGENCE
    8 JTO         11.0  I★  P★  ·   T★★   $  0.729200 +23.98%  would-be: CONVERGENCE
    9 SPCX         3.0  ·   P★  ·   ·     $212.600000 +23.63%  would-be: SINGLE_SCANNER
   10 EPIC         3.0  I★  ·   ·   ·     $  0.576900 +18.80%  would-be: SINGLE_SCANNER
   11 XLM          8.0  ·   P★  ·   T★★   $  0.213590 +17.24%  would-be: STRONG_SETUP
   12 ALLO         3.0  ·   ·   ·   T★    $  0.364600 +16.97%  would-be: SINGLE_SCANNER
   13 ALCH         5.0  ·   ·   ·   T★★   $  0.074470 +16.34%  would-be: SINGLE_SCANNER
   14 SPX         11.0  ·   P★★ ·   T★★   $  0.339800 +16.18%  would-be: STRONG_SETUP

════════════════════════════════════════════════════════════════════════════════
2026-06-16 10:32:30,144 [INFO]   Saved → master_radar_LATEST.txt, master_radar_LATEST.json, master_radar_20260616_103230.txt
2026-06-16 10:32:30,144 [INFO] ================================================================
2026-06-16 13:23:55,775 [INFO] ================================================================
2026-06-16 13:23:55,778 [INFO] MASTER RADAR v3.0  (Phase 5 orchestrator)
2026-06-16 13:23:55,779 [INFO] ================================================================
2026-06-16 13:23:55,779 [INFO] Phase 1/2: running scanners
2026-06-16 13:23:55,780 [INFO] ================================================================
2026-06-16 13:23:55,780 [INFO]   (spot_scanner not auto-run — pass --include-spot to enable)
2026-06-16 13:23:55,781 [INFO] ================================================================
2026-06-16 13:23:55,786 [INFO]   Running ignition_scanner ...  (output streams below)
2026-06-16 13:23:55,788 [INFO]   ────────────────────────────────────────────────────────────
2026-06-16 13:28:29,743 [INFO]   ────────────────────────────────────────────────────────────
2026-06-16 13:28:29,746 [INFO]   [OK]   ignition_scanner finished in 274.0s
2026-06-16 13:28:29,750 [INFO]   Running perp_scanner ...  (output streams below)
2026-06-16 13:28:29,750 [INFO]   ────────────────────────────────────────────────────────────
2026-06-16 13:28:32,257 [INFO]   ────────────────────────────────────────────────────────────
2026-06-16 13:28:32,257 [INFO]   [OK]   perp_scanner finished in 2.5s
2026-06-16 13:28:32,264 [INFO]   Running trend_scanner ...  (output streams below)
2026-06-16 13:28:32,264 [INFO]   ────────────────────────────────────────────────────────────
2026-06-16 13:37:31,046 [INFO]   ────────────────────────────────────────────────────────────
2026-06-16 13:37:31,050 [INFO]   [OK]   trend_scanner finished in 538.8s
2026-06-16 13:37:31,051 [INFO] ================================================================
2026-06-16 13:37:31,051 [INFO] Scanner subprocess summary:
2026-06-16 13:37:31,054 [INFO]   ignition   ✓ OK                 elapsed=274.0s
2026-06-16 13:37:31,055 [INFO]   perp       ✓ OK                 elapsed=2.5s
2026-06-16 13:37:31,055 [INFO]   trend      ✓ OK                 elapsed=538.8s
2026-06-16 13:37:31,055 [INFO] ================================================================
2026-06-16 13:37:31,056 [INFO] Phase 2/2: orchestrating
2026-06-16 13:37:31,056 [INFO] ================================================================
2026-06-16 13:37:31,109 [INFO]   Loaded: ignition=✓  perp=✓  spot=✓  trend=✓
2026-06-16 13:37:31,112 [INFO]   Coins per scanner: ignition=59  perp=23  spot=0  trend=144
2026-06-16 13:37:31,113 [INFO]   Regime: bull  BTC 7d: 5.14  spot stay-out: True
2026-06-16 13:37:31,119 [INFO] 
════════════════════════════════════════════════════════════════════════════════
  MASTER RADAR  v3.0  —  cross-scanner confluence
  Generated  : 2026-06-16 13:37:31    |    Orchestration time: 815.3s
════════════════════════════════════════════════════════════════════════════════

  Regime    : 🟢 BULL    BTC 7d +5.14%  |  24h +0.89%

  ┌──────────────────────────────────────────────────────────────────┐
  │  ⚠️  SPOT SCANNER SAYS STAY IN USDT                                │
  │     0 setups passed spot's regime-aware filter.                  │
  │     Trend coins below may still be valid, but reduce aggression. │
  └──────────────────────────────────────────────────────────────────┘

  Universe  : 193 coins surfaced across scanners
  Buckets   : 3 CONVERGENCE  |  15 STRONG SETUP  |  160 SINGLE-SCANNER  |  15 EXTENDED (24h>15%)

  Scanner badges: I=Ignition  P=Perp  S=Spot  T=Trend
                   ★★=top tier  ★=lower tier  ·=watch (trend only)

────────────────────────────────────────────────────────────────────────────────
  CONVERGENCE  —  3 coin(s)  (≥3 scanners agreeing, confluence ≥10)
────────────────────────────────────────────────────────────────────────────────

  [ 1] ORCA        conf= 11.0  scanners=3/4   I★   P★     ·    T★★    $1.139000  24h=+4.63%  vol=$5.8M
       → I:[vol_expansion, whale_candle, rsi_reset +3]  |  P:[funding_negative, vol_oi_surge]  |  T:[score=137, ST=6/6]
       Plan (trend): entry $1.139000  |  stop $0.984457 -13.57%  |  TPs: $1.370814, $1.602629, $1.911714

  [ 2] ROSE        conf= 11.0  scanners=3/4   I★   P★     ·    T★★    $0.006925  24h=+7.90%  vol=$3.3M
       → I:[vol_in_window, vol_expansion, whale_candle +5]  |  P:[oi_building, funding_negative, vol_oi_surge]  |  T:[score=134, ST=5/6]
       Plan (trend): entry $0.006925  |  stop $0.006042 -12.75%  |  TPs: $0.008249, $0.009574, $0.011340

  [ 3] SPX         conf= 11.0  scanners=3/4   I★   P★     ·    T★★    $0.339800  24h=+11.22%  vol=$41.4M
       → I:[vol_in_window, vol_expansion, rsi_reset +4]  |  P:[funding_negative, vol_oi_surge]  |  T:[score=137, ST=5/6]
       Plan (trend): entry $0.339800  |  stop $0.294521 -13.33%  |  TPs: $0.407718, $0.475636, $0.566193

────────────────────────────────────────────────────────────────────────────────
  STRONG SETUP  —  15 coin(s)  (≥2 scanners, confluence ≥6)
────────────────────────────────────────────────────────────────────────────────

  [ 1] INJ         conf=  8.0  scanners=2/4     ·    P★     ·    T★★    $5.575000  24h=+8.88%  vol=$30.6M
       → P:[oi_building, funding_negative]  |  T:[score=131, ST=5/6]
       Plan (trend): entry $5.575000  |  stop $4.738750 -15.00%  |  TPs: $6.829375, $8.083750, $9.756250

  [ 2] PUFFER      conf=  8.0  scanners=2/4     ·    P★     ·    T★★    $0.018510  24h=+0.39%  vol=$5.3M
       → P:[funding_negative, vol_oi_surge]  |  T:[score=138, ST=6/6]
       Plan (trend): entry $0.018510  |  stop $0.015734 -15.00%  |  TPs: $0.022675, $0.026839, $0.032392

  [ 3] SENT        conf=  8.0  scanners=2/4   I★     ·      ·    T★★    $0.015003  24h=+11.13%  vol=$2.3M
       → I:[vol_expansion, rsi_divergence, rsi_reset +3]  |  T:[score=139, ST=6/6]
       Plan (trend): entry $0.015003  |  stop $0.012753 -15.00%  |  TPs: $0.018379, $0.021754, $0.026255

  [ 4] KAS         conf=  8.0  scanners=2/4   I★     ·      ·    T★★    $0.032990  24h=+1.56%  vol=$3.8M
       → I:[vol_in_window, vol_expansion, whale_candle +4]  |  T:[score=138, ST=5/6]
       Plan (trend): entry $0.032990  |  stop $0.029524 -10.51%  |  TPs: $0.038189, $0.043388, $0.050320

  [ 5] UAI         conf=  8.0  scanners=2/4     ·    P★     ·    T★★    $0.327980  24h=-5.67%  vol=$7.6M
       → P:[oi_building, vol_oi_surge]  |  T:[score=155, ST=6/6]
       Plan (trend): entry $0.327980  |  stop $0.278783 -15.00%  |  TPs: $0.401776, $0.475571, $0.573965

  [ 6] UNI         conf=  8.0  scanners=2/4   I★     ·      ·    T★★    $2.843000  24h=+13.17%  vol=$48.0M
       → I:[vol_in_window, vol_expansion, obv_stealth_accum +3]  |  T:[score=134, ST=5/6]
       Plan (trend): entry $2.843000  |  stop $2.574179 -9.46%  |  TPs: $3.246232, $3.649464, $4.187107

  [ 7] MON         conf=  8.0  scanners=2/4   I★     ·      ·    T★★    $0.022581  24h=+5.16%  vol=$3.2M
       → I:[obv_divergence, rsi_divergence, rsi_reset +3]  |  T:[score=131, ST=5/6]
       Plan (trend): entry $0.022581  |  stop $0.019815 -12.25%  |  TPs: $0.026730, $0.030880, $0.036412

  [ 8] ZEC         conf=  8.0  scanners=2/4   I★     ·      ·    T★★    $518.460000  24h=-2.82%  vol=$249.7M
       → I:[bb_squeeze, obv_stealth_accum, rsi_divergence +2]  |  T:[score=134, ST=5/6]
       Plan (trend): entry $518.460000  |  stop $440.691000 -15.00%  |  TPs: $635.113500, $751.767000, $907.305000

  [ 9] BASED       conf=  8.0  scanners=2/4     ·    P★     ·    T★★    $0.078590  24h=+3.18%  vol=$6.2M
       → P:[oi_building, vol_oi_surge]  |  T:[score=137, ST=5/6]
       Plan (trend): entry $0.078590  |  stop $0.066801 -15.00%  |  TPs: $0.096273, $0.113956, $0.137533

  [10] XLM         conf=  8.0  scanners=2/4     ·    P★     ·    T★★    $0.213590  24h=+12.71%  vol=$157.6M
       → P:[oi_building, vol_oi_surge]  |  T:[score=132, ST=5/6]
       Plan (trend): entry $0.213590  |  stop $0.184080 -13.82%  |  TPs: $0.257856, $0.302121, $0.361142

  [11] ID          conf=  7.0  scanners=3/4   I★   P★     ·    T·     $0.027240  24h=+0.36%  vol=$2.7M
       → I:[vol_in_window, vol_expansion, rsi_divergence +4]  |  P:[oi_building, funding_negative]  |  T:[score=87, ST=4/6]

  [12] 1000FLOKI   conf=  6.0  scanners=2/4   I★     ·      ·    T★     $0.026280  24h=+0.30%  vol=$2.2M
       → I:[obv_divergence, rsi_divergence, rsi_reset +2]  |  T:[score=118, ST=3/6]
       Plan (trend): entry $0.026280  |  stop $0.023690 -9.85%  |  TPs: $0.030164, $0.034049, $0.039228

  [13] PNUT        conf=  6.0  scanners=2/4   I★     ·      ·    T★     $0.045090  24h=+0.09%  vol=$1.4M
       → I:[obv_stealth_accum, obv_divergence, rsi_divergence +1]  |  T:[score=118, ST=3/6]
       Plan (trend): entry $0.045090  |  stop $0.039475 -12.45%  |  TPs: $0.053513, $0.061936, $0.073167

  [14] FIDA        conf=  6.0  scanners=2/4     ·    P★     ·    T★     $0.024962  24h=+3.91%  vol=$6.3M
       → P:[funding_negative, vol_oi_surge]  |  T:[score=130, ST=5/6]
       Plan (trend): entry $0.024962  |  stop $0.021218 -15.00%  |  TPs: $0.030578, $0.036195, $0.043684

  [15] ENJ         conf=  6.0  scanners=2/4     ·    P★     ·    T★     $0.031531  24h=+4.60%  vol=$2.6M
       → P:[oi_building, funding_negative]  |  T:[score=126, ST=5/6]
       Plan (trend): entry $0.031531  |  stop $0.027437 -12.98%  |  TPs: $0.037672, $0.043813, $0.052002

────────────────────────────────────────────────────────────────────────────────
  SINGLE-SCANNER  —  160 coin(s)  (only one scanner surfaced — early but unconfirmed)
────────────────────────────────────────────────────────────────────────────────
  #   Symbol      Conf  IGN PRP SPT TRD         Price    24h%  Signals snapshot
  ------------------------------------------------------------------------------
    1 BOND         6.0  I★★ ·   ·   ·     $  2.152000  +4.42%  I:vol_in_window,whale_candle
    2 TOMO         6.0  I★★ ·   ·   ·     $  1.381900  +3.22%  I:vol_in_window,vol_expansion
    3 AT           6.0  I★★ ·   ·   ·     $  0.132170  -5.89%  I:bb_squeeze,vol_in_window
    4 QQQ          6.0  I★★ ·   ·   ·     $746.540000  +0.97%  I:whale_candle,obv_stealth_accum
    5 HAEDAL       6.0  I★★ ·   ·   ·     $  0.019790  +0.56%  I:vol_in_window,vol_expansion
    6 USELESS      5.0  ·   ·   ·   T★★   $  0.074720  +6.41%  T:score=142
    7 ARKM         5.0  ·   ·   ·   T★★   $  0.133060  +1.62%  T:score=138
    8 MMT          5.0  ·   ·   ·   T★★   $  0.127910  +3.69%  T:score=133
    9 JCT          5.0  ·   ·   ·   T★★   $  0.006498  +3.67%  T:score=136
   10 JUP          5.0  ·   ·   ·   T★★   $  0.191200  +4.74%  T:score=133
   11 LIT          5.0  ·   ·   ·   T★★   $  1.687900  +4.76%  T:score=161
   12 ORDI         5.0  ·   ·   ·   T★★   $  3.380000  -0.34%  T:score=130
   13 EVAA         5.0  ·   ·   ·   T★★   $  1.272000 -33.48%  T:score=130
   14 OPEN         5.0  ·   ·   ·   T★★   $  0.236410  +2.51%  T:score=139
   15 KMNO         5.0  ·   ·   ·   T★★   $  0.018060  +3.49%  T:score=136
   16 XPL          5.0  ·   ·   ·   T★★   $  0.090110  +4.26%  T:score=139
   17 AKT          5.0  ·   ·   ·   T★★   $  0.822100  +3.08%  T:score=148
   18 WLD          5.0  ·   ·   ·   T★★   $  0.586900  +5.85%  T:score=156
   19 MEME         5.0  ·   ·   ·   T★★   $  0.000610  +7.28%  T:score=158
   20 GPS          5.0  ·   ·   ·   T★★   $  0.009181  +4.03%  T:score=145
   21 IO           5.0  ·   ·   ·   T★★   $  0.178020  -0.20%  T:score=145
   22 EIGEN        5.0  ·   ·   ·   T★★   $  0.214520  +2.78%  T:score=141
   23 US           5.0  ·   ·   ·   T★★   $  0.014476 -11.64%  T:score=132
   24 NEAR         5.0  ·   ·   ·   T★★   $  2.391800  -1.42%  T:score=141
   25 CRV          5.0  ·   ·   ·   T★★   $  0.238300  +1.13%  T:score=132
   26 ENSO         5.0  ·   ·   ·   T★★   $  0.680100  +7.09%  T:score=136
   27 GRASS        5.0  ·   ·   ·   T★★   $  0.461810  +1.06%  T:score=148
   28 UMA          5.0  ·   ·   ·   T★★   $  0.425000  +8.23%  T:score=140
   29 HYPE         5.0  ·   ·   ·   T★★   $ 66.859000 +10.50%  T:score=147
   30 FHE          5.0  ·   ·   ·   T★★   $  0.024100  -1.15%  T:score=131
  ... (130 more, see JSON)

────────────────────────────────────────────────────────────────────────────────
  EXTENDED  —  15 coin(s)  (already up >15% in 24h — entry likely late)
────────────────────────────────────────────────────────────────────────────────
  #   Symbol      Conf  IGN PRP SPT TRD         Price    24h%  Original bucket / Signals
  ------------------------------------------------------------------------------
    1 CREAM        6.0  I★★ ·   ·   ·     $  2.100000 +65.35%  would-be: SINGLE_SCANNER
    2 BSB          5.0  ·   ·   ·   T★★   $  0.361700 +55.66%  would-be: SINGLE_SCANNER
    3 BR          14.0  I★★ P★  ·   T★★   $  0.111890 +50.73%  would-be: CONVERGENCE
    4 PORTAL      12.0  I★★ P★★ ·   ·     $  0.017139 +39.16%  would-be: STRONG_SETUP
    5 LAB          6.0  I★★ ·   ·   ·     $ 12.422000 +37.64%  would-be: SINGLE_SCANNER
    6 ROAM         5.0  ·   ·   ·   T★★   $  0.011151 +36.79%  would-be: SINGLE_SCANNER
    7 JTO          8.0  ·   P★  ·   T★★   $  0.729200 +34.65%  would-be: STRONG_SETUP
    8 SPACE        6.0  I★  ·   ·   T★    $  0.006639 +28.09%  would-be: STRONG_SETUP
    9 HANA         5.0  ·   ·   ·   T★★   $  0.039695 +27.82%  would-be: SINGLE_SCANNER
   10 EPIC         5.0  ·   ·   ·   T★★   $  0.495100 +24.72%  would-be: SINGLE_SCANNER
   11 VELVET       1.0  ·   ·   ·   T·    $  0.370800 +20.32%  would-be: SINGLE_SCANNER
   12 SPCX         3.0  ·   P★  ·   ·     $200.540000 +17.80%  would-be: SINGLE_SCANNER
   13 ALCH         5.0  ·   ·   ·   T★★   $  0.074470 +17.17%  would-be: SINGLE_SCANNER
   14 SYN          3.0  I★  ·   ·   ·     $  0.050100 +16.55%  would-be: SINGLE_SCANNER
   15 FOLKS        5.0  ·   ·   ·   T★★   $  2.012500 +16.00%  would-be: SINGLE_SCANNER

════════════════════════════════════════════════════════════════════════════════
2026-06-16 13:37:31,182 [INFO]   Saved → master_radar_LATEST.txt, master_radar_LATEST.json, master_radar_20260616_133731.txt
2026-06-16 13:37:31,183 [INFO] ================================================================
2026-06-16 14:26:40,706 [INFO] ================================================================
2026-06-16 14:26:40,710 [INFO] MASTER RADAR v3.0  (Phase 5 orchestrator)
2026-06-16 14:26:40,711 [INFO] ================================================================
2026-06-16 14:26:40,712 [INFO] Phase 1/2: running scanners
2026-06-16 14:26:40,713 [INFO] ================================================================
2026-06-16 14:26:40,714 [INFO]   (spot_scanner not auto-run — pass --include-spot to enable)
2026-06-16 14:26:40,715 [INFO] ================================================================
2026-06-16 14:26:40,720 [INFO]   Running ignition_scanner ...  (output streams below)
2026-06-16 14:26:40,721 [INFO]   ────────────────────────────────────────────────────────────
2026-06-16 14:27:25,235 [INFO]   ────────────────────────────────────────────────────────────
2026-06-16 14:27:25,242 [INFO]   [OK]   ignition_scanner finished in 44.5s
2026-06-16 14:27:25,247 [INFO]   Running perp_scanner ...  (output streams below)
2026-06-16 14:27:25,247 [INFO]   ────────────────────────────────────────────────────────────
2026-06-16 14:27:31,136 [INFO]   ────────────────────────────────────────────────────────────
2026-06-16 14:27:31,138 [INFO]   [OK]   perp_scanner finished in 5.9s
2026-06-16 14:27:31,142 [INFO]   Running trend_scanner ...  (output streams below)
2026-06-16 14:27:31,142 [INFO]   ────────────────────────────────────────────────────────────
2026-06-16 14:29:40,417 [INFO]   ────────────────────────────────────────────────────────────
2026-06-16 14:29:40,417 [INFO]   [OK]   trend_scanner finished in 129.3s
2026-06-16 14:29:40,422 [INFO] ================================================================
2026-06-16 14:29:40,422 [INFO] Scanner subprocess summary:
2026-06-16 14:29:40,422 [INFO]   ignition   ✓ OK                 elapsed=44.5s
2026-06-16 14:29:40,422 [INFO]   perp       ✓ OK                 elapsed=5.9s
2026-06-16 14:29:40,426 [INFO]   trend      ✓ OK                 elapsed=129.3s
2026-06-16 14:29:40,427 [INFO] ================================================================
2026-06-16 14:29:40,427 [INFO] Phase 2/2: orchestrating
2026-06-16 14:29:40,427 [INFO] ================================================================
2026-06-16 14:29:40,462 [INFO]   Loaded: ignition=✓  perp=✓  spot=✓  trend=✓
2026-06-16 14:29:40,462 [INFO]   Coins per scanner: ignition=59  perp=24  spot=0  trend=141
2026-06-16 14:29:40,467 [INFO]   Regime: bull  BTC 7d: 5.14  spot stay-out: True
2026-06-16 14:29:40,472 [INFO] 
════════════════════════════════════════════════════════════════════════════════
  MASTER RADAR  v3.0  —  cross-scanner confluence
  Generated  : 2026-06-16 14:29:40    |    Orchestration time: 179.8s
════════════════════════════════════════════════════════════════════════════════

  Regime    : 🟢 BULL    BTC 7d +5.14%  |  24h +0.89%

  ┌──────────────────────────────────────────────────────────────────┐
  │  ⚠️  SPOT SCANNER SAYS STAY IN USDT                                │
  │     0 setups passed spot's regime-aware filter.                  │
  │     Trend coins below may still be valid, but reduce aggression. │
  └──────────────────────────────────────────────────────────────────┘

  Universe  : 191 coins surfaced across scanners
  Buckets   : 2 CONVERGENCE  |  16 STRONG SETUP  |  159 SINGLE-SCANNER  |  14 EXTENDED (24h>15%)

  Scanner badges: I=Ignition  P=Perp  S=Spot  T=Trend
                   ★★=top tier  ★=lower tier  ·=watch (trend only)

────────────────────────────────────────────────────────────────────────────────
  CONVERGENCE  —  2 coin(s)  (≥3 scanners agreeing, confluence ≥10)
────────────────────────────────────────────────────────────────────────────────

  [ 1] ORCA        conf= 11.0  scanners=3/4   I★   P★     ·    T★★    $1.139000  24h=+1.72%  vol=$5.8M
       → I:[vol_expansion, whale_candle, rsi_reset +3]  |  P:[funding_negative, vol_oi_surge]  |  T:[score=137, ST=6/6]
       Plan (trend): entry $1.139000  |  stop $0.984457 -13.57%  |  TPs: $1.370814, $1.602629, $1.911714

  [ 2] SPX         conf= 11.0  scanners=3/4   I★   P★     ·    T★★    $0.339800  24h=+9.96%  vol=$42.0M
       → I:[vol_in_window, vol_expansion, rsi_reset +4]  |  P:[funding_negative, vol_oi_surge]  |  T:[score=137, ST=5/6]
       Plan (trend): entry $0.339800  |  stop $0.294521 -13.33%  |  TPs: $0.407718, $0.475636, $0.566193

────────────────────────────────────────────────────────────────────────────────
  STRONG SETUP  —  16 coin(s)  (≥2 scanners, confluence ≥6)
────────────────────────────────────────────────────────────────────────────────

  [ 1] WAVES       conf=  9.0  scanners=2/4     ·    P★★    ·    T★     $0.271200  24h=+3.74%  vol=$4.3M
       → P:[oi_building, funding_negative, vol_oi_surge]  |  T:[score=120, ST=5/6]
       Plan (trend): entry $0.271200  |  stop $0.231975 -14.46%  |  TPs: $0.330037, $0.388875, $0.467325

  [ 2] SENT        conf=  8.0  scanners=2/4   I★     ·      ·    T★★    $0.015003  24h=+11.39%  vol=$2.4M
       → I:[vol_expansion, rsi_divergence, rsi_reset +3]  |  T:[score=139, ST=6/6]
       Plan (trend): entry $0.015003  |  stop $0.012753 -15.00%  |  TPs: $0.018379, $0.021754, $0.026255

  [ 3] PUFFER      conf=  8.0  scanners=2/4     ·    P★     ·    T★★    $0.018510  24h=+0.39%  vol=$5.3M
       → P:[funding_negative, vol_oi_surge]  |  T:[score=138, ST=6/6]
       Plan (trend): entry $0.018510  |  stop $0.015734 -15.00%  |  TPs: $0.022675, $0.026839, $0.032392

  [ 4] ROSE        conf=  8.0  scanners=2/4   I★     ·      ·    T★★    $0.006925  24h=-0.46%  vol=$2.8M
       → I:[vol_in_window, vol_expansion, whale_candle +4]  |  T:[score=130, ST=5/6]
       Plan (trend): entry $0.006925  |  stop $0.006042 -12.75%  |  TPs: $0.008249, $0.009574, $0.011340

  [ 5] KAS         conf=  8.0  scanners=2/4   I★     ·      ·    T★★    $0.032990  24h=-1.37%  vol=$3.9M
       → I:[vol_in_window, vol_expansion, whale_candle +4]  |  T:[score=138, ST=5/6]
       Plan (trend): entry $0.032990  |  stop $0.029524 -10.51%  |  TPs: $0.038189, $0.043388, $0.050320

  [ 6] UNI         conf=  8.0  scanners=2/4   I★     ·      ·    T★★    $2.843000  24h=+11.69%  vol=$50.8M
       → I:[vol_in_window, vol_expansion, obv_stealth_accum +3]  |  T:[score=134, ST=5/6]
       Plan (trend): entry $2.843000  |  stop $2.574179 -9.46%  |  TPs: $3.246232, $3.649464, $4.187107

  [ 7] ZEC         conf=  8.0  scanners=2/4   I★     ·      ·    T★★    $518.460000  24h=-4.94%  vol=$243.5M
       → I:[bb_squeeze, obv_stealth_accum, rsi_divergence +2]  |  T:[score=134, ST=5/6]
       Plan (trend): entry $518.460000  |  stop $440.691000 -15.00%  |  TPs: $635.113500, $751.767000, $907.305000

  [ 8] ID          conf=  7.0  scanners=3/4   I★   P★     ·    T·     $0.027240  24h=-3.68%  vol=$2.8M
       → I:[vol_in_window, vol_expansion, rsi_divergence +4]  |  P:[oi_building, funding_negative]  |  T:[score=87, ST=4/6]

  [ 9] PARTI       conf=  6.0  scanners=2/4   I★     ·      ·    T★     $0.055840  24h=+10.26%  vol=$1.1M
       → I:[bb_squeeze, whale_candle, rsi_reset +2]  |  T:[score=122, ST=5/6]
       Plan (trend): entry $0.055840  |  stop $0.047464 -15.00%  |  TPs: $0.068404, $0.080968, $0.097720

  [10] XAU         conf=  6.0  scanners=2/4     ·    P★     ·    T★     $4,319.030000  24h=-0.44%  vol=$58.2M
       → P:[oi_building, vol_oi_surge]  |  T:[score=121, ST=5/6]
       Plan (trend): entry $4319.030000  |  stop $4103.078500 -5.00%  |  TPs: $4642.957250, $4966.884500, $5398.787500

  [11] 1000FLOKI   conf=  6.0  scanners=2/4   I★     ·      ·    T★     $0.026280  24h=-4.67%  vol=$1.8M
       → I:[obv_divergence, rsi_divergence, rsi_reset +2]  |  T:[score=118, ST=3/6]
       Plan (trend): entry $0.026280  |  stop $0.023690 -9.85%  |  TPs: $0.030164, $0.034049, $0.039228

  [12] STG         conf=  6.0  scanners=2/4   I★   P★     ·      ·      $0.231990  24h=+7.33%  vol=$21.6M
       → I:[vol_in_window, vol_expansion, rsi_divergence +3]  |  P:[funding_negative, vol_oi_surge]

  [13] FIDA        conf=  6.0  scanners=2/4     ·    P★     ·    T★     $0.024962  24h=+1.27%  vol=$6.3M
       → P:[funding_negative, vol_oi_surge]  |  T:[score=130, ST=5/6]
       Plan (trend): entry $0.024962  |  stop $0.021218 -15.00%  |  TPs: $0.030578, $0.036195, $0.043684

  [14] BOME        conf=  6.0  scanners=2/4     ·    P★     ·    T★     $0.000465  24h=-3.37%  vol=$1.8M
       → P:[funding_negative, vol_oi_surge]  |  T:[score=123, ST=3/6]
       Plan (trend): entry $0.000465  |  stop $0.000406 -12.62%  |  TPs: $0.000552, $0.000640, $0.000758

  [15] XMR         conf=  6.0  scanners=2/4     ·    P★     ·    T★     $348.550000  24h=-2.19%  vol=$40.3M
       → P:[oi_building, vol_oi_surge]  |  T:[score=119, ST=5/6]
       Plan (trend): entry $348.550000  |  stop $296.267500 -15.00%  |  TPs: $426.973750, $505.397500, $609.962500

  [16] PNUT        conf=  6.0  scanners=2/4   I★     ·      ·    T★     $0.045090  24h=-3.45%  vol=$1.3M
       → I:[obv_stealth_accum, obv_divergence, rsi_divergence +2]  |  T:[score=118, ST=3/6]
       Plan (trend): entry $0.045090  |  stop $0.039475 -12.45%  |  TPs: $0.053513, $0.061936, $0.073167

────────────────────────────────────────────────────────────────────────────────
  SINGLE-SCANNER  —  159 coin(s)  (only one scanner surfaced — early but unconfirmed)
────────────────────────────────────────────────────────────────────────────────
  #   Symbol      Conf  IGN PRP SPT TRD         Price    24h%  Signals snapshot
  ------------------------------------------------------------------------------
    1 QQQ          6.0  I★★ ·   ·   ·     $746.540000  +0.62%  I:whale_candle,obv_stealth_accum
    2 TOMO         6.0  I★★ ·   ·   ·     $  1.381900  +3.22%  I:vol_in_window,vol_expansion
    3 HAEDAL       6.0  I★★ ·   ·   ·     $  0.019790  -2.36%  I:vol_in_window,vol_expansion
    4 BOND         6.0  I★★ ·   ·   ·     $  2.152000  +4.42%  I:vol_in_window,whale_candle
    5 AT           6.0  I★★ ·   ·   ·     $  0.132170  -6.13%  I:bb_squeeze,vol_in_window
    6 HYPE         5.0  ·   ·   ·   T★★   $ 66.859000 +11.02%  T:score=147
    7 OPEN         5.0  ·   ·   ·   T★★   $  0.236410  -0.10%  T:score=139
    8 LIT          5.0  ·   ·   ·   T★★   $  1.687900  +2.61%  T:score=161
    9 GPS          5.0  ·   ·   ·   T★★   $  0.009181  +4.37%  T:score=145
   10 ORDI         5.0  ·   ·   ·   T★★   $  3.380000  -3.73%  T:score=130
   11 MEME         5.0  ·   ·   ·   T★★   $  0.000610  +3.01%  T:score=158
   12 XLM          5.0  ·   ·   ·   T★★   $  0.213590  +8.65%  T:score=132
   13 UMA          5.0  ·   ·   ·   T★★   $  0.425000  +5.48%  T:score=140
   14 MON          5.0  ·   ·   ·   T★★   $  0.022581  +1.06%  T:score=131
   15 NEAR         5.0  ·   ·   ·   T★★   $  2.391800  -3.37%  T:score=141
   16 XPL          5.0  ·   ·   ·   T★★   $  0.090110  +2.31%  T:score=139
   17 ENSO         5.0  ·   ·   ·   T★★   $  0.680100  +3.41%  T:score=136
   18 EVAA         5.0  ·   ·   ·   T★★   $  1.272000 -27.22%  T:score=130
   19 ARKM         5.0  ·   ·   ·   T★★   $  0.133060  -2.17%  T:score=138
   20 JUP          5.0  ·   ·   ·   T★★   $  0.191200  +0.98%  T:score=133
   21 QNT          5.0  ·   ·   ·   T★★   $ 70.520000  +0.67%  T:score=131
   22 AERO         5.0  ·   ·   ·   T★★   $  0.426800  +7.98%  T:score=153
   23 ALCH         5.0  ·   ·   ·   T★★   $  0.074470 +11.50%  T:score=154
   24 SQD          5.0  ·   ·   ·   T★★   $  0.041560  -2.34%  T:score=137
   25 CRV          5.0  ·   ·   ·   T★★   $  0.238300  -1.69%  T:score=135
   26 AKT          5.0  ·   ·   ·   T★★   $  0.822100  -0.86%  T:score=148
   27 KMNO         5.0  ·   ·   ·   T★★   $  0.018060  +1.82%  T:score=136
   28 WLD          5.0  ·   ·   ·   T★★   $  0.586900  +3.67%  T:score=156
   29 JCT          5.0  ·   ·   ·   T★★   $  0.006498  +6.55%  T:score=136
   30 USELESS      5.0  ·   ·   ·   T★★   $  0.074720  +0.52%  T:score=142
  ... (129 more, see JSON)

────────────────────────────────────────────────────────────────────────────────
  EXTENDED  —  14 coin(s)  (already up >15% in 24h — entry likely late)
────────────────────────────────────────────────────────────────────────────────
  #   Symbol      Conf  IGN PRP SPT TRD         Price    24h%  Original bucket / Signals
  ------------------------------------------------------------------------------
    1 CREAM        6.0  I★★ ·   ·   ·     $  2.100000 +65.35%  would-be: SINGLE_SCANNER
    2 BSB          5.0  ·   ·   ·   T★★   $  0.361700 +55.07%  would-be: SINGLE_SCANNER
    3 BR          17.0  I★★ P★★ ·   T★★   $  0.111890 +45.60%  would-be: CONVERGENCE
    4 ROAM         5.0  ·   ·   ·   T★★   $  0.011151 +35.35%  would-be: SINGLE_SCANNER
    5 PORTAL       6.0  I★★ ·   ·   ·     $  0.017139 +30.98%  would-be: SINGLE_SCANNER
    6 LAB          9.0  I★★ ·   ·   T★    $  9.553000 +29.73%  would-be: STRONG_SETUP
    7 JTO          8.0  ·   P★  ·   T★★   $  0.729200 +29.64%  would-be: STRONG_SETUP
    8 EPIC         5.0  ·   ·   ·   T★★   $  0.495100 +23.43%  would-be: SINGLE_SCANNER
    9 Q            3.0  ·   ·   ·   T★    $  0.017313 +23.27%  would-be: SINGLE_SCANNER
   10 SYN          3.0  I★  ·   ·   ·     $  0.050100 +21.70%  would-be: SINGLE_SCANNER
   11 SPCX         3.0  ·   P★  ·   ·     $202.970000 +18.87%  would-be: SINGLE_SCANNER
   12 VELVET       1.0  ·   ·   ·   T·    $  0.370800 +16.59%  would-be: SINGLE_SCANNER
   13 SPACE        6.0  I★  ·   ·   T★    $  0.006639 +16.58%  would-be: STRONG_SETUP
   14 WDC          3.0  I★  ·   ·   ·     $717.880000 +15.33%  would-be: SINGLE_SCANNER

════════════════════════════════════════════════════════════════════════════════
2026-06-16 14:29:40,535 [INFO]   Saved → master_radar_LATEST.txt, master_radar_LATEST.json, master_radar_20260616_142940.txt
2026-06-16 14:29:40,535 [INFO] ================================================================
2026-06-16 15:42:34,041 [INFO] ================================================================
2026-06-16 15:42:34,042 [INFO] MASTER RADAR v3.0  (Phase 5 orchestrator)
2026-06-16 15:42:34,042 [INFO] ================================================================
2026-06-16 15:42:34,043 [INFO] Phase 1/2: running scanners
2026-06-16 15:42:34,043 [INFO] ================================================================
2026-06-16 15:42:34,043 [INFO]   (spot_scanner not auto-run — pass --include-spot to enable)
2026-06-16 15:42:34,044 [INFO] ================================================================
2026-06-16 15:42:34,054 [INFO]   Running ignition_scanner ...  (output streams below)
2026-06-16 15:42:34,054 [INFO]   ────────────────────────────────────────────────────────────
2026-06-16 15:46:47,153 [INFO]   ────────────────────────────────────────────────────────────
2026-06-16 15:46:47,154 [INFO]   [OK]   ignition_scanner finished in 253.1s
2026-06-16 15:46:47,157 [INFO]   Running perp_scanner ...  (output streams below)
2026-06-16 15:46:47,158 [INFO]   ────────────────────────────────────────────────────────────
2026-06-16 15:46:50,137 [INFO]   ────────────────────────────────────────────────────────────
2026-06-16 15:46:50,138 [INFO]   [OK]   perp_scanner finished in 3.0s
2026-06-16 15:46:50,148 [INFO]   Running trend_scanner ...  (output streams below)
2026-06-16 15:46:50,149 [INFO]   ────────────────────────────────────────────────────────────
2026-06-16 15:54:52,079 [INFO]   ────────────────────────────────────────────────────────────
2026-06-16 15:54:52,081 [INFO]   [OK]   trend_scanner finished in 481.9s
2026-06-16 15:54:52,082 [INFO] ================================================================
2026-06-16 15:54:52,082 [INFO] Scanner subprocess summary:
2026-06-16 15:54:52,083 [INFO]   ignition   ✓ OK                 elapsed=253.1s
2026-06-16 15:54:52,084 [INFO]   perp       ✓ OK                 elapsed=3.0s
2026-06-16 15:54:52,084 [INFO]   trend      ✓ OK                 elapsed=481.9s
2026-06-16 15:54:52,084 [INFO] ================================================================
2026-06-16 15:54:52,084 [INFO] Phase 2/2: orchestrating
2026-06-16 15:54:52,084 [INFO] ================================================================
2026-06-16 15:54:52,100 [INFO]   Loaded: ignition=✓  perp=✓  spot=✓  trend=✓
2026-06-16 15:54:52,101 [INFO]   Coins per scanner: ignition=59  perp=21  spot=0  trend=145
2026-06-16 15:54:52,101 [INFO]   Regime: bull  BTC 7d: 5.14  spot stay-out: True
2026-06-16 15:54:52,105 [INFO] 
════════════════════════════════════════════════════════════════════════════════
  MASTER RADAR  v3.0  —  cross-scanner confluence
  Generated  : 2026-06-16 15:54:52    |    Orchestration time: 738.1s
════════════════════════════════════════════════════════════════════════════════

  ⚠️  WARNINGS:
     - spot: not auto-run by orchestrator. spot_scanner: stale (2.5h old). Run `python spot_scanner.py` manually to refresh.

  Regime    : 🟢 BULL    BTC 7d +5.14%  |  24h +0.89%

  ┌──────────────────────────────────────────────────────────────────┐
  │  ⚠️  SPOT SCANNER SAYS STAY IN USDT                                │
  │     0 setups passed spot's regime-aware filter.                  │
  │     Trend coins below may still be valid, but reduce aggression. │
  └──────────────────────────────────────────────────────────────────┘

  Universe  : 195 coins surfaced across scanners
  Buckets   : 2 CONVERGENCE  |  12 STRONG SETUP  |  169 SINGLE-SCANNER  |  12 EXTENDED (24h>15%)

  Scanner badges: I=Ignition  P=Perp  S=Spot  T=Trend
                   ★★=top tier  ★=lower tier  ·=watch (trend only)

────────────────────────────────────────────────────────────────────────────────
  CONVERGENCE  —  2 coin(s)  (≥3 scanners agreeing, confluence ≥10)
────────────────────────────────────────────────────────────────────────────────

  [ 1] JTO         conf= 14.0  scanners=3/4   I★   P★★    ·    T★★    $0.729200  24h=+8.28%  vol=$113.0M
       → I:[vol_in_window, vol_expansion, rsi_reset +5]  |  P:[oi_building, funding_negative, vol_oi_surge]  |  T:[score=165, ST=6/6]
       Plan (trend): entry $0.729200  |  stop $0.619820 -15.00%  |  TPs: $0.893270, $1.057340, $1.276100

  [ 2] SPX         conf= 11.0  scanners=3/4   I★   P★     ·    T★★    $0.339800  24h=+10.91%  vol=$43.2M
       → I:[vol_in_window, vol_expansion, obv_stealth_accum +4]  |  P:[funding_negative, vol_oi_surge]  |  T:[score=139, ST=5/6]
       Plan (trend): entry $0.339800  |  stop $0.294521 -13.33%  |  TPs: $0.407718, $0.475636, $0.566193

────────────────────────────────────────────────────────────────────────────────
  STRONG SETUP  —  12 coin(s)  (≥2 scanners, confluence ≥6)
────────────────────────────────────────────────────────────────────────────────

  [ 1] MRVL        conf=  9.0  scanners=2/4   I★★  P★     ·      ·      $311.220000  24h=+4.08%  vol=$10.9M
       → I:[vol_in_window, vol_expansion, whale_candle +6]  |  P:[oi_building, vol_oi_surge]

  [ 2] XAN         conf=  9.0  scanners=2/4   I★★    ·      ·    T★     $0.009600  24h=-2.76%  vol=$1.1M
       → I:[bb_squeeze, vol_in_window, vol_expansion +4]  |  T:[score=114, ST=4/6]
       Plan (trend): entry $0.009600  |  stop $0.008160 -15.00%  |  TPs: $0.011760, $0.013920, $0.016800

  [ 3] BASED       conf=  8.0  scanners=2/4     ·    P★     ·    T★★    $0.078590  24h=-5.12%  vol=$4.9M
       → P:[oi_building, vol_oi_surge]  |  T:[score=141, ST=5/6]
       Plan (trend): entry $0.078590  |  stop $0.066801 -15.00%  |  TPs: $0.096273, $0.113956, $0.137533

  [ 4] KAS         conf=  8.0  scanners=2/4   I★     ·      ·    T★★    $0.032990  24h=-1.17%  vol=$4.4M
       → I:[vol_in_window, vol_expansion, obv_stealth_accum +2]  |  T:[score=132, ST=4/6]
       Plan (trend): entry $0.032990  |  stop $0.029524 -10.51%  |  TPs: $0.038189, $0.043388, $0.050320

  [ 5] UAI         conf=  8.0  scanners=2/4     ·    P★     ·    T★★    $0.327980  24h=-22.62%  vol=$7.2M
       → P:[oi_building, vol_oi_surge]  |  T:[score=133, ST=4/6]
       Plan (trend): entry $0.327980  |  stop $0.278783 -15.00%  |  TPs: $0.401776, $0.475571, $0.573965

  [ 6] ROSE        conf=  8.0  scanners=2/4   I★     ·      ·    T★★    $0.006925  24h=-0.71%  vol=$2.7M
       → I:[vol_in_window, vol_expansion, whale_candle +4]  |  T:[score=130, ST=5/6]
       Plan (trend): entry $0.006925  |  stop $0.006042 -12.75%  |  TPs: $0.008249, $0.009574, $0.011340

  [ 7] USELESS     conf=  8.0  scanners=2/4   I★     ·      ·    T★★    $0.074720  24h=-9.95%  vol=$7.0M
       → I:[vol_in_window, obv_stealth_accum, obv_divergence +2]  |  T:[score=140, ST=5/6]
       Plan (trend): entry $0.074720  |  stop $0.063512 -15.00%  |  TPs: $0.091532, $0.108344, $0.130760

  [ 8] ARB         conf=  6.0  scanners=2/4   I★     ·      ·    T★     $0.086150  24h=-5.65%  vol=$14.6M
       → I:[vol_in_window, obv_stealth_accum, obv_divergence +3]  |  T:[score=114, ST=3/6]
       Plan (trend): entry $0.086150  |  stop $0.075896 -11.90%  |  TPs: $0.101530, $0.116911, $0.137418

  [ 9] XRP         conf=  6.0  scanners=2/4     ·    P★     ·    T★     $1.237600  24h=-2.78%  vol=$473.2M
       → P:[oi_building, vol_oi_surge]  |  T:[score=120, ST=3/6]
       Plan (trend): entry $1.237600  |  stop $1.135300 -8.27%  |  TPs: $1.391050, $1.544500, $1.749100

  [10] ETH         conf=  6.0  scanners=2/4   I★     ·      ·    T★     $1,795.100000  24h=-1.81%  vol=$2940.3M
       → I:[vol_in_window, obv_stealth_accum, obv_divergence +2]  |  T:[score=117, ST=4/6]
       Plan (trend): entry $1795.100000  |  stop $1636.976429 -8.81%  |  TPs: $2032.285357, $2269.470714, $2585.717857

  [11] FIDA        conf=  6.0  scanners=2/4     ·    P★     ·    T★     $0.024962  24h=+0.54%  vol=$6.2M
       → P:[funding_negative, vol_oi_surge]  |  T:[score=119, ST=5/6]
       Plan (trend): entry $0.024962  |  stop $0.021218 -15.00%  |  TPs: $0.030578, $0.036195, $0.043684

  [12] STRK        conf=  6.0  scanners=2/4   I★     ·      ·    T★     $0.036320  24h=-4.93%  vol=$7.4M
       → I:[bb_squeeze, obv_stealth_accum, rsi_divergence +1]  |  T:[score=125, ST=4/6]
       Plan (trend): entry $0.036320  |  stop $0.031420 -13.49%  |  TPs: $0.043669, $0.051019, $0.060818

────────────────────────────────────────────────────────────────────────────────
  SINGLE-SCANNER  —  169 coin(s)  (only one scanner surfaced — early but unconfirmed)
────────────────────────────────────────────────────────────────────────────────
  #   Symbol      Conf  IGN PRP SPT TRD         Price    24h%  Signals snapshot
  ------------------------------------------------------------------------------
    1 AWE          6.0  I★★ ·   ·   ·     $  0.054760  +0.78%  I:vol_in_window,vol_expansion
    2 BOND         6.0  I★★ ·   ·   ·     $  2.152000  +4.42%  I:vol_in_window,whale_candle
    3 NBIS         6.0  I★★ ·   ·   ·     $274.490000  +8.12%  I:vol_in_window,whale_candle
    4 TOMO         6.0  I★★ ·   ·   ·     $  1.381900  +3.22%  I:vol_in_window,vol_expansion
    5 CRWV         6.0  I★★ ·   ·   ·     $117.050000 +10.42%  I:vol_in_window,vol_expansion
    6 UNI          5.0  ·   ·   ·   T★★   $  2.843000  +9.66%  T:score=134
    7 MON          5.0  ·   ·   ·   T★★   $  0.022581  -1.26%  T:score=136
    8 WLD          5.0  ·   ·   ·   T★★   $  0.586900  +5.34%  T:score=158
    9 CRV          5.0  ·   ·   ·   T★★   $  0.238300  -2.20%  T:score=138
   10 ARKM         5.0  ·   ·   ·   T★★   $  0.133060  -0.70%  T:score=135
   11 QNT          5.0  ·   ·   ·   T★★   $ 70.520000  +1.47%  T:score=130
   12 HYPE         5.0  ·   ·   ·   T★★   $ 66.859000 +10.05%  T:score=145
   13 GPS          5.0  ·   ·   ·   T★★   $  0.009181  +4.38%  T:score=148
   14 XPL          5.0  ·   ·   ·   T★★   $  0.090110  -0.86%  T:score=142
   15 ATOM         5.0  ·   ·   ·   T★★   $  1.962200  -1.21%  T:score=150
   16 TIA          5.0  ·   ·   ·   T★★   $  0.369200  -1.39%  T:score=132
   17 JCT          5.0  ·   ·   ·   T★★   $  0.006498  -0.22%  T:score=143
   18 HANA         5.0  ·   ·   ·   T★★   $  0.039695 +13.54%  T:score=138
   19 OPEN         5.0  ·   ·   ·   T★★   $  0.236410  +4.88%  T:score=138
   20 MEME         5.0  ·   ·   ·   T★★   $  0.000610  +3.49%  T:score=156
   21 FOLKS        5.0  ·   ·   ·   T★★   $  2.012500 +10.19%  T:score=143
   22 ZRO          5.0  ·   ·   ·   T★★   $  1.116600  -4.96%  T:score=132
   23 NEAR         5.0  ·   ·   ·   T★★   $  2.391800  -6.49%  T:score=136
   24 LIT          5.0  ·   ·   ·   T★★   $  1.687900  +2.28%  T:score=159
   25 AERO         5.0  ·   ·   ·   T★★   $  0.426800  +3.17%  T:score=149
   26 EVAA         5.0  ·   ·   ·   T★★   $  1.272000 -27.22%  T:score=130
   27 ORDI         5.0  ·   ·   ·   T★★   $  3.380000  -3.91%  T:score=131
   28 ALCH         5.0  ·   ·   ·   T★★   $  0.074470 +12.77%  T:score=150
   29 EIGEN        5.0  ·   ·   ·   T★★   $  0.214520  -4.35%  T:score=132
   30 XLM          5.0  ·   ·   ·   T★★   $  0.213590  +2.72%  T:score=130
  ... (139 more, see JSON)

────────────────────────────────────────────────────────────────────────────────
  EXTENDED  —  12 coin(s)  (already up >15% in 24h — entry likely late)
────────────────────────────────────────────────────────────────────────────────
  #   Symbol      Conf  IGN PRP SPT TRD         Price    24h%  Original bucket / Signals
  ------------------------------------------------------------------------------
    1 CREAM        6.0  I★★ ·   ·   ·     $  2.100000 +65.35%  would-be: SINGLE_SCANNER
    2 BR           8.0  ·   P★  ·   T★★   $  0.111890 +49.27%  would-be: STRONG_SETUP
    3 PNT          3.0  I★  ·   ·   ·     $  0.035000 +45.23%  would-be: SINGLE_SCANNER
    4 BSB          5.0  ·   ·   ·   T★★   $  0.361700 +42.24%  would-be: SINGLE_SCANNER
    5 PORTAL       9.0  I★  P★★ ·   ·     $  0.016503 +37.92%  would-be: STRONG_SETUP
    6 LAB          6.0  I★  ·   ·   T★    $  9.553000 +29.71%  would-be: STRONG_SETUP
    7 EPIC         5.0  ·   ·   ·   T★★   $  0.495100 +24.80%  would-be: SINGLE_SCANNER
    8 TRIA         7.0  I★★ ·   ·   T·    $  0.022582 +22.58%  would-be: STRONG_SETUP
    9 SPCX         3.0  ·   P★  ·   ·     $208.280000 +20.79%  would-be: SINGLE_SCANNER
   10 SENT        11.0  I★  P★  ·   T★★   $  0.015003 +19.07%  would-be: CONVERGENCE
   11 Q            6.0  I★  ·   ·   T★    $  0.017313 +17.83%  would-be: STRONG_SETUP
   12 SPACE       14.0  I★  P★★ ·   T★★   $  0.006639 +17.67%  would-be: CONVERGENCE

════════════════════════════════════════════════════════════════════════════════
2026-06-16 15:54:52,134 [INFO]   Saved → master_radar_LATEST.txt, master_radar_LATEST.json, master_radar_20260616_155452.txt
2026-06-16 15:54:52,135 [INFO] ================================================================
2026-06-16 16:00:30,881 [INFO] ================================================================
2026-06-16 16:00:30,882 [INFO] MASTER RADAR v3.0  (Phase 5 orchestrator)
2026-06-16 16:00:30,882 [INFO] ================================================================
2026-06-16 16:00:30,882 [INFO] Phase 1/2: running scanners
2026-06-16 16:00:30,882 [INFO] ================================================================
2026-06-16 16:00:30,882 [INFO]   (spot_scanner not auto-run — pass --include-spot to enable)
2026-06-16 16:00:30,883 [INFO] ================================================================
2026-06-16 16:00:30,885 [INFO]   Running ignition_scanner ...  (output streams below)
2026-06-16 16:00:30,886 [INFO]   ────────────────────────────────────────────────────────────
2026-06-16 16:00:46,264 [INFO]   ────────────────────────────────────────────────────────────
2026-06-16 16:00:46,265 [INFO]   [OK]   ignition_scanner finished in 15.4s
2026-06-16 16:00:46,266 [INFO]   Running perp_scanner ...  (output streams below)
2026-06-16 16:00:46,267 [INFO]   ────────────────────────────────────────────────────────────
2026-06-16 16:00:48,438 [INFO]   ────────────────────────────────────────────────────────────
2026-06-16 16:00:48,438 [INFO]   [OK]   perp_scanner finished in 2.2s
2026-06-16 16:00:48,442 [INFO]   Running trend_scanner ...  (output streams below)
2026-06-16 16:00:48,442 [INFO]   ────────────────────────────────────────────────────────────
2026-06-16 16:01:46,134 [INFO]   ────────────────────────────────────────────────────────────
2026-06-16 16:01:46,134 [INFO]   [OK]   trend_scanner finished in 57.7s
2026-06-16 16:01:46,134 [INFO] ================================================================
2026-06-16 16:01:46,134 [INFO] Scanner subprocess summary:
2026-06-16 16:01:46,134 [INFO]   ignition   ✓ OK                 elapsed=15.4s
2026-06-16 16:01:46,136 [INFO]   perp       ✓ OK                 elapsed=2.2s
2026-06-16 16:01:46,136 [INFO]   trend      ✓ OK                 elapsed=57.7s
2026-06-16 16:01:46,136 [INFO] ================================================================
2026-06-16 16:01:46,136 [INFO] Phase 2/2: orchestrating
2026-06-16 16:01:46,136 [INFO] ================================================================
2026-06-16 16:01:46,145 [INFO]   Loaded: ignition=✓  perp=✓  spot=✓  trend=✓
2026-06-16 16:01:46,146 [INFO]   Coins per scanner: ignition=60  perp=15  spot=0  trend=145
2026-06-16 16:01:46,146 [INFO]   Regime: bull  BTC 7d: 5.14  spot stay-out: True
2026-06-16 16:01:46,146 [INFO] 
════════════════════════════════════════════════════════════════════════════════
  MASTER RADAR  v3.0  —  cross-scanner confluence
  Generated  : 2026-06-16 16:01:46    |    Orchestration time: 75.3s
════════════════════════════════════════════════════════════════════════════════

  ⚠️  WARNINGS:
     - spot: not auto-run by orchestrator. spot_scanner: stale (2.6h old). Run `python spot_scanner.py` manually to refresh.

  Regime    : 🟢 BULL    BTC 7d +5.14%  |  24h +0.89%

  ┌──────────────────────────────────────────────────────────────────┐
  │  ⚠️  SPOT SCANNER SAYS STAY IN USDT                                │
  │     0 setups passed spot's regime-aware filter.                  │
  │     Trend coins below may still be valid, but reduce aggression. │
  └──────────────────────────────────────────────────────────────────┘

  Universe  : 194 coins surfaced across scanners
  Buckets   : 2 CONVERGENCE  |  9 STRONG SETUP  |  172 SINGLE-SCANNER  |  11 EXTENDED (24h>15%)

  Scanner badges: I=Ignition  P=Perp  S=Spot  T=Trend
                   ★★=top tier  ★=lower tier  ·=watch (trend only)

────────────────────────────────────────────────────────────────────────────────
  CONVERGENCE  —  2 coin(s)  (≥3 scanners agreeing, confluence ≥10)
────────────────────────────────────────────────────────────────────────────────

  [ 1] SPX         conf= 11.0  scanners=3/4   I★   P★     ·    T★★    $0.339800  24h=+10.30%  vol=$43.3M
       → I:[vol_in_window, vol_expansion, obv_stealth_accum +4]  |  P:[funding_negative, vol_oi_surge]  |  T:[score=139, ST=5/6]
       Plan (trend): entry $0.339800  |  stop $0.294521 -13.33%  |  TPs: $0.407718, $0.475636, $0.566193

  [ 2] JTO         conf= 11.0  scanners=3/4   I★   P★     ·    T★★    $0.729200  24h=+7.80%  vol=$113.1M
       → I:[vol_in_window, vol_expansion, rsi_reset +5]  |  P:[funding_negative, vol_oi_surge]  |  T:[score=165, ST=6/6]
       Plan (trend): entry $0.729200  |  stop $0.619820 -15.00%  |  TPs: $0.893270, $1.057340, $1.276100

────────────────────────────────────────────────────────────────────────────────
  STRONG SETUP  —  9 coin(s)  (≥2 scanners, confluence ≥6)
────────────────────────────────────────────────────────────────────────────────

  [ 1] XAN         conf=  9.0  scanners=2/4   I★★    ·      ·    T★     $0.009600  24h=-3.20%  vol=$1.1M
       → I:[bb_squeeze, vol_in_window, vol_expansion +4]  |  T:[score=114, ST=4/6]
       Plan (trend): entry $0.009600  |  stop $0.008160 -15.00%  |  TPs: $0.011760, $0.013920, $0.016800

  [ 2] USELESS     conf=  8.0  scanners=2/4   I★     ·      ·    T★★    $0.074720  24h=-11.31%  vol=$6.9M
       → I:[vol_in_window, obv_stealth_accum, obv_divergence +2]  |  T:[score=140, ST=5/6]
       Plan (trend): entry $0.074720  |  stop $0.063512 -15.00%  |  TPs: $0.091532, $0.108344, $0.130760

  [ 3] ROSE        conf=  8.0  scanners=2/4   I★     ·      ·    T★★    $0.006925  24h=-0.40%  vol=$2.6M
       → I:[vol_in_window, vol_expansion, whale_candle +4]  |  T:[score=130, ST=5/6]
       Plan (trend): entry $0.006925  |  stop $0.006042 -12.75%  |  TPs: $0.008249, $0.009574, $0.011340

  [ 4] KAS         conf=  8.0  scanners=2/4   I★     ·      ·    T★★    $0.032990  24h=-1.51%  vol=$4.4M
       → I:[vol_in_window, vol_expansion, obv_stealth_accum +2]  |  T:[score=132, ST=4/6]
       Plan (trend): entry $0.032990  |  stop $0.029524 -10.51%  |  TPs: $0.038189, $0.043388, $0.050320

  [ 5] FIDA        conf=  6.0  scanners=2/4     ·    P★     ·    T★     $0.024962  24h=+0.20%  vol=$6.2M
       → P:[funding_negative, vol_oi_surge]  |  T:[score=119, ST=5/6]
       Plan (trend): entry $0.024962  |  stop $0.021218 -15.00%  |  TPs: $0.030578, $0.036195, $0.043684

  [ 6] ARB         conf=  6.0  scanners=2/4   I★     ·      ·    T★     $0.086150  24h=-5.58%  vol=$14.8M
       → I:[vol_in_window, obv_stealth_accum, obv_divergence +3]  |  T:[score=114, ST=3/6]
       Plan (trend): entry $0.086150  |  stop $0.075896 -11.90%  |  TPs: $0.101530, $0.116911, $0.137418

  [ 7] WAVES       conf=  6.0  scanners=2/4     ·    P★     ·    T★     $0.271200  24h=+4.79%  vol=$4.5M
       → P:[funding_negative, vol_oi_surge]  |  T:[score=120, ST=5/6]
       Plan (trend): entry $0.271200  |  stop $0.231975 -14.46%  |  TPs: $0.330037, $0.388875, $0.467325

  [ 8] ETH         conf=  6.0  scanners=2/4   I★     ·      ·    T★     $1,795.100000  24h=-1.95%  vol=$2929.7M
       → I:[vol_in_window, obv_stealth_accum, obv_divergence +2]  |  T:[score=117, ST=4/6]
       Plan (trend): entry $1795.100000  |  stop $1636.976429 -8.81%  |  TPs: $2032.285357, $2269.470714, $2585.717857

  [ 9] STRK        conf=  6.0  scanners=2/4   I★     ·      ·    T★     $0.036320  24h=-5.08%  vol=$7.5M
       → I:[bb_squeeze, obv_stealth_accum, rsi_divergence +1]  |  T:[score=125, ST=4/6]
       Plan (trend): entry $0.036320  |  stop $0.031420 -13.49%  |  TPs: $0.043669, $0.051019, $0.060818

────────────────────────────────────────────────────────────────────────────────
  SINGLE-SCANNER  —  172 coin(s)  (only one scanner surfaced — early but unconfirmed)
────────────────────────────────────────────────────────────────────────────────
  #   Symbol      Conf  IGN PRP SPT TRD         Price    24h%  Signals snapshot
  ------------------------------------------------------------------------------
    1 BOND         6.0  I★★ ·   ·   ·     $  2.152000  +4.42%  I:vol_in_window,whale_candle
    2 AWE          6.0  I★★ ·   ·   ·     $  0.054760  +0.98%  I:vol_in_window,vol_expansion
    3 MRVL         6.0  I★★ ·   ·   ·     $311.220000  +2.69%  I:vol_in_window,vol_expansion
    4 TOMO         6.0  I★★ ·   ·   ·     $  1.381900  +3.22%  I:vol_in_window,vol_expansion
    5 NBIS         6.0  I★★ ·   ·   ·     $274.490000  +4.65%  I:vol_in_window,whale_candle
    6 CRWV         6.0  I★★ ·   ·   ·     $117.050000  +7.58%  I:vol_in_window,vol_expansion
    7 ORCL         6.0  I★★ ·   ·   ·     $194.450000  -2.06%  I:vol_in_window,whale_candle
    8 GRASS        5.0  ·   ·   ·   T★★   $  0.461810  -3.10%  T:score=144
    9 MMT          5.0  ·   ·   ·   T★★   $  0.127910  +3.64%  T:score=137
   10 GPS          5.0  ·   ·   ·   T★★   $  0.009181  +4.69%  T:score=148
   11 ATOM         5.0  ·   ·   ·   T★★   $  1.962200  -1.10%  T:score=150
   12 AERO         5.0  ·   ·   ·   T★★   $  0.426800  +4.94%  T:score=149
   13 ARKM         5.0  ·   ·   ·   T★★   $  0.133060  -2.23%  T:score=135
   14 CRV          5.0  ·   ·   ·   T★★   $  0.238300  -2.08%  T:score=138
   15 NEAR         5.0  ·   ·   ·   T★★   $  2.391800  -8.32%  T:score=136
   16 BASED        5.0  ·   ·   ·   T★★   $  0.078590  -7.97%  T:score=141
   17 ORDI         5.0  ·   ·   ·   T★★   $  3.380000  -4.58%  T:score=131
   18 XLM          5.0  ·   ·   ·   T★★   $  0.213590  +2.78%  T:score=130
   19 WLD          5.0  ·   ·   ·   T★★   $  0.586900  +3.49%  T:score=158
   20 JCT          5.0  ·   ·   ·   T★★   $  0.006498  +1.34%  T:score=143
   21 SQD          5.0  ·   ·   ·   T★★   $  0.041560  +1.96%  T:score=149
   22 AKT          5.0  ·   ·   ·   T★★   $  0.822100  -1.02%  T:score=138
   23 UAI          5.0  ·   ·   ·   T★★   $  0.327980 -23.10%  T:score=133
   24 IO           5.0  ·   ·   ·   T★★   $  0.178020  -1.88%  T:score=143
   25 OPEN         5.0  ·   ·   ·   T★★   $  0.236410  +5.35%  T:score=138
   26 FOLKS        5.0  ·   ·   ·   T★★   $  2.012500 +10.22%  T:score=143
   27 UNI          5.0  ·   ·   ·   T★★   $  2.843000  +9.27%  T:score=134
   28 UMA          5.0  ·   ·   ·   T★★   $  0.425000  +3.96%  T:score=137
   29 EIGEN        5.0  ·   ·   ·   T★★   $  0.214520  -6.86%  T:score=132
   30 ALCH         5.0  ·   ·   ·   T★★   $  0.074470 +10.30%  T:score=150
  ... (142 more, see JSON)

────────────────────────────────────────────────────────────────────────────────
  EXTENDED  —  11 coin(s)  (already up >15% in 24h — entry likely late)
────────────────────────────────────────────────────────────────────────────────
  #   Symbol      Conf  IGN PRP SPT TRD         Price    24h%  Original bucket / Signals
  ------------------------------------------------------------------------------
    1 CREAM        6.0  I★★ ·   ·   ·     $  2.100000 +65.35%  would-be: SINGLE_SCANNER
    2 BR           8.0  ·   P★  ·   T★★   $  0.111890 +46.08%  would-be: STRONG_SETUP
    3 PNT          3.0  I★  ·   ·   ·     $  0.035000 +45.23%  would-be: SINGLE_SCANNER
    4 PORTAL       9.0  I★  P★★ ·   ·     $  0.016503 +44.17%  would-be: STRONG_SETUP
    5 BSB          5.0  ·   ·   ·   T★★   $  0.361700 +39.34%  would-be: SINGLE_SCANNER
    6 LAB          6.0  I★  ·   ·   T★    $  9.553000 +33.28%  would-be: STRONG_SETUP
    7 EPIC         5.0  ·   ·   ·   T★★   $  0.495100 +25.18%  would-be: SINGLE_SCANNER
    8 TRIA         7.0  I★★ ·   ·   T·    $  0.022582 +23.28%  would-be: STRONG_SETUP
    9 SENT        11.0  I★  P★  ·   T★★   $  0.015003 +17.30%  would-be: CONVERGENCE
   10 SPACE       11.0  I★  P★  ·   T★★   $  0.006639 +15.58%  would-be: CONVERGENCE
   11 Q            6.0  I★  ·   ·   T★    $  0.017313 +15.30%  would-be: STRONG_SETUP

════════════════════════════════════════════════════════════════════════════════
2026-06-16 16:01:46,161 [INFO]   Saved → master_radar_LATEST.txt, master_radar_LATEST.json, master_radar_20260616_160146.txt
2026-06-16 16:01:46,162 [INFO] ================================================================
2026-06-16 21:20:41,506 [INFO] ================================================================
2026-06-16 21:20:41,510 [INFO] MASTER RADAR v3.0  (Phase 5 orchestrator)
2026-06-16 21:20:41,511 [INFO] ================================================================
2026-06-16 21:20:41,512 [INFO] Phase 1/2: running scanners
2026-06-16 21:20:41,513 [INFO] ================================================================
2026-06-16 21:20:41,513 [INFO]   (spot_scanner not auto-run — pass --include-spot to enable)
2026-06-16 21:20:41,515 [INFO] ================================================================
2026-06-16 21:20:41,521 [INFO]   Running ignition_scanner ...  (output streams below)
2026-06-16 21:20:41,522 [INFO]   ────────────────────────────────────────────────────────────
2026-06-16 21:25:17,271 [INFO]   ────────────────────────────────────────────────────────────
2026-06-16 21:25:17,272 [INFO]   [OK]   ignition_scanner finished in 275.7s
2026-06-16 21:25:17,275 [INFO]   Running perp_scanner ...  (output streams below)
2026-06-16 21:25:17,276 [INFO]   ────────────────────────────────────────────────────────────
2026-06-16 21:25:21,077 [INFO]   ────────────────────────────────────────────────────────────
2026-06-16 21:25:21,078 [INFO]   [OK]   perp_scanner finished in 3.8s
2026-06-16 21:25:21,090 [INFO]   Running trend_scanner ...  (output streams below)
2026-06-16 21:25:21,091 [INFO]   ────────────────────────────────────────────────────────────
2026-06-16 21:35:56,777 [INFO]   ────────────────────────────────────────────────────────────
2026-06-16 21:35:56,778 [INFO]   [OK]   trend_scanner finished in 635.7s
2026-06-16 21:35:56,780 [INFO] ================================================================
2026-06-16 21:35:56,781 [INFO] Scanner subprocess summary:
2026-06-16 21:35:56,783 [INFO]   ignition   ✓ OK                 elapsed=275.7s
2026-06-16 21:35:56,784 [INFO]   perp       ✓ OK                 elapsed=3.8s
2026-06-16 21:35:56,785 [INFO]   trend      ✓ OK                 elapsed=635.7s
2026-06-16 21:35:56,786 [INFO] ================================================================
2026-06-16 21:35:56,788 [INFO] Phase 2/2: orchestrating
2026-06-16 21:35:56,789 [INFO] ================================================================
2026-06-16 21:35:56,838 [INFO]   Loaded: ignition=✓  perp=✓  spot=✓  trend=✓
2026-06-16 21:35:56,841 [INFO]   Coins per scanner: ignition=58  perp=19  spot=0  trend=132
2026-06-16 21:35:56,843 [INFO]   Regime: bull  BTC 7d: 5.14  spot stay-out: True
2026-06-16 21:35:56,854 [INFO] 
════════════════════════════════════════════════════════════════════════════════
  MASTER RADAR  v3.0  —  cross-scanner confluence
  Generated  : 2026-06-16 21:35:56    |    Orchestration time: 915.3s
════════════════════════════════════════════════════════════════════════════════

  Regime    : 🟢 BULL    BTC 7d +5.14%  |  24h +0.89%

  ┌──────────────────────────────────────────────────────────────────┐
  │  ⚠️  SPOT SCANNER SAYS STAY IN USDT                                │
  │     0 setups passed spot's regime-aware filter.                  │
  │     Trend coins below may still be valid, but reduce aggression. │
  └──────────────────────────────────────────────────────────────────┘

  Universe  : 185 coins surfaced across scanners
  Buckets   : 0 CONVERGENCE  |  13 STRONG SETUP  |  156 SINGLE-SCANNER  |  16 EXTENDED (24h>15%)

  Scanner badges: I=Ignition  P=Perp  S=Spot  T=Trend
                   ★★=top tier  ★=lower tier  ·=watch (trend only)

────────────────────────────────────────────────────────────────────────────────
  CONVERGENCE  —  0 coin(s)  (≥3 scanners agreeing, confluence ≥10)
────────────────────────────────────────────────────────────────────────────────
  (none — no high-confluence agreement across scanners today)

────────────────────────────────────────────────────────────────────────────────
  STRONG SETUP  —  13 coin(s)  (≥2 scanners, confluence ≥6)
────────────────────────────────────────────────────────────────────────────────

  [ 1] CFG         conf=  9.0  scanners=2/4   I★★    ·      ·    T★     $0.216100  24h=+7.32%  vol=$2.2M
       → I:[vol_in_window, vol_expansion, whale_candle +5]  |  T:[score=120, ST=4/6]
       Plan (trend): entry $0.216100  |  stop $0.183968 -14.87%  |  TPs: $0.264298, $0.312496, $0.376761

  [ 2] LIT         conf=  8.0  scanners=2/4   I★     ·      ·    T★★    $1.687900  24h=+5.99%  vol=$15.8M
       → I:[vol_in_window, rsi_divergence, rsi_in_zone +3]  |  T:[score=153, ST=6/6]
       Plan (trend): entry $1.687900  |  stop $1.434715 -15.00%  |  TPs: $2.067677, $2.447455, $2.953825

  [ 3] ORDI        conf=  8.0  scanners=2/4   I★     ·      ·    T★★    $3.380000  24h=+1.78%  vol=$8.8M
       → I:[vol_in_window, vol_expansion, obv_stealth_accum +3]  |  T:[score=131, ST=4/6]
       Plan (trend): entry $3.380000  |  stop $2.873000 -15.00%  |  TPs: $4.140500, $4.901000, $5.915000

  [ 4] AERO        conf=  8.0  scanners=2/4     ·    P★     ·    T★★    $0.426800  24h=+10.26%  vol=$30.4M
       → P:[oi_building, vol_oi_surge]  |  T:[score=148, ST=6/6]
       Plan (trend): entry $0.426800  |  stop $0.382379 -10.41%  |  TPs: $0.493432, $0.560064, $0.648907

  [ 5] SPX         conf=  8.0  scanners=2/4   I★     ·      ·    T★★    $0.339800  24h=+14.28%  vol=$47.3M
       → I:[obv_stealth_accum, rsi_divergence, cmf_positive +3]  |  T:[score=137, ST=5/6]
       Plan (trend): entry $0.339800  |  stop $0.294521 -13.33%  |  TPs: $0.407718, $0.475636, $0.566193

  [ 6] ROSE        conf=  8.0  scanners=2/4   I★     ·      ·    T★★    $0.006925  24h=+4.79%  vol=$2.1M
       → I:[obv_stealth_accum, rsi_reset, rsi_in_zone +3]  |  T:[score=133, ST=5/6]
       Plan (trend): entry $0.006925  |  stop $0.006042 -12.75%  |  TPs: $0.008249, $0.009574, $0.011340

  [ 7] HANA        conf=  8.0  scanners=2/4   I★     ·      ·    T★★    $0.039695  24h=+6.67%  vol=$5.8M
       → I:[rsi_divergence, rsi_reset, rsi_in_zone +2]  |  T:[score=134, ST=6/6]
       Plan (trend): entry $0.039695  |  stop $0.035866 -9.65%  |  TPs: $0.045439, $0.051183, $0.058841

  [ 8] SPACE       conf=  6.0  scanners=2/4     ·    P★     ·    T★     $0.006639  24h=+12.96%  vol=$22.5M
       → P:[funding_negative, vol_oi_surge]  |  T:[score=125, ST=5/6]
       Plan (trend): entry $0.006639  |  stop $0.005643 -15.00%  |  TPs: $0.008133, $0.009627, $0.011618

  [ 9] MON         conf=  6.0  scanners=2/4   I★     ·      ·    T★     $0.022581  24h=+2.86%  vol=$3.7M
       → I:[vol_in_window, vol_expansion, obv_stealth_accum +3]  |  T:[score=130, ST=5/6]
       Plan (trend): entry $0.022581  |  stop $0.019815 -12.25%  |  TPs: $0.026730, $0.030880, $0.036412

  [10] ENJ         conf=  6.0  scanners=2/4   I★     ·      ·    T★     $0.031531  24h=+5.24%  vol=$3.2M
       → I:[vol_in_window, vol_expansion, rsi_reset +5]  |  T:[score=124, ST=5/6]
       Plan (trend): entry $0.031531  |  stop $0.027437 -12.98%  |  TPs: $0.037672, $0.043813, $0.052002

  [11] AVNT        conf=  6.0  scanners=2/4   I★     ·      ·    T★     $0.111720  24h=+1.56%  vol=$2.3M
       → I:[vol_in_window, vol_expansion, obv_stealth_accum +5]  |  T:[score=117, ST=4/6]
       Plan (trend): entry $0.111720  |  stop $0.095610 -14.42%  |  TPs: $0.135885, $0.160050, $0.192270

  [12] COAI        conf=  6.0  scanners=2/4   I★     ·      ·    T★     $0.320700  24h=+4.20%  vol=$4.4M
       → I:[rsi_divergence, rsi_reset, rsi_in_zone +2]  |  T:[score=115, ST=3/6]
       Plan (trend): entry $0.320700  |  stop $0.272595 -15.00%  |  TPs: $0.392858, $0.465015, $0.561225

  [13] FARTCOIN    conf=  6.0  scanners=2/4     ·    P★     ·    T★     $0.128670  24h=+1.36%  vol=$57.0M
       → P:[oi_building, vol_oi_surge]  |  T:[score=113, ST=3/6]
       Plan (trend): entry $0.128670  |  stop $0.109369 -15.00%  |  TPs: $0.157621, $0.186572, $0.225172

────────────────────────────────────────────────────────────────────────────────
  SINGLE-SCANNER  —  156 coin(s)  (only one scanner surfaced — early but unconfirmed)
────────────────────────────────────────────────────────────────────────────────
  #   Symbol      Conf  IGN PRP SPT TRD         Price    24h%  Signals snapshot
  ------------------------------------------------------------------------------
    1 LAYER        6.0  I★★ ·   ·   ·     $  0.071700  +6.60%  I:obv_stealth_accum,rsi_divergence
    2 SOLAYER      6.0  I★★ ·   ·   ·     $  0.071680  +6.12%  I:rsi_divergence,rsi_reset
    3 TOMO         6.0  I★★ ·   ·   ·     $  1.381900  +3.22%  I:vol_in_window,vol_expansion
    4 BOND         6.0  I★★ ·   ·   ·     $  2.152000  +4.42%  I:vol_in_window,whale_candle
    5 PARTI        5.0  ·   ·   ·   T★★   $  0.055840  +9.71%  T:score=148
    6 VELODROME    5.0  ·   ·   ·   T★★   $  0.016303 +14.52%  T:score=151
    7 MMT          5.0  ·   ·   ·   T★★   $  0.127910 +10.45%  T:score=140
    8 UMA          5.0  ·   ·   ·   T★★   $  0.425000 +10.05%  T:score=137
    9 ALT          5.0  ·   ·   ·   T★★   $  0.006482  +1.75%  T:score=131
   10 AKT          5.0  ·   ·   ·   T★★   $  0.822100  -2.96%  T:score=149
   11 WLD          5.0  ·   ·   ·   T★★   $  0.586900 +12.37%  T:score=152
   12 GPS          5.0  ·   ·   ·   T★★   $  0.009181  -0.05%  T:score=144
   13 FOLKS        5.0  ·   ·   ·   T★★   $  2.012500  +0.86%  T:score=136
   14 MEME         5.0  ·   ·   ·   T★★   $  0.000610  +4.30%  T:score=147
   15 EVAA         5.0  ·   ·   ·   T★★   $  1.272000 -42.35%  T:score=130
   16 HYPE         5.0  ·   ·   ·   T★★   $ 66.859000  +7.90%  T:score=142
   17 OPEN         5.0  ·   ·   ·   T★★   $  0.236410  +2.50%  T:score=135
   18 ATOM         5.0  ·   ·   ·   T★★   $  1.962200  +2.35%  T:score=133
   19 IO           5.0  ·   ·   ·   T★★   $  0.178020  +2.07%  T:score=145
   20 KAITO        5.0  ·   ·   ·   T★★   $  0.482700  +0.56%  T:score=133
   21 ALCH         5.0  ·   ·   ·   T★★   $  0.074470  +4.16%  T:score=135
   22 AAVE         5.0  ·   ·   ·   T★★   $ 73.700000  +2.29%  T:score=131
   23 JTO          5.0  ·   ·   ·   T★★   $  0.729200  +4.10%  T:score=158
   24 GRASS        5.0  ·   ·   ·   T★★   $  0.461810  -0.85%  T:score=134
   25 STX          4.0  ·   P★  ·   T·    $  0.193400  -1.99%  P:oi_building,funding_negative
   26 JASMY        4.0  ·   P★  ·   T·    $  0.005088  -5.46%  P:oi_building,funding_negative
   27 GENIUS       3.0  I★  ·   ·   ·     $  0.437500  -2.21%  I:bb_squeeze,obv_stealth_accum
   28 COW          3.0  ·   P★  ·   ·     $  0.159760  -0.06%  P:oi_building,funding_negative
   29 PLA          3.0  I★  ·   ·   ·     $  0.234700  +5.53%  I:vol_in_window,vol_expansion
   30 BICO         3.0  I★  ·   ·   ·     $  0.019900  -0.49%  I:whale_candle,obv_divergence
  ... (126 more, see JSON)

────────────────────────────────────────────────────────────────────────────────
  EXTENDED  —  16 coin(s)  (already up >15% in 24h — entry likely late)
────────────────────────────────────────────────────────────────────────────────
  #   Symbol      Conf  IGN PRP SPT TRD         Price    24h%  Original bucket / Signals
  ------------------------------------------------------------------------------
    1 BR          14.0  I★  P★★ ·   T★★   $  0.111890 +68.14%  would-be: CONVERGENCE
    2 CREAM        6.0  I★★ ·   ·   ·     $  2.100000 +65.35%  would-be: SINGLE_SCANNER
    3 BSB          5.0  ·   ·   ·   T★★   $  0.361700 +51.22%  would-be: SINGLE_SCANNER
    4 PNT          3.0  I★  ·   ·   ·     $  0.035000 +45.23%  would-be: SINGLE_SCANNER
    5 SENT        17.0  I★★ P★★ ·   T★★   $  0.015003 +35.92%  would-be: CONVERGENCE
    6 PORTAL       1.0  ·   ·   ·   T·    $  0.011865 +35.91%  would-be: SINGLE_SCANNER
    7 VELVET       1.0  ·   ·   ·   T·    $  0.370800 +34.84%  would-be: SINGLE_SCANNER
    8 LAB          3.0  ·   ·   ·   T★    $  9.553000 +31.92%  would-be: SINGLE_SCANNER
    9 BLESS        6.0  I★  ·   ·   T★    $  0.005579 +28.93%  would-be: STRONG_SETUP
   10 EPIC         3.0  ·   ·   ·   T★    $  0.495100 +27.64%  would-be: SINGLE_SCANNER
   11 TRIA         7.0  I★★ ·   ·   T·    $  0.022582 +27.31%  would-be: STRONG_SETUP
   12 UNI          8.0  I★  ·   ·   T★★   $  2.843000 +20.62%  would-be: STRONG_SETUP
   13 SQD          8.0  ·   P★  ·   T★★   $  0.041560 +20.34%  would-be: STRONG_SETUP
   14 STG          1.0  ·   ·   ·   T·    $  0.204210 +19.61%  would-be: SINGLE_SCANNER
   15 Q            3.0  ·   ·   ·   T★    $  0.017313 +16.62%  would-be: SINGLE_SCANNER
   16 PUFFER       8.0  ·   P★  ·   T★★   $  0.018510 +15.65%  would-be: STRONG_SETUP

════════════════════════════════════════════════════════════════════════════════
2026-06-16 21:35:56,916 [INFO]   Saved → master_radar_LATEST.txt, master_radar_LATEST.json, master_radar_20260616_213556.txt
2026-06-16 21:35:56,917 [INFO] ================================================================
2026-06-16 22:48:58,960 [INFO] ================================================================
2026-06-16 22:48:58,961 [INFO] MASTER RADAR v3.0  (Phase 5 orchestrator)
2026-06-16 22:48:58,961 [INFO] ================================================================
2026-06-16 22:48:58,962 [INFO] Phase 1/2: running scanners
2026-06-16 22:48:58,962 [INFO] ================================================================
2026-06-16 22:48:58,962 [INFO]   (spot_scanner not auto-run — pass --include-spot to enable)
2026-06-16 22:48:58,963 [INFO] ================================================================
2026-06-16 22:48:58,968 [INFO]   Running ignition_scanner ...  (output streams below)
2026-06-16 22:48:58,968 [INFO]   ────────────────────────────────────────────────────────────
2026-06-16 22:49:17,781 [INFO]   ────────────────────────────────────────────────────────────
2026-06-16 22:49:17,782 [INFO]   [OK]   ignition_scanner finished in 18.8s
2026-06-16 22:49:17,784 [INFO]   Running perp_scanner ...  (output streams below)
2026-06-16 22:49:17,784 [INFO]   ────────────────────────────────────────────────────────────
2026-06-16 22:49:20,147 [INFO]   ────────────────────────────────────────────────────────────
2026-06-16 22:49:20,148 [INFO]   [OK]   perp_scanner finished in 2.4s
2026-06-16 22:49:20,158 [INFO]   Running trend_scanner ...  (output streams below)
2026-06-16 22:49:20,159 [INFO]   ────────────────────────────────────────────────────────────
2026-06-16 22:50:06,511 [INFO]   ────────────────────────────────────────────────────────────
2026-06-16 22:50:06,512 [INFO]   [OK]   trend_scanner finished in 46.4s
2026-06-16 22:50:06,512 [INFO] ================================================================
2026-06-16 22:50:06,513 [INFO] Scanner subprocess summary:
2026-06-16 22:50:06,513 [INFO]   ignition   ✓ OK                 elapsed=18.8s
2026-06-16 22:50:06,514 [INFO]   perp       ✓ OK                 elapsed=2.4s
2026-06-16 22:50:06,514 [INFO]   trend      ✓ OK                 elapsed=46.4s
2026-06-16 22:50:06,515 [INFO] ================================================================
2026-06-16 22:50:06,515 [INFO] Phase 2/2: orchestrating
2026-06-16 22:50:06,515 [INFO] ================================================================
2026-06-16 22:50:06,528 [INFO]   Loaded: ignition=✓  perp=✓  spot=✓  trend=✓
2026-06-16 22:50:06,529 [INFO]   Coins per scanner: ignition=58  perp=10  spot=0  trend=132
2026-06-16 22:50:06,529 [INFO]   Regime: bull  BTC 7d: 5.14  spot stay-out: True
2026-06-16 22:50:06,530 [INFO] 
════════════════════════════════════════════════════════════════════════════════
  MASTER RADAR  v3.0  —  cross-scanner confluence
  Generated  : 2026-06-16 22:50:06    |    Orchestration time: 67.6s
════════════════════════════════════════════════════════════════════════════════

  Regime    : 🟢 BULL    BTC 7d +5.14%  |  24h +0.89%

  ┌──────────────────────────────────────────────────────────────────┐
  │  ⚠️  SPOT SCANNER SAYS STAY IN USDT                                │
  │     0 setups passed spot's regime-aware filter.                  │
  │     Trend coins below may still be valid, but reduce aggression. │
  └──────────────────────────────────────────────────────────────────┘

  Universe  : 179 coins surfaced across scanners
  Buckets   : 0 CONVERGENCE  |  14 STRONG SETUP  |  151 SINGLE-SCANNER  |  14 EXTENDED (24h>15%)

  Scanner badges: I=Ignition  P=Perp  S=Spot  T=Trend
                   ★★=top tier  ★=lower tier  ·=watch (trend only)

────────────────────────────────────────────────────────────────────────────────
  CONVERGENCE  —  0 coin(s)  (≥3 scanners agreeing, confluence ≥10)
────────────────────────────────────────────────────────────────────────────────
  (none — no high-confluence agreement across scanners today)

────────────────────────────────────────────────────────────────────────────────
  STRONG SETUP  —  14 coin(s)  (≥2 scanners, confluence ≥6)
────────────────────────────────────────────────────────────────────────────────

  [ 1] CFG         conf=  9.0  scanners=2/4   I★★    ·      ·    T★     $0.216100  24h=+5.69%  vol=$2.3M
       → I:[vol_in_window, vol_expansion, whale_candle +5]  |  T:[score=120, ST=4/6]
       Plan (trend): entry $0.216100  |  stop $0.183968 -14.87%  |  TPs: $0.264298, $0.312496, $0.376761

  [ 2] SPX         conf=  8.0  scanners=2/4   I★     ·      ·    T★★    $0.339800  24h=+13.81%  vol=$47.8M
       → I:[obv_stealth_accum, rsi_divergence, cmf_positive +3]  |  T:[score=137, ST=5/6]
       Plan (trend): entry $0.339800  |  stop $0.294521 -13.33%  |  TPs: $0.407718, $0.475636, $0.566193

  [ 3] LIT         conf=  8.0  scanners=2/4   I★     ·      ·    T★★    $1.687900  24h=+3.89%  vol=$15.5M
       → I:[vol_in_window, rsi_divergence, rsi_in_zone +3]  |  T:[score=153, ST=6/6]
       Plan (trend): entry $1.687900  |  stop $1.434715 -15.00%  |  TPs: $2.067677, $2.447455, $2.953825

  [ 4] ORDI        conf=  8.0  scanners=2/4   I★     ·      ·    T★★    $3.380000  24h=+1.49%  vol=$8.8M
       → I:[vol_in_window, vol_expansion, obv_stealth_accum +3]  |  T:[score=131, ST=4/6]
       Plan (trend): entry $3.380000  |  stop $2.873000 -15.00%  |  TPs: $4.140500, $4.901000, $5.915000

  [ 5] HANA        conf=  8.0  scanners=2/4   I★     ·      ·    T★★    $0.039695  24h=+4.24%  vol=$5.8M
       → I:[rsi_divergence, rsi_reset, rsi_in_zone +2]  |  T:[score=134, ST=6/6]
       Plan (trend): entry $0.039695  |  stop $0.035866 -9.65%  |  TPs: $0.045439, $0.051183, $0.058841

  [ 6] ROSE        conf=  8.0  scanners=2/4   I★     ·      ·    T★★    $0.006925  24h=+4.34%  vol=$2.1M
       → I:[obv_stealth_accum, rsi_reset, rsi_in_zone +2]  |  T:[score=133, ST=5/6]
       Plan (trend): entry $0.006925  |  stop $0.006042 -12.75%  |  TPs: $0.008249, $0.009574, $0.011340

  [ 7] COAI        conf=  6.0  scanners=2/4   I★     ·      ·    T★     $0.320700  24h=+6.40%  vol=$4.4M
       → I:[rsi_divergence, rsi_reset, rsi_in_zone +2]  |  T:[score=115, ST=3/6]
       Plan (trend): entry $0.320700  |  stop $0.272595 -15.00%  |  TPs: $0.392858, $0.465015, $0.561225

  [ 8] HEI         conf=  6.0  scanners=2/4   I★   P★     ·      ·      $0.071460  24h=+0.91%  vol=$2.4M
       → I:[obv_stealth_accum, rsi_reset, rsi_in_zone +2]  |  P:[funding_negative, vol_oi_surge]

  [ 9] ARM         conf=  6.0  scanners=2/4   I★   P★     ·      ·      $395.870000  24h=-3.09%  vol=$2.8M
       → I:[vol_in_window, vol_expansion, obv_stealth_accum +3]  |  P:[funding_negative, vol_oi_surge]

  [10] MON         conf=  6.0  scanners=2/4   I★     ·      ·    T★     $0.022581  24h=+2.62%  vol=$3.7M
       → I:[vol_in_window, vol_expansion, obv_stealth_accum +3]  |  T:[score=130, ST=5/6]
       Plan (trend): entry $0.022581  |  stop $0.019815 -12.25%  |  TPs: $0.026730, $0.030880, $0.036412

  [11] ENJ         conf=  6.0  scanners=2/4   I★     ·      ·    T★     $0.031531  24h=+4.94%  vol=$3.3M
       → I:[vol_in_window, vol_expansion, rsi_reset +4]  |  T:[score=124, ST=5/6]
       Plan (trend): entry $0.031531  |  stop $0.027437 -12.98%  |  TPs: $0.037672, $0.043813, $0.052002

  [12] AVNT        conf=  6.0  scanners=2/4   I★     ·      ·    T★     $0.111720  24h=+1.57%  vol=$2.3M
       → I:[vol_in_window, vol_expansion, obv_stealth_accum +4]  |  T:[score=117, ST=4/6]
       Plan (trend): entry $0.111720  |  stop $0.095610 -14.42%  |  TPs: $0.135885, $0.160050, $0.192270

  [13] WAVES       conf=  6.0  scanners=2/4     ·    P★     ·    T★     $0.271200  24h=+7.85%  vol=$4.6M
       → P:[funding_negative, vol_oi_surge]  |  T:[score=117, ST=5/6]
       Plan (trend): entry $0.271200  |  stop $0.231975 -14.46%  |  TPs: $0.330037, $0.388875, $0.467325

  [14] SPACE       conf=  6.0  scanners=2/4     ·    P★     ·    T★     $0.006639  24h=+13.96%  vol=$22.6M
       → P:[funding_negative, vol_oi_surge]  |  T:[score=125, ST=5/6]
       Plan (trend): entry $0.006639  |  stop $0.005643 -15.00%  |  TPs: $0.008133, $0.009627, $0.011618

────────────────────────────────────────────────────────────────────────────────
  SINGLE-SCANNER  —  151 coin(s)  (only one scanner surfaced — early but unconfirmed)
────────────────────────────────────────────────────────────────────────────────
  #   Symbol      Conf  IGN PRP SPT TRD         Price    24h%  Signals snapshot
  ------------------------------------------------------------------------------
    1 BOND         6.0  I★★ ·   ·   ·     $  2.152000  +4.42%  I:vol_in_window,whale_candle
    2 TOMO         6.0  I★★ ·   ·   ·     $  1.381900  +3.22%  I:vol_in_window,vol_expansion
    3 LAYER        6.0  I★★ ·   ·   ·     $  0.071700  +4.54%  I:obv_stealth_accum,rsi_divergence
    4 BEL          6.0  I★★ ·   ·   ·     $  0.088500  -1.25%  I:vol_expansion,whale_candle
    5 ALT          5.0  ·   ·   ·   T★★   $  0.006482  +3.15%  T:score=131
    6 VELODROME    5.0  ·   ·   ·   T★★   $  0.016303 +10.74%  T:score=151
    7 EVAA         5.0  ·   ·   ·   T★★   $  1.272000 -32.89%  T:score=130
    8 MEME         5.0  ·   ·   ·   T★★   $  0.000610  +4.45%  T:score=147
    9 ALCH         5.0  ·   ·   ·   T★★   $  0.074470  +5.38%  T:score=135
   10 OPEN         5.0  ·   ·   ·   T★★   $  0.236410  +5.12%  T:score=138
   11 AAVE         5.0  ·   ·   ·   T★★   $ 73.700000  +3.05%  T:score=131
   12 FOLKS        5.0  ·   ·   ·   T★★   $  2.012500  +1.67%  T:score=139
   13 AERO         5.0  ·   ·   ·   T★★   $  0.426800  +7.37%  T:score=148
   14 GRASS        5.0  ·   ·   ·   T★★   $  0.461810  -1.94%  T:score=134
   15 ATOM         5.0  ·   ·   ·   T★★   $  1.962200  +1.87%  T:score=133
   16 WLD          5.0  ·   ·   ·   T★★   $  0.586900 +10.73%  T:score=152
   17 JTO          5.0  ·   ·   ·   T★★   $  0.729200  +8.57%  T:score=158
   18 PARTI        5.0  ·   ·   ·   T★★   $  0.055840 +10.45%  T:score=148
   19 HYPE         5.0  ·   ·   ·   T★★   $ 66.859000  +8.00%  T:score=142
   20 MMT          5.0  ·   ·   ·   T★★   $  0.127910 +10.22%  T:score=140
   21 IO           5.0  ·   ·   ·   T★★   $  0.178020  +1.76%  T:score=145
   22 PUFFER       5.0  ·   ·   ·   T★★   $  0.018510 +12.68%  T:score=136
   23 GPS          5.0  ·   ·   ·   T★★   $  0.009181  +1.26%  T:score=144
   24 AKT          5.0  ·   ·   ·   T★★   $  0.822100  -3.19%  T:score=149
   25 KAITO        5.0  ·   ·   ·   T★★   $  0.482700  +0.19%  T:score=133
   26 UMA          5.0  ·   ·   ·   T★★   $  0.425000 +10.33%  T:score=137
   27 PLAYSOUT     3.0  I★  ·   ·   ·     $  0.035520 +12.57%  I:whale_candle,rsi_reset
   28 ENSO         3.0  ·   ·   ·   T★    $  0.680100  -0.48%  T:score=123
   29 ROAM         3.0  ·   ·   ·   T★    $  0.011151  -6.76%  T:score=128
   30 EIGEN        3.0  ·   ·   ·   T★    $  0.214520  -4.20%  T:score=118
  ... (121 more, see JSON)

────────────────────────────────────────────────────────────────────────────────
  EXTENDED  —  14 coin(s)  (already up >15% in 24h — entry likely late)
────────────────────────────────────────────────────────────────────────────────
  #   Symbol      Conf  IGN PRP SPT TRD         Price    24h%  Original bucket / Signals
  ------------------------------------------------------------------------------
    1 BR          11.0  I★  P★  ·   T★★   $  0.111890 +74.64%  would-be: CONVERGENCE
    2 CREAM        6.0  I★★ ·   ·   ·     $  2.100000 +65.35%  would-be: SINGLE_SCANNER
    3 BSB          5.0  ·   ·   ·   T★★   $  0.361700 +49.11%  would-be: SINGLE_SCANNER
    4 PNT          3.0  I★  ·   ·   ·     $  0.035000 +45.23%  would-be: SINGLE_SCANNER
    5 PORTAL       4.0  ·   P★  ·   T·    $  0.011865 +34.65%  would-be: SINGLE_SCANNER
    6 LAB          3.0  ·   ·   ·   T★    $  9.553000 +32.74%  would-be: SINGLE_SCANNER
    7 TRIA         7.0  I★★ ·   ·   T·    $  0.022582 +31.97%  would-be: STRONG_SETUP
    8 VELVET       1.0  ·   ·   ·   T·    $  0.370800 +30.99%  would-be: SINGLE_SCANNER
    9 EPIC         3.0  ·   ·   ·   T★    $  0.495100 +30.62%  would-be: SINGLE_SCANNER
   10 SENT        14.0  I★★ P★  ·   T★★   $  0.015003 +30.30%  would-be: CONVERGENCE
   11 BLESS        6.0  I★  ·   ·   T★    $  0.005579 +27.56%  would-be: STRONG_SETUP
   12 SQD          5.0  ·   ·   ·   T★★   $  0.041560 +21.94%  would-be: SINGLE_SCANNER
   13 UNI          5.0  ·   ·   ·   T★★   $  2.843000 +17.59%  would-be: SINGLE_SCANNER
   14 Q            3.0  ·   ·   ·   T★    $  0.017313 +16.83%  would-be: SINGLE_SCANNER

════════════════════════════════════════════════════════════════════════════════
2026-06-16 22:50:06,548 [INFO]   Saved → master_radar_LATEST.txt, master_radar_LATEST.json, master_radar_20260616_225006.txt
2026-06-16 22:50:06,548 [INFO] ================================================================
