2026-06-15 00:27:10,072 [INFO] ================================================================
2026-06-15 00:27:10,072 [INFO] PERP SCANNER v3.0
2026-06-15 00:27:10,073 [INFO] ================================================================
2026-06-15 00:27:10,076 [INFO]   Previous OI state: 404 symbols loaded
2026-06-15 00:27:10,077 [INFO] Fetching Bybit tickers...
2026-06-15 00:27:11,360 [INFO]   Received 696 tickers
2026-06-15 00:27:11,379 [INFO]   BTC 1h: +2.04%
2026-06-15 00:27:11,379 [INFO] Scoring tickers...
2026-06-15 00:27:11,396 [INFO] Done in 1.3s  |  scanned=405  skipped=291  watch_now=0  on_radar=7
2026-06-15 00:27:11,397 [INFO] 
================================================================================
  PERP SCANNER v3.0  —  Bybit positioning radar
  Generated  : 2026-06-15 00:27:11
  Universe   : 696 Bybit perps  |  Scanned: 405
  Scan time  : 1.3s  |  BTC 1h: +2.04%
================================================================================

  Tiers — WATCH NOW: conviction ≥ 50, positive signals ≥ 3, no penalties
          ON RADAR : conviction ≥ 25, positive signals ≥ 2, no penalties

  Signals : OI building · funding neg · vol/OI surge · decoupling 1h
  Penalty : OI unwind · CROWDED LONG (extreme positive funding)

--------------------------------------------------------------------------------
  WATCH NOW  —  0 coin(s)
--------------------------------------------------------------------------------
  (none)

--------------------------------------------------------------------------------
  ON RADAR   —  7 coin(s)
--------------------------------------------------------------------------------
  #   Symbol      Conv Sigs    OI $M    OI Δ     Fund%  V/OI  Signals
  ------------------------------------------------------------------------------
    1 H           50.0    2  $  33.5   -0.85%   -2.0555%  12.6  funding neg, vol/OI surge
    2 STG         50.0    2  $   4.2   -0.24%   -0.0962%   9.0  funding neg, vol/OI surge
    3 ZKC         50.0    2  $   2.1   +1.26%   -0.3740%   9.8  funding neg, vol/OI surge
    4 CL          40.8    2  $  15.4   +1.42%   -0.0515%   2.9  funding neg, vol/OI surge
    5 TRUMP       38.1    2  $  27.1   -0.76%   -0.0410%   2.8  funding neg, vol/OI surge
    6 B3          34.7    2  $   0.7   +1.48%   -0.0151%   4.5  funding neg, vol/OI surge
    7 OPG         32.6    2  $   7.5   +3.37%   +0.0025%   3.9  OI building, vol/OI surge

================================================================================
2026-06-15 00:27:11,407 [INFO]   Saved → perp_v3_LATEST.txt, perp_v3_LATEST.json, perp_v3_20260615_002711.txt
2026-06-15 09:32:40,326 [INFO] ================================================================
2026-06-15 09:32:40,327 [INFO] PERP SCANNER v3.0
2026-06-15 09:32:40,327 [INFO] ================================================================
2026-06-15 09:32:40,330 [INFO]   Previous OI state: 405 symbols loaded
2026-06-15 09:32:40,330 [INFO] Fetching Bybit tickers...
2026-06-15 09:32:40,914 [INFO]   Received 694 tickers
2026-06-15 09:32:40,933 [INFO]   BTC 1h: -0.21%
2026-06-15 09:32:40,933 [INFO] Scoring tickers...
2026-06-15 09:32:40,942 [INFO] Done in 0.6s  |  scanned=416  skipped=278  watch_now=1  on_radar=18
2026-06-15 09:32:40,942 [INFO] 
================================================================================
  PERP SCANNER v3.0  —  Bybit positioning radar
  Generated  : 2026-06-15 09:32:40
  Universe   : 694 Bybit perps  |  Scanned: 416
  Scan time  : 0.6s  |  BTC 1h: -0.21%
================================================================================

  Tiers — WATCH NOW: conviction ≥ 50, positive signals ≥ 3, no penalties
          ON RADAR : conviction ≥ 25, positive signals ≥ 2, no penalties

  Signals : OI building · funding neg · vol/OI surge · decoupling 1h
  Penalty : OI unwind · CROWDED LONG (extreme positive funding)

--------------------------------------------------------------------------------
  WATCH NOW  —  1 coin(s)
--------------------------------------------------------------------------------

  [ 1] CHIP        conv= 72.7  sigs= 3  price=$0.042270      24h=+19.24%
       OI=$   6.4M  Δ=+41.50%  funding=-0.0622%/8h  vol/OI= 2.2x  1h=+0.00% (vs BTC +0.21%)
       → OI building, funding neg, vol/OI surge

--------------------------------------------------------------------------------
  ON RADAR   —  18 coin(s)
--------------------------------------------------------------------------------
  #   Symbol      Conv Sigs    OI $M    OI Δ     Fund%  V/OI  Signals
  ------------------------------------------------------------------------------
    1 BANANAS31   55.6    2  $   1.7  +16.03%   +0.0050%   9.4  OI building, vol/OI surge
    2 OPG         55.6    2  $   5.1  +15.86%   +0.0050%  12.0  OI building, vol/OI surge
    3 JELLYJELLY  54.7    2  $   3.0  +12.48%   +0.0050%  10.9  OI building, vol/OI surge
    4 KERNEL      53.9    2  $   0.7   +9.52%   -0.0448%   1.7  OI building, funding neg
    5 PUFFER      50.0    2  $   0.8   +0.00%   -1.3713%   9.5  funding neg, vol/OI surge
    6 VELVET      47.9    2  $   3.6   +8.41%   +0.0157%   8.9  OI building, vol/OI surge
    7 STG         45.8    2  $   4.1   +0.25%   -0.1657%   5.1  funding neg, vol/OI surge
    8 UAI         45.6    2  $   1.8  +33.24%   +0.0178%   2.5  OI building, vol/OI surge
    9 MELANIA     43.2    2  $   1.0   +8.77%   +0.0050%   4.6  OI building, vol/OI surge
   10 B3          43.0    2  $   0.7   -4.85%   -0.2382%   3.9  funding neg, vol/OI surge
   11 HMSTR       41.0    2  $   1.7   +1.69%   -0.0740%   2.9  funding neg, vol/OI surge
   12 TRUMP       40.5    2  $  24.8   -3.11%   -0.0539%   2.7  funding neg, vol/OI surge
   13 NIL         37.7    2  $   1.4   +8.82%   +0.0050%   2.1  OI building, vol/OI surge
   14 SKR         37.2    2  $   2.2   +6.40%   +0.0050%   3.7  OI building, vol/OI surge
   15 CHZ         36.4    2  $   5.6   +4.59%   -0.0116%   0.8  OI building, funding neg
   16 AKT         36.1    2  $   2.0   +7.39%   +0.0050%   2.4  OI building, vol/OI surge
   17 WET         33.0    2  $   0.8   +4.98%   +0.0050%   2.9  OI building, vol/OI surge
   18 MOODENG     31.7    2  $   1.4   +5.14%   +0.0050%   2.2  OI building, vol/OI surge

================================================================================
2026-06-15 09:32:40,948 [INFO]   Saved → perp_v3_LATEST.txt, perp_v3_LATEST.json, perp_v3_20260615_093240.txt
2026-06-15 14:55:41,761 [INFO] ================================================================
2026-06-15 14:55:41,763 [INFO] PERP SCANNER v3.0
2026-06-15 14:55:41,764 [INFO] ================================================================
2026-06-15 14:55:41,771 [INFO]   Previous OI state: 416 symbols loaded
2026-06-15 14:55:41,772 [INFO] Fetching Bybit tickers...
2026-06-15 14:55:42,422 [INFO]   Received 711 tickers
2026-06-15 14:55:42,450 [INFO]   BTC 1h: +0.50%
2026-06-15 14:55:42,451 [INFO] Scoring tickers...
2026-06-15 14:55:42,462 [INFO] Done in 0.7s  |  scanned=437  skipped=274  watch_now=5  on_radar=15
2026-06-15 14:55:42,464 [INFO] 
================================================================================
  PERP SCANNER v3.0  —  Bybit positioning radar
  Generated  : 2026-06-15 14:55:42
  Universe   : 711 Bybit perps  |  Scanned: 437
  Scan time  : 0.7s  |  BTC 1h: +0.50%
================================================================================

  Tiers — WATCH NOW: conviction ≥ 50, positive signals ≥ 3, no penalties
          ON RADAR : conviction ≥ 25, positive signals ≥ 2, no penalties

  Signals : OI building · funding neg · vol/OI surge · decoupling 1h
  Penalty : OI unwind · CROWDED LONG (extreme positive funding)

--------------------------------------------------------------------------------
  WATCH NOW  —  5 coin(s)
--------------------------------------------------------------------------------

  [ 1] OPG         conv= 83.3  sigs= 3  price=$0.188700      24h=-10.99%
       OI=$   6.0M  Δ=+15.98%  funding=-0.4971%/8h  vol/OI=12.5x  1h=+0.00% (vs BTC -0.50%)
       → OI building, funding neg, vol/OI surge

  [ 2] PUFFER      conv= 74.1  sigs= 3  price=$0.019950      24h=+34.07%
       OI=$   0.8M  Δ=+10.22%  funding=-0.0336%/8h  vol/OI=12.5x  1h=+0.00% (vs BTC -0.50%)
       → OI building, funding neg, vol/OI surge

  [ 3] KERNEL      conv= 72.5  sigs= 3  price=$0.052590      24h=+10.97%
       OI=$   0.8M  Δ=+13.59%  funding=-0.0928%/8h  vol/OI= 2.1x  1h=+0.00% (vs BTC -0.50%)
       → OI building, funding neg, vol/OI surge

  [ 4] STG         conv= 71.0  sigs= 3  price=$0.233020      24h=-14.88%
       OI=$   4.3M  Δ= +9.93%  funding=-0.2217%/8h  vol/OI= 3.8x  1h=+0.00% (vs BTC -0.50%)
       → OI building, funding neg, vol/OI surge

  [ 5] ZKC         conv= 69.8  sigs= 3  price=$0.054830      24h=-11.72%
       OI=$   1.9M  Δ= +4.88%  funding=-0.0977%/8h  vol/OI= 8.5x  1h=+0.00% (vs BTC -0.50%)
       → OI building, funding neg, vol/OI surge

--------------------------------------------------------------------------------
  ON RADAR   —  15 coin(s)
--------------------------------------------------------------------------------
  #   Symbol      Conv Sigs    OI $M    OI Δ     Fund%  V/OI  Signals
  ------------------------------------------------------------------------------
    1 ME          57.9    2  $   1.6  +11.10%   -0.0581%   1.6  OI building, funding neg
    2 CLO         52.0    2  $   3.0  +10.85%   +0.0645%   9.5  OI building, vol/OI surge
    3 UAI         52.0    2  $   2.2  +16.08%   +0.0050%   5.4  OI building, vol/OI surge
    4 IP          48.5    3  $   6.2   +3.76%   -0.0194%   2.1  OI building, funding neg, vol/OI surge
    5 JTO         43.6    2  $   6.3  +11.67%   +0.0050%   2.6  OI building, vol/OI surge
    6 SOXL        43.4    2  $   3.9   +8.28%   +0.0000%   5.1  OI building, vol/OI surge
    7 B3          40.7    2  $   0.7   +1.12%   -0.4342%   2.8  funding neg, vol/OI surge
    8 BTW         37.4    2  $   1.8   +7.80%   +0.0083%   2.7  OI building, vol/OI surge
    9 ENJ         36.0    2  $   2.1   +3.00%   -0.0195%   0.8  OI building, funding neg
   10 HMSTR       33.8    2  $   1.9   +6.43%   +0.0050%   2.1  OI building, vol/OI surge
   11 COAI        33.3    2  $   3.3   +4.52%   +0.0228%   3.3  OI building, vol/OI surge
   12 NIL         33.1    2  $   1.5   +5.10%   +0.0050%   2.8  OI building, vol/OI surge
   13 MEME        31.8    2  $   1.6   +4.49%   +0.0050%   2.7  OI building, vol/OI surge
   14 TRUMP       30.0    2  $  25.5   +1.30%   -0.0126%   2.7  funding neg, vol/OI surge
   15 WLD         29.7    2  $  91.0   +3.81%   +0.0100%   2.3  OI building, vol/OI surge

================================================================================
2026-06-15 14:55:42,479 [INFO]   Saved → perp_v3_LATEST.txt, perp_v3_LATEST.json, perp_v3_20260615_145542.txt
2026-06-15 15:38:01,677 [INFO] ================================================================
2026-06-15 15:38:01,679 [INFO] PERP SCANNER v3.0
2026-06-15 15:38:01,679 [INFO] ================================================================
2026-06-15 15:38:01,683 [INFO]   Previous OI state: 437 symbols loaded
2026-06-15 15:38:01,684 [INFO] Fetching Bybit tickers...
2026-06-15 15:38:02,348 [INFO]   Received 711 tickers
2026-06-15 15:38:02,366 [INFO]   BTC 1h: +0.50%
2026-06-15 15:38:02,367 [INFO] Scoring tickers...
2026-06-15 15:38:02,383 [INFO] Done in 0.7s  |  scanned=436  skipped=275  watch_now=0  on_radar=12
2026-06-15 15:38:02,384 [INFO] 
================================================================================
  PERP SCANNER v3.0  —  Bybit positioning radar
  Generated  : 2026-06-15 15:38:02
  Universe   : 711 Bybit perps  |  Scanned: 436
  Scan time  : 0.7s  |  BTC 1h: +0.50%
================================================================================

  Tiers — WATCH NOW: conviction ≥ 50, positive signals ≥ 3, no penalties
          ON RADAR : conviction ≥ 25, positive signals ≥ 2, no penalties

  Signals : OI building · funding neg · vol/OI surge · decoupling 1h
  Penalty : OI unwind · CROWDED LONG (extreme positive funding)

--------------------------------------------------------------------------------
  WATCH NOW  —  0 coin(s)
--------------------------------------------------------------------------------
  (none)

--------------------------------------------------------------------------------
  ON RADAR   —  12 coin(s)
--------------------------------------------------------------------------------
  #   Symbol      Conv Sigs    OI $M    OI Δ     Fund%  V/OI  Signals
  ------------------------------------------------------------------------------
    1 H           50.0    2  $  22.4   -1.64%   -0.1290%  15.6  funding neg, vol/OI surge
    2 OPG         50.0    2  $   5.8   +0.47%   -0.5102%  12.8  funding neg, vol/OI surge
    3 PUFFER      50.0    2  $   0.8   -2.36%   -0.1150%  13.0  funding neg, vol/OI surge
    4 ZKC         50.0    2  $   1.8   -1.84%   -0.1110%   7.8  funding neg, vol/OI surge
    5 SAHARA      44.5    2  $   4.6   +3.06%   -0.1650%   1.5  OI building, funding neg
    6 JTO         44.0    2  $   8.0  +11.47%   +0.0039%   3.0  OI building, vol/OI surge
    7 STG         42.4    2  $   4.3   +0.12%   -0.2281%   3.6  funding neg, vol/OI surge
    8 EVAA        41.3    2  $   4.9   +4.42%   +0.0358%  12.9  OI building, vol/OI surge
    9 B3          40.8    2  $   0.7   -1.66%   -0.2859%   2.9  funding neg, vol/OI surge
   10 HEI         39.8    2  $   0.7   -1.69%   -0.0944%   2.4  funding neg, vol/OI surge
   11 KERNEL      36.9    2  $   0.7   -1.48%   -0.0413%   2.2  funding neg, vol/OI surge
   12 TRUMP       36.1    2  $  25.5   +0.27%   -0.0349%   2.6  funding neg, vol/OI surge

================================================================================
2026-06-15 15:38:02,394 [INFO]   Saved → perp_v3_LATEST.txt, perp_v3_LATEST.json, perp_v3_20260615_153802.txt
2026-06-15 16:11:01,223 [INFO] ================================================================
2026-06-15 16:11:01,226 [INFO] PERP SCANNER v3.0
2026-06-15 16:11:01,227 [INFO] ================================================================
2026-06-15 16:11:01,240 [INFO]   Previous OI state: 436 symbols loaded
2026-06-15 16:11:01,242 [INFO] Fetching Bybit tickers...
2026-06-15 16:11:01,873 [INFO]   Received 711 tickers
2026-06-15 16:11:01,902 [INFO]   BTC 1h: +0.22%
2026-06-15 16:11:01,903 [INFO] Scoring tickers...
2026-06-15 16:11:01,927 [INFO] Done in 0.7s  |  scanned=437  skipped=274  watch_now=0  on_radar=14
2026-06-15 16:11:01,928 [INFO] 
================================================================================
  PERP SCANNER v3.0  —  Bybit positioning radar
  Generated  : 2026-06-15 16:11:01
  Universe   : 711 Bybit perps  |  Scanned: 437
  Scan time  : 0.7s  |  BTC 1h: +0.22%
================================================================================

  Tiers — WATCH NOW: conviction ≥ 50, positive signals ≥ 3, no penalties
          ON RADAR : conviction ≥ 25, positive signals ≥ 2, no penalties

  Signals : OI building · funding neg · vol/OI surge · decoupling 1h
  Penalty : OI unwind · CROWDED LONG (extreme positive funding)

--------------------------------------------------------------------------------
  WATCH NOW  —  0 coin(s)
--------------------------------------------------------------------------------
  (none)

--------------------------------------------------------------------------------
  ON RADAR   —  14 coin(s)
--------------------------------------------------------------------------------
  #   Symbol      Conv Sigs    OI $M    OI Δ     Fund%  V/OI  Signals
  ------------------------------------------------------------------------------
    1 H           50.0    2  $  21.5   -2.62%   -0.2490%  15.8  funding neg, vol/OI surge
    2 OPG         50.0    2  $   5.6   +0.58%   -0.4155%  13.6  funding neg, vol/OI surge
    3 PUFFER      50.0    2  $   0.7   -0.82%   -0.2367%  13.6  funding neg, vol/OI surge
    4 ZKC         49.9    2  $   1.8   +1.94%   -0.1284%   6.9  funding neg, vol/OI surge
    5 SPCX        48.2    2  $   1.0  +12.92%   +0.0000%   3.7  OI building, vol/OI surge
    6 SAHARA      45.3    2  $   4.8   +3.51%   -0.1291%   1.5  OI building, funding neg
    7 STG         42.6    2  $   4.1   -1.83%   -0.2517%   3.7  funding neg, vol/OI surge
    8 B3          40.7    2  $   0.7   -1.19%   -0.2040%   2.8  funding neg, vol/OI surge
    9 HEI         40.2    2  $   0.7   -1.55%   -0.0786%   2.6  funding neg, vol/OI surge
   10 TRUMP       38.9    2  $  25.5   +0.11%   -0.0452%   2.6  funding neg, vol/OI surge
   11 MITO        35.8    2  $   0.6   +7.72%   +0.0050%   2.1  OI building, vol/OI surge
   12 MOODENG     34.6    2  $   1.4   +6.24%   +0.0050%   2.6  OI building, vol/OI surge
   13 KERNEL      33.7    2  $   0.7   -1.07%   -0.0294%   2.2  funding neg, vol/OI surge
   14 JTO         30.8    2  $   8.3   +3.08%   +0.0002%   3.3  OI building, vol/OI surge

================================================================================
2026-06-15 16:11:01,946 [INFO]   Saved → perp_v3_LATEST.txt, perp_v3_LATEST.json, perp_v3_20260615_161101.txt
2026-06-15 17:29:26,665 [INFO] ================================================================
2026-06-15 17:29:26,669 [INFO] PERP SCANNER v3.0
2026-06-15 17:29:26,669 [INFO] ================================================================
2026-06-15 17:29:26,675 [INFO]   Previous OI state: 437 symbols loaded
2026-06-15 17:29:26,675 [INFO] Fetching Bybit tickers...
2026-06-15 17:29:27,325 [INFO]   Received 711 tickers
2026-06-15 17:29:27,373 [INFO]   BTC 1h: +1.05%
2026-06-15 17:29:27,375 [INFO] Scoring tickers...
2026-06-15 17:29:27,407 [INFO] Done in 0.7s  |  scanned=442  skipped=269  watch_now=5  on_radar=12
2026-06-15 17:29:27,409 [INFO] 
================================================================================
  PERP SCANNER v3.0  —  Bybit positioning radar
  Generated  : 2026-06-15 17:29:27
  Universe   : 711 Bybit perps  |  Scanned: 442
  Scan time  : 0.7s  |  BTC 1h: +1.05%
================================================================================

  Tiers — WATCH NOW: conviction ≥ 50, positive signals ≥ 3, no penalties
          ON RADAR : conviction ≥ 25, positive signals ≥ 2, no penalties

  Signals : OI building · funding neg · vol/OI surge · decoupling 1h
  Penalty : OI unwind · CROWDED LONG (extreme positive funding)

--------------------------------------------------------------------------------
  WATCH NOW  —  5 coin(s)
--------------------------------------------------------------------------------

  [ 1] SPCX        conv= 74.4  sigs= 3  price=$178.230000    24h= +3.65%
       OI=$   1.2M  Δ=+17.05%  funding=-0.0382%/8h  vol/OI= 4.5x  1h=+0.00% (vs BTC -1.05%)
       → OI building, funding neg, vol/OI surge

  [ 2] PUFFER      conv= 72.1  sigs= 3  price=$0.018400      24h=-10.77%
       OI=$   0.7M  Δ= +6.76%  funding=-0.0470%/8h  vol/OI=12.5x  1h=+0.00% (vs BTC -1.05%)
       → OI building, funding neg, vol/OI surge

  [ 3] JTO         conv= 70.1  sigs= 3  price=$0.803100      24h=+47.55%
       OI=$   9.7M  Δ= +9.82%  funding=-0.0421%/8h  vol/OI= 4.4x  1h=+0.00% (vs BTC -1.05%)
       → OI building, funding neg, vol/OI surge

  [ 4] SNDK        conv= 59.3  sigs= 3  price=$2,108.790000  24h= +5.27%
       OI=$   6.3M  Δ= +6.26%  funding=-0.0426%/8h  vol/OI= 2.2x  1h=+0.00% (vs BTC -1.05%)
       → OI building, funding neg, vol/OI surge

  [ 5] MEGA        conv= 51.7  sigs= 3  price=$0.063950      24h= +1.25%
       OI=$   5.0M  Δ= +5.10%  funding=-0.0105%/8h  vol/OI= 3.6x  1h=+0.00% (vs BTC -1.05%)
       → OI building, funding neg, vol/OI surge

--------------------------------------------------------------------------------
  ON RADAR   —  12 coin(s)
--------------------------------------------------------------------------------
  #   Symbol      Conv Sigs    OI $M    OI Δ     Fund%  V/OI  Signals
  ------------------------------------------------------------------------------
    1 KMNO        48.4    2  $   0.8   +5.37%   -0.0664%   1.0  OI building, funding neg
    2 ZKC         46.2    2  $   1.8   +0.30%   -0.1512%   5.3  funding neg, vol/OI surge
    3 STG         42.8    2  $   4.0   -0.04%   -0.2106%   3.8  funding neg, vol/OI surge
    4 HEI         41.7    2  $   0.7   +1.05%   -0.0827%   3.2  funding neg, vol/OI surge
    5 B3          40.9    2  $   0.7   +0.51%   -0.2519%   2.9  funding neg, vol/OI surge
    6 CATI        40.1    2  $   1.5   +4.56%   -0.0251%   0.3  OI building, funding neg
    7 TRUMP       40.1    2  $  26.4   +2.42%   -0.0668%   2.5  funding neg, vol/OI surge
    8 H           39.9    2  $  19.5   +3.62%   +0.0306%  16.9  OI building, vol/OI surge
    9 ENS         38.1    2  $   3.6   +4.76%   -0.0166%   0.6  OI building, funding neg
   10 BABY        38.0    2  $   2.5   +4.88%   +0.0050%   5.2  OI building, vol/OI surge
   11 CRCL        31.6    2  $   2.0   +5.11%   +0.0000%   2.1  OI building, vol/OI surge
   12 ENA         30.1    2  $  33.7   +1.75%   -0.0177%   2.1  funding neg, vol/OI surge

================================================================================
2026-06-15 17:29:27,427 [INFO]   Saved → perp_v3_LATEST.txt, perp_v3_LATEST.json, perp_v3_20260615_172927.txt
2026-06-15 19:28:28,291 [INFO] ================================================================
2026-06-15 19:28:28,294 [INFO] PERP SCANNER v3.0
2026-06-15 19:28:28,295 [INFO] ================================================================
2026-06-15 19:28:28,303 [INFO]   Previous OI state: 442 symbols loaded
2026-06-15 19:28:28,304 [INFO] Fetching Bybit tickers...
2026-06-15 19:28:28,953 [INFO]   Received 710 tickers
2026-06-15 19:28:28,988 [INFO]   BTC 1h: -0.46%
2026-06-15 19:28:28,992 [INFO] Scoring tickers...
2026-06-15 19:28:29,011 [INFO] Done in 0.7s  |  scanned=442  skipped=268  watch_now=3  on_radar=15
2026-06-15 19:28:29,013 [INFO] 
================================================================================
  PERP SCANNER v3.0  —  Bybit positioning radar
  Generated  : 2026-06-15 19:28:29
  Universe   : 710 Bybit perps  |  Scanned: 442
  Scan time  : 0.7s  |  BTC 1h: -0.46%
================================================================================

  Tiers — WATCH NOW: conviction ≥ 50, positive signals ≥ 3, no penalties
          ON RADAR : conviction ≥ 25, positive signals ≥ 2, no penalties

  Signals : OI building · funding neg · vol/OI surge · decoupling 1h
  Penalty : OI unwind · CROWDED LONG (extreme positive funding)

--------------------------------------------------------------------------------
  WATCH NOW  —  3 coin(s)
--------------------------------------------------------------------------------

  [ 1] SPCX        conv= 76.1  sigs= 3  price=$185.000000    24h= +7.58%
       OI=$   2.2M  Δ=+77.50%  funding=-0.0838%/8h  vol/OI= 3.7x  1h=+0.00% (vs BTC +0.46%)
       → OI building, funding neg, vol/OI surge

  [ 2] STG         conv= 62.3  sigs= 3  price=$0.223130      24h=-14.90%
       OI=$   4.2M  Δ= +5.02%  funding=-0.4171%/8h  vol/OI= 3.5x  1h=+0.00% (vs BTC +0.46%)
       → OI building, funding neg, vol/OI surge

  [ 3] HEI         conv= 61.0  sigs= 3  price=$0.070020      24h=-17.54%
       OI=$   0.7M  Δ= +3.72%  funding=-0.1056%/8h  vol/OI= 3.9x  1h=+0.00% (vs BTC +0.46%)
       → OI building, funding neg, vol/OI surge

--------------------------------------------------------------------------------
  ON RADAR   —  15 coin(s)
--------------------------------------------------------------------------------
  #   Symbol      Conv Sigs    OI $M    OI Δ     Fund%  V/OI  Signals
  ------------------------------------------------------------------------------
    1 H           50.0    2  $  17.9   -1.74%   -0.1898%  17.1  funding neg, vol/OI surge
    2 OPG         50.0    2  $   5.5   +1.58%   -0.0546%  13.9  funding neg, vol/OI surge
    3 ROAM        50.0    2  $   0.5   +0.00%   -0.1248%   9.5  funding neg, vol/OI surge
    4 PORTAL      49.9    2  $   1.5   +6.30%   -0.1552%   1.1  OI building, funding neg
    5 UAI         49.7    2  $   2.2  +10.21%   +0.0050%   6.5  OI building, vol/OI surge
    6 ZKC         44.7    2  $   1.8   -1.52%   -0.1819%   4.6  funding neg, vol/OI surge
    7 EVAA        43.8    2  $   6.9   +5.97%   +0.0309%   9.8  OI building, vol/OI surge
    8 B3          41.0    2  $   0.7   -2.15%   -0.1814%   3.0  funding neg, vol/OI surge
    9 TRUMP       40.0    2  $  26.1   -0.16%   -0.0600%   2.5  funding neg, vol/OI surge
   10 SNDK        38.0    2  $   6.5   +2.32%   -0.0441%   2.3  funding neg, vol/OI surge
   11 INIT        37.6    2  $   0.9   +3.52%   -0.0223%   1.2  OI building, funding neg
   12 KERNEL      33.6    2  $   0.7   -2.55%   -0.0260%   2.6  funding neg, vol/OI surge
   13 CHIP        33.0    2  $   6.0   -1.16%   -0.0246%   2.5  funding neg, vol/OI surge
   14 HMSTR       32.3    2  $   1.7   -0.34%   -0.0247%   2.2  funding neg, vol/OI surge
   15 MEGA        31.2    2  $   4.9   -1.77%   -0.0101%   3.5  funding neg, vol/OI surge

================================================================================
2026-06-15 19:28:29,031 [INFO]   Saved → perp_v3_LATEST.txt, perp_v3_LATEST.json, perp_v3_20260615_192829.txt
2026-06-15 21:33:05,522 [INFO] ================================================================
2026-06-15 21:33:05,523 [INFO] PERP SCANNER v3.0
2026-06-15 21:33:05,523 [INFO] ================================================================
2026-06-15 21:33:05,525 [INFO]   Previous OI state: 442 symbols loaded
2026-06-15 21:33:05,525 [INFO] Fetching Bybit tickers...
2026-06-15 21:33:06,233 [INFO]   Received 710 tickers
2026-06-15 21:33:06,248 [INFO]   BTC 1h: -0.23%
2026-06-15 21:33:06,249 [INFO] Scoring tickers...
2026-06-15 21:33:06,259 [INFO] Done in 0.7s  |  scanned=438  skipped=272  watch_now=4  on_radar=14
2026-06-15 21:33:06,261 [INFO] 
================================================================================
  PERP SCANNER v3.0  —  Bybit positioning radar
  Generated  : 2026-06-15 21:33:06
  Universe   : 710 Bybit perps  |  Scanned: 438
  Scan time  : 0.7s  |  BTC 1h: -0.23%
================================================================================

  Tiers — WATCH NOW: conviction ≥ 50, positive signals ≥ 3, no penalties
          ON RADAR : conviction ≥ 25, positive signals ≥ 2, no penalties

  Signals : OI building · funding neg · vol/OI surge · decoupling 1h
  Penalty : OI unwind · CROWDED LONG (extreme positive funding)

--------------------------------------------------------------------------------
  WATCH NOW  —  4 coin(s)
--------------------------------------------------------------------------------

  [ 1] SPCX        conv= 78.1  sigs= 3  price=$193.740000    24h=+12.67%
       OI=$   2.7M  Δ=+17.96%  funding=-0.0703%/8h  vol/OI= 4.6x  1h=+0.00% (vs BTC +0.23%)
       → OI building, funding neg, vol/OI surge

  [ 2] H           conv= 70.1  sigs= 3  price=$0.276780      24h=-41.45%
       OI=$  16.6M  Δ= +5.06%  funding=-0.1542%/8h  vol/OI=18.3x  1h=+0.00% (vs BTC +0.23%)
       → OI building, funding neg, vol/OI surge

  [ 3] FIDA        conv= 65.0  sigs= 3  price=$0.025234      24h=+12.74%
       OI=$   1.8M  Δ= +7.20%  funding=-1.3136%/8h  vol/OI= 3.1x  1h=+0.00% (vs BTC +0.23%)
       → OI building, funding neg, vol/OI surge

  [ 4] STG         conv= 64.3  sigs= 3  price=$0.217450      24h=-15.17%
       OI=$   4.4M  Δ= +6.27%  funding=-0.0942%/8h  vol/OI= 3.5x  1h=+0.00% (vs BTC +0.23%)
       → OI building, funding neg, vol/OI surge

--------------------------------------------------------------------------------
  ON RADAR   —  14 coin(s)
--------------------------------------------------------------------------------
  #   Symbol      Conv Sigs    OI $M    OI Δ     Fund%  V/OI  Signals
  ------------------------------------------------------------------------------
    1 OPG         50.0    2  $   5.7   +2.13%   -0.0830%  13.4  funding neg, vol/OI surge
    2 PORTAL      47.3    2  $   1.6   +4.70%   -0.0882%   1.2  OI building, funding neg
    3 HEI         44.0    2  $   0.7   -1.13%   -0.2433%   4.3  funding neg, vol/OI surge
    4 ZKC         43.3    2  $   1.8   -0.45%   -0.3060%   4.0  funding neg, vol/OI surge
    5 BABY        42.7    2  $   2.8   +8.45%   +0.0050%   4.6  OI building, vol/OI surge
    6 TRUMP       40.2    2  $  26.3   +1.74%   -0.0897%   2.6  funding neg, vol/OI surge
    7 XLM         36.1    2  $  33.8   +6.38%   +0.0100%   3.2  OI building, vol/OI surge
    8 B3          33.6    2  $   0.6   -3.43%   -0.0220%   3.1  funding neg, vol/OI surge
    9 ENA         32.6    2  $  30.7   -3.87%   -0.0260%   2.2  funding neg, vol/OI surge
   10 ZEC         32.6    2  $  88.2   +3.14%   +0.0100%   4.1  OI building, vol/OI surge
   11 WLD         31.7    2  $  83.0   +3.89%   +0.0100%   3.1  OI building, vol/OI surge
   12 MSTR        31.5    2  $   1.3   +3.24%   +0.0000%   3.5  OI building, vol/OI surge
   13 MU          29.4    2  $   6.8   +3.33%   +0.0098%   2.5  OI building, vol/OI surge
   14 HMSTR       28.4    2  $   1.7   +3.10%   +0.0050%   2.2  OI building, vol/OI surge

================================================================================
2026-06-15 21:33:06,270 [INFO]   Saved → perp_v3_LATEST.txt, perp_v3_LATEST.json, perp_v3_20260615_213306.txt
2026-06-15 22:18:26,174 [INFO] ================================================================
2026-06-15 22:18:26,176 [INFO] PERP SCANNER v3.0
2026-06-15 22:18:26,177 [INFO] ================================================================
2026-06-15 22:18:26,181 [INFO]   Previous OI state: 438 symbols loaded
2026-06-15 22:18:26,182 [INFO] Fetching Bybit tickers...
2026-06-15 22:18:26,906 [INFO]   Received 709 tickers
2026-06-15 22:18:26,927 [INFO]   BTC 1h: -0.23%
2026-06-15 22:18:26,933 [INFO] Scoring tickers...
2026-06-15 22:18:26,952 [INFO] Done in 0.8s  |  scanned=438  skipped=271  watch_now=2  on_radar=8
2026-06-15 22:18:26,954 [INFO] 
================================================================================
  PERP SCANNER v3.0  —  Bybit positioning radar
  Generated  : 2026-06-15 22:18:26
  Universe   : 709 Bybit perps  |  Scanned: 438
  Scan time  : 0.8s  |  BTC 1h: -0.23%
================================================================================

  Tiers — WATCH NOW: conviction ≥ 50, positive signals ≥ 3, no penalties
          ON RADAR : conviction ≥ 25, positive signals ≥ 2, no penalties

  Signals : OI building · funding neg · vol/OI surge · decoupling 1h
  Penalty : OI unwind · CROWDED LONG (extreme positive funding)

--------------------------------------------------------------------------------
  WATCH NOW  —  2 coin(s)
--------------------------------------------------------------------------------

  [ 1] ROAM        conv= 79.4  sigs= 3  price=$0.012115      24h=+36.45%
       OI=$   0.6M  Δ=+12.78%  funding=-0.0370%/8h  vol/OI= 9.5x  1h=+0.00% (vs BTC +0.23%)
       → OI building, funding neg, vol/OI surge

  [ 2] SPCX        conv= 64.4  sigs= 3  price=$192.110000    24h=+11.72%
       OI=$   2.8M  Δ= +4.51%  funding=-0.0987%/8h  vol/OI= 4.9x  1h=+0.00% (vs BTC +0.23%)
       → OI building, funding neg, vol/OI surge

--------------------------------------------------------------------------------
  ON RADAR   —  8 coin(s)
--------------------------------------------------------------------------------
  #   Symbol      Conv Sigs    OI $M    OI Δ     Fund%  V/OI  Signals
  ------------------------------------------------------------------------------
    1 H           50.0    2  $  17.2   +1.73%   -0.3256%  17.5  funding neg, vol/OI surge
    2 PUFFER      50.0    2  $   0.7   -1.31%   -0.0531%  11.3  funding neg, vol/OI surge
    3 HEI         44.5    2  $   0.7   +0.38%   -0.4529%   4.5  funding neg, vol/OI surge
    4 ZKC         42.8    2  $   1.7   -2.94%   -0.3498%   3.8  funding neg, vol/OI surge
    5 FIDA        42.3    2  $   1.7   -4.73%   -0.9428%   3.5  funding neg, vol/OI surge
    6 STG         42.1    2  $   4.3   -1.82%   -0.6076%   3.5  funding neg, vol/OI surge
    7 B3          41.4    2  $   0.6   -0.66%   -0.1666%   3.1  funding neg, vol/OI surge
    8 TRUMP       40.2    2  $  25.7   -1.70%   -0.0651%   2.6  funding neg, vol/OI surge

================================================================================
2026-06-15 22:18:26,970 [INFO]   Saved → perp_v3_LATEST.txt, perp_v3_LATEST.json, perp_v3_20260615_221826.txt
