2026-06-16 10:23:00,594 [INFO] ================================================================
2026-06-16 10:23:00,594 [INFO] PERP SCANNER v3.0
2026-06-16 10:23:00,595 [INFO] ================================================================
2026-06-16 10:23:00,596 [INFO]   Previous OI state: 438 symbols loaded
2026-06-16 10:23:00,596 [INFO] Fetching Bybit tickers...
2026-06-16 10:23:01,617 [INFO]   Received 707 tickers
2026-06-16 10:23:01,629 [INFO]   BTC 1h: +0.79%
2026-06-16 10:23:01,629 [INFO] Scoring tickers...
2026-06-16 10:23:01,635 [INFO] Done in 1.0s  |  scanned=437  skipped=270  watch_now=6  on_radar=25
2026-06-16 10:23:01,635 [INFO] 
================================================================================
  PERP SCANNER v3.0  —  Bybit positioning radar
  Generated  : 2026-06-16 10:23:01
  Universe   : 707 Bybit perps  |  Scanned: 437
  Scan time  : 1.0s  |  BTC 1h: +0.79%
================================================================================

  Tiers — WATCH NOW: conviction ≥ 50, positive signals ≥ 3, no penalties
          ON RADAR : conviction ≥ 25, positive signals ≥ 2, no penalties

  Signals : OI building · funding neg · vol/OI surge · decoupling 1h
  Penalty : OI unwind · CROWDED LONG (extreme positive funding)

--------------------------------------------------------------------------------
  WATCH NOW  —  6 coin(s)
--------------------------------------------------------------------------------

  [ 1] ROAM        conv= 83.3  sigs= 3  price=$0.015432      24h=+95.79%
       OI=$   1.2M  Δ=+50.82%  funding=-0.0564%/8h  vol/OI= 8.3x  1h=+0.00% (vs BTC -0.79%)
       → OI building, funding neg, vol/OI surge

  [ 2] SPACE       conv= 83.0  sigs= 3  price=$0.008060      24h=+25.56%
       OI=$   2.5M  Δ=+140.37%  funding=-0.6300%/8h  vol/OI= 6.8x  1h=+0.00% (vs BTC -0.79%)
       → OI building, funding neg, vol/OI surge

  [ 3] SPX         conv= 75.3  sigs= 3  price=$0.390700      24h=+16.21%
       OI=$  11.3M  Δ=+52.76%  funding=-0.0594%/8h  vol/OI= 3.4x  1h=+0.00% (vs BTC -0.79%)
       → OI building, funding neg, vol/OI surge

  [ 4] WAVES       conv= 75.3  sigs= 3  price=$0.294400      24h= +9.00%
       OI=$   1.2M  Δ=+51.75%  funding=-0.1320%/8h  vol/OI= 3.4x  1h=+0.00% (vs BTC -0.79%)
       → OI building, funding neg, vol/OI surge

  [ 5] MIRA        conv= 74.2  sigs= 3  price=$0.054070      24h= -2.58%
       OI=$   0.9M  Δ=+15.43%  funding=-0.0636%/8h  vol/OI= 2.9x  1h=+0.00% (vs BTC -0.79%)
       → OI building, funding neg, vol/OI surge

  [ 6] B3          conv= 70.9  sigs= 3  price=$0.000585      24h= -2.95%
       OI=$   0.7M  Δ=+11.86%  funding=-0.1146%/8h  vol/OI= 2.3x  1h=+0.00% (vs BTC -0.79%)
       → OI building, funding neg, vol/OI surge

--------------------------------------------------------------------------------
  ON RADAR   —  25 coin(s)
--------------------------------------------------------------------------------
  #   Symbol      Conv Sigs    OI $M    OI Δ     Fund%  V/OI  Signals
  ------------------------------------------------------------------------------
    1 MOVE        59.7    2  $   2.5  +12.41%   -0.0485%   1.6  OI building, funding neg
    2 JTO         55.6    2  $  10.8  +17.13%   +0.0050%   8.6  OI building, vol/OI surge
    3 SPCX        55.6    2  $   5.4  +72.96%   +0.0000%   8.4  OI building, vol/OI surge
    4 ENA         52.6    2  $  37.8  +21.22%   -0.0192%   1.9  OI building, funding neg
    5 IP          52.4    2  $   6.3  +12.86%   -0.0194%   1.7  OI building, funding neg
    6 OPG         49.2    2  $   4.9   -4.01%   -0.1518%   6.6  funding neg, vol/OI surge
    7 STG         49.1    2  $   5.1  +13.47%   +0.0172%   4.1  OI building, vol/OI surge
    8 XCN         48.6    2  $   1.2   +5.47%   -0.0786%   0.8  OI building, funding neg
    9 HANA        48.5    2  $   1.3  +37.81%   +0.0725%   3.8  OI building, vol/OI surge
   10 BTW         47.7    2  $   1.7  +16.78%   +0.0263%   3.5  OI building, vol/OI surge
   11 XLM         43.8    2  $  37.8  +10.04%   -0.0094%   3.9  OI building, vol/OI surge
   12 BABY        42.2    2  $   2.8   +8.67%   +0.0050%   4.3  OI building, vol/OI surge
   13 CLO         40.8    2  $   1.7   +4.16%   +0.0050%  14.0  OI building, vol/OI surge
   14 GPS         40.3    2  $   1.3   +9.04%   +0.0050%   3.1  OI building, vol/OI surge
   15 SOXL        40.1    2  $   3.5   +4.55%   +0.0152%   6.4  OI building, vol/OI surge
   16 MON         39.5    2  $  10.2   +3.80%   -0.0274%   0.3  OI building, funding neg
   17 TSTBSC      38.8    2  $   0.6   +8.13%   +0.0050%   3.1  OI building, vol/OI surge
   18 LINEA       35.2    2  $   2.3   +3.38%   -0.0145%   0.6  OI building, funding neg
   19 ONDO        34.9    2  $  31.5   +3.61%   -0.0121%   1.6  OI building, funding neg
   20 WLD         34.4    2  $  95.8   +5.69%   +0.0100%   3.0  OI building, vol/OI surge
   21 BASED       34.1    2  $   2.1   +5.46%   +0.0050%   3.0  OI building, vol/OI surge
   22 MEGA        33.2    2  $   4.1   -4.44%   -0.0211%   3.1  funding neg, vol/OI surge
   23 XAU         33.0    2  $  26.9   +6.15%   +0.0000%   2.0  OI building, vol/OI surge
   24 ORCA        32.5    2  $   2.6   -1.17%   -0.0252%   2.2  funding neg, vol/OI surge
   25 BOME        29.6    2  $   0.9   -3.39%   -0.0137%   2.3  funding neg, vol/OI surge

================================================================================
2026-06-16 10:23:01,640 [INFO]   Saved → perp_v3_LATEST.txt, perp_v3_LATEST.json, perp_v3_20260616_102301.txt
2026-06-16 13:28:31,269 [INFO] ================================================================
2026-06-16 13:28:31,271 [INFO] PERP SCANNER v3.0
2026-06-16 13:28:31,273 [INFO] ================================================================
2026-06-16 13:28:31,275 [INFO]   Previous OI state: 437 symbols loaded
2026-06-16 13:28:31,275 [INFO] Fetching Bybit tickers...
2026-06-16 13:28:32,090 [INFO]   Received 727 tickers
2026-06-16 13:28:32,105 [INFO]   BTC 1h: -0.05%
2026-06-16 13:28:32,105 [INFO] Scoring tickers...
2026-06-16 13:28:32,117 [INFO] Done in 0.8s  |  scanned=434  skipped=293  watch_now=1  on_radar=22
2026-06-16 13:28:32,117 [INFO] 
================================================================================
  PERP SCANNER v3.0  —  Bybit positioning radar
  Generated  : 2026-06-16 13:28:32
  Universe   : 727 Bybit perps  |  Scanned: 434
  Scan time  : 0.8s  |  BTC 1h: -0.05%
================================================================================

  Tiers — WATCH NOW: conviction ≥ 50, positive signals ≥ 3, no penalties
          ON RADAR : conviction ≥ 25, positive signals ≥ 2, no penalties

  Signals : OI building · funding neg · vol/OI surge · decoupling 1h
  Penalty : OI unwind · CROWDED LONG (extreme positive funding)

--------------------------------------------------------------------------------
  WATCH NOW  —  1 coin(s)
--------------------------------------------------------------------------------

  [ 1] PORTAL      conv= 75.2  sigs= 3  price=$0.017154      24h=+38.52%
       OI=$   3.2M  Δ=+44.81%  funding=-1.1146%/8h  vol/OI= 3.3x  1h=+0.00% (vs BTC +0.05%)
       → OI building, funding neg, vol/OI surge

--------------------------------------------------------------------------------
  ON RADAR   —  22 coin(s)
--------------------------------------------------------------------------------
  #   Symbol      Conv Sigs    OI $M    OI Δ     Fund%  V/OI  Signals
  ------------------------------------------------------------------------------
    1 BR          61.1    2  $   1.7  +14.19%   -0.1157%   1.9  OI building, funding neg
    2 SPCX        55.6    2  $   6.3  +22.91%   +0.0000%   9.0  OI building, vol/OI surge
    3 ID          52.9    2  $   2.0   +8.10%   -0.1492%   1.4  OI building, funding neg
    4 JTO         49.4    2  $  12.4   -0.35%   -0.0479%   8.9  funding neg, vol/OI surge
    5 ROSE        48.2    3  $   1.5   +3.29%   -0.0206%   2.2  OI building, funding neg, vol/OI surge
    6 ENJ         45.2    2  $   2.1   +3.44%   -0.0530%   1.2  OI building, funding neg
    7 SPX         43.1    2  $  10.6   -4.62%   -0.0505%   3.9  funding neg, vol/OI surge
    8 XLM         43.0    2  $  42.7   +9.85%   +0.0006%   3.7  OI building, vol/OI surge
    9 SLX         40.8    2  $   1.5   +0.63%   -0.0576%   2.8  funding neg, vol/OI surge
   10 BTW         40.5    2  $   1.7   +8.37%   +0.0218%   3.7  OI building, vol/OI surge
   11 HOME        40.4    2  $   8.3   +0.56%   -0.0651%   2.7  funding neg, vol/OI surge
   12 ZKC         40.3    2  $   1.5   +0.67%   -0.0565%   2.6  funding neg, vol/OI surge
   13 MIRA        40.1    2  $   0.9   +1.75%   -0.1282%   2.5  funding neg, vol/OI surge
   14 B3          39.3    2  $   0.7   -2.45%   -0.0935%   2.2  funding neg, vol/OI surge
   15 PUFFER      39.3    2  $   0.7   -1.81%   -0.0117%   7.4  funding neg, vol/OI surge
   16 ORCA        38.8    2  $   2.5   -2.16%   -0.0471%   2.3  funding neg, vol/OI surge
   17 CHIP        38.1    2  $   4.2   +8.54%   +0.0050%   2.5  OI building, vol/OI surge
   18 FIDA        36.3    2  $   1.4   +0.16%   -0.0217%   4.4  funding neg, vol/OI surge
   19 INJ         34.9    2  $  15.4   +3.19%   -0.0144%   2.0  OI building, funding neg
   20 UAI         33.5    2  $   2.0   +4.13%   +0.0417%   3.7  OI building, vol/OI surge
   21 BASED       30.1    2  $   2.2   +3.31%   +0.0050%   2.8  OI building, vol/OI surge
   22 MU          29.3    2  $   6.7   +3.12%   +0.0111%   2.6  OI building, vol/OI surge

================================================================================
2026-06-16 13:28:32,121 [INFO]   Saved → perp_v3_LATEST.txt, perp_v3_LATEST.json, perp_v3_20260616_132832.txt
2026-06-16 14:27:29,192 [INFO] ================================================================
2026-06-16 14:27:29,192 [INFO] PERP SCANNER v3.0
2026-06-16 14:27:29,192 [INFO] ================================================================
2026-06-16 14:27:29,202 [INFO]   Previous OI state: 434 symbols loaded
2026-06-16 14:27:29,202 [INFO] Fetching Bybit tickers...
2026-06-16 14:27:30,758 [INFO]   Received 728 tickers
2026-06-16 14:27:30,796 [INFO]   BTC 1h: -0.08%
2026-06-16 14:27:30,802 [INFO] Scoring tickers...
2026-06-16 14:27:30,842 [INFO] Done in 1.6s  |  scanned=433  skipped=295  watch_now=2  on_radar=22
2026-06-16 14:27:30,846 [INFO] 
================================================================================
  PERP SCANNER v3.0  —  Bybit positioning radar
  Generated  : 2026-06-16 14:27:30
  Universe   : 728 Bybit perps  |  Scanned: 433
  Scan time  : 1.6s  |  BTC 1h: -0.08%
================================================================================

  Tiers — WATCH NOW: conviction ≥ 50, positive signals ≥ 3, no penalties
          ON RADAR : conviction ≥ 25, positive signals ≥ 2, no penalties

  Signals : OI building · funding neg · vol/OI surge · decoupling 1h
  Penalty : OI unwind · CROWDED LONG (extreme positive funding)

--------------------------------------------------------------------------------
  WATCH NOW  —  2 coin(s)
--------------------------------------------------------------------------------

  [ 1] WAVES       conv= 62.6  sigs= 3  price=$0.285900      24h= +3.77%
       OI=$   1.1M  Δ= +4.84%  funding=-0.2325%/8h  vol/OI= 3.8x  1h=+0.00% (vs BTC +0.08%)
       → OI building, funding neg, vol/OI surge

  [ 2] BR          conv= 58.0  sigs= 3  price=$0.169390      24h=+45.60%
       OI=$   1.7M  Δ= +4.40%  funding=-0.0625%/8h  vol/OI= 2.0x  1h=+0.00% (vs BTC +0.08%)
       → OI building, funding neg, vol/OI surge

--------------------------------------------------------------------------------
  ON RADAR   —  22 coin(s)
--------------------------------------------------------------------------------
  #   Symbol      Conv Sigs    OI $M    OI Δ     Fund%  V/OI  Signals
  ------------------------------------------------------------------------------
    1 H           50.0    2  $  15.1   +1.35%   -0.0541%  11.3  funding neg, vol/OI surge
    2 PUFFER      50.0    2  $   0.7   -3.95%   -0.0553%   7.7  funding neg, vol/OI surge
    3 JTO         49.4    2  $  12.5   +0.90%   -0.0479%   9.1  funding neg, vol/OI surge
    4 ID          48.9    2  $   2.0   +5.69%   -0.0996%   1.4  OI building, funding neg
    5 SPCX        47.9    2  $   6.9   +8.39%   +0.0091%   9.0  OI building, vol/OI surge
    6 FIDA        44.7    2  $   1.4   -4.00%   -0.1355%   4.6  funding neg, vol/OI surge
    7 BEAT        44.4    2  $  12.9   +7.93%   +0.0050%   5.8  OI building, vol/OI surge
    8 SOXL        44.4    2  $   3.6   +7.00%   +0.0000%   6.5  OI building, vol/OI surge
    9 STG         43.3    2  $   5.5   -1.20%   -0.0918%   4.0  funding neg, vol/OI surge
   10 SPX         42.2    2  $  10.5   -1.60%   -0.0457%   4.0  funding neg, vol/OI surge
   11 HOME        40.5    2  $   8.2   +0.63%   -0.0741%   2.7  funding neg, vol/OI surge
   12 MIRA        40.3    2  $   0.9   -1.54%   -0.0582%   2.6  funding neg, vol/OI surge
   13 ZKC         40.2    2  $   1.5   -0.57%   -0.0601%   2.6  funding neg, vol/OI surge
   14 B3          39.4    2  $   0.7   -2.79%   -0.1730%   2.2  funding neg, vol/OI surge
   15 HEI         37.4    2  $   0.6   -0.56%   -0.0144%   5.8  funding neg, vol/OI surge
   16 OPG         35.2    2  $   5.3   -1.13%   -0.0246%   3.5  funding neg, vol/OI surge
   17 ORCA        35.1    2  $   2.4   -0.66%   -0.0334%   2.4  funding neg, vol/OI surge
   18 CHIP        33.0    2  $   4.3   +5.68%   -0.0049%   2.3  OI building, vol/OI surge
   19 MSTR        31.8    2  $   1.2   +3.90%   +0.0000%   3.1  OI building, vol/OI surge
   20 XAU         31.1    2  $  28.6   +4.96%   +0.0000%   2.0  OI building, vol/OI surge
   21 BOME        28.3    2  $   0.8   +0.54%   -0.0107%   2.1  funding neg, vol/OI surge
   22 XMR         28.2    2  $  18.5   +3.02%   +0.0100%   2.2  OI building, vol/OI surge

================================================================================
2026-06-16 14:27:30,867 [INFO]   Saved → perp_v3_LATEST.txt, perp_v3_LATEST.json, perp_v3_20260616_142730.txt
2026-06-16 15:46:48,898 [INFO] ================================================================
2026-06-16 15:46:48,900 [INFO] PERP SCANNER v3.0
2026-06-16 15:46:48,900 [INFO] ================================================================
2026-06-16 15:46:48,902 [INFO]   Previous OI state: 433 symbols loaded
2026-06-16 15:46:48,902 [INFO] Fetching Bybit tickers...
2026-06-16 15:46:50,038 [INFO]   Received 728 tickers
2026-06-16 15:46:50,046 [INFO]   BTC 1h: -0.57%
2026-06-16 15:46:50,047 [INFO] Scoring tickers...
2026-06-16 15:46:50,054 [INFO] Done in 1.2s  |  scanned=432  skipped=296  watch_now=3  on_radar=18
2026-06-16 15:46:50,055 [INFO] 
================================================================================
  PERP SCANNER v3.0  —  Bybit positioning radar
  Generated  : 2026-06-16 15:46:50
  Universe   : 728 Bybit perps  |  Scanned: 432
  Scan time  : 1.2s  |  BTC 1h: -0.57%
================================================================================

  Tiers — WATCH NOW: conviction ≥ 50, positive signals ≥ 3, no penalties
          ON RADAR : conviction ≥ 25, positive signals ≥ 2, no penalties

  Signals : OI building · funding neg · vol/OI surge · decoupling 1h
  Penalty : OI unwind · CROWDED LONG (extreme positive funding)

--------------------------------------------------------------------------------
  WATCH NOW  —  3 coin(s)
--------------------------------------------------------------------------------

  [ 1] SPACE       conv= 70.0  sigs= 3  price=$0.007652      24h=+17.47%
       OI=$   1.9M  Δ= +5.02%  funding=-0.3836%/8h  vol/OI=11.4x  1h=+0.00% (vs BTC +0.57%)
       → OI building, funding neg, vol/OI surge

  [ 2] JTO         conv= 67.8  sigs= 3  price=$0.808700      24h= +8.22%
       OI=$  12.2M  Δ= +3.68%  funding=-0.0538%/8h  vol/OI= 9.3x  1h=+0.00% (vs BTC +0.57%)
       → OI building, funding neg, vol/OI surge

  [ 3] PORTAL      conv= 67.5  sigs= 3  price=$0.017206      24h=+41.43%
       OI=$   3.1M  Δ= +6.79%  funding=-0.7341%/8h  vol/OI= 4.5x  1h=+0.00% (vs BTC +0.57%)
       → OI building, funding neg, vol/OI surge

--------------------------------------------------------------------------------
  ON RADAR   —  18 coin(s)
--------------------------------------------------------------------------------
  #   Symbol      Conv Sigs    OI $M    OI Δ     Fund%  V/OI  Signals
  ------------------------------------------------------------------------------
    1 SENT        59.8    2  $   1.8  +14.90%   -0.0454%   1.9  OI building, funding neg
    2 SPCX        55.6    2  $   8.3  +17.39%   +0.0000%  12.0  OI building, vol/OI surge
    3 IP          52.2    2  $   6.6  +10.10%   -0.0352%   1.4  OI building, funding neg
    4 HEI         46.8    2  $   0.6   +1.91%   -0.1061%   5.6  funding neg, vol/OI surge
    5 SOXL        46.8    2  $   3.7   +8.63%   +0.0000%   6.3  OI building, vol/OI surge
    6 FIDA        44.9    2  $   1.3   -1.46%   -0.1323%   4.7  funding neg, vol/OI surge
    7 HOME        40.4    2  $   8.4   +2.41%   -0.0597%   2.7  funding neg, vol/OI surge
    8 ZKC         40.2    2  $   1.4   -1.44%   -0.0628%   2.6  funding neg, vol/OI surge
    9 BTW         40.1    2  $   1.8   +8.03%   +0.0644%   3.8  OI building, vol/OI surge
   10 MIRA        40.1    2  $   0.9   +0.78%   -0.2201%   2.5  funding neg, vol/OI surge
   11 B3          39.4    2  $   0.7   -1.80%   -0.1411%   2.2  funding neg, vol/OI surge
   12 BR          39.3    2  $   1.8   +2.40%   -0.0547%   2.2  funding neg, vol/OI surge
   13 SPX         35.7    2  $  10.4   -1.29%   -0.0211%   4.2  funding neg, vol/OI surge
   14 UAI         34.0    2  $   1.7   +3.71%   +0.0050%   4.3  OI building, vol/OI surge
   15 BASED       33.4    2  $   2.2   +6.13%   +0.0050%   2.2  OI building, vol/OI surge
   16 MRVL        30.0    2  $   4.1   +3.40%   +0.0252%   2.7  OI building, vol/OI surge
   17 XRP         29.8    2  $ 218.2   +3.99%   +0.0011%   2.2  OI building, vol/OI surge
   18 INTC        29.1    2  $   2.6   +3.64%   +0.0000%   2.1  OI building, vol/OI surge

================================================================================
2026-06-16 15:46:50,059 [INFO]   Saved → perp_v3_LATEST.txt, perp_v3_LATEST.json, perp_v3_20260616_154650.txt
2026-06-16 16:00:47,710 [INFO] ================================================================
2026-06-16 16:00:47,712 [INFO] PERP SCANNER v3.0
2026-06-16 16:00:47,712 [INFO] ================================================================
2026-06-16 16:00:47,713 [INFO]   Previous OI state: 432 symbols loaded
2026-06-16 16:00:47,714 [INFO] Fetching Bybit tickers...
2026-06-16 16:00:48,356 [INFO]   Received 728 tickers
2026-06-16 16:00:48,364 [INFO]   BTC 1h: -0.57%
2026-06-16 16:00:48,364 [INFO] Scoring tickers...
2026-06-16 16:00:48,370 [INFO] Done in 0.7s  |  scanned=431  skipped=297  watch_now=1  on_radar=14
2026-06-16 16:00:48,370 [INFO] 
================================================================================
  PERP SCANNER v3.0  —  Bybit positioning radar
  Generated  : 2026-06-16 16:00:48
  Universe   : 728 Bybit perps  |  Scanned: 431
  Scan time  : 0.7s  |  BTC 1h: -0.57%
================================================================================

  Tiers — WATCH NOW: conviction ≥ 50, positive signals ≥ 3, no penalties
          ON RADAR : conviction ≥ 25, positive signals ≥ 2, no penalties

  Signals : OI building · funding neg · vol/OI surge · decoupling 1h
  Penalty : OI unwind · CROWDED LONG (extreme positive funding)

--------------------------------------------------------------------------------
  WATCH NOW  —  1 coin(s)
--------------------------------------------------------------------------------

  [ 1] PORTAL      conv= 62.2  sigs= 3  price=$0.017658      24h=+44.86%
       OI=$   3.3M  Δ= +3.77%  funding=-0.7482%/8h  vol/OI= 4.4x  1h=+0.00% (vs BTC +0.57%)
       → OI building, funding neg, vol/OI surge

--------------------------------------------------------------------------------
  ON RADAR   —  14 coin(s)
--------------------------------------------------------------------------------
  #   Symbol      Conv Sigs    OI $M    OI Δ     Fund%  V/OI  Signals
  ------------------------------------------------------------------------------
    1 SPACE       50.0    2  $   1.8   -2.77%   -0.3698%  12.1  funding neg, vol/OI surge
    2 JTO         47.2    2  $  12.0   -1.06%   -0.0400%   9.4  funding neg, vol/OI surge
    3 HEI         46.8    2  $   0.6   +0.49%   -0.0932%   5.6  funding neg, vol/OI surge
    4 FIDA        44.9    2  $   1.3   +0.09%   -0.1336%   4.7  funding neg, vol/OI surge
    5 WAVES       44.0    2  $   1.0   +1.01%   -0.2144%   4.3  funding neg, vol/OI surge
    6 OPG         43.7    2  $   4.6   -0.47%   -0.1679%   4.2  funding neg, vol/OI surge
    7 ZKC         40.2    2  $   1.4   +0.00%   -0.0546%   2.6  funding neg, vol/OI surge
    8 MIRA        40.1    2  $   0.9   +0.85%   -0.2164%   2.5  funding neg, vol/OI surge
    9 BR          39.6    2  $   1.8   +1.78%   -0.0577%   2.3  funding neg, vol/OI surge
   10 CHIP        39.5    2  $   3.7   -0.25%   -0.0457%   2.8  funding neg, vol/OI surge
   11 B3          39.4    2  $   0.7   +0.04%   -0.1354%   2.2  funding neg, vol/OI surge
   12 SENT        39.1    2  $   1.8   +2.16%   -0.2005%   2.1  funding neg, vol/OI surge
   13 SOXL        37.9    2  $   3.8   +3.15%   +0.0000%   6.4  OI building, vol/OI surge
   14 SPX         34.5    2  $  10.2   -0.29%   -0.0164%   4.2  funding neg, vol/OI surge

================================================================================
2026-06-16 16:00:48,374 [INFO]   Saved → perp_v3_LATEST.txt, perp_v3_LATEST.json, perp_v3_20260616_160048.txt
2026-06-16 21:25:20,021 [INFO] ================================================================
2026-06-16 21:25:20,023 [INFO] PERP SCANNER v3.0
2026-06-16 21:25:20,024 [INFO] ================================================================
2026-06-16 21:25:20,028 [INFO]   Previous OI state: 431 symbols loaded
2026-06-16 21:25:20,028 [INFO] Fetching Bybit tickers...
2026-06-16 21:25:20,732 [INFO]   Received 728 tickers
2026-06-16 21:25:20,780 [INFO]   BTC 1h: -0.26%
2026-06-16 21:25:20,782 [INFO] Scoring tickers...
2026-06-16 21:25:20,804 [INFO] Done in 0.8s  |  scanned=427  skipped=301  watch_now=2  on_radar=17
2026-06-16 21:25:20,806 [INFO] 
================================================================================
  PERP SCANNER v3.0  —  Bybit positioning radar
  Generated  : 2026-06-16 21:25:20
  Universe   : 728 Bybit perps  |  Scanned: 427
  Scan time  : 0.8s  |  BTC 1h: -0.26%
================================================================================

  Tiers — WATCH NOW: conviction ≥ 50, positive signals ≥ 3, no penalties
          ON RADAR : conviction ≥ 25, positive signals ≥ 2, no penalties

  Signals : OI building · funding neg · vol/OI surge · decoupling 1h
  Penalty : OI unwind · CROWDED LONG (extreme positive funding)

--------------------------------------------------------------------------------
  WATCH NOW  —  2 coin(s)
--------------------------------------------------------------------------------

  [ 1] SENT        conv= 77.3  sigs= 3  price=$0.020489      24h=+36.16%
       OI=$   2.7M  Δ=+32.66%  funding=-0.8099%/8h  vol/OI= 4.3x  1h=+0.00% (vs BTC +0.26%)
       → OI building, funding neg, vol/OI surge

  [ 2] BR          conv= 69.5  sigs= 3  price=$0.187620      24h=+67.76%
       OI=$   2.3M  Δ=+14.51%  funding=-0.0242%/8h  vol/OI= 4.0x  1h=+0.00% (vs BTC +0.26%)
       → OI building, funding neg, vol/OI surge

--------------------------------------------------------------------------------
  ON RADAR   —  17 coin(s)
--------------------------------------------------------------------------------
  #   Symbol      Conv Sigs    OI $M    OI Δ     Fund%  V/OI  Signals
  ------------------------------------------------------------------------------
    1 SOXL        55.6    2  $   4.3  +26.01%   +0.0762%   8.0  OI building, vol/OI surge
    2 SPCX        55.6    2  $  10.2  +24.90%   +0.0034%  15.2  OI building, vol/OI surge
    3 PUFFER      50.0    2  $   0.7   -2.19%   -0.1389%   7.1  funding neg, vol/OI surge
    4 SPACE       50.0    2  $   1.8   +0.00%   -0.1181%  12.8  funding neg, vol/OI surge
    5 H           48.5    2  $  18.3   -2.29%   -0.0447%   8.2  funding neg, vol/OI surge
    6 COW         45.4    2  $   0.6   +3.59%   -0.0848%   0.6  OI building, funding neg
    7 SQD         45.3    2  $   1.3  +30.27%   +0.0050%   2.4  OI building, vol/OI surge
    8 POL         43.0    2  $  10.8   +4.72%   -0.0345%   0.4  OI building, funding neg
    9 HEI         42.0    2  $   0.7   +2.00%   -0.0463%   3.9  funding neg, vol/OI surge
   10 STX         41.5    2  $   2.5   +6.26%   -0.0198%   0.6  OI building, funding neg
   11 JASMY       38.0    2  $   3.0   +3.29%   -0.0251%   1.2  OI building, funding neg
   12 MIRA        37.1    2  $   0.9   +0.40%   -0.0410%   2.3  funding neg, vol/OI surge
   13 HOME        36.4    2  $   8.3   -0.25%   -0.0360%   2.6  funding neg, vol/OI surge
   14 AERO        34.4    2  $  11.0   +5.95%   +0.0050%   2.8  OI building, vol/OI surge
   15 XAU         31.6    2  $  29.6   +4.98%   +0.0000%   2.2  OI building, vol/OI surge
   16 B3          31.4    2  $   0.7   +0.82%   -0.0211%   2.2  funding neg, vol/OI surge
   17 FARTCOIN    31.1    2  $  23.1   +4.39%   +0.0050%   2.5  OI building, vol/OI surge

================================================================================
2026-06-16 21:25:20,822 [INFO]   Saved → perp_v3_LATEST.txt, perp_v3_LATEST.json, perp_v3_20260616_212520.txt
2026-06-16 22:49:19,388 [INFO] ================================================================
2026-06-16 22:49:19,389 [INFO] PERP SCANNER v3.0
2026-06-16 22:49:19,390 [INFO] ================================================================
2026-06-16 22:49:19,393 [INFO]   Previous OI state: 427 symbols loaded
2026-06-16 22:49:19,393 [INFO] Fetching Bybit tickers...
2026-06-16 22:49:19,993 [INFO]   Received 727 tickers
2026-06-16 22:49:20,007 [INFO]   BTC 1h: +0.27%
2026-06-16 22:49:20,007 [INFO] Scoring tickers...
2026-06-16 22:49:20,021 [INFO] Done in 0.6s  |  scanned=426  skipped=301  watch_now=0  on_radar=10
2026-06-16 22:49:20,021 [INFO] 
================================================================================
  PERP SCANNER v3.0  —  Bybit positioning radar
  Generated  : 2026-06-16 22:49:20
  Universe   : 727 Bybit perps  |  Scanned: 426
  Scan time  : 0.6s  |  BTC 1h: +0.27%
================================================================================

  Tiers — WATCH NOW: conviction ≥ 50, positive signals ≥ 3, no penalties
          ON RADAR : conviction ≥ 25, positive signals ≥ 2, no penalties

  Signals : OI building · funding neg · vol/OI surge · decoupling 1h
  Penalty : OI unwind · CROWDED LONG (extreme positive funding)

--------------------------------------------------------------------------------
  WATCH NOW  —  0 coin(s)
--------------------------------------------------------------------------------
  (none)

--------------------------------------------------------------------------------
  ON RADAR   —  10 coin(s)
--------------------------------------------------------------------------------
  #   Symbol      Conv Sigs    OI $M    OI Δ     Fund%  V/OI  Signals
  ------------------------------------------------------------------------------
    1 PORTAL      50.0    2  $   2.7   -1.63%   -0.3680%   7.7  funding neg, vol/OI surge
    2 SPACE       50.0    2  $   1.8   -1.69%   -0.1320%  12.8  funding neg, vol/OI surge
    3 SENT        46.1    2  $   2.5   -2.58%   -0.2298%   5.2  funding neg, vol/OI surge
    4 WAVES       44.9    2  $   1.0   -1.12%   -0.0631%   4.7  funding neg, vol/OI surge
    5 HEI         42.8    2  $   0.6   -1.17%   -0.0943%   3.7  funding neg, vol/OI surge
    6 HOME        39.9    2  $   8.2   -0.63%   -0.1327%   2.5  funding neg, vol/OI surge
    7 BR          36.2    2  $   2.5   +0.92%   -0.0240%   4.0  funding neg, vol/OI surge
    8 ARM         33.2    2  $   1.2   -2.99%   -0.0268%   2.3  funding neg, vol/OI surge
    9 B3          32.6    2  $   0.7   +0.67%   -0.0254%   2.2  funding neg, vol/OI surge
   10 MRVL        32.1    2  $   3.7   +3.65%   +0.0000%   3.4  OI building, vol/OI surge

================================================================================
2026-06-16 22:49:20,028 [INFO]   Saved → perp_v3_LATEST.txt, perp_v3_LATEST.json, perp_v3_20260616_224920.txt
