2026-06-14 14:31:50,626 [INFO] ================================================================
2026-06-14 14:31:50,626 [INFO] PERP SCANNER v3.0
2026-06-14 14:31:50,627 [INFO] ================================================================
2026-06-14 14:31:50,628 [INFO]   Previous OI state: 388 symbols loaded
2026-06-14 14:31:50,629 [INFO] Fetching Bybit tickers...
2026-06-14 14:31:51,221 [INFO]   Received 698 tickers
2026-06-14 14:31:51,231 [INFO]   BTC 1h: +0.04%
2026-06-14 14:31:51,231 [INFO] Scoring tickers...
2026-06-14 14:31:51,239 [INFO] Done in 0.6s  |  scanned=391  skipped=307  watch_now=3  on_radar=9
2026-06-14 14:31:51,239 [INFO] 
================================================================================
  PERP SCANNER v3.0  —  Bybit positioning radar
  Generated  : 2026-06-14 14:31:51
  Universe   : 698 Bybit perps  |  Scanned: 391
  Scan time  : 0.6s  |  BTC 1h: +0.04%
================================================================================

  Tiers — WATCH NOW: conviction ≥ 50, positive signals ≥ 3, no penalties
          ON RADAR : conviction ≥ 25, positive signals ≥ 2, no penalties

  Signals : OI building · funding neg · vol/OI surge · decoupling 1h
  Penalty : OI unwind · CROWDED LONG (extreme positive funding)

--------------------------------------------------------------------------------
  WATCH NOW  —  3 coin(s)
--------------------------------------------------------------------------------

  [ 1] H           conv= 83.3  sigs= 3  price=$0.229470      24h=-14.37%
       OI=$  20.1M  Δ=+14.60%  funding=-2.5000%/8h  vol/OI=13.5x  1h=+0.00% (vs BTC -0.04%)
       → OI building, funding neg, vol/OI surge

  [ 2] ZKC         conv= 76.0  sigs= 3  price=$0.062810      24h=+28.52%
       OI=$   2.3M  Δ=+24.47%  funding=-2.0000%/8h  vol/OI= 3.7x  1h=+0.00% (vs BTC -0.04%)
       → OI building, funding neg, vol/OI surge

  [ 3] ZKP         conv= 65.6  sigs= 3  price=$0.059200      24h= +6.99%
       OI=$   0.7M  Δ= +8.61%  funding=-0.0316%/8h  vol/OI= 4.6x  1h=+0.00% (vs BTC -0.04%)
       → OI building, funding neg, vol/OI surge

--------------------------------------------------------------------------------
  ON RADAR   —  9 coin(s)
--------------------------------------------------------------------------------
  #   Symbol      Conv Sigs    OI $M    OI Δ     Fund%  V/OI  Signals
  ------------------------------------------------------------------------------
    1 BIGTIME     57.6    2  $   0.7  +10.88%   -0.1347%   1.5  OI building, funding neg
    2 B3          45.1    2  $   0.7   -4.74%   -0.8842%   4.8  funding neg, vol/OI surge
    3 NEWT        44.9    2  $   1.0   +3.28%   -0.1828%   0.5  OI building, funding neg
    4 VELVET      39.8    2  $   3.4   +3.54%   +0.0050%  17.5  OI building, vol/OI surge
    5 MIRA        39.5    2  $   1.1   +2.02%   -2.0000%   2.3  funding neg, vol/OI surge
    6 JELLYJELLY  36.8    2  $   2.9   +7.88%   +0.0568%   2.4  OI building, vol/OI surge
    7 SLX         36.6    2  $   2.1   +6.26%   -0.0016%   3.5  OI building, vol/OI surge
    8 BANANAS31   36.0    2  $   1.4   +3.79%   +0.0050%   5.1  OI building, vol/OI surge
    9 AXL         33.3    2  $   2.2   +6.09%   -0.0097%   2.2  OI building, vol/OI surge

================================================================================
2026-06-14 14:31:51,244 [INFO]   Saved → perp_v3_LATEST.txt, perp_v3_LATEST.json, perp_v3_20260614_143151.txt
2026-06-14 17:51:35,831 [INFO] ================================================================
2026-06-14 17:51:35,834 [INFO] PERP SCANNER v3.0
2026-06-14 17:51:35,834 [INFO] ================================================================
2026-06-14 17:51:35,837 [INFO]   Previous OI state: 391 symbols loaded
2026-06-14 17:51:35,837 [INFO] Fetching Bybit tickers...
2026-06-14 17:51:36,505 [INFO]   Received 698 tickers
2026-06-14 17:51:36,534 [INFO]   BTC 1h: +0.06%
2026-06-14 17:51:36,534 [INFO] Scoring tickers...
2026-06-14 17:51:36,551 [INFO] Done in 0.7s  |  scanned=384  skipped=314  watch_now=3  on_radar=17
2026-06-14 17:51:36,552 [INFO] 
================================================================================
  PERP SCANNER v3.0  —  Bybit positioning radar
  Generated  : 2026-06-14 17:51:36
  Universe   : 698 Bybit perps  |  Scanned: 384
  Scan time  : 0.7s  |  BTC 1h: +0.06%
================================================================================

  Tiers — WATCH NOW: conviction ≥ 50, positive signals ≥ 3, no penalties
          ON RADAR : conviction ≥ 25, positive signals ≥ 2, no penalties

  Signals : OI building · funding neg · vol/OI surge · decoupling 1h
  Penalty : OI unwind · CROWDED LONG (extreme positive funding)

--------------------------------------------------------------------------------
  WATCH NOW  —  3 coin(s)
--------------------------------------------------------------------------------

  [ 1] VELVET      conv= 82.0  sigs= 3  price=$0.387880      24h=-10.05%
       OI=$   3.7M  Δ=+20.65%  funding=-0.0451%/8h  vol/OI=15.2x  1h=+0.00% (vs BTC -0.06%)
       → OI building, funding neg, vol/OI surge

  [ 2] ZKC         conv= 78.7  sigs= 3  price=$0.059380      24h=+22.13%
       OI=$   2.4M  Δ=+10.25%  funding=-1.8339%/8h  vol/OI= 7.1x  1h=+0.00% (vs BTC -0.06%)
       → OI building, funding neg, vol/OI surge

  [ 3] B3          conv= 64.2  sigs= 3  price=$0.000577      24h= +6.20%
       OI=$   0.7M  Δ= +4.86%  funding=-0.1598%/8h  vol/OI= 4.5x  1h=+0.00% (vs BTC -0.06%)
       → OI building, funding neg, vol/OI surge

--------------------------------------------------------------------------------
  ON RADAR   —  17 coin(s)
--------------------------------------------------------------------------------
  #   Symbol      Conv Sigs    OI $M    OI Δ     Fund%  V/OI  Signals
  ------------------------------------------------------------------------------
    1 IP          52.4    2  $   6.3   +7.78%   -0.0698%   1.0  OI building, funding neg
    2 MEGA        49.5    2  $   5.4   -2.98%   -0.0483%   7.4  funding neg, vol/OI surge
    3 0G          46.7    2  $   1.3   +4.38%   -0.0655%   0.6  OI building, funding neg
    4 ZORA        45.7    2  $   1.8   +4.81%   -0.0436%   0.8  OI building, funding neg
    5 BREV        45.5    2  $   1.1  +51.22%   +0.0050%   2.5  OI building, vol/OI surge
    6 EVAA        45.3    2  $   1.7  +36.07%   +0.0050%   2.4  OI building, vol/OI surge
    7 RED         43.3    2  $   1.0   +4.82%   -0.0351%   1.5  OI building, funding neg
    8 PUFFER      41.6    2  $   0.7   +0.00%   -2.5000%   3.2  funding neg, vol/OI surge
    9 SLX         40.2    2  $   2.1   +7.32%   +0.0227%   4.4  OI building, vol/OI surge
   10 WLFI        39.7    2  $  25.3   +3.75%   -0.0283%   0.3  OI building, funding neg
   11 BLUAI       37.4    2  $   1.9   +8.56%   +0.0050%   2.2  OI building, vol/OI surge
   12 TRUMP       37.1    2  $  25.1   -4.41%   -0.0368%   2.9  funding neg, vol/OI surge
   13 JELLYJELLY  36.3    2  $   3.0   +6.00%   +0.0467%   3.6  OI building, vol/OI surge
   14 MEME        36.3    2  $   1.7   -3.70%   -0.0386%   2.3  funding neg, vol/OI surge
   15 SHIB1000    35.2    2  $   6.5   +3.18%   -0.0158%   0.8  OI building, funding neg
   16 AKT         32.4    2  $   1.5   +4.36%   +0.0050%   3.1  OI building, vol/OI surge
   17 EGLD        30.1    2  $   1.9   -0.84%   -0.0100%   3.0  funding neg, vol/OI surge

================================================================================
2026-06-14 17:51:36,564 [INFO]   Saved → perp_v3_LATEST.txt, perp_v3_LATEST.json, perp_v3_20260614_175136.txt
2026-06-14 20:35:34,946 [INFO] ================================================================
2026-06-14 20:35:34,947 [INFO] PERP SCANNER v3.0
2026-06-14 20:35:34,948 [INFO] ================================================================
2026-06-14 20:35:34,951 [INFO]   Previous OI state: 384 symbols loaded
2026-06-14 20:35:34,952 [INFO] Fetching Bybit tickers...
2026-06-14 20:35:35,927 [INFO]   Received 697 tickers
2026-06-14 20:35:35,954 [INFO]   BTC 1h: +0.13%
2026-06-14 20:35:35,955 [INFO] Scoring tickers...
2026-06-14 20:35:35,967 [INFO] Done in 1.0s  |  scanned=392  skipped=305  watch_now=1  on_radar=13
2026-06-14 20:35:35,968 [INFO] 
================================================================================
  PERP SCANNER v3.0  —  Bybit positioning radar
  Generated  : 2026-06-14 20:35:35
  Universe   : 697 Bybit perps  |  Scanned: 392
  Scan time  : 1.0s  |  BTC 1h: +0.13%
================================================================================

  Tiers — WATCH NOW: conviction ≥ 50, positive signals ≥ 3, no penalties
          ON RADAR : conviction ≥ 25, positive signals ≥ 2, no penalties

  Signals : OI building · funding neg · vol/OI surge · decoupling 1h
  Penalty : OI unwind · CROWDED LONG (extreme positive funding)

--------------------------------------------------------------------------------
  WATCH NOW  —  1 coin(s)
--------------------------------------------------------------------------------

  [ 1] VELVET      conv= 60.8  sigs= 3  price=$0.342950      24h=-30.64%
       OI=$   3.4M  Δ= +4.06%  funding=-0.0226%/8h  vol/OI=14.4x  1h=+0.00% (vs BTC -0.13%)
       → OI building, funding neg, vol/OI surge

--------------------------------------------------------------------------------
  ON RADAR   —  13 coin(s)
--------------------------------------------------------------------------------
  #   Symbol      Conv Sigs    OI $M    OI Δ     Fund%  V/OI  Signals
  ------------------------------------------------------------------------------
    1 INJ         59.1    2  $  14.7  +14.04%   -0.0428%   0.9  OI building, funding neg
    2 BANANAS31   54.8    2  $   1.9  +28.95%   +0.0050%   6.7  OI building, vol/OI surge
    3 CLO         51.7    2  $   1.7  +10.70%   +0.0050%   8.0  OI building, vol/OI surge
    4 H           50.0    2  $  34.8   -1.33%   -1.7856%  11.3  funding neg, vol/OI surge
    5 ZKC         50.0    2  $   2.3   -1.76%   -0.9352%   8.0  funding neg, vol/OI surge
    6 AKT         45.8    2  $   1.9  +24.41%   +0.0050%   2.6  OI building, vol/OI surge
    7 B3          44.3    2  $   0.7   +1.57%   -0.1053%   4.4  funding neg, vol/OI surge
    8 JUP         42.8    2  $   7.2   +5.98%   -0.0263%   0.5  OI building, funding neg
    9 EVAA        40.1    2  $   2.0   +6.70%   +0.0050%   4.8  OI building, vol/OI surge
   10 ENA         39.8    2  $  33.8   +3.99%   -0.0274%   1.0  OI building, funding neg
   11 ONDO        37.6    2  $  28.2   +4.62%   -0.0155%   1.2  OI building, funding neg
   12 TRUMP       35.1    2  $  25.8   +2.60%   -0.0310%   2.7  funding neg, vol/OI surge
   13 SKR         32.2    2  $   2.1   +3.24%   +0.0050%   3.8  OI building, vol/OI surge

================================================================================
2026-06-14 20:35:35,976 [INFO]   Saved → perp_v3_LATEST.txt, perp_v3_LATEST.json, perp_v3_20260614_203535.txt
2026-06-14 21:23:29,793 [INFO] ================================================================
2026-06-14 21:23:29,795 [INFO] PERP SCANNER v3.0
2026-06-14 21:23:29,795 [INFO] ================================================================
2026-06-14 21:23:29,798 [INFO]   Previous OI state: 392 symbols loaded
2026-06-14 21:23:29,798 [INFO] Fetching Bybit tickers...
2026-06-14 21:23:31,061 [INFO]   Received 697 tickers
2026-06-14 21:23:31,086 [INFO]   BTC 1h: +0.13%
2026-06-14 21:23:31,087 [INFO] Scoring tickers...
2026-06-14 21:23:31,098 [INFO] Done in 1.3s  |  scanned=391  skipped=306  watch_now=1  on_radar=10
2026-06-14 21:23:31,103 [INFO] 
================================================================================
  PERP SCANNER v3.0  —  Bybit positioning radar
  Generated  : 2026-06-14 21:23:31
  Universe   : 697 Bybit perps  |  Scanned: 391
  Scan time  : 1.3s  |  BTC 1h: +0.13%
================================================================================

  Tiers — WATCH NOW: conviction ≥ 50, positive signals ≥ 3, no penalties
          ON RADAR : conviction ≥ 25, positive signals ≥ 2, no penalties

  Signals : OI building · funding neg · vol/OI surge · decoupling 1h
  Penalty : OI unwind · CROWDED LONG (extreme positive funding)

--------------------------------------------------------------------------------
  WATCH NOW  —  1 coin(s)
--------------------------------------------------------------------------------

  [ 1] PUFFER      conv= 66.8  sigs= 3  price=$0.021810      24h=+50.83%
       OI=$   0.7M  Δ= +6.58%  funding=-1.5127%/8h  vol/OI= 4.4x  1h=+0.00% (vs BTC -0.13%)
       → OI building, funding neg, vol/OI surge

--------------------------------------------------------------------------------
  ON RADAR   —  10 coin(s)
--------------------------------------------------------------------------------
  #   Symbol      Conv Sigs    OI $M    OI Δ     Fund%  V/OI  Signals
  ------------------------------------------------------------------------------
    1 H           50.0    2  $  33.5   -3.79%   -1.2589%  11.9  funding neg, vol/OI surge
    2 ZKC         50.0    2  $   2.2   -2.21%   -0.4522%   8.6  funding neg, vol/OI surge
    3 EVAA        41.1    2  $   2.2   +6.76%   +0.0050%   5.2  OI building, vol/OI surge
    4 BEAT        40.4    2  $  23.0   +0.26%   -0.0282%   5.4  funding neg, vol/OI surge
    5 BABY        39.0    2  $   2.3   -0.63%   -0.0571%   2.0  funding neg, vol/OI surge
    6 BCH         37.7    2  $  30.1   +4.57%   -0.0163%   0.7  OI building, funding neg
    7 AVAX        37.5    2  $  35.0   +3.68%   -0.0210%   0.6  OI building, funding neg
    8 AIGENSYN    33.5    2  $   1.2   +4.54%   +0.0050%   3.4  OI building, vol/OI surge
    9 NIL         32.5    2  $   1.0   -1.92%   -0.0215%   2.7  funding neg, vol/OI surge
   10 TRUMP       29.6    2  $  25.6   -0.05%   -0.0118%   2.6  funding neg, vol/OI surge

================================================================================
2026-06-14 21:23:31,114 [INFO]   Saved → perp_v3_LATEST.txt, perp_v3_LATEST.json, perp_v3_20260614_212331.txt
2026-06-14 22:52:14,139 [INFO] ================================================================
2026-06-14 22:52:14,144 [INFO] PERP SCANNER v3.0
2026-06-14 22:52:14,147 [INFO] ================================================================
2026-06-14 22:52:14,156 [INFO]   Previous OI state: 391 symbols loaded
2026-06-14 22:52:14,158 [INFO] Fetching Bybit tickers...
2026-06-14 22:52:14,921 [INFO]   Received 697 tickers
2026-06-14 22:52:14,967 [INFO]   BTC 1h: +0.32%
2026-06-14 22:52:14,970 [INFO] Scoring tickers...
2026-06-14 22:52:15,001 [INFO] Done in 0.9s  |  scanned=401  skipped=296  watch_now=1  on_radar=12
2026-06-14 22:52:15,004 [INFO] 
================================================================================
  PERP SCANNER v3.0  —  Bybit positioning radar
  Generated  : 2026-06-14 22:52:15
  Universe   : 697 Bybit perps  |  Scanned: 401
  Scan time  : 0.9s  |  BTC 1h: +0.32%
================================================================================

  Tiers — WATCH NOW: conviction ≥ 50, positive signals ≥ 3, no penalties
          ON RADAR : conviction ≥ 25, positive signals ≥ 2, no penalties

  Signals : OI building · funding neg · vol/OI surge · decoupling 1h
  Penalty : OI unwind · CROWDED LONG (extreme positive funding)

--------------------------------------------------------------------------------
  WATCH NOW  —  1 coin(s)
--------------------------------------------------------------------------------

  [ 1] CL          conv= 65.7  sigs= 3  price=$77.480000     24h= -4.50%
       OI=$  15.4M  Δ= +8.80%  funding=-0.1968%/8h  vol/OI= 2.2x  1h=+0.00% (vs BTC -0.32%)
       → OI building, funding neg, vol/OI surge

--------------------------------------------------------------------------------
  ON RADAR   —  12 coin(s)
--------------------------------------------------------------------------------
  #   Symbol      Conv Sigs    OI $M    OI Δ     Fund%  V/OI  Signals
  ------------------------------------------------------------------------------
    1 PUFFER      47.8    2  $   0.6   -2.76%   -1.6928%   6.0  funding neg, vol/OI surge
    2 H           43.5    2  $  28.6   -0.96%   -0.0267%  14.3  funding neg, vol/OI surge
    3 BCH         42.8    2  $  33.8   +7.22%   -0.0189%   0.8  OI building, funding neg
    4 HNT         40.9    2  $   1.2   +4.82%   -0.0262%   1.1  OI building, funding neg
    5 NIL         40.9    2  $   1.2  +10.54%   +0.0050%   2.3  OI building, vol/OI surge
    6 CLO         39.5    2  $   1.8   +3.34%   +0.0050%   8.1  OI building, vol/OI surge
    7 MEGA        38.9    2  $   5.3   +3.18%   -0.0002%   6.9  OI building, vol/OI surge
    8 STG         38.9    2  $   4.3   +3.03%   +0.0013%   9.2  OI building, vol/OI surge
    9 AKT         38.0    2  $   2.2   +8.64%   +0.0050%   2.4  OI building, vol/OI surge
   10 TRUMP       36.3    2  $  25.5   -4.36%   -0.0343%   2.8  funding neg, vol/OI surge
   11 HMSTR       31.9    2  $   1.7   +4.34%   +0.0050%   2.9  OI building, vol/OI surge
   12 JASMY       31.4    2  $   3.3   +4.96%   +0.0100%   2.2  OI building, vol/OI surge

================================================================================
2026-06-14 22:52:15,026 [INFO]   Saved → perp_v3_LATEST.txt, perp_v3_LATEST.json, perp_v3_20260614_225215.txt
2026-06-14 23:48:42,997 [INFO] ================================================================
2026-06-14 23:48:42,999 [INFO] PERP SCANNER v3.0
2026-06-14 23:48:43,000 [INFO] ================================================================
2026-06-14 23:48:43,005 [INFO]   Previous OI state: 401 symbols loaded
2026-06-14 23:48:43,005 [INFO] Fetching Bybit tickers...
2026-06-14 23:48:43,669 [INFO]   Received 696 tickers
2026-06-14 23:48:44,111 [WARNING] BTC 1h reference unavailable — decoupling signal disabled
2026-06-14 23:48:44,113 [INFO]   BTC 1h: +0.00%
2026-06-14 23:48:44,113 [INFO] Scoring tickers...
2026-06-14 23:48:44,132 [INFO] Done in 1.1s  |  scanned=404  skipped=292  watch_now=1  on_radar=6
2026-06-14 23:48:44,133 [INFO] 
================================================================================
  PERP SCANNER v3.0  —  Bybit positioning radar
  Generated  : 2026-06-14 23:48:44
  Universe   : 696 Bybit perps  |  Scanned: 404
  Scan time  : 1.1s  |  BTC 1h: +0.00%
================================================================================

  Tiers — WATCH NOW: conviction ≥ 50, positive signals ≥ 3, no penalties
          ON RADAR : conviction ≥ 25, positive signals ≥ 2, no penalties

  Signals : OI building · funding neg · vol/OI surge · decoupling 1h
  Penalty : OI unwind · CROWDED LONG (extreme positive funding)

--------------------------------------------------------------------------------
  WATCH NOW  —  1 coin(s)
--------------------------------------------------------------------------------

  [ 1] TRUMP       conv= 56.0  sigs= 3  price=$2.085000      24h= -6.00%
       OI=$  27.2M  Δ= +4.80%  funding=-0.0348%/8h  vol/OI= 2.7x  1h=+0.00% (vs BTC +0.00%)
       → OI building, funding neg, vol/OI surge

--------------------------------------------------------------------------------
  ON RADAR   —  6 coin(s)
--------------------------------------------------------------------------------
  #   Symbol      Conv Sigs    OI $M    OI Δ     Fund%  V/OI  Signals
  ------------------------------------------------------------------------------
    1 H           50.0    2  $  29.3   -1.01%   -0.6538%  14.1  funding neg, vol/OI surge
    2 ZKC         50.0    2  $   2.1   +1.76%   -0.5494%   9.8  funding neg, vol/OI surge
    3 STG         45.3    2  $   4.2   +1.34%   -0.0330%   9.0  funding neg, vol/OI surge
    4 OPG         44.8    2  $   6.9  +10.85%   +0.0050%   3.8  OI building, vol/OI surge
    5 CL          40.7    2  $  15.2   -4.48%   -0.1010%   2.8  funding neg, vol/OI surge
    6 B3          36.9    2  $   0.7   -1.71%   -0.0226%   4.5  funding neg, vol/OI surge

================================================================================
2026-06-14 23:48:44,142 [INFO]   Saved → perp_v3_LATEST.txt, perp_v3_LATEST.json, perp_v3_20260614_234844.txt
