2026-06-18 06:24:59,830 [INFO] ================================================================
2026-06-18 06:24:59,830 [INFO] PERP SCANNER v3.0
2026-06-18 06:24:59,830 [INFO] ================================================================
2026-06-18 06:24:59,832 [INFO]   Previous OI state: 430 symbols loaded
2026-06-18 06:24:59,832 [INFO] Fetching Bybit tickers...
2026-06-18 06:25:00,966 [INFO]   Received 720 tickers
2026-06-18 06:25:00,983 [INFO]   BTC 1h: -0.62%
2026-06-18 06:25:00,984 [INFO] Scoring tickers...
2026-06-18 06:25:00,991 [INFO] Done in 1.2s  |  scanned=438  skipped=282  watch_now=3  on_radar=30
2026-06-18 06:25:00,991 [INFO] 
================================================================================
  PERP SCANNER v3.0  —  Bybit positioning radar
  Generated  : 2026-06-18 06:25:00
  Universe   : 720 Bybit perps  |  Scanned: 438
  Scan time  : 1.2s  |  BTC 1h: -0.62%
================================================================================

  Tiers — WATCH NOW: conviction ≥ 50, positive signals ≥ 3, no penalties
          ON RADAR : conviction ≥ 25, positive signals ≥ 2, no penalties

  Signals : OI building · funding neg · vol/OI surge · decoupling 1h
  Penalty : OI unwind · CROWDED LONG (extreme positive funding)

--------------------------------------------------------------------------------
  WATCH NOW  —  3 coin(s)
--------------------------------------------------------------------------------

  [ 1] ID          conv= 79.4  sigs= 3  price=$0.030990      24h= +4.20%
       OI=$   2.4M  Δ=+10.65%  funding=-0.8786%/8h  vol/OI= 9.2x  1h=+0.00% (vs BTC +0.62%)
       → OI building, funding neg, vol/OI surge

  [ 2] HIGH        conv= 75.9  sigs= 3  price=$0.043970      24h= +3.34%
       OI=$   1.0M  Δ= +8.51%  funding=-0.7343%/8h  vol/OI=11.8x  1h=+0.00% (vs BTC +0.62%)
       → OI building, funding neg, vol/OI surge

  [ 3] PORTAL      conv= 75.3  sigs= 3  price=$0.014511      24h= -2.61%
       OI=$   2.3M  Δ=+13.15%  funding=-0.1690%/8h  vol/OI= 3.4x  1h=+0.00% (vs BTC +0.62%)
       → OI building, funding neg, vol/OI surge

--------------------------------------------------------------------------------
  ON RADAR   —  30 coin(s)
--------------------------------------------------------------------------------
  #   Symbol      Conv Sigs    OI $M    OI Δ     Fund%  V/OI  Signals
  ------------------------------------------------------------------------------
    1 KERNEL      61.1    2  $   0.6  +13.86%   -0.2279%   1.5  OI building, funding neg
    2 MEGA        61.1    2  $   4.7  +13.22%   -0.0774%   1.3  OI building, funding neg
    3 ATH         59.8    2  $   2.8  +22.97%   -0.0454%   0.7  OI building, funding neg
    4 HOOD        52.1    2  $   0.6  +10.92%   +0.0000%   9.1  OI building, vol/OI surge
    5 SLX         50.9    2  $   1.4  +16.03%   +0.0050%   4.9  OI building, vol/OI surge
    6 CLO         49.5    2  $   2.0  +16.38%   +0.0050%   4.3  OI building, vol/OI surge
    7 MIRA        48.4    2  $   0.8   +8.56%   -0.0308%   0.8  OI building, funding neg
    8 B3          45.7    2  $   1.1  +16.90%   +0.0050%   2.5  OI building, vol/OI surge
    9 FOLKS       45.3    2  $   2.6  +13.55%   +0.0050%   2.4  OI building, vol/OI surge
   10 AIGENSYN    45.2    2  $   1.0  +13.30%   +0.0050%   2.3  OI building, vol/OI surge
   11 IO          44.5    2  $   1.8   +4.08%   -0.0436%   1.9  OI building, funding neg
   12 TRUST       41.4    2  $   0.7   +0.00%   -0.6216%   3.1  funding neg, vol/OI surge
   13 VIRTUAL     41.4    2  $  12.6   +4.37%   -0.0310%   1.8  OI building, funding neg
   14 SPCX        41.0    2  $  13.3   +4.24%   +0.0300%   8.9  OI building, vol/OI surge
   15 SQD         40.9    2  $   1.4   +4.18%   +0.0050%   7.7  OI building, vol/OI surge
   16 EWY         40.1    2  $   2.8   +3.26%   -0.0328%   1.9  OI building, funding neg
   17 FIDA        39.8    2  $   1.3   -1.80%   -0.0806%   2.4  funding neg, vol/OI surge
   18 PRL         39.1    2  $   1.4   -4.30%   -0.1749%   2.1  funding neg, vol/OI surge
   19 INIT        38.4    2  $   0.9   +5.16%   -0.0154%   1.1  OI building, funding neg
   20 TAC         38.4    2  $   4.0   +8.31%   +0.0050%   2.8  OI building, vol/OI surge
   21 MU          38.3    2  $   6.7   +7.19%   +0.0000%   3.6  OI building, vol/OI surge
   22 YFI         37.0    2  $   1.0   +4.23%   -0.0160%   0.3  OI building, funding neg
   23 ELSA        36.7    2  $   0.7   +8.00%   -0.0073%   2.3  OI building, vol/OI surge
   24 XAI         35.8    2  $   0.7   +4.18%   -0.0119%   0.9  OI building, funding neg
   25 VELVET      34.2    2  $   2.2   +4.34%   +0.0050%   3.9  OI building, vol/OI surge
   26 CL          31.0    2  $  13.9   +3.15%   +0.0000%   3.3  OI building, vol/OI surge
   27 ETH         30.8    2  $1275.5   +4.61%   -0.0031%   2.2  OI building, vol/OI surge
   28 ADA         30.7    2  $  46.7   +1.78%   -0.0175%   2.4  funding neg, vol/OI surge
   29 EGLD        30.6    2  $   1.8   -1.46%   -0.0110%   3.1  funding neg, vol/OI surge
   30 GALA        30.6    2  $   4.7   -1.32%   -0.0192%   2.1  funding neg, vol/OI surge

================================================================================
2026-06-18 06:25:00,998 [INFO]   Saved → perp_v3_LATEST.txt, perp_v3_LATEST.json, perp_v3_20260618_062500.txt
2026-06-18 13:16:43,650 [INFO] ================================================================
2026-06-18 13:16:43,652 [INFO] PERP SCANNER v3.0
2026-06-18 13:16:43,652 [INFO] ================================================================
2026-06-18 13:16:43,655 [INFO]   Previous OI state: 438 symbols loaded
2026-06-18 13:16:43,657 [INFO] Fetching Bybit tickers...
2026-06-18 13:16:44,114 [INFO]   Received 719 tickers
2026-06-18 13:16:44,150 [INFO]   BTC 1h: -0.16%
2026-06-18 13:16:44,151 [INFO] Scoring tickers...
2026-06-18 13:16:44,173 [INFO] Done in 0.5s  |  scanned=440  skipped=279  watch_now=8  on_radar=29
2026-06-18 13:16:44,175 [INFO] 
================================================================================
  PERP SCANNER v3.0  —  Bybit positioning radar
  Generated  : 2026-06-18 13:16:44
  Universe   : 719 Bybit perps  |  Scanned: 440
  Scan time  : 0.5s  |  BTC 1h: -0.16%
================================================================================

  Tiers — WATCH NOW: conviction ≥ 50, positive signals ≥ 3, no penalties
          ON RADAR : conviction ≥ 25, positive signals ≥ 2, no penalties

  Signals : OI building · funding neg · vol/OI surge · decoupling 1h
  Penalty : OI unwind · CROWDED LONG (extreme positive funding)

--------------------------------------------------------------------------------
  WATCH NOW  —  8 coin(s)
--------------------------------------------------------------------------------

  [ 1] HOME        conv= 77.6  sigs= 3  price=$0.029301      24h=+12.10%
       OI=$  10.5M  Δ=+20.16%  funding=-0.1103%/8h  vol/OI= 4.4x  1h=+0.00% (vs BTC +0.16%)
       → OI building, funding neg, vol/OI surge

  [ 2] MEGA        conv= 72.7  sigs= 3  price=$0.064510      24h=+17.68%
       OI=$   6.2M  Δ=+26.68%  funding=-0.0984%/8h  vol/OI= 2.2x  1h=+0.00% (vs BTC +0.16%)
       → OI building, funding neg, vol/OI surge

  [ 3] BLEND       conv= 72.5  sigs= 3  price=$0.056690      24h= -1.75%
       OI=$   0.9M  Δ=+12.72%  funding=-0.1677%/8h  vol/OI= 2.3x  1h=+0.00% (vs BTC +0.16%)
       → OI building, funding neg, vol/OI surge

  [ 4] PORTAL      conv= 70.4  sigs= 3  price=$0.016314      24h=+14.20%
       OI=$   2.8M  Δ= +8.80%  funding=-0.8570%/8h  vol/OI= 4.3x  1h=+0.00% (vs BTC +0.16%)
       → OI building, funding neg, vol/OI surge

  [ 5] BLUR        conv= 64.9  sigs= 3  price=$0.016089      24h=-12.36%
       OI=$   1.6M  Δ=+14.24%  funding=-0.0198%/8h  vol/OI= 2.5x  1h=+0.00% (vs BTC +0.16%)
       → OI building, funding neg, vol/OI surge

  [ 6] CLO         conv= 63.1  sigs= 3  price=$0.211140      24h=+26.20%
       OI=$   2.2M  Δ= +5.58%  funding=-0.0217%/8h  vol/OI= 7.4x  1h=+0.00% (vs BTC +0.16%)
       → OI building, funding neg, vol/OI surge

  [ 7] ORCA        conv= 58.7  sigs= 3  price=$1.248100      24h= +1.55%
       OI=$   2.5M  Δ= +4.84%  funding=-0.1156%/8h  vol/OI= 2.1x  1h=+0.00% (vs BTC +0.16%)
       → OI building, funding neg, vol/OI surge

  [ 8] ENJ         conv= 57.1  sigs= 3  price=$0.035381      24h= +7.81%
       OI=$   2.0M  Δ= +3.69%  funding=-0.0449%/8h  vol/OI= 2.8x  1h=+0.00% (vs BTC +0.16%)
       → OI building, funding neg, vol/OI surge

--------------------------------------------------------------------------------
  ON RADAR   —  29 coin(s)
--------------------------------------------------------------------------------
  #   Symbol      Conv Sigs    OI $M    OI Δ     Fund%  V/OI  Signals
  ------------------------------------------------------------------------------
    1 GUN         52.8    2  $   1.2  +14.86%   -0.0200%   1.5  OI building, funding neg
    2 TRUST       50.9    2  $   0.7  +18.10%   +0.0187%   4.9  OI building, vol/OI surge
    3 BTW         50.4    2  $   2.3  +18.60%   +0.0050%   4.7  OI building, vol/OI surge
    4 HIGH        50.0    2  $   1.0   -4.24%   -0.5832%   7.3  funding neg, vol/OI surge
    5 PRL         48.2    2  $   1.4   +5.23%   -0.0570%   1.9  OI building, funding neg
    6 INTC        48.0    2  $   4.5  +12.80%   +0.0092%   3.7  OI building, vol/OI surge
    7 BEAT        46.0    2  $  10.2   +7.27%   +0.0050%   8.4  OI building, vol/OI surge
    8 MU          45.9    2  $   7.6  +12.15%   +0.0257%   3.3  OI building, vol/OI surge
    9 S           45.0    2  $   2.5   +3.36%   -0.0537%   0.6  OI building, funding neg
   10 DYM         42.1    2  $   0.9   +4.08%   -0.0351%   0.3  OI building, funding neg
   11 XAG         41.2    2  $  20.4   +9.65%   +0.0000%   3.1  OI building, vol/OI surge
   12 ENA         41.0    2  $  38.2   +9.70%   +0.0050%   2.9  OI building, vol/OI surge
   13 AERGO       40.1    2  $   1.0   +0.00%   -0.1777%   2.5  funding neg, vol/OI surge
   14 FIDA        39.9    2  $   1.3   -4.30%   -0.1046%   2.5  funding neg, vol/OI surge
   15 ORDI        39.4    2  $   3.7   +3.08%   -0.0312%   1.6  OI building, funding neg
   16 USD1        39.4    2  $   0.9   +5.90%   -0.0144%   0.7  OI building, funding neg
   17 VIRTUAL     37.9    2  $  13.1   +3.46%   -0.0238%   1.4  OI building, funding neg
   18 XPL         36.0    2  $  29.8   -0.85%   -0.0119%   5.5  funding neg, vol/OI surge
   19 SHIB1000    35.4    2  $   6.1   +3.19%   -0.0163%   1.1  OI building, funding neg
   20 SLX         35.1    2  $   1.4   +3.29%   +0.0050%   5.1  OI building, vol/OI surge
   21 NVDA        33.2    2  $   2.1   +5.97%   +0.0289%   2.2  OI building, vol/OI surge
   22 SNDK        33.1    2  $   4.9   +3.03%   +0.0000%   4.4  OI building, vol/OI surge
   23 EGLD        32.7    2  $   1.8   +1.05%   -0.0185%   3.1  funding neg, vol/OI surge
   24 HYPE        32.1    2  $ 240.5   +3.48%   +0.0100%   3.6  OI building, vol/OI surge
   25 ARM         31.0    2  $   1.4   +4.02%   +0.0000%   2.7  OI building, vol/OI surge
   26 CL          30.3    2  $  14.5   +3.33%   +0.0382%   2.9  OI building, vol/OI surge
   27 JTO         30.0    2  $   8.9   +1.77%   -0.0132%   2.6  funding neg, vol/OI surge
   28 1000TAG     29.9    2  $   0.5   +3.65%   +0.0050%   2.5  OI building, vol/OI surge
   29 ASTER       29.4    2  $  51.1   +0.44%   -0.0151%   2.1  funding neg, vol/OI surge

================================================================================
2026-06-18 13:16:44,193 [INFO]   Saved → perp_v3_LATEST.txt, perp_v3_LATEST.json, perp_v3_20260618_131644.txt
2026-06-18 14:35:32,666 [INFO] ================================================================
2026-06-18 14:35:32,666 [INFO] PERP SCANNER v3.0
2026-06-18 14:35:32,666 [INFO] ================================================================
2026-06-18 14:35:32,672 [INFO]   Previous OI state: 440 symbols loaded
2026-06-18 14:35:32,672 [INFO] Fetching Bybit tickers...
2026-06-18 14:35:33,125 [INFO]   Received 719 tickers
2026-06-18 14:35:33,160 [INFO]   BTC 1h: +0.63%
2026-06-18 14:35:33,160 [INFO] Scoring tickers...
2026-06-18 14:35:33,186 [INFO] Done in 0.5s  |  scanned=441  skipped=278  watch_now=0  on_radar=16
2026-06-18 14:35:33,186 [INFO] 
================================================================================
  PERP SCANNER v3.0  —  Bybit positioning radar
  Generated  : 2026-06-18 14:35:33
  Universe   : 719 Bybit perps  |  Scanned: 441
  Scan time  : 0.5s  |  BTC 1h: +0.63%
================================================================================

  Tiers — WATCH NOW: conviction ≥ 50, positive signals ≥ 3, no penalties
          ON RADAR : conviction ≥ 25, positive signals ≥ 2, no penalties

  Signals : OI building · funding neg · vol/OI surge · decoupling 1h
  Penalty : OI unwind · CROWDED LONG (extreme positive funding)

--------------------------------------------------------------------------------
  WATCH NOW  —  0 coin(s)
--------------------------------------------------------------------------------
  (none)

--------------------------------------------------------------------------------
  ON RADAR   —  16 coin(s)
--------------------------------------------------------------------------------
  #   Symbol      Conv Sigs    OI $M    OI Δ     Fund%  V/OI  Signals
  ------------------------------------------------------------------------------
    1 GUN         61.1    2  $   1.4  +15.05%   -1.0238%   2.0  OI building, funding neg
    2 HOOD        52.7    2  $   0.7  +11.29%   +0.0000%   9.9  OI building, vol/OI surge
    3 HIGH        49.0    2  $   0.9   -3.49%   -0.3997%   6.6  funding neg, vol/OI surge
    4 ID          47.8    2  $   1.9   -1.08%   -0.2788%   6.0  funding neg, vol/OI surge
    5 HEI         46.4    2  $   0.9   +4.20%   -0.0579%   1.9  OI building, funding neg
    6 NVDA        42.1    2  $   2.3   +6.98%   +0.0309%   5.4  OI building, vol/OI surge
    7 AERGO       40.4    2  $   1.0   +0.43%   -0.4240%   2.7  funding neg, vol/OI surge
    8 FIDA        40.0    2  $   1.2   -1.37%   -0.1471%   2.5  funding neg, vol/OI surge
    9 BLEND       39.8    2  $   0.9   -2.29%   -0.0910%   2.4  funding neg, vol/OI surge
   10 MEGA        39.5    2  $   6.4   +0.39%   -0.0582%   2.3  funding neg, vol/OI surge
   11 ARM         37.9    2  $   1.6   +8.38%   +0.0504%   2.5  OI building, vol/OI surge
   12 BLESS       35.2    2  $   1.3   +4.04%   +0.0050%   4.6  OI building, vol/OI surge
   13 EGLD        35.1    2  $   1.8   -0.07%   -0.0269%   3.2  funding neg, vol/OI surge
   14 ENJ         32.9    2  $   2.0   -0.14%   -0.0216%   2.9  funding neg, vol/OI surge
   15 ETHFI       31.6    2  $   6.5   -2.45%   -0.0126%   3.4  funding neg, vol/OI surge
   16 ZEREBRO     29.7    2  $   7.2   +4.07%   +0.0050%   2.1  OI building, vol/OI surge

================================================================================
2026-06-18 14:35:33,206 [INFO]   Saved → perp_v3_LATEST.txt, perp_v3_LATEST.json, perp_v3_20260618_143533.txt
2026-06-18 16:30:21,480 [INFO] ================================================================
2026-06-18 16:30:21,481 [INFO] PERP SCANNER v3.0
2026-06-18 16:30:21,482 [INFO] ================================================================
2026-06-18 16:30:21,484 [INFO]   Previous OI state: 441 symbols loaded
2026-06-18 16:30:21,484 [INFO] Fetching Bybit tickers...
2026-06-18 16:30:22,702 [INFO]   Received 720 tickers
2026-06-18 16:30:22,739 [INFO]   BTC 1h: -0.26%
2026-06-18 16:30:22,742 [INFO] Scoring tickers...
2026-06-18 16:30:22,760 [INFO] Done in 1.3s  |  scanned=445  skipped=275  watch_now=0  on_radar=23
2026-06-18 16:30:22,762 [INFO] 
================================================================================
  PERP SCANNER v3.0  —  Bybit positioning radar
  Generated  : 2026-06-18 16:30:22
  Universe   : 720 Bybit perps  |  Scanned: 445
  Scan time  : 1.3s  |  BTC 1h: -0.26%
================================================================================

  Tiers — WATCH NOW: conviction ≥ 50, positive signals ≥ 3, no penalties
          ON RADAR : conviction ≥ 25, positive signals ≥ 2, no penalties

  Signals : OI building · funding neg · vol/OI surge · decoupling 1h
  Penalty : OI unwind · CROWDED LONG (extreme positive funding)

--------------------------------------------------------------------------------
  WATCH NOW  —  0 coin(s)
--------------------------------------------------------------------------------
  (none)

--------------------------------------------------------------------------------
  ON RADAR   —  23 coin(s)
--------------------------------------------------------------------------------
  #   Symbol      Conv Sigs    OI $M    OI Δ     Fund%  V/OI  Signals
  ------------------------------------------------------------------------------
    1 PRL         58.8    2  $   1.5  +11.64%   -0.5267%   1.6  OI building, funding neg
    2 SOXL        55.6    2  $   5.5  +16.18%   +0.0000%  11.3  OI building, vol/OI surge
    3 RE          50.0    2  $   1.0   +0.00%   -0.1041%   9.2  funding neg, vol/OI surge
    4 SNDK        49.1    2  $   5.9  +12.60%   +0.0000%   4.4  OI building, vol/OI surge
    5 PORTAL      48.9    2  $   2.4   -1.37%   -0.3130%   6.5  funding neg, vol/OI surge
    6 HIGH        48.4    2  $   0.9   -3.55%   -0.3058%   6.3  funding neg, vol/OI surge
    7 MSTR        48.3    2  $   1.2  +25.76%   +0.0000%   3.7  OI building, vol/OI surge
    8 ID          46.6    2  $   1.9   +1.84%   -0.2042%   5.5  funding neg, vol/OI surge
    9 HOOD        42.0    2  $   0.7   +4.88%   +0.0000%   9.1  OI building, vol/OI surge
   10 HOME        41.4    2  $  10.0   +1.14%   -0.0342%   5.1  funding neg, vol/OI surge
   11 CLO         41.0    2  $   2.2   +4.27%   +0.0050%   7.9  OI building, vol/OI surge
   12 AERGO       40.9    2  $   1.0   -0.46%   -0.3501%   2.9  funding neg, vol/OI surge
   13 FIDA        40.4    2  $   1.2   -0.65%   -0.1408%   2.7  funding neg, vol/OI surge
   14 BLEND       40.2    2  $   0.9   -2.61%   -0.0556%   2.6  funding neg, vol/OI surge
   15 AMAT        39.6    2  $   0.7   +9.84%   +0.0000%   2.2  OI building, vol/OI surge
   16 IP          37.1    2  $   6.2   +3.75%   -0.0190%   1.6  OI building, funding neg
   17 MIRA        36.8    2  $   0.8   +4.31%   -0.0145%   0.9  OI building, funding neg
   18 EGLD        34.9    2  $   1.8   +1.45%   -0.0244%   3.4  funding neg, vol/OI surge
   19 ETHFI       32.4    2  $   6.4   -1.28%   -0.0194%   2.9  funding neg, vol/OI surge
   20 CRCL        30.6    2  $   1.9   +4.22%   +0.0173%   2.3  OI building, vol/OI surge
   21 BTC         29.9    2  $3307.3   +4.24%   -0.0012%   2.0  OI building, vol/OI surge
   22 HEI         29.4    2  $   0.9   +0.26%   -0.0133%   2.3  funding neg, vol/OI surge
   23 ZEREBRO     28.5    2  $   7.6   +3.07%   +0.0050%   2.3  OI building, vol/OI surge

================================================================================
2026-06-18 16:30:22,775 [INFO]   Saved → perp_v3_LATEST.txt, perp_v3_LATEST.json, perp_v3_20260618_163022.txt
2026-06-18 17:43:40,803 [INFO] ================================================================
2026-06-18 17:43:40,806 [INFO] PERP SCANNER v3.0
2026-06-18 17:43:40,806 [INFO] ================================================================
2026-06-18 17:43:40,810 [INFO]   Previous OI state: 445 symbols loaded
2026-06-18 17:43:40,810 [INFO] Fetching Bybit tickers...
2026-06-18 17:43:41,992 [INFO]   Received 720 tickers
2026-06-18 17:43:42,003 [INFO]   BTC 1h: -2.27%
2026-06-18 17:43:42,004 [INFO] Scoring tickers...
2026-06-18 17:43:42,017 [INFO] Done in 1.2s  |  scanned=443  skipped=277  watch_now=13  on_radar=50
2026-06-18 17:43:42,018 [INFO] 
================================================================================
  PERP SCANNER v3.0  —  Bybit positioning radar
  Generated  : 2026-06-18 17:43:42
  Universe   : 720 Bybit perps  |  Scanned: 443
  Scan time  : 1.2s  |  BTC 1h: -2.27%
================================================================================

  Tiers — WATCH NOW: conviction ≥ 50, positive signals ≥ 3, no penalties
          ON RADAR : conviction ≥ 25, positive signals ≥ 2, no penalties

  Signals : OI building · funding neg · vol/OI surge · decoupling 1h
  Penalty : OI unwind · CROWDED LONG (extreme positive funding)

--------------------------------------------------------------------------------
  WATCH NOW  —  13 coin(s)
--------------------------------------------------------------------------------

  [ 1] RE          conv= 85.1  sigs= 4  price=$0.505800      24h=+19.35%
       OI=$   1.0M  Δ= +7.46%  funding=-0.1799%/8h  vol/OI=22.2x  1h=+0.00% (vs BTC +2.27%)
       → OI building, funding neg, vol/OI surge, decoupling 1h

  [ 2] GENIUS      conv= 69.7  sigs= 4  price=$0.374100      24h=-13.50%
       OI=$   1.7M  Δ= +4.61%  funding=-0.4967%/8h  vol/OI= 2.2x  1h=+0.00% (vs BTC +2.27%)
       → OI building, funding neg, vol/OI surge, decoupling 1h

  [ 3] IP          conv= 63.3  sigs= 3  price=$0.288800      24h=-10.64%
       OI=$   6.6M  Δ= +7.71%  funding=-0.0833%/8h  vol/OI= 1.6x  1h=+0.00% (vs BTC +2.27%)
       → OI building, funding neg, decoupling 1h

  [ 4] HIGH        conv= 61.0  sigs= 3  price=$0.038770      24h=-15.85%
       OI=$   0.8M  Δ= -3.68%  funding=-0.1904%/8h  vol/OI= 7.4x  1h=+0.00% (vs BTC +2.27%)
       → funding neg, vol/OI surge, decoupling 1h

  [ 5] PORTAL      conv= 60.3  sigs= 3  price=$0.015552      24h=+10.72%
       OI=$   2.4M  Δ= +0.94%  funding=-0.4938%/8h  vol/OI= 6.7x  1h=+0.00% (vs BTC +2.27%)
       → funding neg, vol/OI surge, decoupling 1h

  [ 6] BTC         conv= 59.1  sigs= 4  price=$62,689.800000  24h= -4.98%
       OI=$3388.1M  Δ= +3.21%  funding=-0.0213%/8h  vol/OI= 2.1x  1h=+0.00% (vs BTC +2.27%)
       → OI building, funding neg, vol/OI surge, decoupling 1h

  [ 7] FOLKS       conv= 59.0  sigs= 3  price=$2.410900      24h= +6.06%
       OI=$   2.7M  Δ=+10.00%  funding=+0.0050%/8h  vol/OI= 5.9x  1h=+0.00% (vs BTC +2.27%)
       → OI building, vol/OI surge, decoupling 1h

  [ 8] TRUST       conv= 57.4  sigs= 3  price=$0.049880      24h= -1.69%
       OI=$   0.7M  Δ= -4.35%  funding=-0.0624%/8h  vol/OI= 5.4x  1h=+0.00% (vs BTC +2.27%)
       → funding neg, vol/OI surge, decoupling 1h

  [ 9] ID          conv= 56.7  sigs= 3  price=$0.029820      24h= -7.88%
       OI=$   1.9M  Δ= -0.78%  funding=-0.1385%/8h  vol/OI= 5.1x  1h=+0.00% (vs BTC +2.27%)
       → funding neg, vol/OI surge, decoupling 1h

  [10] BCH         conv= 52.2  sigs= 3  price=$196.200000    24h= -9.54%
       OI=$  28.7M  Δ= +5.12%  funding=-0.0255%/8h  vol/OI= 1.1x  1h=+0.00% (vs BTC +2.27%)
       → OI building, funding neg, decoupling 1h

  [11] FIDA        conv= 52.1  sigs= 3  price=$0.022366      24h= -7.05%
       OI=$   1.2M  Δ= -2.91%  funding=-0.0537%/8h  vol/OI= 3.0x  1h=+0.00% (vs BTC +2.27%)
       → funding neg, vol/OI surge, decoupling 1h

  [12] AMAT        conv= 50.4  sigs= 3  price=$626.560000    24h= +2.76%
       OI=$   0.7M  Δ= -1.07%  funding=-0.1323%/8h  vol/OI= 2.2x  1h=+0.00% (vs BTC +2.27%)
       → funding neg, vol/OI surge, decoupling 1h

  [13] BLUR        conv= 50.1  sigs= 3  price=$0.015708      24h=-15.89%
       OI=$   1.6M  Δ= +0.70%  funding=-0.0439%/8h  vol/OI= 2.9x  1h=+0.00% (vs BTC +2.27%)
       → funding neg, vol/OI surge, decoupling 1h

--------------------------------------------------------------------------------
  ON RADAR   —  50 coin(s)
--------------------------------------------------------------------------------
  #   Symbol      Conv Sigs    OI $M    OI Δ     Fund%  V/OI  Signals
  ------------------------------------------------------------------------------
    1 SLX         48.0    3  $   1.4   +3.88%   +0.0050%   5.5  OI building, vol/OI surge, decoupling 1h
    2 WAL         47.2    3  $   1.5   +3.26%   -0.0188%   0.8  OI building, funding neg, decoupling 1h
    3 HOME        46.1    3  $  10.1   -0.43%   -0.0115%   5.1  funding neg, vol/OI surge, decoupling 1h
    4 EWY         45.8    3  $   2.8   +0.96%   -0.0333%   2.2  funding neg, vol/OI surge, decoupling 1h
    5 BTW         45.6    3  $   2.6   +3.26%   +0.0356%   4.9  OI building, vol/OI surge, decoupling 1h
    6 BLEND       45.5    3  $   0.9   -1.67%   -0.0287%   2.7  funding neg, vol/OI surge, decoupling 1h
    7 ARKM        44.5    3  $   1.8   -0.88%   -0.0187%   3.5  funding neg, vol/OI surge, decoupling 1h
    8 ENJ         43.4    3  $   2.0   -1.39%   -0.0195%   2.9  funding neg, vol/OI surge, decoupling 1h
    9 ARM         43.1    3  $   1.3   +4.09%   +0.0000%   3.1  OI building, vol/OI surge, decoupling 1h
   10 UNI         42.5    3  $  21.3   +4.09%   +0.0080%   2.9  OI building, vol/OI surge, decoupling 1h
   11 XAG         41.8    3  $  21.4   +3.13%   +0.0077%   3.3  OI building, vol/OI surge, decoupling 1h
   12 ORDI        41.2    3  $   3.5   -2.35%   -0.0176%   2.2  funding neg, vol/OI surge, decoupling 1h
   13 ZEC         41.1    3  $  68.2   +3.16%   +0.0057%   2.9  OI building, vol/OI surge, decoupling 1h
   14 ONDO        41.0    3  $  29.5   -2.39%   -0.0154%   2.3  funding neg, vol/OI surge, decoupling 1h
   15 ETH         40.4    3  $1296.9   +3.51%   -0.0062%   2.4  OI building, vol/OI surge, decoupling 1h
   16 ADA         40.1    3  $  46.0   -0.06%   -0.0148%   2.0  funding neg, vol/OI surge, decoupling 1h
   17 AGLD        38.8    2  $   1.3   -0.68%   -0.1114%   0.4  funding neg, decoupling 1h
   18 CHZ         38.8    2  $   4.9   -2.30%   -0.0945%   1.0  funding neg, decoupling 1h
   19 ICP         38.8    2  $  17.7   -1.28%   -0.0685%   1.0  funding neg, decoupling 1h
   20 ORCA        38.8    2  $   2.4   -1.43%   -0.1056%   1.9  funding neg, decoupling 1h
   21 PRL         38.8    2  $   1.5   +0.16%   -0.9772%   1.6  funding neg, decoupling 1h
   22 SAHARA      38.8    2  $   3.9   -0.61%   -0.2693%   1.8  funding neg, decoupling 1h
   23 STABLE      38.8    2  $   8.2   +0.21%   -0.1581%   0.1  funding neg, decoupling 1h
   24 TRX         38.8    2  $  60.0   +0.55%   -0.1009%   0.2  funding neg, decoupling 1h
   25 VVV         38.8    2  $  12.2   -3.17%   -0.0918%   1.2  funding neg, decoupling 1h
   26 XCN         38.8    2  $   1.0   -0.67%   -0.0511%   0.5  funding neg, decoupling 1h
   27 MASK        38.3    2  $   1.0   -0.16%   -0.0484%   0.6  funding neg, decoupling 1h
   28 GIGGLE      37.5    2  $   1.1   -1.91%   -0.0454%   0.9  funding neg, decoupling 1h
   29 ZORA        37.4    2  $   1.5   +2.78%   -0.0453%   0.9  funding neg, decoupling 1h
   30 OPG         37.0    2  $   3.3   -2.55%   -0.0436%   1.2  funding neg, decoupling 1h
   31 HAEDAL      36.9    2  $   0.5   -3.53%   -0.0434%   0.8  funding neg, decoupling 1h
   32 MERL        36.7    2  $   1.0   +1.91%   -0.0427%   1.0  funding neg, decoupling 1h
   33 CELO        36.6    2  $   0.8   +0.36%   -0.0423%   0.3  funding neg, decoupling 1h
   34 FIL         36.4    2  $   9.5   -0.30%   -0.0416%   1.2  funding neg, decoupling 1h
   35 NEO         36.4    2  $   1.4   +1.25%   -0.0414%   0.3  funding neg, decoupling 1h
   36 FLR         36.0    2  $   1.4   +0.92%   -0.0401%   0.3  funding neg, decoupling 1h
   37 MIRA        34.7    2  $   0.8   +2.02%   -0.0355%   1.1  funding neg, decoupling 1h
   38 SHIB1000    34.6    2  $   6.1   +1.46%   -0.0350%   1.3  funding neg, decoupling 1h
   39 XAN         34.5    2  $   0.9   -4.42%   -0.0346%   1.8  funding neg, decoupling 1h
   40 SEI         34.3    2  $  11.9   +0.58%   -0.0338%   0.7  funding neg, decoupling 1h
   41 BB          34.0    2  $   0.6   -3.88%   -0.0329%   0.9  funding neg, decoupling 1h
   42 KAVA        34.0    2  $   0.8   +2.84%   -0.0328%   0.6  funding neg, decoupling 1h
   43 MANA        33.8    2  $   1.8   +2.82%   -0.0320%   0.5  funding neg, decoupling 1h
   44 PENGU       33.8    2  $   9.4   +1.18%   -0.0321%   1.7  funding neg, decoupling 1h
   45 INJ         33.4    2  $  11.8   +0.77%   -0.0306%   1.5  funding neg, decoupling 1h
   46 ZRX         33.4    2  $   0.7   +2.16%   -0.0308%   0.6  funding neg, decoupling 1h
   47 ATH         33.3    2  $   2.5   -0.97%   -0.0302%   0.9  funding neg, decoupling 1h
   48 HOOD        33.2    2  $   0.7   -2.60%   +0.0000%   8.6  vol/OI surge, decoupling 1h
   49 MITO        33.2    2  $   0.8   -2.05%   +0.0050%  13.5  vol/OI surge, decoupling 1h
   50 BEAT        33.1    2  $  11.6   -2.25%   +0.0050%   7.0  vol/OI surge, decoupling 1h

================================================================================
2026-06-18 17:43:42,030 [INFO]   Saved → perp_v3_LATEST.txt, perp_v3_LATEST.json, perp_v3_20260618_174342.txt
