2026-06-17 01:16:39,791 [INFO] ================================================================
2026-06-17 01:16:39,791 [INFO] PERP SCANNER v3.0
2026-06-17 01:16:39,792 [INFO] ================================================================
2026-06-17 01:16:39,797 [INFO]   Previous OI state: 426 symbols loaded
2026-06-17 01:16:39,797 [INFO] Fetching Bybit tickers...
2026-06-17 01:16:40,475 [INFO]   Received 726 tickers
2026-06-17 01:16:40,519 [INFO]   BTC 1h: -0.16%
2026-06-17 01:16:40,519 [INFO] Scoring tickers...
2026-06-17 01:16:40,543 [INFO] Done in 0.8s  |  scanned=427  skipped=299  watch_now=1  on_radar=9
2026-06-17 01:16:40,545 [INFO] 
================================================================================
  PERP SCANNER v3.0  —  Bybit positioning radar
  Generated  : 2026-06-17 01:16:40
  Universe   : 726 Bybit perps  |  Scanned: 427
  Scan time  : 0.8s  |  BTC 1h: -0.16%
================================================================================

  Tiers — WATCH NOW: conviction ≥ 50, positive signals ≥ 3, no penalties
          ON RADAR : conviction ≥ 25, positive signals ≥ 2, no penalties

  Signals : OI building · funding neg · vol/OI surge · decoupling 1h
  Penalty : OI unwind · CROWDED LONG (extreme positive funding)

--------------------------------------------------------------------------------
  WATCH NOW  —  1 coin(s)
--------------------------------------------------------------------------------

  [ 1] SPACE       conv= 71.0  sigs= 3  price=$0.007712      24h=+13.33%
       OI=$   1.9M  Δ= +5.58%  funding=-0.5591%/8h  vol/OI=12.1x  1h=+0.00% (vs BTC +0.16%)
       → OI building, funding neg, vol/OI surge

--------------------------------------------------------------------------------
  ON RADAR   —  9 coin(s)
--------------------------------------------------------------------------------
  #   Symbol      Conv Sigs    OI $M    OI Δ     Fund%  V/OI  Signals
  ------------------------------------------------------------------------------
    1 PUFFER      48.5    2  $   0.7   +2.04%   -0.4191%   6.3  funding neg, vol/OI surge
    2 API3        47.7    2  $   1.1   +4.95%   -0.0975%   0.9  OI building, funding neg
    3 WAVES       46.9    2  $   1.0   +2.90%   -0.4989%   5.6  funding neg, vol/OI surge
    4 IP          45.9    2  $   6.6   +3.86%   -0.0680%   1.4  OI building, funding neg
    5 B3          40.1    2  $   0.7   -1.43%   -0.7291%   2.5  funding neg, vol/OI surge
    6 ORCA        40.1    2  $   2.5   -0.13%   -0.6709%   2.6  funding neg, vol/OI surge
    7 HEI         38.2    2  $   0.6   +0.06%   -0.0360%   3.4  funding neg, vol/OI surge
    8 HOME        34.2    2  $   8.1   -0.21%   -0.0324%   2.1  funding neg, vol/OI surge
    9 MEME        29.1    2  $   2.0   +3.54%   +0.0050%   2.2  OI building, vol/OI surge

================================================================================
2026-06-17 01:16:40,563 [INFO]   Saved → perp_v3_LATEST.txt, perp_v3_LATEST.json, perp_v3_20260617_011640.txt
2026-06-17 10:20:34,930 [INFO] ================================================================
2026-06-17 10:20:34,931 [INFO] PERP SCANNER v3.0
2026-06-17 10:20:34,931 [INFO] ================================================================
2026-06-17 10:20:34,933 [INFO]   Previous OI state: 427 symbols loaded
2026-06-17 10:20:34,933 [INFO] Fetching Bybit tickers...
2026-06-17 10:20:35,636 [INFO]   Received 724 tickers
2026-06-17 10:20:35,652 [INFO]   BTC 1h: -0.94%
2026-06-17 10:20:35,652 [INFO] Scoring tickers...
2026-06-17 10:20:35,658 [INFO] Done in 0.7s  |  scanned=413  skipped=311  watch_now=4  on_radar=21
2026-06-17 10:20:35,659 [INFO] 
================================================================================
  PERP SCANNER v3.0  —  Bybit positioning radar
  Generated  : 2026-06-17 10:20:35
  Universe   : 724 Bybit perps  |  Scanned: 413
  Scan time  : 0.7s  |  BTC 1h: -0.94%
================================================================================

  Tiers — WATCH NOW: conviction ≥ 50, positive signals ≥ 3, no penalties
          ON RADAR : conviction ≥ 25, positive signals ≥ 2, no penalties

  Signals : OI building · funding neg · vol/OI surge · decoupling 1h
  Penalty : OI unwind · CROWDED LONG (extreme positive funding)

--------------------------------------------------------------------------------
  WATCH NOW  —  4 coin(s)
--------------------------------------------------------------------------------

  [ 1] ID          conv= 80.1  sigs= 3  price=$0.032580      24h=+20.71%
       OI=$   2.9M  Δ=+42.22%  funding=-2.0000%/8h  vol/OI= 5.5x  1h=+0.00% (vs BTC +0.94%)
       → OI building, funding neg, vol/OI surge

  [ 2] ELSA        conv= 76.2  sigs= 3  price=$0.050220      24h= +4.06%
       OI=$   0.7M  Δ=+28.61%  funding=-0.3268%/8h  vol/OI= 3.8x  1h=+0.00% (vs BTC +0.94%)
       → OI building, funding neg, vol/OI surge

  [ 3] H           conv= 71.3  sigs= 3  price=$0.247460      24h= +1.25%
       OI=$  17.2M  Δ= +5.78%  funding=-0.0608%/8h  vol/OI= 7.9x  1h=+0.00% (vs BTC +0.94%)
       → OI building, funding neg, vol/OI surge

  [ 4] OPG         conv= 54.1  sigs= 3  price=$0.154300      24h= -3.92%
       OI=$   4.2M  Δ= +3.41%  funding=-0.0373%/8h  vol/OI= 2.6x  1h=+0.00% (vs BTC +0.94%)
       → OI building, funding neg, vol/OI surge

--------------------------------------------------------------------------------
  ON RADAR   —  21 coin(s)
--------------------------------------------------------------------------------
  #   Symbol      Conv Sigs    OI $M    OI Δ     Fund%  V/OI  Signals
  ------------------------------------------------------------------------------
    1 HIGH        61.1    2  $   1.0  +18.17%   -0.9208%   1.8  OI building, funding neg
    2 BLESS       55.6    2  $   1.7  +13.29%   +0.0050%   7.3  OI building, vol/OI surge
    3 SPCX        55.6    2  $  12.1  +16.25%   +0.0000%  11.9  OI building, vol/OI surge
    4 BR          54.8    2  $   2.7  +14.73%   +0.0050%   6.6  OI building, vol/OI surge
    5 BEAT        54.2    2  $  11.0  +12.17%   +0.0050%  10.2  OI building, vol/OI surge
    6 TRUMP       53.3    2  $  26.6  +10.06%   -0.0394%   1.3  OI building, funding neg
    7 SOXL        50.8    2  $   5.1  +10.15%   +0.0344%   7.2  OI building, vol/OI surge
    8 BIO         46.4    2  $   5.8  +10.49%   -0.0121%   1.5  OI building, funding neg
    9 FIDA        46.4    2  $   1.4   +4.19%   -0.1221%   1.3  OI building, funding neg
   10 SQD         45.7    2  $   1.5   +8.07%   +0.0050%   6.2  OI building, vol/OI surge
   11 USD1        44.2    2  $   0.8   +6.21%   -0.0070%  13.8  OI building, vol/OI surge
   12 PUFFER      42.0    2  $   0.6   -0.09%   -0.0835%   3.4  funding neg, vol/OI surge
   13 NBIS        40.5    2  $   2.0   +3.59%   -0.0322%   1.1  OI building, funding neg
   14 AERO        36.4    2  $  12.2   +7.45%   +0.0050%   2.5  OI building, vol/OI surge
   15 UNI         35.5    2  $  26.2   +5.65%   +0.0062%   3.5  OI building, vol/OI surge
   16 APT         35.4    2  $  16.0   +3.88%   -0.0120%   0.9  OI building, funding neg
   17 MU          33.4    2  $   6.4   +4.54%   +0.0209%   3.4  OI building, vol/OI surge
   18 ZEC         32.7    2  $  78.6   +5.24%   +0.0100%   2.5  OI building, vol/OI surge
   19 MRVL        32.2    2  $   3.9   +4.28%   -0.0055%   3.0  OI building, vol/OI surge
   20 INJ         30.8    2  $  13.7   +4.35%   -0.0011%   2.4  OI building, vol/OI surge
   21 LAB         30.3    2  $  32.2   +4.26%   +0.0230%   2.2  OI building, vol/OI surge

================================================================================
2026-06-17 10:20:35,664 [INFO]   Saved → perp_v3_LATEST.txt, perp_v3_LATEST.json, perp_v3_20260617_102035.txt
2026-06-17 19:28:50,118 [INFO] ================================================================
2026-06-17 19:28:50,119 [INFO] PERP SCANNER v3.0
2026-06-17 19:28:50,120 [INFO] ================================================================
2026-06-17 19:28:50,122 [INFO]   Previous OI state: 413 symbols loaded
2026-06-17 19:28:50,123 [INFO] Fetching Bybit tickers...
2026-06-17 19:28:51,069 [INFO]   Received 724 tickers
2026-06-17 19:28:51,112 [INFO]   BTC 1h: +0.36%
2026-06-17 19:28:51,113 [INFO] Scoring tickers...
2026-06-17 19:28:51,132 [INFO] Done in 1.0s  |  scanned=412  skipped=312  watch_now=1  on_radar=19
2026-06-17 19:28:51,133 [INFO] 
================================================================================
  PERP SCANNER v3.0  —  Bybit positioning radar
  Generated  : 2026-06-17 19:28:51
  Universe   : 724 Bybit perps  |  Scanned: 412
  Scan time  : 1.0s  |  BTC 1h: +0.36%
================================================================================

  Tiers — WATCH NOW: conviction ≥ 50, positive signals ≥ 3, no penalties
          ON RADAR : conviction ≥ 25, positive signals ≥ 2, no penalties

  Signals : OI building · funding neg · vol/OI surge · decoupling 1h
  Penalty : OI unwind · CROWDED LONG (extreme positive funding)

--------------------------------------------------------------------------------
  WATCH NOW  —  1 coin(s)
--------------------------------------------------------------------------------

  [ 1] H           conv= 81.6  sigs= 3  price=$0.200390      24h=-32.51%
       OI=$  16.1M  Δ=+14.93%  funding=-0.6821%/8h  vol/OI= 6.2x  1h=+0.00% (vs BTC -0.36%)
       → OI building, funding neg, vol/OI surge

--------------------------------------------------------------------------------
  ON RADAR   —  19 coin(s)
--------------------------------------------------------------------------------
  #   Symbol      Conv Sigs    OI $M    OI Δ     Fund%  V/OI  Signals
  ------------------------------------------------------------------------------
    1 PRL         56.7    2  $   1.4  +10.37%   -0.3075%   1.6  OI building, funding neg
    2 SPCX        55.6    2  $  14.3  +25.01%   +0.0114%   9.0  OI building, vol/OI surge
    3 BEAT        51.6    2  $  10.8  +10.65%   -0.0051%   9.3  OI building, vol/OI surge
    4 MITO        50.2    2  $   1.1  +55.62%   +0.0050%   4.6  OI building, vol/OI surge
    5 XPL         46.3    2  $  36.3  +14.58%   +0.0050%   2.8  OI building, vol/OI surge
    6 PORTAL      46.1    2  $   2.0   -0.27%   -0.0894%   5.2  funding neg, vol/OI surge
    7 INTC        45.4    2  $   4.1  +65.60%   +0.0106%   2.4  OI building, vol/OI surge
    8 B3          45.3    2  $   1.0  +48.49%   +0.0050%   2.4  OI building, vol/OI surge
    9 TAC         44.7    2  $   3.6  +28.25%   +0.0050%   2.1  OI building, vol/OI surge
   10 MSTR        43.6    2  $   1.2  +11.10%   +0.0100%   3.1  OI building, vol/OI surge
   11 BIO         42.6    2  $   6.6   +9.96%   +0.0050%   3.5  OI building, vol/OI surge
   12 2Z          41.7    2  $   1.2   +6.45%   -0.0193%   0.8  OI building, funding neg
   13 SQD         41.2    2  $   1.4   +4.36%   +0.0050%   8.3  OI building, vol/OI surge
   14 WAVES       39.7    2  $   0.9   -3.88%   -0.1578%   2.4  funding neg, vol/OI surge
   15 UNI         37.4    2  $  25.1   +4.64%   +0.0100%   5.1  OI building, vol/OI surge
   16 BANANAS31   37.1    2  $   1.5   +8.49%   +0.0050%   2.1  OI building, vol/OI surge
   17 MU          35.8    2  $   6.8   +6.81%   +0.0000%   2.8  OI building, vol/OI surge
   18 ZEC         32.3    2  $  73.9   -3.79%   -0.0203%   2.8  funding neg, vol/OI surge
   19 OPN         31.4    2  $   1.5   +3.21%   +0.0050%   3.5  OI building, vol/OI surge

================================================================================
2026-06-17 19:28:51,147 [INFO]   Saved → perp_v3_LATEST.txt, perp_v3_LATEST.json, perp_v3_20260617_192851.txt
2026-06-17 21:08:10,026 [INFO] ================================================================
2026-06-17 21:08:10,029 [INFO] PERP SCANNER v3.0
2026-06-17 21:08:10,030 [INFO] ================================================================
2026-06-17 21:08:10,036 [INFO]   Previous OI state: 412 symbols loaded
2026-06-17 21:08:10,037 [INFO] Fetching Bybit tickers...
2026-06-17 21:08:10,752 [INFO]   Received 723 tickers
2026-06-17 21:08:10,789 [INFO]   BTC 1h: -1.85%
2026-06-17 21:08:10,790 [INFO] Scoring tickers...
2026-06-17 21:08:10,819 [INFO] Done in 0.8s  |  scanned=430  skipped=293  watch_now=7  on_radar=50
2026-06-17 21:08:10,821 [INFO] 
================================================================================
  PERP SCANNER v3.0  —  Bybit positioning radar
  Generated  : 2026-06-17 21:08:10
  Universe   : 723 Bybit perps  |  Scanned: 430
  Scan time  : 0.8s  |  BTC 1h: -1.85%
================================================================================

  Tiers — WATCH NOW: conviction ≥ 50, positive signals ≥ 3, no penalties
          ON RADAR : conviction ≥ 25, positive signals ≥ 2, no penalties

  Signals : OI building · funding neg · vol/OI surge · decoupling 1h
  Penalty : OI unwind · CROWDED LONG (extreme positive funding)

--------------------------------------------------------------------------------
  WATCH NOW  —  7 coin(s)
--------------------------------------------------------------------------------

  [ 1] HOOD        conv= 65.7  sigs= 3  price=$105.130000    24h= +8.73%
       OI=$   0.6M  Δ=+13.68%  funding=+0.0000%/8h  vol/OI= 9.5x  1h=+0.00% (vs BTC +1.85%)
       → OI building, vol/OI surge, decoupling 1h

  [ 2] BEAT        conv= 60.1  sigs= 3  price=$1.619500      24h=-33.78%
       OI=$  10.5M  Δ= +2.45%  funding=-0.0576%/8h  vol/OI= 9.8x  1h=+0.00% (vs BTC +1.85%)
       → funding neg, vol/OI surge, decoupling 1h

  [ 3] ID          conv= 60.1  sigs= 3  price=$0.031780      24h=+19.43%
       OI=$   2.2M  Δ= -3.09%  funding=-0.3571%/8h  vol/OI=10.5x  1h=+0.00% (vs BTC +1.85%)
       → funding neg, vol/OI surge, decoupling 1h

  [ 4] H           conv= 59.2  sigs= 3  price=$0.197770      24h=-30.76%
       OI=$  15.0M  Δ= -4.97%  funding=-0.5638%/8h  vol/OI= 6.6x  1h=+0.00% (vs BTC +1.85%)
       → funding neg, vol/OI surge, decoupling 1h

  [ 5] SOXL        conv= 57.6  sigs= 3  price=$236.090000    24h= +3.13%
       OI=$   4.0M  Δ= +8.13%  funding=+0.0000%/8h  vol/OI=12.6x  1h=+0.00% (vs BTC +1.85%)
       → OI building, vol/OI surge, decoupling 1h

  [ 6] RED         conv= 57.5  sigs= 3  price=$0.105230      24h= +9.74%
       OI=$   1.2M  Δ=+11.00%  funding=-0.0126%/8h  vol/OI= 1.4x  1h=+0.00% (vs BTC +1.85%)
       → OI building, funding neg, decoupling 1h

  [ 7] SPACE       conv= 50.1  sigs= 3  price=$0.007579      24h= +3.57%
       OI=$   1.7M  Δ= -1.12%  funding=-0.0915%/8h  vol/OI= 2.5x  1h=+0.00% (vs BTC +1.85%)
       → funding neg, vol/OI surge, decoupling 1h

--------------------------------------------------------------------------------
  ON RADAR   —  50 coin(s)
--------------------------------------------------------------------------------
  #   Symbol      Conv Sigs    OI $M    OI Δ     Fund%  V/OI  Signals
  ------------------------------------------------------------------------------
    1 WAVES       49.9    3  $   0.9   -2.09%   -0.1459%   2.4  funding neg, vol/OI surge, decoupling 1h
    2 MSTR        48.2    3  $   1.2   +7.27%   +0.0000%   3.4  OI building, vol/OI surge, decoupling 1h
    3 OPN         44.8    3  $   1.4   -3.24%   -0.0212%   3.7  funding neg, vol/OI surge, decoupling 1h
    4 XPL         44.4    3  $  36.0   -1.68%   -0.0231%   3.3  funding neg, vol/OI surge, decoupling 1h
    5 HEI         44.3    3  $   0.7   +3.05%   -0.0129%   1.1  OI building, funding neg, decoupling 1h
    6 TSM         43.4    2  $   0.9  +32.33%   +0.0000%   0.9  OI building, decoupling 1h
    7 ZEC         42.7    3  $  71.3   -1.18%   -0.0184%   3.1  funding neg, vol/OI surge, decoupling 1h
    8 XAU         42.2    3  $  31.4   +4.53%   +0.0008%   2.8  OI building, vol/OI surge, decoupling 1h
    9 WIF         41.2    3  $  10.0   -0.70%   -0.0194%   2.3  funding neg, vol/OI surge, decoupling 1h
   10 MEW         40.1    2  $   1.4  +11.02%   +0.0050%   0.5  OI building, decoupling 1h
   11 HYPE        39.9    3  $ 248.9   -3.02%   -0.0115%   2.7  funding neg, vol/OI surge, decoupling 1h
   12 RAVE        39.0    2  $   3.0  +10.31%   +0.0050%   1.2  OI building, decoupling 1h
   13 AIGENSYN    38.7    3  $   0.8   -1.28%   -0.0102%   2.4  funding neg, vol/OI surge, decoupling 1h
   14 BTR         37.9    2  $   0.6   +0.00%   -0.0706%   0.4  funding neg, decoupling 1h
   15 CAKE        37.9    2  $   2.2   -1.88%   -0.0510%   0.7  funding neg, decoupling 1h
   16 NEWT        37.9    2  $   0.9   -0.01%   -0.0501%   0.5  funding neg, decoupling 1h
   17 ONDO        37.9    2  $  28.2   -1.36%   -0.0517%   1.8  funding neg, decoupling 1h
   18 PRL         37.9    2  $   1.4   +0.34%   -0.8252%   1.6  funding neg, decoupling 1h
   19 SAHARA      37.9    2  $   4.1   +0.98%   -0.1999%   1.2  funding neg, decoupling 1h
   20 STABLE      37.9    2  $   8.0   +0.02%   -0.1597%   0.1  funding neg, decoupling 1h
   21 TRUMP       37.9    2  $  25.9   -1.09%   -0.0659%   1.2  funding neg, decoupling 1h
   22 WLFI        37.9    2  $  22.5   -1.18%   -0.0702%   0.3  funding neg, decoupling 1h
   23 ZAMA        37.9    2  $   1.8   -0.63%   -0.0614%   1.8  funding neg, decoupling 1h
   24 VIRTUAL     37.6    2  $  12.3   -1.14%   -0.0490%   1.7  funding neg, decoupling 1h
   25 CRO         37.1    2  $   2.4   +0.26%   -0.0470%   0.2  funding neg, decoupling 1h
   26 REZ         36.9    2  $   0.5   -0.56%   -0.0463%   0.6  funding neg, decoupling 1h
   27 EWY         36.4    2  $   2.6   +8.79%   +0.0000%   1.5  OI building, decoupling 1h
   28 XDC         36.3    2  $   2.3   -0.88%   -0.0443%   0.1  funding neg, decoupling 1h
   29 MEME        36.1    2  $   1.6   -2.20%   -0.0434%   1.9  funding neg, decoupling 1h
   30 MMT         36.0    2  $   1.7   +8.51%   +0.0050%   1.0  OI building, decoupling 1h
   31 DRAM        35.4    2  $   3.2   +8.17%   +0.0438%   1.1  OI building, decoupling 1h
   32 ATH         34.9    2  $   2.3   +1.12%   -0.0392%   0.4  funding neg, decoupling 1h
   33 PUMPFUN     34.2    2  $  14.1   +1.98%   -0.0368%   1.1  funding neg, decoupling 1h
   34 PHA         33.9    2  $   0.8   +7.28%   +0.0050%   1.0  OI building, decoupling 1h
   35 CHZ         33.3    2  $   5.5   +0.05%   -0.0334%   0.5  funding neg, decoupling 1h
   36 BLESS       32.3    2  $   1.8   -2.17%   +0.0050%   8.7  vol/OI surge, decoupling 1h
   37 HIGH        32.3    2  $   0.9   -1.63%   +0.0100%  10.7  vol/OI surge, decoupling 1h
   38 SQD         32.3    2  $   1.3   -2.26%   +0.0050%   8.9  vol/OI surge, decoupling 1h
   39 USD1        32.3    2  $   0.8   -0.46%   +0.0050%  25.8  vol/OI surge, decoupling 1h
   40 KAS         32.2    2  $   7.5   -0.71%   -0.0295%   0.4  funding neg, decoupling 1h
   41 LIT         31.8    2  $  22.4   -0.39%   -0.0281%   0.9  funding neg, decoupling 1h
   42 BR          31.5    2  $   2.3   +2.96%   +0.0249%   6.6  vol/OI surge, decoupling 1h
   43 RSR         31.5    2  $   0.6   +5.83%   +0.0100%   0.7  OI building, decoupling 1h
   44 TRX         31.2    2  $  59.5   +0.09%   -0.0258%   0.1  funding neg, decoupling 1h
   45 STRK        31.1    2  $   6.2   -3.17%   -0.0256%   1.1  funding neg, decoupling 1h
   46 TREE        31.1    2  $   0.9   -0.47%   -0.0254%   0.3  funding neg, decoupling 1h
   47 ARKM        31.0    2  $   1.9   -0.93%   -0.0250%   1.2  funding neg, decoupling 1h
   48 SIGN        30.9    2  $   1.1   +5.47%   +0.0050%   1.5  OI building, decoupling 1h
   49 SKY         30.6    2  $   5.1   -0.55%   -0.0236%   0.4  funding neg, decoupling 1h
   50 MON         30.5    2  $   9.6   -0.59%   -0.0235%   0.5  funding neg, decoupling 1h

================================================================================
2026-06-17 21:08:10,847 [INFO]   Saved → perp_v3_LATEST.txt, perp_v3_LATEST.json, perp_v3_20260617_210810.txt
