2026-06-17 01:25:52,682 [INFO] ================================================================
2026-06-17 01:25:52,683 [INFO] SHORT SCANNER v3.0
2026-06-17 01:25:52,683 [INFO] ================================================================
2026-06-17 01:25:52,684 [INFO] Building universe (Bybit perps)...
2026-06-17 01:25:53,352 [INFO]   Universe (post-filter): 329 coins
2026-06-17 01:25:53,352 [INFO] Fetching BTC reference (1h)...
2026-06-17 01:25:53,384 [INFO] Scanning 329 coins on 1h timeframe...
2026-06-17 01:25:55,607 [INFO]   ...50/329  (surfaced: 3  excluded: 5)
2026-06-17 01:25:57,767 [INFO]   ...100/329  (surfaced: 4  excluded: 16)
2026-06-17 01:25:59,872 [INFO]   ...150/329  (surfaced: 7  excluded: 22)
2026-06-17 01:26:02,341 [INFO]   ...200/329  (surfaced: 8  excluded: 32)
2026-06-17 01:26:04,624 [INFO]   ...250/329  (surfaced: 10  excluded: 38)
2026-06-17 01:26:07,536 [INFO]   ...300/329  (surfaced: 14  excluded: 44)
2026-06-17 01:26:09,078 [INFO] Done in 16s  |  scanned=325  failed=4  excluded=47  watch_now=0  on_radar=15
2026-06-17 01:26:09,080 [INFO] 
================================================================================
  SHORT SCANNER v3.0  —  bearish setup watchlist
  Generated : 2026-06-17 01:26:09
  Universe  : 329 Bybit perps  |  Scanned: 325  |  Excluded (funding): 47
  Scan time : 16s  |  BTC: $65,675
================================================================================

  Tiers — WATCH NOW: conviction ≥ 45, signals ≥ 5
          ON RADAR : conviction ≥ 28, signals ≥ 3

  Hard exclude: funding rate ≤ -0.01% (avoid shorting into squeeze).
  This scanner does NOT produce trade plans — surfaces what's about to break.
  Confirm with trend_scanner regime check (BEAR/SIDEWAYS preferred) before entry.

--------------------------------------------------------------------------------
  WATCH NOW (SHORT)  —  0 coin(s)
--------------------------------------------------------------------------------
  (none)

--------------------------------------------------------------------------------
  ON RADAR (SHORT)   —  15 coin(s)
--------------------------------------------------------------------------------
  #   Symbol      Conv Sigs         Price     24h%    Vol $M  Signals
  ------------------------------------------------------------------------------
    1 ALT         37.8    6  $   0.006749   +6.35%  $    1.5  RSI top zone, OBV distrib, OBV bear div, RSI bear div, RSI OB reset, +1
    2 TRB         37.4    6  $  14.559000   +4.76%  $    0.8  RSI top zone, OBV bear div, RSI bear div, RSI OB reset, failed bo, +1
    3 IRYS        36.5    6  $   0.018021   -3.79%  $    0.9  TTM squeeze, RSI top zone, OBV distrib, RSI bear div, RSI OB reset, +1
    4 BEAM        35.9    6  $   0.001592   +6.44%  $    0.8  RSI top zone, vol distrib, OBV distrib, OBV bear div, RSI bear div, +1
    5 PRL         35.5    5  $   0.165400  -11.47%  $    2.6  RSI top zone, OBV distrib, RSI bear div, RSI OB reset, lower highs
    6 H           33.2    5  $   0.294590   -3.19%  $  138.1  RSI top zone, RSI bear div, RSI OB reset, lower highs, fund hot
    7 4           31.5    6  $   0.008273   -6.23%  $    0.7  vol distrib, RSI OB reset, CMF selling, lower highs, vs BTC weak, +1
    8 BLUR        31.4    6  $   0.018456   -1.17%  $    0.6  TTM squeeze, RSI top zone, OBV distrib, RSI OB reset, CMF selling, +1
    9 DASH        30.8    5  $  37.470000   -2.09%  $    3.8  RSI top zone, OBV distrib, RSI bear div, RSI OB reset, CMF selling
   10 ZEC         30.7    5  $ 504.760000   -2.17%  $  218.7  RSI top zone, OBV distrib, RSI OB reset, CMF selling, lower highs
   11 NOT         30.2    4  $   0.000421   -6.71%  $    4.0  OBV distrib, RSI bear div, RSI OB reset, CMF selling
   12 EPIC        29.6    5  $   0.636300  +28.62%  $    6.9  RSI top zone, OBV bear div, RSI bear div, RSI OB reset, failed bo
   13 SIREN       28.8    5  $   0.045970  -12.88%  $   15.4  RSI top zone, OBV distrib, RSI OB reset, lower highs, fund hot
   14 MIRA        28.4    5  $   0.053790   -2.89%  $    1.3  TTM squeeze, RSI top zone, OBV distrib, RSI OB reset, lower highs
   15 LUMIA       28.2    5  $   0.095890   +7.32%  $    1.0  vol distrib, RSI OB reset, CMF selling, failed bo, vs BTC weak

================================================================================
2026-06-17 01:26:09,101 [INFO]   Saved → short_v3_LATEST.txt, short_v3_LATEST.json, short_v3_20260617_012609.txt
2026-06-17 10:27:34,925 [INFO] ================================================================
2026-06-17 10:27:34,926 [INFO] SHORT SCANNER v3.0
2026-06-17 10:27:34,926 [INFO] ================================================================
2026-06-17 10:27:34,927 [INFO] Building universe (Bybit perps)...
2026-06-17 10:27:35,567 [INFO]   Universe (post-filter): 328 coins
2026-06-17 10:27:35,567 [INFO] Fetching BTC reference (1h)...
2026-06-17 10:27:35,710 [INFO] Scanning 328 coins on 1h timeframe...
2026-06-17 10:27:36,431 [INFO]   ...50/328  (surfaced: 9  excluded: 5)
2026-06-17 10:27:37,138 [INFO]   ...100/328  (surfaced: 17  excluded: 15)
2026-06-17 10:27:37,849 [INFO]   ...150/328  (surfaced: 24  excluded: 19)
2026-06-17 10:27:39,066 [INFO]   ...200/328  (surfaced: 28  excluded: 26)
2026-06-17 10:27:40,072 [INFO]   ...250/328  (surfaced: 35  excluded: 30)
2026-06-17 10:27:41,213 [INFO]   ...300/328  (surfaced: 41  excluded: 31)
2026-06-17 10:27:41,892 [INFO] Done in 7s  |  scanned=324  failed=4  excluded=32  watch_now=3  on_radar=47
2026-06-17 10:27:41,894 [INFO] 
================================================================================
  SHORT SCANNER v3.0  —  bearish setup watchlist
  Generated : 2026-06-17 10:27:41
  Universe  : 328 Bybit perps  |  Scanned: 324  |  Excluded (funding): 32
  Scan time : 7s  |  BTC: $64,926
================================================================================

  Tiers — WATCH NOW: conviction ≥ 45, signals ≥ 5
          ON RADAR : conviction ≥ 28, signals ≥ 3

  Hard exclude: funding rate ≤ -0.01% (avoid shorting into squeeze).
  This scanner does NOT produce trade plans — surfaces what's about to break.
  Confirm with trend_scanner regime check (BEAR/SIDEWAYS preferred) before entry.

--------------------------------------------------------------------------------
  WATCH NOW (SHORT)  —  3 coin(s)
--------------------------------------------------------------------------------

  [ 1] LAB         conv= 49.7  sigs= 8  price=$12.879000     24h=+25.04%  vol=$  70.1M
       fund: +0.0172%/8h  |  vs BTC 6h: -4.89%
       → OBV distrib, OBV bear div, RSI bear div, RSI OB reset, CMF selling, failed bo, vs BTC weak, 5d top rej

  [ 2] TRIA        conv= 46.1  sigs= 8  price=$0.029826      24h=+26.74%  vol=$  12.7M
       fund: +0.0050%/8h  |  vs BTC 6h: -6.98%
       → RSI top zone, vol distrib, distrib candle, OBV distrib, RSI OB reset, failed bo, vs BTC weak, 5d top rej

  [ 3] MNT         conv= 45.7  sigs= 7  price=$0.549300      24h= -4.66%  vol=$   9.2M
       fund: -0.0040%/8h  |  vs BTC 6h: -1.83%
       → distrib candle, OBV distrib, RSI bear div, RSI OB reset, CMF selling, lower highs, vs BTC weak

--------------------------------------------------------------------------------
  ON RADAR (SHORT)   —  47 coin(s)
--------------------------------------------------------------------------------
  #   Symbol      Conv Sigs         Price     24h%    Vol $M  Signals
  ------------------------------------------------------------------------------
    1 1000000MOG  42.4    8  $   0.120990   +0.16%  $    0.5  RSI top zone, OBV distrib, OBV bear div, RSI OB reset, CMF selling, +3
    2 AKE         41.5    7  $   0.000341   +2.74%  $    1.1  vol distrib, distrib candle, RSI OB reset, CMF selling, failed bo, +2
    3 NIGHT       41.1    7  $   0.031390  -10.98%  $    1.3  vol distrib, distrib candle, RSI bear div, RSI OB reset, CMF selling, +2
    4 SUSHI       39.5    7  $   0.192550   +4.04%  $    2.8  vol distrib, OBV distrib, RSI bear div, RSI OB reset, failed bo, +2
    5 COMP        37.9    8  $  18.179000   +0.40%  $    1.7  RSI top zone, vol distrib, OBV distrib, RSI OB reset, CMF selling, +3
    6 MSTR        37.0    5  $ 122.740000   -6.90%  $    2.1  OBV distrib, RSI bear div, RSI OB reset, CMF selling, lower highs
    7 BANANAS31   36.9    6  $   0.010032   -4.10%  $    1.4  TTM squeeze, OBV distrib, RSI bear div, RSI OB reset, CMF selling, +1
    8 EIGEN       36.3    6  $   0.206530   -7.44%  $    5.7  TTM squeeze, OBV distrib, OBV bear div, RSI OB reset, CMF selling, +1
    9 UNI         34.5    6  $   3.482000  +20.24%  $   92.3  RSI top zone, vol distrib, RSI bear div, RSI OB reset, failed bo, +1
   10 DASH        34.4    6  $  37.030000   -3.61%  $    3.2  TTM squeeze, OBV distrib, RSI bear div, RSI OB reset, CMF selling, +1
   11 FOLKS       34.0    6  $   2.020200   +1.44%  $    1.9  RSI top zone, OBV distrib, OBV bear div, RSI OB reset, CMF selling, +1
   12 RKLB        34.0    6  $ 105.710000   -4.06%  $    0.6  TTM squeeze, RSI top zone, OBV distrib, RSI OB reset, CMF selling, +1
   13 POWER       34.0    5  $   0.074090   -9.77%  $    0.6  OBV distrib, RSI bear div, RSI OB reset, CMF selling, lower highs
   14 XPIN        33.5    5  $   0.001329   +2.74%  $    0.6  OBV distrib, RSI bear div, RSI OB reset, failed bo, 5d top rej
   15 TAO         33.2    5  $ 252.700000   -5.91%  $   72.0  OBV distrib, RSI bear div, RSI OB reset, CMF selling, lower highs
   16 4           32.6    5  $   0.008420  -10.27%  $    0.6  RSI top zone, RSI bear div, RSI OB reset, CMF selling, lower highs
   17 STG         32.1    6  $   0.254770  +14.32%  $   24.1  TTM squeeze, RSI top zone, OBV distrib, RSI bear div, CMF selling, +1
   18 POPCAT      31.8    6  $   0.044160   -1.43%  $    3.6  RSI top zone, OBV distrib, OBV bear div, RSI OB reset, CMF selling, +1
   19 XVG         31.8    6  $   0.002660   -3.51%  $    0.6  TTM squeeze, OBV distrib, RSI OB reset, CMF selling, lower highs, +1
   20 EDGE        31.8    5  $   0.356300   +3.83%  $    5.1  vol distrib, distrib candle, RSI OB reset, failed bo, vs BTC weak
   21 NEAR        31.7    5  $   2.279600   -9.28%  $  129.4  OBV distrib, RSI bear div, RSI OB reset, CMF selling, lower highs
   22 ZK          31.6    5  $   0.011283   -3.68%  $    3.0  TTM squeeze, OBV distrib, OBV bear div, RSI OB reset, CMF selling
   23 LIGHT       31.6    5  $   0.111100   -0.80%  $    0.7  OBV distrib, OBV bear div, RSI bear div, RSI OB reset, CMF selling
   24 1INCH       31.5    5  $   0.076620   +0.16%  $    0.7  OBV distrib, RSI bear div, RSI OB reset, CMF selling, 5d top rej
   25 SAND        31.4    5  $   0.052850   -2.47%  $    2.7  OBV distrib, RSI bear div, RSI OB reset, CMF selling, lower highs
   26 INX         31.4    5  $   0.007782   -6.77%  $    0.7  TTM squeeze, OBV distrib, RSI OB reset, CMF selling, lower highs
   27 0G          31.4    4  $   0.297300   -2.32%  $    0.7  OBV distrib, OBV bear div, RSI OB reset, CMF selling
   28 BEAT        31.0    5  $   1.980100  -44.02%  $  112.4  vol distrib, distrib candle, OBV bear div, CMF selling, vs BTC weak
   29 QNTX        30.7    5  $  56.270000   -3.53%  $    1.3  OBV distrib, RSI OB reset, CMF selling, lower highs, fund hot
   30 KAITO       30.1    6  $   0.478900   -2.06%  $    2.9  RSI top zone, vol distrib, distrib candle, OBV distrib, vs BTC weak, +1
   31 VET         29.9    5  $   0.005074   -5.02%  $    0.7  OBV distrib, RSI bear div, RSI OB reset, CMF selling, lower highs
   32 LUMIA       29.8    5  $   0.096160   +4.94%  $    1.2  RSI top zone, OBV distrib, RSI OB reset, CMF selling, lower highs
   33 XPL         29.7    5  $   0.092990   -2.77%  $   33.2  RSI top zone, OBV distrib, OBV bear div, RSI OB reset, CMF selling
   34 ALLO        29.1    5  $   0.353530   -8.82%  $   10.4  RSI bear div, RSI OB reset, CMF selling, lower highs, vs BTC weak
   35 STRK        29.1    4  $   0.035200   -3.65%  $    5.9  OBV distrib, OBV bear div, RSI OB reset, CMF selling
   36 HBAR        28.9    5  $   0.079890   -3.88%  $   12.9  TTM squeeze, OBV distrib, RSI OB reset, CMF selling, lower highs
   37 KAIA        28.9    5  $   0.037940   -2.35%  $    0.6  OBV distrib, OBV bear div, RSI OB reset, CMF selling, vs BTC weak
   38 BTC         28.9    4  $64,896.400000   -2.37%  $ 3548.8  distrib candle, OBV distrib, RSI OB reset, CMF selling
   39 JUP         28.8    5  $   0.191100   -4.15%  $    6.8  RSI bear div, RSI OB reset, CMF selling, lower highs, vs BTC weak
   40 AIO         28.8    5  $   0.112560   -0.15%  $    0.6  TTM squeeze, RSI top zone, OBV distrib, RSI bear div, CMF selling
   41 HOOD        28.7    5  $  96.840000   -1.31%  $    1.5  RSI top zone, OBV distrib, RSI OB reset, CMF selling, lower highs
   42 TA          28.7    5  $   0.075310   +5.44%  $    0.7  RSI top zone, OBV distrib, RSI OB reset, CMF selling, failed bo
   43 CRWV        28.4    5  $ 117.560000  +10.32%  $    1.3  RSI top zone, distrib candle, RSI OB reset, failed bo, 5d top rej
   44 ORDI        28.2    6  $   3.360000   -2.54%  $    7.7  TTM squeeze, OBV distrib, RSI OB reset, CMF selling, lower highs, +1
   45 HYPE        28.0    5  $  72.391000   -1.45%  $  595.5  OBV distrib, RSI OB reset, CMF selling, lower highs, vs BTC weak
   46 SOON        28.0    5  $   0.174140   +3.50%  $    1.4  RSI top zone, OBV distrib, RSI bear div, RSI OB reset, vs BTC weak
   47 MERL        28.0    5  $   0.021630   -1.37%  $    0.5  TTM squeeze, RSI bear div, RSI OB reset, CMF selling, lower highs

================================================================================
2026-06-17 10:27:41,904 [INFO]   Saved → short_v3_LATEST.txt, short_v3_LATEST.json, short_v3_20260617_102741.txt
2026-06-17 19:38:52,464 [INFO] ================================================================
2026-06-17 19:38:52,467 [INFO] SHORT SCANNER v3.0
2026-06-17 19:38:52,468 [INFO] ================================================================
2026-06-17 19:38:52,469 [INFO] Building universe (Bybit perps)...
2026-06-17 19:38:53,183 [INFO]   Universe (post-filter): 336 coins
2026-06-17 19:38:53,185 [INFO] Fetching BTC reference (1h)...
2026-06-17 19:38:53,217 [INFO] Scanning 336 coins on 1h timeframe...
2026-06-17 19:38:55,261 [INFO]   ...50/336  (surfaced: 3  excluded: 4)
2026-06-17 19:38:57,305 [INFO]   ...100/336  (surfaced: 3  excluded: 9)
2026-06-17 19:38:59,158 [INFO]   ...150/336  (surfaced: 5  excluded: 16)
2026-06-17 19:39:01,144 [INFO]   ...200/336  (surfaced: 9  excluded: 23)
2026-06-17 19:39:03,108 [INFO]   ...250/336  (surfaced: 14  excluded: 28)
2026-06-17 19:39:05,238 [INFO]   ...300/336  (surfaced: 17  excluded: 31)
2026-06-17 19:39:06,852 [INFO] Done in 14s  |  scanned=333  failed=3  excluded=33  watch_now=0  on_radar=19
2026-06-17 19:39:06,855 [INFO] 
================================================================================
  SHORT SCANNER v3.0  —  bearish setup watchlist
  Generated : 2026-06-17 19:39:06
  Universe  : 336 Bybit perps  |  Scanned: 333  |  Excluded (funding): 33
  Scan time : 14s  |  BTC: $66,104
================================================================================

  Tiers — WATCH NOW: conviction ≥ 45, signals ≥ 5
          ON RADAR : conviction ≥ 28, signals ≥ 3

  Hard exclude: funding rate ≤ -0.01% (avoid shorting into squeeze).
  This scanner does NOT produce trade plans — surfaces what's about to break.
  Confirm with trend_scanner regime check (BEAR/SIDEWAYS preferred) before entry.

--------------------------------------------------------------------------------
  WATCH NOW (SHORT)  —  0 coin(s)
--------------------------------------------------------------------------------
  (none)

--------------------------------------------------------------------------------
  ON RADAR (SHORT)   —  19 coin(s)
--------------------------------------------------------------------------------
  #   Symbol      Conv Sigs         Price     24h%    Vol $M  Signals
  ------------------------------------------------------------------------------
    1 CFG         38.7    7  $   0.239400   +3.10%  $    2.5  RSI top zone, OBV distrib, RSI bear div, RSI OB reset, failed bo, +2
    2 MYX         38.2    8  $   0.159500   -6.60%  $    1.7  TTM squeeze, RSI top zone, vol distrib, OBV distrib, RSI bear div, +3
    3 4           36.9    6  $   0.008404   -7.18%  $    0.6  TTM squeeze, RSI top zone, OBV distrib, RSI bear div, lower highs, +1
    4 BSB         34.4    6  $   0.549200   +7.67%  $   89.6  RSI top zone, RSI bear div, CMF selling, failed bo, vs BTC weak, +1
    5 PIPPIN      33.8    7  $   0.017950   -6.03%  $    3.3  RSI top zone, vol distrib, OBV distrib, RSI bear div, CMF selling, +2
    6 LITE        33.4    7  $ 880.600000   -0.33%  $    1.0  RSI top zone, vol distrib, distrib candle, OBV distrib, CMF selling, +2
    7 JCT         31.8    7  $   0.006040   -1.94%  $    1.4  TTM squeeze, RSI top zone, OBV distrib, RSI OB reset, CMF selling, +2
    8 1INCH       31.4    5  $   0.077200   -1.91%  $    0.7  RSI top zone, OBV distrib, OBV bear div, RSI bear div, CMF selling
    9 GOOGL       31.0    6  $ 366.830000   -1.90%  $    0.6  vol distrib, distrib candle, OBV distrib, CMF selling, lower highs, +1
   10 AAOI        30.8    6  $ 172.600000   -1.03%  $    2.5  vol distrib, distrib candle, OBV distrib, CMF selling, lower highs, +1
   11 NIGHT       30.8    5  $   0.031090   -7.55%  $    1.3  RSI top zone, OBV distrib, RSI bear div, CMF selling, lower highs
   12 IREN        30.5    5  $  60.380000   -0.91%  $    1.2  RSI top zone, OBV distrib, RSI bear div, CMF selling, lower highs
   13 SNDK        30.4    6  $2,019.790000   +0.62%  $   19.0  RSI top zone, vol distrib, distrib candle, OBV distrib, CMF selling, +1
   14 GENIUS      30.3    6  $   0.420600   -4.49%  $    1.5  RSI top zone, OBV distrib, RSI OB reset, CMF selling, lower highs, +1
   15 LIGHT       30.0    5  $   0.114300   -2.51%  $    0.7  TTM squeeze, OBV distrib, OBV bear div, RSI bear div, CMF selling
   16 TAO         29.1    4  $ 256.310000   +1.42%  $   63.3  TTM squeeze, OBV distrib, RSI bear div, RSI OB reset
   17 PLAYSOUT    29.0    6  $   0.036750  +12.46%  $    3.6  RSI top zone, vol distrib, RSI OB reset, CMF selling, failed bo, +1
   18 UMA         28.8    4  $   0.438400   -5.37%  $    0.7  OBV distrib, RSI bear div, RSI OB reset, CMF selling
   19 MBOX        28.5    5  $   0.003370   -8.62%  $    2.0  vol distrib, OBV distrib, RSI OB reset, CMF selling, vs BTC weak

================================================================================
2026-06-17 19:39:06,873 [INFO]   Saved → short_v3_LATEST.txt, short_v3_LATEST.json, short_v3_20260617_193906.txt
2026-06-17 21:19:15,525 [INFO] ================================================================
2026-06-17 21:19:15,527 [INFO] SHORT SCANNER v3.0
2026-06-17 21:19:15,527 [INFO] ================================================================
2026-06-17 21:19:15,528 [INFO] Building universe (Bybit perps)...
2026-06-17 21:19:16,907 [INFO]   Universe (post-filter): 343 coins
2026-06-17 21:19:16,908 [INFO] Fetching BTC reference (1h)...
2026-06-17 21:19:16,948 [INFO] Scanning 343 coins on 1h timeframe...
2026-06-17 21:19:19,760 [INFO]   ...50/343  (surfaced: 13  excluded: 7)
2026-06-17 21:19:22,249 [INFO]   ...100/343  (surfaced: 18  excluded: 18)
2026-06-17 21:19:26,681 [INFO]   ...200/343  (surfaced: 34  excluded: 41)
2026-06-17 21:19:29,001 [INFO]   ...250/343  (surfaced: 45  excluded: 50)
2026-06-17 21:19:31,451 [INFO]   ...300/343  (surfaced: 58  excluded: 57)
2026-06-17 21:19:33,848 [INFO] Done in 18s  |  scanned=340  failed=3  excluded=58  watch_now=2  on_radar=50
2026-06-17 21:19:33,850 [INFO] 
================================================================================
  SHORT SCANNER v3.0  —  bearish setup watchlist
  Generated : 2026-06-17 21:19:33
  Universe  : 343 Bybit perps  |  Scanned: 340  |  Excluded (funding): 58
  Scan time : 18s  |  BTC: $64,302
================================================================================

  Tiers — WATCH NOW: conviction ≥ 45, signals ≥ 5
          ON RADAR : conviction ≥ 28, signals ≥ 3

  Hard exclude: funding rate ≤ -0.01% (avoid shorting into squeeze).
  This scanner does NOT produce trade plans — surfaces what's about to break.
  Confirm with trend_scanner regime check (BEAR/SIDEWAYS preferred) before entry.

--------------------------------------------------------------------------------
  WATCH NOW (SHORT)  —  2 coin(s)
--------------------------------------------------------------------------------

  [ 1] IREN        conv= 47.2  sigs= 8  price=$58.140000     24h= +0.67%  vol=$   1.3M
       fund: +0.0000%/8h  |  vs BTC 6h: +1.34%
       → RSI top zone, vol distrib, distrib candle, OBV distrib, RSI bear div, RSI OB reset, CMF selling, lower highs

  [ 2] ARM         conv= 46.5  sigs= 8  price=$417.880000    24h= +6.57%  vol=$   2.8M
       fund: +0.1321%/8h  |  vs BTC 6h: +4.87%
       → RSI top zone, distrib candle, RSI bear div, RSI OB reset, lower highs, failed bo, fund hot, 5d top rej

--------------------------------------------------------------------------------
  ON RADAR (SHORT)   —  50 coin(s)
--------------------------------------------------------------------------------
  #   Symbol      Conv Sigs         Price     24h%    Vol $M  Signals
  ------------------------------------------------------------------------------
    1 XAG         44.7    8  $  67.100000   -3.08%  $   48.3  vol distrib, distrib candle, RSI OB reset, CMF selling, lower highs, +3
    2 XAU         43.2    7  $4,239.160000   -1.57%  $   87.8  vol distrib, distrib candle, OBV distrib, RSI OB reset, CMF selling, +2
    3 BLUR        40.6    7  $   0.018000   -2.61%  $    0.5  vol distrib, distrib candle, OBV distrib, RSI bear div, RSI OB reset, +2
    4 MSTR        39.8    6  $ 116.600000   -4.56%  $    4.2  vol distrib, distrib candle, RSI bear div, RSI OB reset, CMF selling, +1
    5 0G          39.8    6  $   0.291400   -2.96%  $    0.9  vol distrib, distrib candle, OBV distrib, OBV bear div, RSI OB reset, +1
    6 SYRUP       38.3    7  $   0.141240   +0.52%  $    0.6  vol distrib, OBV distrib, RSI bear div, RSI OB reset, failed bo, +2
    7 RIVER       37.8    7  $   4.824000   -3.66%  $    2.2  vol distrib, OBV bear div, RSI bear div, RSI OB reset, CMF selling, +2
    8 BLEND       37.7    6  $   0.057610   -4.94%  $    0.9  RSI top zone, OBV distrib, RSI bear div, RSI OB reset, CMF selling, +1
    9 INJ         37.2    6  $   5.378000   -5.27%  $   28.2  RSI top zone, OBV distrib, RSI bear div, RSI OB reset, CMF selling, +1
   10 USELESS     37.0    7  $   0.075760   +0.04%  $    4.3  RSI top zone, vol distrib, OBV distrib, RSI OB reset, CMF selling, +2
   11 DRAM        36.9    7  $  70.018000   +3.30%  $    3.6  RSI top zone, vol distrib, OBV distrib, RSI bear div, RSI OB reset, +2
   12 SUI         36.3    6  $   0.773200   -3.14%  $   62.5  vol distrib, distrib candle, OBV distrib, OBV bear div, RSI OB reset, +1
   13 CLANKER     36.3    6  $  15.693000   -1.30%  $    0.9  RSI top zone, OBV distrib, RSI bear div, RSI OB reset, CMF selling, +1
   14 SOXL        36.3    5  $ 234.480000   +5.42%  $   50.5  vol distrib, distrib candle, RSI bear div, RSI OB reset, CMF selling
   15 1000000MOG  36.2    6  $   0.118800   -0.85%  $    0.8  vol distrib, distrib candle, OBV distrib, OBV bear div, RSI OB reset, +1
   16 MANTA       36.1    6  $   0.077000   -5.25%  $    0.6  vol distrib, OBV distrib, RSI bear div, RSI OB reset, CMF selling, +1
   17 CBRS        35.2    6  $ 213.840000   +2.08%  $    6.0  RSI top zone, vol distrib, OBV distrib, RSI bear div, RSI OB reset, +1
   18 BCH         35.0    5  $ 209.000000   -4.06%  $   32.2  distrib candle, OBV distrib, RSI bear div, RSI OB reset, lower highs
   19 LINK        34.8    6  $   8.030000   -2.87%  $   42.1  vol distrib, distrib candle, OBV distrib, OBV bear div, RSI OB reset, +1
   20 GRASS       34.8    6  $   0.456050   -0.33%  $    7.7  vol distrib, RSI bear div, RSI OB reset, failed bo, vs BTC weak, +1
   21 UMA         34.7    5  $   0.426100   -5.97%  $    0.7  OBV distrib, RSI bear div, RSI OB reset, CMF selling, lower highs
   22 API3        34.1    6  $   0.272600   -0.90%  $    2.2  vol distrib, OBV distrib, OBV bear div, RSI OB reset, CMF selling, +1
   23 COIN        34.1    6  $ 165.120000   -1.96%  $    0.7  RSI top zone, vol distrib, distrib candle, OBV distrib, RSI OB reset, +1
   24 EWY         34.0    6  $ 205.350000   -0.02%  $    3.9  vol distrib, distrib candle, OBV distrib, RSI OB reset, CMF selling, +1
   25 SNX         33.9    7  $   0.252300   -3.54%  $    0.7  RSI top zone, vol distrib, OBV distrib, RSI OB reset, lower highs, +2
   26 LA          33.9    6  $   0.073380   -2.96%  $    0.8  vol distrib, distrib candle, OBV distrib, RSI OB reset, CMF selling, +1
   27 ESP         33.8    6  $   0.068640   -8.70%  $    0.9  vol distrib, distrib candle, RSI OB reset, CMF selling, lower highs, +1
   28 EDEN        33.7    6  $   0.043840   -3.02%  $    2.2  OBV distrib, RSI bear div, RSI OB reset, CMF selling, lower highs, +1
   29 1000TAG     33.6    6  $   1.266300  +22.10%  $    1.5  RSI top zone, OBV bear div, RSI bear div, RSI OB reset, failed bo, +1
   30 GMT         33.6    6  $   0.008119   -2.81%  $    1.4  vol distrib, OBV distrib, RSI bear div, RSI OB reset, CMF selling, +1
   31 ZBCN        33.2    6  $   0.002583   -2.91%  $    0.5  RSI top zone, vol distrib, distrib candle, OBV distrib, RSI OB reset, +1
   32 SPY         33.1    6  $ 741.000000   -1.03%  $    0.6  vol distrib, distrib candle, OBV distrib, RSI OB reset, CMF selling, +1
   33 BOME        32.7    6  $   0.000449   -4.24%  $    1.4  vol distrib, distrib candle, OBV distrib, RSI OB reset, CMF selling, +1
   34 MYX         32.6    6  $   0.148000  -11.47%  $    2.4  vol distrib, RSI bear div, RSI OB reset, CMF selling, lower highs, +1
   35 SHIB1000    32.6    5  $   0.004902   -1.70%  $    6.9  vol distrib, distrib candle, OBV distrib, OBV bear div, RSI OB reset
   36 COAI        32.5    7  $   0.332500   -0.98%  $    3.4  TTM squeeze, RSI top zone, OBV distrib, RSI OB reset, CMF selling, +2
   37 IMX         32.4    6  $   0.143020   -1.94%  $    0.9  vol distrib, distrib candle, OBV distrib, RSI OB reset, CMF selling, +1
   38 SAND        32.3    6  $   0.051990   -2.49%  $    3.4  vol distrib, distrib candle, OBV distrib, RSI OB reset, CMF selling, +1
   39 ENSO        32.2    5  $   0.627300   -4.95%  $    1.6  OBV distrib, RSI bear div, RSI OB reset, CMF selling, lower highs
   40 NBIS        32.1    6  $ 280.730000   +6.79%  $    2.8  vol distrib, distrib candle, RSI OB reset, lower highs, failed bo, +1
   41 VELODROME   32.0    5  $   0.018150   -0.67%  $    1.7  OBV distrib, RSI OB reset, CMF selling, failed bo, 5d top rej
   42 CFX         31.9    6  $   0.050420   +5.04%  $    1.0  RSI top zone, vol distrib, OBV distrib, RSI OB reset, failed bo, +1
   43 SPK         31.8    6  $   0.018636   -7.93%  $    4.2  vol distrib, distrib candle, RSI OB reset, CMF selling, lower highs, +1
   44 KITE        31.6    5  $   0.184260   -2.80%  $    1.1  RSI top zone, OBV distrib, RSI bear div, RSI OB reset, CMF selling
   45 SOL         31.5    6  $  71.610000   -2.99%  $  776.5  RSI top zone, vol distrib, distrib candle, OBV distrib, RSI OB reset, +1
   46 HYPE        31.2    5  $  72.222000   -1.00%  $  680.7  RSI top zone, OBV distrib, RSI bear div, RSI OB reset, 5d top rej
   47 GIGGLE      30.9    6  $  28.070000   -1.64%  $    0.8  vol distrib, OBV distrib, OBV bear div, RSI OB reset, vs BTC weak, +1
   48 TSM         30.8    6  $ 432.910000   +1.24%  $    0.8  RSI top zone, vol distrib, distrib candle, RSI OB reset, CMF selling, +1
   49 XRP         30.6    5  $   1.179900   -3.21%  $  312.4  vol distrib, distrib candle, OBV distrib, RSI OB reset, CMF selling
   50 RENDER      30.4    5  $   1.666200   -3.83%  $   11.2  OBV distrib, RSI bear div, RSI OB reset, CMF selling, lower highs

================================================================================
2026-06-17 21:19:33,881 [INFO]   Saved → short_v3_LATEST.txt, short_v3_LATEST.json, short_v3_20260617_211933.txt
