2026-06-14 14:32:40,665 [INFO] ================================================================
2026-06-14 14:32:40,665 [INFO] SHORT SCANNER v3.0
2026-06-14 14:32:40,666 [INFO] ================================================================
2026-06-14 14:32:40,666 [INFO] Building universe (Bybit perps)...
2026-06-14 14:32:41,367 [INFO]   Universe (post-filter): 302 coins
2026-06-14 14:32:41,367 [INFO] Fetching BTC reference (1h)...
2026-06-14 14:32:41,379 [INFO] Scanning 302 coins on 1h timeframe...
2026-06-14 14:32:42,252 [INFO]   ...50/302  (surfaced: 4  excluded: 11)
2026-06-14 14:32:43,376 [INFO]   ...100/302  (surfaced: 8  excluded: 25)
2026-06-14 14:32:46,232 [INFO]   ...200/302  (surfaced: 13  excluded: 46)
2026-06-14 14:32:47,342 [INFO]   ...250/302  (surfaced: 14  excluded: 62)
2026-06-14 14:32:48,639 [INFO]   ...300/302  (surfaced: 17  excluded: 69)
2026-06-14 14:32:48,955 [INFO] Done in 8s  |  scanned=302  failed=0  excluded=69  watch_now=1  on_radar=16
2026-06-14 14:32:48,956 [INFO] 
================================================================================
  SHORT SCANNER v3.0  —  bearish setup watchlist
  Generated : 2026-06-14 14:32:48
  Universe  : 302 Bybit perps  |  Scanned: 302  |  Excluded (funding): 69
  Scan time : 8s  |  BTC: $64,546
================================================================================

  Tiers — WATCH NOW: conviction ≥ 45, signals ≥ 5
          ON RADAR : conviction ≥ 28, signals ≥ 3

  Hard exclude: funding rate ≤ -0.01% (avoid shorting into squeeze).
  This scanner does NOT produce trade plans — surfaces what's about to break.
  Confirm with trend_scanner regime check (BEAR/SIDEWAYS preferred) before entry.

--------------------------------------------------------------------------------
  WATCH NOW (SHORT)  —  1 coin(s)
--------------------------------------------------------------------------------

  [ 1] MITO        conv= 48.5  sigs= 8  price=$0.020680      24h=+23.01%  vol=$   5.6M
       fund: +0.0050%/8h  |  vs BTC 6h: -10.88%
       → RSI top zone, vol distrib, RSI bear div, RSI OB reset, CMF selling, failed bo, vs BTC weak, 5d top rej

--------------------------------------------------------------------------------
  ON RADAR (SHORT)   —  16 coin(s)
--------------------------------------------------------------------------------
  #   Symbol      Conv Sigs         Price     24h%    Vol $M  Signals
  ------------------------------------------------------------------------------
    1 HIGH        38.3    6  $   0.048630   -5.06%  $    0.6  OBV distrib, RSI bear div, RSI OB reset, CMF selling, lower highs, +1
    2 WHITEWHALE  37.1    6  $   0.003442   -7.97%  $    0.6  TTM squeeze, RSI top zone, RSI bear div, RSI OB reset, CMF selling, +1
    3 BSB         36.3    6  $   0.249200  +11.29%  $    4.8  TTM squeeze, RSI top zone, OBV distrib, RSI bear div, RSI OB reset, +1
    4 SIREN       35.0    6  $   0.063560  -49.40%  $   39.5  vol distrib, distrib candle, OBV bear div, CMF selling, vs BTC weak, +1
    5 PARTI       32.0    6  $   0.059470   +2.41%  $    1.3  TTM squeeze, RSI top zone, RSI bear div, RSI OB reset, CMF selling, +1
    6 JASMY       31.4    6  $   0.005179  +11.43%  $    5.4  RSI top zone, vol distrib, RSI bear div, failed bo, vs BTC weak, +1
    7 ENA         31.2    6  $   0.082680   -3.75%  $   36.4  TTM squeeze, OBV distrib, RSI bear div, CMF selling, lower highs, +1
    8 AVNT        31.0    6  $   0.108070   -4.52%  $    2.5  vol distrib, distrib candle, OBV distrib, CMF selling, lower highs, +1
    9 CTR         30.9    6  $   0.011880   -7.45%  $    1.1  vol distrib, RSI bear div, RSI OB reset, CMF selling, lower highs, +1
   10 CRV         30.3    5  $   0.232300   -2.52%  $    7.2  TTM squeeze, OBV distrib, RSI bear div, CMF selling, lower highs
   11 ZBT         29.7    6  $   0.117830   -6.37%  $    2.4  TTM squeeze, RSI top zone, RSI OB reset, CMF selling, lower highs, +1
   12 TSTBSC      29.4    4  $   0.015716   -8.37%  $    3.7  RSI top zone, OBV distrib, RSI bear div, CMF selling
   13 MMT         29.3    6  $   0.127600   +5.06%  $    3.4  RSI top zone, OBV distrib, OBV bear div, RSI OB reset, CMF selling, +1
   14 VELVET      28.5    5  $   0.426930   +7.77%  $   59.2  RSI bear div, RSI OB reset, CMF selling, lower highs, vs BTC weak
   15 TAO         28.3    6  $ 270.330000   +4.04%  $  203.7  RSI top zone, OBV distrib, OBV bear div, RSI OB reset, CMF selling, +1
   16 MET         28.0    7  $   0.103630   -2.47%  $    0.5  TTM squeeze, RSI top zone, vol distrib, OBV distrib, CMF selling, +2

================================================================================
2026-06-14 14:32:48,981 [INFO]   Saved → short_v3_LATEST.txt, short_v3_LATEST.json, short_v3_20260614_143248.txt
2026-06-14 17:58:32,310 [INFO] ================================================================
2026-06-14 17:58:32,312 [INFO] SHORT SCANNER v3.0
2026-06-14 17:58:32,313 [INFO] ================================================================
2026-06-14 17:58:32,314 [INFO] Building universe (Bybit perps)...
2026-06-14 17:58:33,079 [INFO]   Universe (post-filter): 295 coins
2026-06-14 17:58:33,083 [INFO] Fetching BTC reference (1h)...
2026-06-14 17:58:33,120 [INFO] Scanning 295 coins on 1h timeframe...
2026-06-14 17:58:35,376 [INFO]   ...50/295  (surfaced: 1  excluded: 17)
2026-06-14 17:58:37,643 [INFO]   ...100/295  (surfaced: 5  excluded: 30)
2026-06-14 17:58:40,150 [INFO]   ...150/295  (surfaced: 9  excluded: 40)
2026-06-14 17:58:42,596 [INFO]   ...200/295  (surfaced: 12  excluded: 52)
2026-06-14 17:58:44,976 [INFO]   ...250/295  (surfaced: 16  excluded: 64)
2026-06-14 17:58:47,118 [INFO] Done in 15s  |  scanned=295  failed=0  excluded=75  watch_now=0  on_radar=20
2026-06-14 17:58:47,119 [INFO] 
================================================================================
  SHORT SCANNER v3.0  —  bearish setup watchlist
  Generated : 2026-06-14 17:58:47
  Universe  : 295 Bybit perps  |  Scanned: 295  |  Excluded (funding): 75
  Scan time : 15s  |  BTC: $64,025
================================================================================

  Tiers — WATCH NOW: conviction ≥ 45, signals ≥ 5
          ON RADAR : conviction ≥ 28, signals ≥ 3

  Hard exclude: funding rate ≤ -0.01% (avoid shorting into squeeze).
  This scanner does NOT produce trade plans — surfaces what's about to break.
  Confirm with trend_scanner regime check (BEAR/SIDEWAYS preferred) before entry.

--------------------------------------------------------------------------------
  WATCH NOW (SHORT)  —  0 coin(s)
--------------------------------------------------------------------------------
  (none)

--------------------------------------------------------------------------------
  ON RADAR (SHORT)   —  20 coin(s)
--------------------------------------------------------------------------------
  #   Symbol      Conv Sigs         Price     24h%    Vol $M  Signals
  ------------------------------------------------------------------------------
    1 PLAYSOUT    41.2    7  $   0.032860   -2.86%  $    2.5  TTM squeeze, RSI top zone, OBV distrib, OBV bear div, RSI bear div, +2
    2 MITO        38.0    6  $   0.020340  +11.62%  $    5.9  vol distrib, OBV distrib, RSI bear div, RSI OB reset, CMF selling, +1
    3 CRV         36.7    6  $   0.233200   -1.82%  $    5.9  TTM squeeze, RSI top zone, OBV distrib, RSI bear div, CMF selling, +1
    4 SKR         36.5    6  $   0.009725   +9.51%  $    7.8  RSI top zone, vol distrib, distrib candle, RSI bear div, RSI OB reset, +1
    5 PRL         35.9    6  $   0.188500   -4.51%  $    0.8  vol distrib, distrib candle, RSI bear div, RSI OB reset, CMF selling, +1
    6 REZ         35.2    7  $   0.003231   +1.12%  $    0.6  RSI top zone, vol distrib, OBV distrib, CMF selling, failed bo, +2
    7 NEWT        35.1    6  $   0.052670   -0.02%  $    0.6  RSI top zone, RSI bear div, RSI OB reset, CMF selling, failed bo, +1
    8 PARTI       34.5    5  $   0.059700   +1.54%  $    1.2  TTM squeeze, OBV distrib, RSI bear div, RSI OB reset, CMF selling
    9 A           30.7    5  $   0.071450   -2.80%  $    0.7  TTM squeeze, RSI top zone, RSI bear div, CMF selling, lower highs
   10 HEMI        30.5    6  $   0.006003   -5.76%  $    0.6  TTM squeeze, OBV distrib, RSI OB reset, CMF selling, lower highs, +1
   11 AZTEC       30.2    5  $   0.015928   -6.66%  $    1.3  vol distrib, OBV distrib, RSI bear div, CMF selling, lower highs
   12 APT         30.0    5  $   0.650400   -3.32%  $    6.7  OBV distrib, RSI bear div, RSI OB reset, CMF selling, lower highs
   13 SPX         29.6    5  $   0.330100   +0.21%  $    2.4  RSI top zone, OBV distrib, OBV bear div, RSI bear div, CMF selling
   14 BREV        29.4    5  $   0.082070   +1.48%  $    2.7  RSI top zone, RSI OB reset, CMF selling, failed bo, 5d top rej
   15 RUNE        29.3    5  $   0.368600   -5.21%  $    1.2  OBV distrib, RSI bear div, CMF selling, lower highs, vs BTC weak
   16 SOLAYER     29.2    5  $   0.065630   -2.05%  $    0.7  TTM squeeze, OBV distrib, RSI OB reset, CMF selling, lower highs
   17 DASH        29.0    6  $  34.810000   -0.71%  $    2.6  vol distrib, OBV distrib, RSI OB reset, CMF selling, lower highs, +1
   18 XPL         29.0    5  $   0.087210   -3.34%  $   21.7  TTM squeeze, OBV distrib, OBV bear div, RSI OB reset, vs BTC weak
   19 BLEND       28.8    6  $   0.059610   -4.48%  $    0.8  vol distrib, OBV distrib, RSI bear div, CMF selling, lower highs, +1
   20 TLM         28.8    5  $   0.001068   +7.43%  $    0.6  RSI top zone, RSI OB reset, CMF selling, failed bo, 5d top rej

================================================================================
2026-06-14 17:58:47,139 [INFO]   Saved → short_v3_LATEST.txt, short_v3_LATEST.json, short_v3_20260614_175847.txt
2026-06-14 20:43:27,828 [INFO] ================================================================
2026-06-14 20:43:27,829 [INFO] SHORT SCANNER v3.0
2026-06-14 20:43:27,830 [INFO] ================================================================
2026-06-14 20:43:27,831 [INFO] Building universe (Bybit perps)...
2026-06-14 20:43:28,809 [INFO]   Universe (post-filter): 296 coins
2026-06-14 20:43:28,809 [INFO] Fetching BTC reference (1h)...
2026-06-14 20:43:28,827 [INFO] Scanning 296 coins on 1h timeframe...
2026-06-14 20:43:29,962 [INFO]   ...50/296  (surfaced: 1  excluded: 15)
2026-06-14 20:43:31,133 [INFO]   ...100/296  (surfaced: 4  excluded: 27)
2026-06-14 20:43:32,454 [INFO]   ...150/296  (surfaced: 5  excluded: 35)
2026-06-14 20:43:33,689 [INFO]   ...200/296  (surfaced: 10  excluded: 38)
2026-06-14 20:43:34,756 [INFO]   ...250/296  (surfaced: 14  excluded: 45)
2026-06-14 20:43:36,120 [INFO] Done in 8s  |  scanned=296  failed=0  excluded=50  watch_now=0  on_radar=16
2026-06-14 20:43:36,122 [INFO] 
================================================================================
  SHORT SCANNER v3.0  —  bearish setup watchlist
  Generated : 2026-06-14 20:43:36
  Universe  : 296 Bybit perps  |  Scanned: 296  |  Excluded (funding): 50
  Scan time : 8s  |  BTC: $63,813
================================================================================

  Tiers — WATCH NOW: conviction ≥ 45, signals ≥ 5
          ON RADAR : conviction ≥ 28, signals ≥ 3

  Hard exclude: funding rate ≤ -0.01% (avoid shorting into squeeze).
  This scanner does NOT produce trade plans — surfaces what's about to break.
  Confirm with trend_scanner regime check (BEAR/SIDEWAYS preferred) before entry.

--------------------------------------------------------------------------------
  WATCH NOW (SHORT)  —  0 coin(s)
--------------------------------------------------------------------------------
  (none)

--------------------------------------------------------------------------------
  ON RADAR (SHORT)   —  16 coin(s)
--------------------------------------------------------------------------------
  #   Symbol      Conv Sigs         Price     24h%    Vol $M  Signals
  ------------------------------------------------------------------------------
    1 TLM         43.1    8  $   0.001048   +2.74%  $    0.7  RSI top zone, vol distrib, OBV distrib, RSI OB reset, CMF selling, +3
    2 PLAYSOUT    42.1    6  $   0.026800  -18.06%  $    2.7  distrib candle, OBV bear div, RSI bear div, RSI OB reset, CMF selling, +1
    3 PYTH        41.5    8  $   0.037980   -1.81%  $    4.5  vol distrib, OBV distrib, RSI bear div, RSI OB reset, CMF selling, +3
    4 TSTBSC      39.1    6  $   0.014978  -10.75%  $    3.9  OBV distrib, RSI bear div, RSI OB reset, CMF selling, lower highs, +1
    5 PLUME       34.5    5  $   0.010344   -3.65%  $    1.1  TTM squeeze, OBV distrib, RSI bear div, CMF selling, lower highs
    6 BIGTIME     33.5    6  $   0.008840   -1.72%  $    1.3  vol distrib, OBV distrib, RSI bear div, RSI OB reset, CMF selling, +1
    7 RED         32.1    5  $   0.092070   +1.54%  $    1.5  OBV distrib, OBV bear div, RSI OB reset, CMF selling, vs BTC weak
    8 PARTI       32.0    6  $   0.058390   -5.14%  $    1.2  TTM squeeze, OBV distrib, RSI OB reset, CMF selling, lower highs, +1
    9 A           31.1    5  $   0.071090   -2.71%  $    0.7  TTM squeeze, RSI top zone, RSI bear div, CMF selling, lower highs
   10 MORPHO      31.0    6  $   1.944300   +0.38%  $    1.1  TTM squeeze, RSI top zone, distrib candle, OBV distrib, CMF selling, +1
   11 MNT         30.1    4  $   0.552400   +0.07%  $    4.0  OBV distrib, RSI bear div, RSI OB reset, CMF selling
   12 AZTEC       29.8    5  $   0.016074   -3.82%  $    1.3  RSI top zone, OBV distrib, RSI bear div, CMF selling, lower highs
   13 MAGMA       29.6    5  $   0.329000   -2.99%  $    0.9  RSI top zone, RSI bear div, RSI OB reset, CMF selling, lower highs
   14 SPORTFUN    29.1    4  $   0.035010  -10.26%  $    1.0  RSI bear div, RSI OB reset, CMF selling, lower highs
   15 SLX         28.3    5  $   0.189300   +0.74%  $    9.2  vol distrib, OBV distrib, RSI OB reset, failed bo, vs BTC weak
   16 SPK         28.0    5  $   0.019349   -0.69%  $    1.2  TTM squeeze, RSI top zone, RSI bear div, RSI OB reset, CMF selling

================================================================================
2026-06-14 20:43:36,131 [INFO]   Saved → short_v3_LATEST.txt, short_v3_LATEST.json, short_v3_20260614_204336.txt
2026-06-14 21:24:31,383 [INFO] ================================================================
2026-06-14 21:24:31,385 [INFO] SHORT SCANNER v3.0
2026-06-14 21:24:31,385 [INFO] ================================================================
2026-06-14 21:24:31,386 [INFO] Building universe (Bybit perps)...
2026-06-14 21:24:32,986 [INFO]   Universe (post-filter): 299 coins
2026-06-14 21:24:32,987 [INFO] Fetching BTC reference (1h)...
2026-06-14 21:24:33,010 [INFO] Scanning 299 coins on 1h timeframe...
2026-06-14 21:24:34,319 [INFO]   ...50/299  (surfaced: 2  excluded: 13)
2026-06-14 21:24:36,846 [INFO]   ...150/299  (surfaced: 7  excluded: 33)
2026-06-14 21:24:38,288 [INFO]   ...200/299  (surfaced: 11  excluded: 41)
2026-06-14 21:24:39,639 [INFO]   ...250/299  (surfaced: 17  excluded: 44)
2026-06-14 21:24:40,826 [INFO] Done in 9s  |  scanned=299  failed=0  excluded=52  watch_now=0  on_radar=19
2026-06-14 21:24:40,828 [INFO] 
================================================================================
  SHORT SCANNER v3.0  —  bearish setup watchlist
  Generated : 2026-06-14 21:24:40
  Universe  : 299 Bybit perps  |  Scanned: 299  |  Excluded (funding): 52
  Scan time : 9s  |  BTC: $63,813
================================================================================

  Tiers — WATCH NOW: conviction ≥ 45, signals ≥ 5
          ON RADAR : conviction ≥ 28, signals ≥ 3

  Hard exclude: funding rate ≤ -0.01% (avoid shorting into squeeze).
  This scanner does NOT produce trade plans — surfaces what's about to break.
  Confirm with trend_scanner regime check (BEAR/SIDEWAYS preferred) before entry.

--------------------------------------------------------------------------------
  WATCH NOW (SHORT)  —  0 coin(s)
--------------------------------------------------------------------------------
  (none)

--------------------------------------------------------------------------------
  ON RADAR (SHORT)   —  19 coin(s)
--------------------------------------------------------------------------------
  #   Symbol      Conv Sigs         Price     24h%    Vol $M  Signals
  ------------------------------------------------------------------------------
    1 ASR         44.7    8  $   1.076600   +1.11%  $    0.5  RSI top zone, vol distrib, OBV distrib, OBV bear div, RSI OB reset, +3
    2 TLM         43.1    8  $   0.001048   +3.62%  $    0.7  RSI top zone, vol distrib, OBV distrib, RSI OB reset, CMF selling, +3
    3 PLAYSOUT    42.1    6  $   0.026800  -13.91%  $    2.7  distrib candle, OBV bear div, RSI bear div, RSI OB reset, CMF selling, +1
    4 PYTH        41.5    8  $   0.037980   -0.18%  $    4.4  vol distrib, OBV distrib, RSI bear div, RSI OB reset, CMF selling, +3
    5 TSTBSC      39.1    6  $   0.014978  -10.31%  $    3.9  OBV distrib, RSI bear div, RSI OB reset, CMF selling, lower highs, +1
    6 POL         35.0    7  $   0.074820   -0.95%  $    2.4  TTM squeeze, RSI top zone, vol distrib, OBV distrib, RSI OB reset, +2
    7 PLUME       34.5    5  $   0.010344   -2.55%  $    1.1  TTM squeeze, OBV distrib, RSI bear div, CMF selling, lower highs
    8 BIGTIME     33.5    6  $   0.008840   -0.74%  $    1.3  vol distrib, OBV distrib, RSI bear div, RSI OB reset, CMF selling, +1
    9 SPORTFUN    32.4    5  $   0.035010   -8.32%  $    1.1  RSI bear div, RSI OB reset, CMF selling, lower highs, fund hot
   10 RED         32.1    5  $   0.092070   +2.83%  $    1.5  OBV distrib, OBV bear div, RSI OB reset, CMF selling, vs BTC weak
   11 PARTI       32.0    6  $   0.058390   -4.95%  $    1.2  TTM squeeze, OBV distrib, RSI OB reset, CMF selling, lower highs, +1
   12 A           31.1    5  $   0.071090   -1.65%  $    0.6  TTM squeeze, RSI top zone, RSI bear div, CMF selling, lower highs
   13 MORPHO      31.0    6  $   1.944300   -0.25%  $    1.1  TTM squeeze, RSI top zone, distrib candle, OBV distrib, CMF selling, +1
   14 MNT         30.1    4  $   0.552400   -0.05%  $    3.8  OBV distrib, RSI bear div, RSI OB reset, CMF selling
   15 AZTEC       29.8    5  $   0.016074   -3.19%  $    1.3  RSI top zone, OBV distrib, RSI bear div, CMF selling, lower highs
   16 MAGMA       29.6    5  $   0.329000   -2.84%  $    0.9  RSI top zone, RSI bear div, RSI OB reset, CMF selling, lower highs
   17 VELVET      28.8    5  $   0.345810  -27.04%  $   48.4  RSI bear div, RSI OB reset, CMF selling, lower highs, vs BTC weak
   18 SLX         28.3    5  $   0.189300   +1.80%  $    9.2  vol distrib, OBV distrib, RSI OB reset, failed bo, vs BTC weak
   19 SPK         28.0    5  $   0.019349   -0.47%  $    1.2  TTM squeeze, RSI top zone, RSI bear div, RSI OB reset, CMF selling

================================================================================
2026-06-14 21:24:40,853 [INFO]   Saved → short_v3_LATEST.txt, short_v3_LATEST.json, short_v3_20260614_212440.txt
2026-06-14 23:02:25,118 [INFO] ================================================================
2026-06-14 23:02:25,126 [INFO] SHORT SCANNER v3.0
2026-06-14 23:02:25,131 [INFO] ================================================================
2026-06-14 23:02:25,137 [INFO] Building universe (Bybit perps)...
2026-06-14 23:02:26,020 [INFO]   Universe (post-filter): 307 coins
2026-06-14 23:02:26,022 [INFO] Fetching BTC reference (1h)...
2026-06-14 23:02:26,102 [INFO] Scanning 307 coins on 1h timeframe...
2026-06-14 23:02:32,271 [INFO]   ...50/307  (surfaced: 0  excluded: 9)
2026-06-14 23:02:37,255 [INFO]   ...100/307  (surfaced: 1  excluded: 13)
2026-06-14 23:02:41,880 [INFO]   ...150/307  (surfaced: 4  excluded: 16)
2026-06-14 23:02:45,924 [INFO]   ...200/307  (surfaced: 5  excluded: 20)
2026-06-14 23:02:50,094 [INFO]   ...250/307  (surfaced: 8  excluded: 24)
2026-06-14 23:02:54,864 [INFO]   ...300/307  (surfaced: 9  excluded: 29)
2026-06-14 23:02:56,246 [INFO] Done in 31s  |  scanned=307  failed=0  excluded=29  watch_now=0  on_radar=10
2026-06-14 23:02:56,250 [INFO] 
================================================================================
  SHORT SCANNER v3.0  —  bearish setup watchlist
  Generated : 2026-06-14 23:02:56
  Universe  : 307 Bybit perps  |  Scanned: 307  |  Excluded (funding): 29
  Scan time : 31s  |  BTC: $64,009
================================================================================

  Tiers — WATCH NOW: conviction ≥ 45, signals ≥ 5
          ON RADAR : conviction ≥ 28, signals ≥ 3

  Hard exclude: funding rate ≤ -0.01% (avoid shorting into squeeze).
  This scanner does NOT produce trade plans — surfaces what's about to break.
  Confirm with trend_scanner regime check (BEAR/SIDEWAYS preferred) before entry.

--------------------------------------------------------------------------------
  WATCH NOW (SHORT)  —  0 coin(s)
--------------------------------------------------------------------------------
  (none)

--------------------------------------------------------------------------------
  ON RADAR (SHORT)   —  10 coin(s)
--------------------------------------------------------------------------------
  #   Symbol      Conv Sigs         Price     24h%    Vol $M  Signals
  ------------------------------------------------------------------------------
    1 POL         41.5    7  $   0.075020   +0.83%  $    2.9  TTM squeeze, RSI top zone, OBV distrib, RSI bear div, RSI OB reset, +2
    2 ASR         38.5    7  $   1.085500   +3.19%  $    0.5  RSI top zone, vol distrib, OBV distrib, OBV bear div, CMF selling, +2
    3 ARM         38.1    7  $ 389.210000   +3.23%  $    0.8  RSI top zone, OBV distrib, OBV bear div, RSI OB reset, CMF selling, +2
    4 PLUME       36.4    6  $   0.010410   +1.22%  $    1.2  TTM squeeze, RSI top zone, OBV distrib, RSI bear div, CMF selling, +1
    5 PLAYSOUT    35.5    5  $   0.026550   -9.01%  $    2.5  distrib candle, OBV bear div, RSI bear div, CMF selling, vs BTC weak
    6 MEME        32.5    6  $   0.000608  +11.71%  $    4.8  vol distrib, RSI OB reset, CMF selling, failed bo, vs BTC weak, +1
    7 ZKP         32.4    4  $   0.058470   +6.66%  $    3.5  OBV bear div, RSI bear div, RSI OB reset, CMF selling
    8 AZTEC       30.4    5  $   0.016143   +5.14%  $    1.5  RSI top zone, OBV distrib, RSI bear div, CMF selling, lower highs
    9 SPACE       29.2    5  $   0.006424   -3.91%  $    1.0  RSI top zone, OBV distrib, RSI bear div, CMF selling, lower highs
   10 AMAT        29.1    5  $ 585.740000   +3.40%  $    0.5  TTM squeeze, RSI top zone, OBV distrib, CMF selling, fund hot

================================================================================
2026-06-14 23:02:56,292 [INFO]   Saved → short_v3_LATEST.txt, short_v3_LATEST.json, short_v3_20260614_230256.txt
2026-06-14 23:50:18,686 [INFO] ================================================================
2026-06-14 23:50:18,689 [INFO] SHORT SCANNER v3.0
2026-06-14 23:50:18,689 [INFO] ================================================================
2026-06-14 23:50:18,690 [INFO] Building universe (Bybit perps)...
2026-06-14 23:50:20,130 [INFO]   Universe (post-filter): 314 coins
2026-06-14 23:50:20,132 [INFO] Fetching BTC reference (1h)...
2026-06-14 23:50:20,857 [INFO] Scanning 314 coins on 1h timeframe...
2026-06-14 23:50:22,352 [INFO]   ...50/314  (surfaced: 0  excluded: 9)
2026-06-14 23:50:23,972 [INFO]   ...100/314  (surfaced: 2  excluded: 12)
2026-06-14 23:50:25,525 [INFO]   ...150/314  (surfaced: 5  excluded: 16)
2026-06-14 23:50:27,517 [INFO]   ...200/314  (surfaced: 8  excluded: 20)
2026-06-14 23:50:30,669 [INFO]   ...300/314  (surfaced: 12  excluded: 28)
2026-06-14 23:50:31,105 [INFO] Done in 12s  |  scanned=314  failed=0  excluded=29  watch_now=0  on_radar=13
2026-06-14 23:50:31,107 [INFO] 
================================================================================
  SHORT SCANNER v3.0  —  bearish setup watchlist
  Generated : 2026-06-14 23:50:31
  Universe  : 314 Bybit perps  |  Scanned: 314  |  Excluded (funding): 29
  Scan time : 12s  |  BTC: $65,312
================================================================================

  Tiers — WATCH NOW: conviction ≥ 45, signals ≥ 5
          ON RADAR : conviction ≥ 28, signals ≥ 3

  Hard exclude: funding rate ≤ -0.01% (avoid shorting into squeeze).
  This scanner does NOT produce trade plans — surfaces what's about to break.
  Confirm with trend_scanner regime check (BEAR/SIDEWAYS preferred) before entry.

--------------------------------------------------------------------------------
  WATCH NOW (SHORT)  —  0 coin(s)
--------------------------------------------------------------------------------
  (none)

--------------------------------------------------------------------------------
  ON RADAR (SHORT)   —  13 coin(s)
--------------------------------------------------------------------------------
  #   Symbol      Conv Sigs         Price     24h%    Vol $M  Signals
  ------------------------------------------------------------------------------
    1 POL         43.7    8  $   0.075020   +0.91%  $    3.2  TTM squeeze, RSI top zone, OBV distrib, RSI bear div, RSI OB reset, +3
    2 ASR         40.9    8  $   1.085500   +4.04%  $    0.5  RSI top zone, vol distrib, OBV distrib, OBV bear div, CMF selling, +3
    3 ARM         40.3    8  $ 389.210000   +3.38%  $    0.8  RSI top zone, OBV distrib, OBV bear div, RSI OB reset, CMF selling, +3
    4 PLUME       36.4    6  $   0.010410   +1.75%  $    1.3  TTM squeeze, RSI top zone, OBV distrib, RSI bear div, CMF selling, +1
    5 PLAYSOUT    35.5    5  $   0.026550   -4.39%  $    2.6  distrib candle, OBV bear div, RSI bear div, CMF selling, vs BTC weak
    6 ZKP         34.7    5  $   0.058470   +6.16%  $    3.6  OBV bear div, RSI bear div, RSI OB reset, CMF selling, vs BTC weak
    7 MEME        32.8    6  $   0.000608  +11.39%  $    4.9  vol distrib, RSI OB reset, CMF selling, failed bo, vs BTC weak, +1
    8 SPACE       31.4    6  $   0.006424   -4.44%  $    1.0  RSI top zone, OBV distrib, RSI bear div, CMF selling, lower highs, +1
    9 AZTEC       30.4    5  $   0.016143  +10.00%  $    1.8  RSI top zone, OBV distrib, RSI bear div, CMF selling, lower highs
   10 SPORTFUN    29.8    5  $   0.034710   -2.59%  $    1.1  RSI top zone, RSI bear div, CMF selling, lower highs, vs BTC weak
   11 APT         29.2    6  $   0.652600   +1.51%  $    8.8  RSI top zone, OBV distrib, RSI bear div, CMF selling, lower highs, +1
   12 AMAT        29.1    5  $ 585.740000   +2.85%  $    0.6  TTM squeeze, RSI top zone, OBV distrib, CMF selling, fund hot
   13 ZORA        28.7    6  $   0.008356   +2.39%  $    1.5  RSI top zone, RSI OB reset, CMF selling, failed bo, vs BTC weak, +1

================================================================================
2026-06-14 23:50:31,124 [INFO]   Saved → short_v3_LATEST.txt, short_v3_LATEST.json, short_v3_20260614_235031.txt
