2026-06-16 10:32:32,786 [INFO] ================================================================
2026-06-16 10:32:32,787 [INFO] SHORT SCANNER v3.0
2026-06-16 10:32:32,787 [INFO] ================================================================
2026-06-16 10:32:32,787 [INFO] Building universe (Bybit perps)...
2026-06-16 10:32:33,468 [INFO]   Universe (post-filter): 344 coins
2026-06-16 10:32:33,468 [INFO] Fetching BTC reference (1h)...
2026-06-16 10:32:33,498 [INFO] Scanning 344 coins on 1h timeframe...
2026-06-16 10:32:34,990 [INFO]   ...50/344  (surfaced: 2  excluded: 11)
2026-06-16 10:32:36,052 [INFO]   ...100/344  (surfaced: 5  excluded: 21)
2026-06-16 10:32:37,183 [INFO]   ...150/344  (surfaced: 7  excluded: 29)
2026-06-16 10:32:38,294 [INFO]   ...200/344  (surfaced: 10  excluded: 34)
2026-06-16 10:32:39,533 [INFO]   ...250/344  (surfaced: 11  excluded: 36)
2026-06-16 10:32:41,185 [INFO]   ...300/344  (surfaced: 13  excluded: 39)
2026-06-16 10:32:43,150 [INFO] Done in 10s  |  scanned=343  failed=1  excluded=41  watch_now=0  on_radar=14
2026-06-16 10:32:43,150 [INFO] 
================================================================================
  SHORT SCANNER v3.0  —  bearish setup watchlist
  Generated : 2026-06-16 10:32:43
  Universe  : 344 Bybit perps  |  Scanned: 343  |  Excluded (funding): 41
  Scan time : 10s  |  BTC: $66,900
================================================================================

  Tiers — WATCH NOW: conviction ≥ 45, signals ≥ 5
          ON RADAR : conviction ≥ 28, signals ≥ 3

  Hard exclude: funding rate ≤ -0.01% (avoid shorting into squeeze).
  This scanner does NOT produce trade plans — surfaces what's about to break.
  Confirm with trend_scanner regime check (BEAR/SIDEWAYS preferred) before entry.

--------------------------------------------------------------------------------
  WATCH NOW (SHORT)  —  0 coin(s)
--------------------------------------------------------------------------------
  (none)

--------------------------------------------------------------------------------
  ON RADAR (SHORT)   —  14 coin(s)
--------------------------------------------------------------------------------
  #   Symbol      Conv Sigs         Price     24h%    Vol $M  Signals
  ------------------------------------------------------------------------------
    1 MAGMA       38.1    6  $   0.378510   +0.88%  $    6.5  OBV bear div, RSI bear div, RSI OB reset, CMF selling, failed bo, +1
    2 BZ          36.6    6  $  80.470000   -1.79%  $    0.9  distrib candle, OBV distrib, OBV bear div, RSI OB reset, CMF selling, +1
    3 SPK         35.9    7  $   0.019995   -1.79%  $    1.5  TTM squeeze, RSI top zone, vol distrib, OBV distrib, RSI bear div, +2
    4 MRVL        34.1    5  $ 308.300000   +4.41%  $   10.9  OBV bear div, RSI bear div, RSI OB reset, CMF selling, fund hot
    5 BTW         33.7    6  $   0.070540  -31.69%  $    5.8  vol distrib, RSI bear div, RSI OB reset, CMF selling, lower highs, +1
    6 NOT         33.7    6  $   0.000451   -4.81%  $    2.8  RSI top zone, OBV distrib, RSI bear div, CMF selling, lower highs, +1
    7 B           32.9    6  $   0.244160   +4.28%  $    1.8  RSI top zone, vol distrib, distrib candle, failed bo, vs BTC weak, +1
    8 EDEN        32.3    5  $   0.045550   -3.14%  $    2.1  RSI top zone, OBV distrib, RSI bear div, CMF selling, lower highs
    9 EDGE        31.4    5  $   0.345800   -6.98%  $    2.6  RSI top zone, OBV distrib, RSI bear div, CMF selling, lower highs
   10 CL          31.0    5  $  77.630000   -1.32%  $   22.8  distrib candle, OBV distrib, OBV bear div, CMF selling, vs BTC weak
   11 SIREN       30.7    6  $   0.051320  -18.78%  $   22.0  TTM squeeze, OBV bear div, RSI OB reset, CMF selling, vs BTC weak, +1
   12 AIOZ        30.1    5  $   0.060730   +2.74%  $    0.6  RSI top zone, OBV distrib, OBV bear div, RSI OB reset, CMF selling
   13 NIGHT       28.6    5  $   0.033620   +5.67%  $    1.0  TTM squeeze, RSI top zone, OBV distrib, CMF selling, lower highs
   14 TNSR        28.3    4  $   0.030770   +2.78%  $    0.7  RSI top zone, OBV distrib, OBV bear div, CMF selling

================================================================================
2026-06-16 10:32:43,168 [INFO]   Saved → short_v3_LATEST.txt, short_v3_LATEST.json, short_v3_20260616_103243.txt
2026-06-16 13:37:33,969 [INFO] ================================================================
2026-06-16 13:37:33,970 [INFO] SHORT SCANNER v3.0
2026-06-16 13:37:33,971 [INFO] ================================================================
2026-06-16 13:37:33,971 [INFO] Building universe (Bybit perps)...
2026-06-16 13:37:34,852 [INFO]   Universe (post-filter): 339 coins
2026-06-16 13:37:34,855 [INFO] Fetching BTC reference (1h)...
2026-06-16 13:37:34,889 [INFO] Scanning 339 coins on 1h timeframe...
2026-06-16 13:37:37,285 [INFO]   ...50/339  (surfaced: 3  excluded: 8)
2026-06-16 13:37:39,235 [INFO]   ...100/339  (surfaced: 5  excluded: 18)
2026-06-16 13:37:41,181 [INFO]   ...150/339  (surfaced: 9  excluded: 28)
2026-06-16 13:37:43,427 [INFO]   ...200/339  (surfaced: 13  excluded: 33)
2026-06-16 13:37:45,716 [INFO]   ...250/339  (surfaced: 15  excluded: 35)
2026-06-16 13:37:48,481 [INFO]   ...300/339  (surfaced: 16  excluded: 39)
2026-06-16 13:37:50,738 [INFO] Done in 17s  |  scanned=338  failed=1  excluded=42  watch_now=0  on_radar=17
2026-06-16 13:37:50,740 [INFO] 
================================================================================
  SHORT SCANNER v3.0  —  bearish setup watchlist
  Generated : 2026-06-16 13:37:50
  Universe  : 339 Bybit perps  |  Scanned: 338  |  Excluded (funding): 42
  Scan time : 17s  |  BTC: $66,482
================================================================================

  Tiers — WATCH NOW: conviction ≥ 45, signals ≥ 5
          ON RADAR : conviction ≥ 28, signals ≥ 3

  Hard exclude: funding rate ≤ -0.01% (avoid shorting into squeeze).
  This scanner does NOT produce trade plans — surfaces what's about to break.
  Confirm with trend_scanner regime check (BEAR/SIDEWAYS preferred) before entry.

--------------------------------------------------------------------------------
  WATCH NOW (SHORT)  —  0 coin(s)
--------------------------------------------------------------------------------
  (none)

--------------------------------------------------------------------------------
  ON RADAR (SHORT)   —  17 coin(s)
--------------------------------------------------------------------------------
  #   Symbol      Conv Sigs         Price     24h%    Vol $M  Signals
  ------------------------------------------------------------------------------
    1 JASMY       41.2    6  $   0.005007   -5.34%  $    3.5  RSI top zone, OBV distrib, RSI bear div, RSI OB reset, CMF selling, +1
    2 DASH        39.7    6  $  38.000000   -3.57%  $    4.9  RSI top zone, OBV distrib, RSI bear div, RSI OB reset, CMF selling, +1
    3 LTC         39.5    7  $  45.500000   -0.20%  $   27.0  TTM squeeze, RSI top zone, distrib candle, OBV distrib, OBV bear div, +2
    4 NEAR        34.9    7  $   2.438600   -0.64%  $  165.6  RSI top zone, OBV distrib, RSI OB reset, CMF selling, lower highs, +2
    5 MEGA        34.8    5  $   0.057700  -13.09%  $   10.4  RSI top zone, OBV distrib, RSI bear div, CMF selling, lower highs
    6 SPK         34.7    6  $   0.020032   -1.78%  $    1.9  TTM squeeze, RSI top zone, OBV distrib, RSI bear div, CMF selling, +1
    7 MAGMA       33.9    5  $   0.392180   +2.85%  $    3.5  TTM squeeze, OBV distrib, OBV bear div, RSI bear div, RSI OB reset
    8 OPG         33.1    5  $   0.160400   -9.69%  $   18.5  RSI top zone, OBV distrib, RSI bear div, CMF selling, lower highs
    9 TAO         32.6    6  $ 263.810000   -5.05%  $   74.9  RSI top zone, OBV distrib, RSI bear div, RSI OB reset, CMF selling, +1
   10 NOT         31.6    6  $   0.000438   -8.60%  $    3.2  vol distrib, OBV distrib, RSI bear div, CMF selling, lower highs, +1
   11 FLOW        30.6    4  $   0.029960   +2.41%  $    0.6  OBV distrib, RSI bear div, RSI OB reset, CMF selling
   12 XAN         28.8    5  $   0.009344   -0.57%  $    0.7  RSI top zone, OBV distrib, RSI OB reset, CMF selling, lower highs
   13 HIGH        28.6    5  $   0.041720   -8.97%  $    1.4  RSI bear div, RSI OB reset, CMF selling, lower highs, vs BTC weak
   14 IOTA        28.4    5  $   0.049650   +1.52%  $    1.4  RSI top zone, OBV distrib, RSI bear div, CMF selling, lower highs
   15 S           28.4    5  $   0.033050   -0.12%  $    1.0  RSI top zone, OBV bear div, RSI OB reset, CMF selling, 5d top rej
   16 BZ          28.3    5  $  80.250000   -3.67%  $    1.0  distrib candle, OBV bear div, RSI OB reset, CMF selling, vs BTC weak
   17 PLUME       28.2    5  $   0.011210   -3.48%  $    1.8  RSI top zone, OBV distrib, RSI bear div, CMF selling, lower highs

================================================================================
2026-06-16 13:37:50,758 [INFO]   Saved → short_v3_LATEST.txt, short_v3_LATEST.json, short_v3_20260616_133750.txt
2026-06-16 14:29:43,362 [INFO] ================================================================
2026-06-16 14:29:43,362 [INFO] SHORT SCANNER v3.0
2026-06-16 14:29:43,362 [INFO] ================================================================
2026-06-16 14:29:43,362 [INFO] Building universe (Bybit perps)...
2026-06-16 14:29:44,402 [INFO]   Universe (post-filter): 338 coins
2026-06-16 14:29:44,404 [INFO] Fetching BTC reference (1h)...
2026-06-16 14:29:44,433 [INFO] Scanning 338 coins on 1h timeframe...
2026-06-16 14:29:48,992 [INFO]   ...100/338  (surfaced: 4  excluded: 23)
2026-06-16 14:29:51,030 [INFO]   ...150/338  (surfaced: 8  excluded: 32)
2026-06-16 14:29:55,422 [INFO]   ...250/338  (surfaced: 15  excluded: 42)
2026-06-16 14:29:57,662 [INFO]   ...300/338  (surfaced: 16  excluded: 48)
2026-06-16 14:29:59,665 [INFO] Done in 16s  |  scanned=336  failed=2  excluded=51  watch_now=0  on_radar=17
2026-06-16 14:29:59,665 [INFO] 
================================================================================
  SHORT SCANNER v3.0  —  bearish setup watchlist
  Generated : 2026-06-16 14:29:59
  Universe  : 338 Bybit perps  |  Scanned: 336  |  Excluded (funding): 51
  Scan time : 16s  |  BTC: $66,430
================================================================================

  Tiers — WATCH NOW: conviction ≥ 45, signals ≥ 5
          ON RADAR : conviction ≥ 28, signals ≥ 3

  Hard exclude: funding rate ≤ -0.01% (avoid shorting into squeeze).
  This scanner does NOT produce trade plans — surfaces what's about to break.
  Confirm with trend_scanner regime check (BEAR/SIDEWAYS preferred) before entry.

--------------------------------------------------------------------------------
  WATCH NOW (SHORT)  —  0 coin(s)
--------------------------------------------------------------------------------
  (none)

--------------------------------------------------------------------------------
  ON RADAR (SHORT)   —  17 coin(s)
--------------------------------------------------------------------------------
  #   Symbol      Conv Sigs         Price     24h%    Vol $M  Signals
  ------------------------------------------------------------------------------
    1 JASMY       41.2    6  $   0.005007   -6.87%  $    3.5  RSI top zone, OBV distrib, RSI bear div, RSI OB reset, CMF selling, +1
    2 DASH        39.7    6  $  38.000000   -5.10%  $    4.9  RSI top zone, OBV distrib, RSI bear div, RSI OB reset, CMF selling, +1
    3 LTC         39.5    7  $  45.500000   -2.14%  $   26.0  TTM squeeze, RSI top zone, distrib candle, OBV distrib, OBV bear div, +2
    4 MAGMA       37.3    6  $   0.392180   +1.77%  $    3.2  TTM squeeze, OBV distrib, OBV bear div, RSI bear div, RSI OB reset, +1
    5 NEAR        34.9    7  $   2.438600   -3.43%  $  168.8  RSI top zone, OBV distrib, RSI OB reset, CMF selling, lower highs, +2
    6 MEGA        34.8    5  $   0.057700  -12.10%  $   10.0  RSI top zone, OBV distrib, RSI bear div, CMF selling, lower highs
    7 SPK         34.7    6  $   0.020032   -3.12%  $    2.0  TTM squeeze, RSI top zone, OBV distrib, RSI bear div, CMF selling, +1
    8 TAO         32.6    6  $ 263.810000   -4.63%  $   73.6  RSI top zone, OBV distrib, RSI bear div, RSI OB reset, CMF selling, +1
    9 NOT         31.5    6  $   0.000438  -10.93%  $    3.2  vol distrib, OBV distrib, RSI bear div, CMF selling, lower highs, +1
   10 FLOW        30.6    4  $   0.029960   -0.80%  $    0.6  OBV distrib, RSI bear div, RSI OB reset, CMF selling
   11 Q           30.4    5  $   0.019370  +23.44%  $    1.5  OBV bear div, RSI bear div, RSI OB reset, fund hot, 5d top rej
   12 XAN         28.8    5  $   0.009344   -3.19%  $    0.7  RSI top zone, OBV distrib, RSI OB reset, CMF selling, lower highs
   13 HIGH        28.5    5  $   0.041720   -7.86%  $    1.4  RSI bear div, RSI OB reset, CMF selling, lower highs, vs BTC weak
   14 IOTA        28.4    5  $   0.049650   -2.13%  $    1.4  RSI top zone, OBV distrib, RSI bear div, CMF selling, lower highs
   15 S           28.4    5  $   0.033050   -3.64%  $    1.0  RSI top zone, OBV bear div, RSI OB reset, CMF selling, 5d top rej
   16 PLUME       28.2    5  $   0.011210   -7.00%  $    1.7  RSI top zone, OBV distrib, RSI bear div, CMF selling, lower highs
   17 BZ          28.2    5  $  80.250000   -3.13%  $    1.0  distrib candle, OBV bear div, RSI OB reset, CMF selling, vs BTC weak

================================================================================
2026-06-16 14:29:59,692 [INFO]   Saved → short_v3_LATEST.txt, short_v3_LATEST.json, short_v3_20260616_142959.txt
2026-06-16 15:54:53,679 [INFO] ================================================================
2026-06-16 15:54:53,681 [INFO] SHORT SCANNER v3.0
2026-06-16 15:54:53,681 [INFO] ================================================================
2026-06-16 15:54:53,681 [INFO] Building universe (Bybit perps)...
2026-06-16 15:54:54,964 [INFO]   Universe (post-filter): 341 coins
2026-06-16 15:54:54,965 [INFO] Fetching BTC reference (1h)...
2026-06-16 15:54:54,973 [INFO] Scanning 341 coins on 1h timeframe...
2026-06-16 15:54:56,175 [INFO]   ...50/341  (surfaced: 6  excluded: 9)
2026-06-16 15:54:57,167 [INFO]   ...100/341  (surfaced: 12  excluded: 23)
2026-06-16 15:54:58,293 [INFO]   ...150/341  (surfaced: 19  excluded: 29)
2026-06-16 15:55:00,783 [INFO]   ...250/341  (surfaced: 32  excluded: 39)
2026-06-16 15:55:02,863 [INFO]   ...300/341  (surfaced: 36  excluded: 45)
2026-06-16 15:55:03,996 [INFO] Done in 10s  |  scanned=338  failed=3  excluded=49  watch_now=2  on_radar=40
2026-06-16 15:55:03,997 [INFO] 
================================================================================
  SHORT SCANNER v3.0  —  bearish setup watchlist
  Generated : 2026-06-16 15:55:03
  Universe  : 341 Bybit perps  |  Scanned: 338  |  Excluded (funding): 49
  Scan time : 10s  |  BTC: $66,052
================================================================================

  Tiers — WATCH NOW: conviction ≥ 45, signals ≥ 5
          ON RADAR : conviction ≥ 28, signals ≥ 3

  Hard exclude: funding rate ≤ -0.01% (avoid shorting into squeeze).
  This scanner does NOT produce trade plans — surfaces what's about to break.
  Confirm with trend_scanner regime check (BEAR/SIDEWAYS preferred) before entry.

--------------------------------------------------------------------------------
  WATCH NOW (SHORT)  —  2 coin(s)
--------------------------------------------------------------------------------

  [ 1] DRIFT       conv= 52.3  sigs= 8  price=$0.016860      24h= -1.42%  vol=$   1.6M
       fund: +0.0050%/8h  |  vs BTC 6h: +0.36%
       → RSI top zone, vol distrib, distrib candle, OBV distrib, RSI OB reset, CMF selling, failed bo, 5d top rej

  [ 2] HBAR        conv= 46.1  sigs= 8  price=$0.081480      24h= -2.67%  vol=$  15.3M
       fund: -0.0040%/8h  |  vs BTC 6h: -1.46%
       → RSI top zone, OBV distrib, OBV bear div, RSI bear div, RSI OB reset, CMF selling, failed bo, 5d top rej

--------------------------------------------------------------------------------
  ON RADAR (SHORT)   —  40 coin(s)
--------------------------------------------------------------------------------
  #   Symbol      Conv Sigs         Price     24h%    Vol $M  Signals
  ------------------------------------------------------------------------------
    1 AAOI        40.1    7  $ 187.590000   -5.65%  $    3.2  vol distrib, distrib candle, OBV distrib, RSI OB reset, CMF selling, +2
    2 CRCL        38.6    6  $  81.550000   -6.79%  $    3.5  distrib candle, OBV distrib, RSI OB reset, CMF selling, lower highs, +1
    3 CBRS        38.1    6  $ 210.700000   -5.84%  $    3.0  distrib candle, OBV distrib, OBV bear div, RSI OB reset, CMF selling, +1
    4 FHE         38.0    6  $   0.024560   -7.69%  $    1.7  OBV distrib, RSI bear div, RSI OB reset, CMF selling, lower highs, +1
    5 UAI         36.7    6  $   0.299810  -23.96%  $    7.1  distrib candle, RSI bear div, RSI OB reset, CMF selling, lower highs, +1
    6 MYX         36.2    6  $   0.158400   -4.06%  $    1.8  OBV distrib, RSI bear div, RSI OB reset, CMF selling, lower highs, +1
    7 QNTX        36.2    6  $  57.970000   -0.83%  $    1.3  RSI top zone, OBV distrib, RSI bear div, RSI OB reset, CMF selling, +1
    8 RKLB        36.2    6  $ 104.240000   -1.20%  $    0.7  vol distrib, distrib candle, OBV distrib, RSI OB reset, CMF selling, +1
    9 SNDK        36.1    7  $2,105.000000   -1.27%  $   20.2  RSI top zone, vol distrib, OBV distrib, RSI OB reset, CMF selling, +2
   10 HOOD        36.1    7  $  98.730000   -4.09%  $    1.3  RSI top zone, OBV distrib, RSI OB reset, CMF selling, lower highs, +2
   11 UMA         36.1    5  $   0.441300   +6.30%  $    1.2  RSI top zone, OBV distrib, OBV bear div, RSI bear div, RSI OB reset
   12 HANA        36.0    6  $   0.040476  +11.01%  $    5.9  vol distrib, RSI bear div, RSI OB reset, failed bo, vs BTC weak, +1
   13 MU          35.8    7  $1,089.710000   -0.01%  $   18.7  RSI top zone, vol distrib, OBV distrib, RSI OB reset, CMF selling, +2
   14 IOTA        35.7    6  $   0.048490   -4.31%  $    1.3  OBV distrib, RSI bear div, RSI OB reset, CMF selling, lower highs, +1
   15 EVAA        35.1    6  $   0.665900  -28.11%  $   53.7  RSI top zone, OBV bear div, RSI bear div, RSI OB reset, CMF selling, +1
   16 CAKE        34.5    6  $   1.396100   -1.76%  $    1.5  RSI top zone, vol distrib, distrib candle, OBV distrib, RSI OB reset, +1
   17 NVDA        33.9    5  $ 208.930000   -0.05%  $    1.4  distrib candle, OBV distrib, RSI OB reset, CMF selling, lower highs
   18 NOT         33.8    6  $   0.000420  -12.29%  $    3.6  vol distrib, RSI bear div, RSI OB reset, CMF selling, lower highs, +1
   19 ICNT        33.4    6  $   0.195600  -13.07%  $    0.9  vol distrib, distrib candle, RSI OB reset, CMF selling, lower highs, +1
   20 RENDER      33.3    6  $   1.757200   -6.16%  $   15.4  TTM squeeze, OBV distrib, OBV bear div, RSI OB reset, CMF selling, +1
   21 XTZ         32.9    5  $   0.242400   -1.60%  $    0.6  TTM squeeze, RSI top zone, OBV bear div, RSI OB reset, CMF selling
   22 WLFI        32.7    6  $   0.060090   -0.73%  $   14.0  TTM squeeze, RSI top zone, OBV distrib, RSI OB reset, CMF selling, +1
   23 ENSO        32.6    6  $   0.662100   +5.24%  $    4.1  RSI bear div, RSI OB reset, CMF selling, failed bo, vs BTC weak, +1
   24 2Z          32.6    6  $   0.069740   -6.40%  $    0.6  RSI top zone, vol distrib, OBV distrib, RSI OB reset, CMF selling, +1
   25 XAN         31.5    6  $   0.009317   -2.44%  $    1.1  TTM squeeze, RSI top zone, vol distrib, OBV distrib, RSI OB reset, +1
   26 SOON        30.9    5  $   0.170370   -3.85%  $    0.8  RSI top zone, OBV distrib, RSI OB reset, CMF selling, lower highs
   27 MAGMA       30.4    5  $   0.391380   +0.85%  $    3.0  TTM squeeze, RSI top zone, OBV distrib, OBV bear div, RSI bear div
   28 FLOW        30.3    5  $   0.029720   -0.57%  $    0.6  RSI top zone, OBV distrib, RSI OB reset, CMF selling, lower highs
   29 TAO         30.0    6  $ 261.300000   -6.95%  $   75.2  RSI top zone, RSI bear div, RSI OB reset, CMF selling, lower highs, +1
   30 BIO         30.0    5  $   0.030740   -7.99%  $    4.2  RSI top zone, OBV distrib, RSI OB reset, CMF selling, lower highs
   31 IRYS        30.0    5  $   0.018000   -5.04%  $    1.2  RSI top zone, OBV distrib, RSI OB reset, CMF selling, lower highs
   32 LTC         29.9    5  $  45.060000   -2.08%  $   26.0  OBV distrib, OBV bear div, RSI OB reset, CMF selling, 5d top rej
   33 THETA       29.9    5  $   0.161510   -4.59%  $    0.5  TTM squeeze, OBV distrib, RSI OB reset, CMF selling, lower highs
   34 AIO         29.8    5  $   0.108720   -4.58%  $    0.6  distrib candle, RSI OB reset, CMF selling, lower highs, vs BTC weak
   35 WET         29.6    5  $   0.059670   -3.37%  $    0.6  RSI top zone, RSI bear div, RSI OB reset, CMF selling, lower highs
   36 CRO         29.6    4  $   0.061350   -3.39%  $    0.9  distrib candle, OBV distrib, RSI OB reset, CMF selling
   37 BTW         29.5    5  $   0.056820  -34.30%  $    6.7  vol distrib, RSI bear div, RSI OB reset, CMF selling, vs BTC weak
   38 RIVER       29.5    5  $   4.856000   -1.41%  $    2.2  RSI top zone, RSI bear div, RSI OB reset, CMF selling, failed bo
   39 UNI         28.9    5  $   3.012000   +9.48%  $   54.2  RSI top zone, RSI bear div, RSI OB reset, failed bo, 5d top rej
   40 RUNE        28.6    6  $   0.404300   +2.01%  $    2.3  vol distrib, RSI OB reset, CMF selling, failed bo, vs BTC weak, +1

================================================================================
2026-06-16 15:55:04,012 [INFO]   Saved → short_v3_LATEST.txt, short_v3_LATEST.json, short_v3_20260616_155504.txt
2026-06-16 16:01:47,449 [INFO] ================================================================
2026-06-16 16:01:47,451 [INFO] SHORT SCANNER v3.0
2026-06-16 16:01:47,451 [INFO] ================================================================
2026-06-16 16:01:47,451 [INFO] Building universe (Bybit perps)...
2026-06-16 16:01:48,927 [INFO]   Universe (post-filter): 341 coins
2026-06-16 16:01:48,927 [INFO] Fetching BTC reference (1h)...
2026-06-16 16:01:48,935 [INFO] Scanning 341 coins on 1h timeframe...
2026-06-16 16:01:49,502 [INFO]   ...50/341  (surfaced: 6  excluded: 9)
2026-06-16 16:01:50,029 [INFO]   ...100/341  (surfaced: 12  excluded: 23)
2026-06-16 16:01:50,793 [INFO]   ...150/341  (surfaced: 19  excluded: 31)
2026-06-16 16:01:52,409 [INFO]   ...250/341  (surfaced: 31  excluded: 42)
2026-06-16 16:01:53,006 [INFO]   ...300/341  (surfaced: 35  excluded: 49)
2026-06-16 16:01:53,872 [INFO] Done in 6s  |  scanned=338  failed=3  excluded=53  watch_now=2  on_radar=39
2026-06-16 16:01:53,873 [INFO] 
================================================================================
  SHORT SCANNER v3.0  —  bearish setup watchlist
  Generated : 2026-06-16 16:01:53
  Universe  : 341 Bybit perps  |  Scanned: 338  |  Excluded (funding): 53
  Scan time : 6s  |  BTC: $66,052
================================================================================

  Tiers — WATCH NOW: conviction ≥ 45, signals ≥ 5
          ON RADAR : conviction ≥ 28, signals ≥ 3

  Hard exclude: funding rate ≤ -0.01% (avoid shorting into squeeze).
  This scanner does NOT produce trade plans — surfaces what's about to break.
  Confirm with trend_scanner regime check (BEAR/SIDEWAYS preferred) before entry.

--------------------------------------------------------------------------------
  WATCH NOW (SHORT)  —  2 coin(s)
--------------------------------------------------------------------------------

  [ 1] DRIFT       conv= 52.3  sigs= 8  price=$0.016860      24h= -2.41%  vol=$   1.6M
       fund: +0.0050%/8h  |  vs BTC 6h: +0.36%
       → RSI top zone, vol distrib, distrib candle, OBV distrib, RSI OB reset, CMF selling, failed bo, 5d top rej

  [ 2] HBAR        conv= 46.1  sigs= 8  price=$0.081480      24h= -2.89%  vol=$  15.2M
       fund: -0.0038%/8h  |  vs BTC 6h: -1.46%
       → RSI top zone, OBV distrib, OBV bear div, RSI bear div, RSI OB reset, CMF selling, failed bo, 5d top rej

--------------------------------------------------------------------------------
  ON RADAR (SHORT)   —  39 coin(s)
--------------------------------------------------------------------------------
  #   Symbol      Conv Sigs         Price     24h%    Vol $M  Signals
  ------------------------------------------------------------------------------
    1 AAOI        40.1    7  $ 187.590000   -6.09%  $    3.2  vol distrib, distrib candle, OBV distrib, RSI OB reset, CMF selling, +2
    2 CRCL        38.6    6  $  81.550000   -6.93%  $    3.4  distrib candle, OBV distrib, RSI OB reset, CMF selling, lower highs, +1
    3 CBRS        38.1    6  $ 210.700000   -5.85%  $    3.0  distrib candle, OBV distrib, OBV bear div, RSI OB reset, CMF selling, +1
    4 FHE         38.0    6  $   0.024560   -9.33%  $    1.8  OBV distrib, RSI bear div, RSI OB reset, CMF selling, lower highs, +1
    5 UAI         36.7    6  $   0.299810  -23.28%  $    7.1  distrib candle, RSI bear div, RSI OB reset, CMF selling, lower highs, +1
    6 MYX         36.2    6  $   0.158400   -3.77%  $    1.9  OBV distrib, RSI bear div, RSI OB reset, CMF selling, lower highs, +1
    7 QNTX        36.2    6  $  57.970000   -0.41%  $    1.3  RSI top zone, OBV distrib, RSI bear div, RSI OB reset, CMF selling, +1
    8 RKLB        36.2    6  $ 104.240000   -1.94%  $    0.7  vol distrib, distrib candle, OBV distrib, RSI OB reset, CMF selling, +1
    9 SNDK        36.1    7  $2,105.000000   -2.17%  $   20.3  RSI top zone, vol distrib, OBV distrib, RSI OB reset, CMF selling, +2
   10 HOOD        36.1    7  $  98.730000   -4.94%  $    1.3  RSI top zone, OBV distrib, RSI OB reset, CMF selling, lower highs, +2
   11 UMA         36.1    5  $   0.441300   +4.12%  $    1.2  RSI top zone, OBV distrib, OBV bear div, RSI bear div, RSI OB reset
   12 HANA        36.0    6  $   0.040476  +10.86%  $    5.9  vol distrib, RSI bear div, RSI OB reset, failed bo, vs BTC weak, +1
   13 MU          35.8    7  $1,089.710000   -1.30%  $   19.0  RSI top zone, vol distrib, OBV distrib, RSI OB reset, CMF selling, +2
   14 IOTA        35.7    6  $   0.048490   -4.30%  $    1.3  OBV distrib, RSI bear div, RSI OB reset, CMF selling, lower highs, +1
   15 EVAA        35.1    6  $   0.665900  -26.44%  $   53.5  RSI top zone, OBV bear div, RSI bear div, RSI OB reset, CMF selling, +1
   16 NVDA        33.9    5  $ 208.930000   -0.69%  $    1.4  distrib candle, OBV distrib, RSI OB reset, CMF selling, lower highs
   17 NOT         33.8    6  $   0.000420  -12.32%  $    3.6  vol distrib, RSI bear div, RSI OB reset, CMF selling, lower highs, +1
   18 ICNT        33.4    6  $   0.195600  -13.37%  $    0.9  vol distrib, distrib candle, RSI OB reset, CMF selling, lower highs, +1
   19 RENDER      33.3    6  $   1.757200   -6.11%  $   15.4  TTM squeeze, OBV distrib, OBV bear div, RSI OB reset, CMF selling, +1
   20 XTZ         32.9    5  $   0.242400   -1.77%  $    0.6  TTM squeeze, RSI top zone, OBV bear div, RSI OB reset, CMF selling
   21 WLFI        32.7    6  $   0.060090   -2.02%  $   14.1  TTM squeeze, RSI top zone, OBV distrib, RSI OB reset, CMF selling, +1
   22 ENSO        32.6    6  $   0.662100   +3.52%  $    4.1  RSI bear div, RSI OB reset, CMF selling, failed bo, vs BTC weak, +1
   23 2Z          32.6    6  $   0.069740   -6.84%  $    0.6  RSI top zone, vol distrib, OBV distrib, RSI OB reset, CMF selling, +1
   24 XAN         31.5    6  $   0.009317   -2.63%  $    1.1  TTM squeeze, RSI top zone, vol distrib, OBV distrib, RSI OB reset, +1
   25 SOON        30.9    5  $   0.170370   -4.01%  $    0.8  RSI top zone, OBV distrib, RSI OB reset, CMF selling, lower highs
   26 MAGMA       30.4    5  $   0.391380   +1.00%  $    3.0  TTM squeeze, RSI top zone, OBV distrib, OBV bear div, RSI bear div
   27 FLOW        30.3    5  $   0.029720   -0.78%  $    0.6  RSI top zone, OBV distrib, RSI OB reset, CMF selling, lower highs
   28 TAO         30.0    6  $ 261.300000   -6.44%  $   75.6  RSI top zone, RSI bear div, RSI OB reset, CMF selling, lower highs, +1
   29 BIO         30.0    5  $   0.030740   -8.40%  $    4.2  RSI top zone, OBV distrib, RSI OB reset, CMF selling, lower highs
   30 IRYS        30.0    5  $   0.018000   -5.40%  $    1.2  RSI top zone, OBV distrib, RSI OB reset, CMF selling, lower highs
   31 LTC         29.9    5  $  45.060000   -2.12%  $   26.0  OBV distrib, OBV bear div, RSI OB reset, CMF selling, 5d top rej
   32 THETA       29.9    5  $   0.161510   -5.10%  $    0.5  TTM squeeze, OBV distrib, RSI OB reset, CMF selling, lower highs
   33 AIO         29.8    5  $   0.108720   -4.27%  $    0.6  distrib candle, RSI OB reset, CMF selling, lower highs, vs BTC weak
   34 WET         29.6    5  $   0.059670   -3.40%  $    0.6  RSI top zone, RSI bear div, RSI OB reset, CMF selling, lower highs
   35 CRO         29.6    4  $   0.061350   -3.70%  $    0.9  distrib candle, OBV distrib, RSI OB reset, CMF selling
   36 BTW         29.5    5  $   0.056820  -28.36%  $    6.8  vol distrib, RSI bear div, RSI OB reset, CMF selling, vs BTC weak
   37 RIVER       29.5    5  $   4.856000   -2.09%  $    2.2  RSI top zone, RSI bear div, RSI OB reset, CMF selling, failed bo
   38 UNI         28.9    5  $   3.012000   +9.14%  $   54.2  RSI top zone, RSI bear div, RSI OB reset, failed bo, 5d top rej
   39 RUNE        28.6    6  $   0.404300   +2.01%  $    2.3  vol distrib, RSI OB reset, CMF selling, failed bo, vs BTC weak, +1

================================================================================
2026-06-16 16:01:53,882 [INFO]   Saved → short_v3_LATEST.txt, short_v3_LATEST.json, short_v3_20260616_160153.txt
2026-06-16 21:36:02,585 [INFO] ================================================================
2026-06-16 21:36:02,587 [INFO] SHORT SCANNER v3.0
2026-06-16 21:36:02,589 [INFO] ================================================================
2026-06-16 21:36:02,590 [INFO] Building universe (Bybit perps)...
2026-06-16 21:36:03,340 [INFO]   Universe (post-filter): 333 coins
2026-06-16 21:36:03,341 [INFO] Fetching BTC reference (1h)...
2026-06-16 21:36:03,377 [INFO] Scanning 333 coins on 1h timeframe...
2026-06-16 21:36:05,868 [INFO]   ...50/333  (surfaced: 6  excluded: 6)
2026-06-16 21:36:13,052 [INFO]   ...200/333  (surfaced: 15  excluded: 31)
2026-06-16 21:36:16,377 [INFO]   ...250/333  (surfaced: 18  excluded: 33)
2026-06-16 21:36:19,366 [INFO]   ...300/333  (surfaced: 20  excluded: 33)
2026-06-16 21:36:21,759 [INFO] Done in 19s  |  scanned=329  failed=4  excluded=33  watch_now=1  on_radar=25
2026-06-16 21:36:21,761 [INFO] 
================================================================================
  SHORT SCANNER v3.0  —  bearish setup watchlist
  Generated : 2026-06-16 21:36:21
  Universe  : 333 Bybit perps  |  Scanned: 329  |  Excluded (funding): 33
  Scan time : 19s  |  BTC: $65,676
================================================================================

  Tiers — WATCH NOW: conviction ≥ 45, signals ≥ 5
          ON RADAR : conviction ≥ 28, signals ≥ 3

  Hard exclude: funding rate ≤ -0.01% (avoid shorting into squeeze).
  This scanner does NOT produce trade plans — surfaces what's about to break.
  Confirm with trend_scanner regime check (BEAR/SIDEWAYS preferred) before entry.

--------------------------------------------------------------------------------
  WATCH NOW (SHORT)  —  1 coin(s)
--------------------------------------------------------------------------------

  [ 1] ALT         conv= 46.7  sigs= 8  price=$0.006658      24h= +2.31%  vol=$   1.4M
       fund: -0.0034%/8h  |  vs BTC 6h: +1.65%
       → RSI top zone, OBV distrib, OBV bear div, RSI bear div, RSI OB reset, CMF selling, failed bo, 5d top rej

--------------------------------------------------------------------------------
  ON RADAR (SHORT)   —  25 coin(s)
--------------------------------------------------------------------------------
  #   Symbol      Conv Sigs         Price     24h%    Vol $M  Signals
  ------------------------------------------------------------------------------
    1 ZKC         38.3    6  $   0.051780   -2.92%  $    3.2  RSI top zone, OBV distrib, RSI bear div, RSI OB reset, CMF selling, +1
    2 LAB         34.9    7  $  12.612000  +28.44%  $   50.3  RSI top zone, vol distrib, distrib candle, RSI OB reset, failed bo, +2
    3 RECALL      34.5    5  $   0.035360   -5.46%  $    0.6  OBV distrib, RSI bear div, RSI OB reset, CMF selling, lower highs
    4 SLX         34.4    5  $   0.179100   -5.64%  $    4.0  TTM squeeze, RSI top zone, OBV distrib, RSI bear div, RSI OB reset
    5 KAIA        32.9    5  $   0.038390   -0.70%  $    0.7  OBV distrib, RSI bear div, RSI OB reset, CMF selling, lower highs
    6 SOMI        32.5    6  $   0.110880   -1.44%  $    0.5  RSI top zone, OBV distrib, RSI bear div, RSI OB reset, CMF selling, +1
    7 KAITO       32.5    5  $   0.487400   +0.44%  $    1.3  TTM squeeze, OBV distrib, OBV bear div, RSI OB reset, CMF selling
    8 SUI         31.0    6  $   0.792500   -0.58%  $   55.7  RSI top zone, OBV distrib, RSI bear div, RSI OB reset, CMF selling, +1
    9 GOOGL       30.5    6  $ 373.280000   +0.81%  $    0.5  RSI top zone, OBV distrib, OBV bear div, RSI OB reset, CMF selling, +1
   10 AERO        30.4    5  $   0.459500   +9.50%  $   30.4  RSI top zone, OBV distrib, RSI OB reset, failed bo, 5d top rej
   11 M           30.4    5  $   3.124200   +6.14%  $    4.2  RSI top zone, RSI bear div, RSI OB reset, failed bo, 5d top rej
   12 AAOI        30.2    5  $ 171.200000  -10.07%  $    3.5  vol distrib, distrib candle, RSI bear div, CMF selling, vs BTC weak
   13 WCT         30.0    5  $   0.047810   +0.76%  $    2.3  RSI top zone, OBV distrib, OBV bear div, RSI OB reset, CMF selling
   14 QQQ         29.5    5  $ 730.420000   -1.86%  $    1.3  vol distrib, distrib candle, OBV distrib, RSI OB reset, CMF selling
   15 SIGN        29.4    5  $   0.008782   -0.62%  $    0.6  RSI top zone, OBV distrib, RSI bear div, RSI OB reset, lower highs
   16 BTW         29.1    5  $   0.061000  -32.73%  $    8.5  RSI top zone, vol distrib, RSI bear div, RSI OB reset, CMF selling
   17 CHIP        29.1    4  $   0.036070   -3.22%  $    7.4  OBV distrib, RSI bear div, RSI OB reset, CMF selling
   18 TAO         28.9    5  $ 252.470000   -5.83%  $   71.6  RSI bear div, RSI OB reset, CMF selling, lower highs, vs BTC weak
   19 SOL         28.8    5  $  73.800000   -1.37%  $  725.3  OBV distrib, RSI bear div, RSI OB reset, CMF selling, lower highs
   20 MRVL        28.7    5  $ 279.010000   -8.67%  $   12.9  vol distrib, RSI bear div, RSI OB reset, CMF selling, vs BTC weak
   21 BLUR        28.7    5  $   0.018489   -1.50%  $    0.6  TTM squeeze, OBV distrib, RSI OB reset, CMF selling, lower highs
   22 SOXL        28.3    5  $ 226.900000  -16.74%  $   34.2  vol distrib, distrib candle, RSI OB reset, CMF selling, vs BTC weak
   23 ROBO        28.2    5  $   0.019310   -0.26%  $    0.5  RSI top zone, OBV distrib, OBV bear div, RSI OB reset, CMF selling
   24 ZEST        28.0    6  $   0.267000   -4.15%  $    0.5  TTM squeeze, RSI OB reset, CMF selling, lower highs, vs BTC weak, +1
   25 LITE        28.0    4  $ 877.340000   -8.21%  $    1.1  distrib candle, OBV bear div, CMF selling, vs BTC weak

================================================================================
2026-06-16 21:36:21,778 [INFO]   Saved → short_v3_LATEST.txt, short_v3_LATEST.json, short_v3_20260616_213621.txt
2026-06-16 22:50:07,912 [INFO] ================================================================
2026-06-16 22:50:07,913 [INFO] SHORT SCANNER v3.0
2026-06-16 22:50:07,914 [INFO] ================================================================
2026-06-16 22:50:07,914 [INFO] Building universe (Bybit perps)...
2026-06-16 22:50:09,649 [INFO]   Universe (post-filter): 331 coins
2026-06-16 22:50:09,649 [INFO] Fetching BTC reference (1h)...
2026-06-16 22:50:09,660 [INFO] Scanning 331 coins on 1h timeframe...
2026-06-16 22:50:10,351 [INFO]   ...50/331  (surfaced: 5  excluded: 4)
2026-06-16 22:50:11,060 [INFO]   ...100/331  (surfaced: 9  excluded: 6)
2026-06-16 22:50:11,695 [INFO]   ...150/331  (surfaced: 13  excluded: 12)
2026-06-16 22:50:12,681 [INFO]   ...200/331  (surfaced: 17  excluded: 15)
2026-06-16 22:50:13,821 [INFO]   ...250/331  (surfaced: 20  excluded: 20)
2026-06-16 22:50:14,546 [INFO]   ...300/331  (surfaced: 22  excluded: 21)
2026-06-16 22:50:15,019 [INFO] Done in 7s  |  scanned=327  failed=4  excluded=23  watch_now=1  on_radar=26
2026-06-16 22:50:15,020 [INFO] 
================================================================================
  SHORT SCANNER v3.0  —  bearish setup watchlist
  Generated : 2026-06-16 22:50:15
  Universe  : 331 Bybit perps  |  Scanned: 327  |  Excluded (funding): 23
  Scan time : 7s  |  BTC: $65,854
================================================================================

  Tiers — WATCH NOW: conviction ≥ 45, signals ≥ 5
          ON RADAR : conviction ≥ 28, signals ≥ 3

  Hard exclude: funding rate ≤ -0.01% (avoid shorting into squeeze).
  This scanner does NOT produce trade plans — surfaces what's about to break.
  Confirm with trend_scanner regime check (BEAR/SIDEWAYS preferred) before entry.

--------------------------------------------------------------------------------
  WATCH NOW (SHORT)  —  1 coin(s)
--------------------------------------------------------------------------------

  [ 1] ALT         conv= 46.7  sigs= 8  price=$0.006658      24h= +3.14%  vol=$   1.5M
       fund: +0.0050%/8h  |  vs BTC 6h: +0.77%
       → RSI top zone, OBV distrib, OBV bear div, RSI bear div, RSI OB reset, CMF selling, failed bo, 5d top rej

--------------------------------------------------------------------------------
  ON RADAR (SHORT)   —  26 coin(s)
--------------------------------------------------------------------------------
  #   Symbol      Conv Sigs         Price     24h%    Vol $M  Signals
  ------------------------------------------------------------------------------
    1 ZKC         38.3    6  $   0.051780   -3.21%  $    3.1  RSI top zone, OBV distrib, RSI bear div, RSI OB reset, CMF selling, +1
    2 RECALL      34.5    5  $   0.035360   -5.39%  $    0.6  OBV distrib, RSI bear div, RSI OB reset, CMF selling, lower highs
    3 SLX         34.4    5  $   0.179100   -6.88%  $    3.9  TTM squeeze, RSI top zone, OBV distrib, RSI bear div, RSI OB reset
    4 KAIA        32.9    5  $   0.038390   -0.44%  $    0.6  OBV distrib, RSI bear div, RSI OB reset, CMF selling, lower highs
    5 KAITO       32.5    5  $   0.487400   +0.21%  $    1.4  TTM squeeze, OBV distrib, OBV bear div, RSI OB reset, CMF selling
    6 MIRA        31.9    5  $   0.053830   -2.09%  $    2.1  RSI top zone, OBV distrib, RSI bear div, CMF selling, lower highs
    7 QQQ         31.8    6  $ 730.420000   -1.79%  $    1.3  vol distrib, distrib candle, OBV distrib, RSI OB reset, CMF selling, +1
    8 SUSHI       31.7    6  $   0.188550   +5.47%  $    2.1  RSI top zone, RSI bear div, RSI OB reset, lower highs, failed bo, +1
    9 CHIP        31.3    5  $   0.036070   -2.64%  $    7.1  OBV distrib, RSI bear div, RSI OB reset, CMF selling, vs BTC weak
   10 SUI         31.0    6  $   0.792500   -0.26%  $   56.5  RSI top zone, OBV distrib, RSI bear div, RSI OB reset, CMF selling, +1
   11 GOOGL       30.5    6  $ 373.280000   +0.59%  $    0.6  RSI top zone, OBV distrib, OBV bear div, RSI OB reset, CMF selling, +1
   12 AERO        30.4    5  $   0.459500   +7.46%  $   30.8  RSI top zone, OBV distrib, RSI OB reset, failed bo, 5d top rej
   13 M           30.4    5  $   3.124200   +6.60%  $    4.3  RSI top zone, RSI bear div, RSI OB reset, failed bo, 5d top rej
   14 AAOI        30.3    5  $ 171.200000   -9.17%  $    3.5  vol distrib, distrib candle, RSI bear div, CMF selling, vs BTC weak
   15 WCT         30.0    5  $   0.047810   +0.52%  $    2.3  RSI top zone, OBV distrib, OBV bear div, RSI OB reset, CMF selling
   16 SIGN        29.4    5  $   0.008782   -1.22%  $    0.6  RSI top zone, OBV distrib, RSI bear div, RSI OB reset, lower highs
   17 TAO         29.1    5  $ 252.470000   -2.45%  $   72.0  RSI bear div, RSI OB reset, CMF selling, lower highs, vs BTC weak
   18 BTW         29.1    5  $   0.061000  -34.83%  $    8.5  RSI top zone, vol distrib, RSI bear div, RSI OB reset, CMF selling
   19 SOL         28.8    5  $  73.800000   -0.75%  $  710.7  OBV distrib, RSI bear div, RSI OB reset, CMF selling, lower highs
   20 MRVL        28.8    5  $ 279.010000   -7.30%  $   12.7  vol distrib, RSI bear div, RSI OB reset, CMF selling, vs BTC weak
   21 ZEST        28.7    6  $   0.267000   -3.95%  $    0.6  TTM squeeze, RSI OB reset, CMF selling, lower highs, vs BTC weak, +1
   22 BLUR        28.7    5  $   0.018489   -0.85%  $    0.6  TTM squeeze, OBV distrib, RSI OB reset, CMF selling, lower highs
   23 SOXL        28.5    5  $ 226.900000  -15.12%  $   34.9  vol distrib, distrib candle, RSI OB reset, CMF selling, vs BTC weak
   24 OPG         28.4    5  $   0.161300   -5.11%  $   15.1  OBV distrib, OBV bear div, RSI OB reset, CMF selling, vs BTC weak
   25 ROBO        28.2    5  $   0.019310   -0.21%  $    0.5  RSI top zone, OBV distrib, OBV bear div, RSI OB reset, CMF selling
   26 LITE        28.1    4  $ 877.340000   -7.65%  $    1.1  distrib candle, OBV bear div, CMF selling, vs BTC weak

================================================================================
2026-06-16 22:50:15,038 [INFO]   Saved → short_v3_LATEST.txt, short_v3_LATEST.json, short_v3_20260616_225015.txt
