2026-06-15 00:34:19,275 [INFO] ================================================================
2026-06-15 00:34:19,276 [INFO] SHORT SCANNER v3.0
2026-06-15 00:34:19,276 [INFO] ================================================================
2026-06-15 00:34:19,276 [INFO] Building universe (Bybit perps)...
2026-06-15 00:34:20,816 [INFO]   Universe (post-filter): 314 coins
2026-06-15 00:34:20,816 [INFO] Fetching BTC reference (1h)...
2026-06-15 00:34:20,830 [INFO] Scanning 314 coins on 1h timeframe...
2026-06-15 00:34:21,768 [INFO]   ...50/314  (surfaced: 0  excluded: 9)
2026-06-15 00:34:24,390 [INFO]   ...150/314  (surfaced: 5  excluded: 19)
2026-06-15 00:34:25,583 [INFO]   ...200/314  (surfaced: 8  excluded: 23)
2026-06-15 00:34:26,721 [INFO]   ...250/314  (surfaced: 16  excluded: 27)
2026-06-15 00:34:28,527 [INFO]   ...300/314  (surfaced: 17  excluded: 30)
2026-06-15 00:34:29,662 [INFO] Done in 10s  |  scanned=314  failed=0  excluded=31  watch_now=0  on_radar=18
2026-06-15 00:34:29,662 [INFO] 
================================================================================
  SHORT SCANNER v3.0  —  bearish setup watchlist
  Generated : 2026-06-15 00:34:29
  Universe  : 314 Bybit perps  |  Scanned: 314  |  Excluded (funding): 31
  Scan time : 10s  |  BTC: $65,312
================================================================================

  Tiers — WATCH NOW: conviction ≥ 45, signals ≥ 5
          ON RADAR : conviction ≥ 28, signals ≥ 3

  Hard exclude: funding rate ≤ -0.01% (avoid shorting into squeeze).
  This scanner does NOT produce trade plans — surfaces what's about to break.
  Confirm with trend_scanner regime check (BEAR/SIDEWAYS preferred) before entry.

--------------------------------------------------------------------------------
  WATCH NOW (SHORT)  —  0 coin(s)
--------------------------------------------------------------------------------
  (none)

--------------------------------------------------------------------------------
  ON RADAR (SHORT)   —  18 coin(s)
--------------------------------------------------------------------------------
  #   Symbol      Conv Sigs         Price     24h%    Vol $M  Signals
  ------------------------------------------------------------------------------
    1 MAGMA       38.8    7  $   0.326450   -4.96%  $    0.9  TTM squeeze, RSI top zone, RSI bear div, RSI OB reset, CMF selling, +2
    2 ZKP         36.7    5  $   0.058830   +6.46%  $    3.6  RSI top zone, OBV bear div, RSI bear div, RSI OB reset, CMF selling
    3 ASR         36.1    7  $   1.084100   +3.49%  $    0.5  RSI top zone, vol distrib, OBV distrib, OBV bear div, RSI OB reset, +2
    4 SPX         35.9    7  $   0.333800   +0.30%  $    3.0  RSI top zone, OBV distrib, RSI OB reset, CMF selling, lower highs, +2
    5 PORTAL      34.2    6  $   0.012522   -2.79%  $    1.7  RSI top zone, OBV distrib, RSI bear div, RSI OB reset, CMF selling, +1
    6 SPORTFUN    33.8    5  $   0.035950   -2.66%  $    1.0  RSI top zone, RSI bear div, RSI OB reset, CMF selling, lower highs
    7 MORPHO      32.8    7  $   1.945000   +0.03%  $    1.3  TTM squeeze, RSI top zone, OBV distrib, RSI OB reset, CMF selling, +2
    8 PRL         32.7    5  $   0.189400   -3.71%  $    0.9  RSI top zone, OBV bear div, RSI bear div, RSI OB reset, CMF selling
    9 NAORIS      32.4    6  $   0.034980   -5.19%  $    1.1  RSI top zone, OBV distrib, RSI bear div, CMF selling, lower highs, +1
   10 SPACE       32.4    6  $   0.006585   -4.30%  $    1.0  RSI top zone, OBV distrib, RSI bear div, RSI OB reset, lower highs, +1
   11 BLEND       32.1    5  $   0.060670   -3.58%  $    0.9  OBV distrib, RSI bear div, RSI OB reset, CMF selling, lower highs
   12 DEXE        31.6    6  $  17.570000   +3.65%  $    2.6  TTM squeeze, OBV distrib, RSI OB reset, CMF selling, lower highs, +1
   13 NOT         31.5    6  $   0.000481   -0.87%  $    4.9  RSI top zone, OBV distrib, OBV bear div, RSI OB reset, CMF selling, +1
   14 BIGTIME     31.0    5  $   0.009065   +2.86%  $    1.5  RSI top zone, OBV distrib, RSI bear div, RSI OB reset, CMF selling
   15 IRYS        30.2    4  $   0.018396   +1.12%  $    3.2  OBV distrib, RSI bear div, RSI OB reset, CMF selling
   16 NBIS        29.5    4  $ 243.220000   +6.04%  $    0.7  OBV distrib, RSI bear div, RSI OB reset, fund hot
   17 GIGGLE      28.8    4  $  28.820000   +5.14%  $    0.8  OBV distrib, RSI bear div, RSI OB reset, CMF selling
   18 IN          28.7    5  $   0.074880   -3.68%  $    1.1  RSI top zone, OBV distrib, RSI OB reset, CMF selling, lower highs

================================================================================
2026-06-15 00:34:29,671 [INFO]   Saved → short_v3_LATEST.txt, short_v3_LATEST.json, short_v3_20260615_003429.txt
2026-06-15 09:39:15,197 [INFO] ================================================================
2026-06-15 09:39:15,199 [INFO] SHORT SCANNER v3.0
2026-06-15 09:39:15,200 [INFO] ================================================================
2026-06-15 09:39:15,201 [INFO] Building universe (Bybit perps)...
2026-06-15 09:39:15,881 [INFO]   Universe (post-filter): 337 coins
2026-06-15 09:39:15,882 [INFO] Fetching BTC reference (1h)...
2026-06-15 09:39:15,901 [INFO] Scanning 337 coins on 1h timeframe...
2026-06-15 09:39:17,395 [INFO]   ...50/337  (surfaced: 3  excluded: 9)
2026-06-15 09:39:22,552 [INFO]   ...200/337  (surfaced: 10  excluded: 31)
2026-06-15 09:39:24,429 [INFO]   ...250/337  (surfaced: 14  excluded: 36)
2026-06-15 09:39:28,028 [INFO] Done in 13s  |  scanned=337  failed=0  excluded=46  watch_now=0  on_radar=17
2026-06-15 09:39:28,030 [INFO] 
================================================================================
  SHORT SCANNER v3.0  —  bearish setup watchlist
  Generated : 2026-06-15 09:39:28
  Universe  : 337 Bybit perps  |  Scanned: 337  |  Excluded (funding): 46
  Scan time : 13s  |  BTC: $65,675
================================================================================

  Tiers — WATCH NOW: conviction ≥ 45, signals ≥ 5
          ON RADAR : conviction ≥ 28, signals ≥ 3

  Hard exclude: funding rate ≤ -0.01% (avoid shorting into squeeze).
  This scanner does NOT produce trade plans — surfaces what's about to break.
  Confirm with trend_scanner regime check (BEAR/SIDEWAYS preferred) before entry.

--------------------------------------------------------------------------------
  WATCH NOW (SHORT)  —  0 coin(s)
--------------------------------------------------------------------------------
  (none)

--------------------------------------------------------------------------------
  ON RADAR (SHORT)   —  17 coin(s)
--------------------------------------------------------------------------------
  #   Symbol      Conv Sigs         Price     24h%    Vol $M  Signals
  ------------------------------------------------------------------------------
    1 JELLYJELLY  43.0    7  $   0.064020   -7.03%  $   33.3  vol distrib, distrib candle, RSI OB reset, CMF selling, failed bo, +2
    2 BABY        42.3    7  $   0.016883  +11.38%  $    9.7  vol distrib, OBV distrib, RSI bear div, RSI OB reset, failed bo, +2
    3 EDEN        39.8    6  $   0.045840  +14.78%  $    4.6  vol distrib, OBV distrib, OBV bear div, RSI bear div, RSI OB reset, +1
    4 SIREN       38.8    6  $   0.056590  -34.78%  $   41.8  RSI top zone, RSI bear div, RSI OB reset, CMF selling, lower highs, +1
    5 WET         38.0    7  $   0.062650   +8.98%  $    2.3  RSI top zone, vol distrib, distrib candle, RSI OB reset, CMF selling, +2
    6 OPEN        36.1    6  $   0.239320   -5.37%  $    3.3  OBV distrib, OBV bear div, RSI OB reset, CMF selling, vs BTC weak, +1
    7 ZORA        35.1    6  $   0.008561   +4.16%  $    1.3  RSI top zone, OBV distrib, OBV bear div, RSI bear div, RSI OB reset, +1
    8 PLAYSOUT    34.2    5  $   0.030040  -11.97%  $    2.4  RSI top zone, RSI bear div, RSI OB reset, CMF selling, lower highs
    9 ICNT        33.8    5  $   0.217200   +0.33%  $    1.0  RSI top zone, OBV distrib, OBV bear div, RSI bear div, RSI OB reset
   10 TLM         33.7    6  $   0.001034   -0.75%  $    0.8  OBV distrib, RSI bear div, RSI OB reset, CMF selling, lower highs, +1
   11 AMAT        32.4    6  $ 589.860000   +1.62%  $    0.9  TTM squeeze, RSI top zone, OBV distrib, OBV bear div, RSI OB reset, +1
   12 GWEI        31.9    5  $   0.139380  -19.59%  $    2.7  vol distrib, distrib candle, RSI OB reset, CMF selling, vs BTC weak
   13 ONT         30.8    6  $   0.049020   +2.53%  $    1.3  RSI top zone, vol distrib, distrib candle, RSI OB reset, CMF selling, +1
   14 MELANIA     30.4    5  $   0.080150   -2.33%  $    4.4  RSI top zone, OBV distrib, RSI bear div, RSI OB reset, lower highs
   15 SENT        29.7    6  $   0.015078   -3.35%  $    1.1  TTM squeeze, OBV distrib, RSI bear div, CMF selling, lower highs, +1
   16 ESPORTS     28.7    4  $   0.066240   -8.42%  $   49.7  RSI top zone, OBV distrib, RSI bear div, RSI OB reset
   17 SOPH        28.1    5  $   0.005521   -2.59%  $    0.6  distrib candle, OBV distrib, CMF selling, lower highs, vs BTC weak

================================================================================
2026-06-15 09:39:28,042 [INFO]   Saved → short_v3_LATEST.txt, short_v3_LATEST.json, short_v3_20260615_093928.txt
2026-06-15 15:03:23,404 [INFO] ================================================================
2026-06-15 15:03:23,407 [INFO] SHORT SCANNER v3.0
2026-06-15 15:03:23,410 [INFO] ================================================================
2026-06-15 15:03:23,411 [INFO] Building universe (Bybit perps)...
2026-06-15 15:03:24,064 [INFO]   Universe (post-filter): 352 coins
2026-06-15 15:03:24,065 [INFO] Fetching BTC reference (1h)...
2026-06-15 15:03:24,101 [INFO] Scanning 352 coins on 1h timeframe...
2026-06-15 15:03:29,774 [INFO]   ...100/352  (surfaced: 6  excluded: 12)
2026-06-15 15:03:35,819 [INFO]   ...200/352  (surfaced: 13  excluded: 22)
2026-06-15 15:03:38,625 [INFO]   ...250/352  (surfaced: 13  excluded: 24)
2026-06-15 15:03:41,662 [INFO]   ...300/352  (surfaced: 13  excluded: 28)
2026-06-15 15:03:44,815 [INFO]   ...350/352  (surfaced: 14  excluded: 29)
2026-06-15 15:03:44,939 [INFO] Done in 22s  |  scanned=351  failed=1  excluded=29  watch_now=0  on_radar=14
2026-06-15 15:03:44,941 [INFO] 
================================================================================
  SHORT SCANNER v3.0  —  bearish setup watchlist
  Generated : 2026-06-15 15:03:44
  Universe  : 352 Bybit perps  |  Scanned: 351  |  Excluded (funding): 29
  Scan time : 22s  |  BTC: $66,563
================================================================================

  Tiers — WATCH NOW: conviction ≥ 45, signals ≥ 5
          ON RADAR : conviction ≥ 28, signals ≥ 3

  Hard exclude: funding rate ≤ -0.01% (avoid shorting into squeeze).
  This scanner does NOT produce trade plans — surfaces what's about to break.
  Confirm with trend_scanner regime check (BEAR/SIDEWAYS preferred) before entry.

--------------------------------------------------------------------------------
  WATCH NOW (SHORT)  —  0 coin(s)
--------------------------------------------------------------------------------
  (none)

--------------------------------------------------------------------------------
  ON RADAR (SHORT)   —  14 coin(s)
--------------------------------------------------------------------------------
  #   Symbol      Conv Sigs         Price     24h%    Vol $M  Signals
  ------------------------------------------------------------------------------
    1 BANANAS31   41.8    7  $   0.010140   +8.90%  $   12.4  OBV distrib, OBV bear div, RSI OB reset, CMF selling, failed bo, +2
    2 PENDLE      40.0    6  $   1.394400   +7.21%  $    5.1  RSI top zone, OBV distrib, OBV bear div, RSI bear div, RSI OB reset, +1
    3 NIL         37.6    6  $   0.042970   +5.38%  $    4.2  RSI top zone, RSI bear div, RSI OB reset, CMF selling, failed bo, +1
    4 TAO         36.2    7  $ 279.840000   +4.04%  $  169.0  RSI top zone, OBV distrib, RSI bear div, RSI OB reset, failed bo, +2
    5 JCT         33.4    5  $   0.006167  -16.23%  $    5.3  RSI bear div, RSI OB reset, CMF selling, lower highs, vs BTC weak
    6 XPL         32.6    5  $   0.091650   +6.99%  $   29.5  RSI top zone, OBV distrib, OBV bear div, RSI bear div, RSI OB reset
    7 SKR         31.8    5  $   0.009480   -2.62%  $    2.6  RSI top zone, OBV distrib, RSI OB reset, CMF selling, lower highs
    8 BLUAI       29.9    5  $   0.013967   -1.27%  $    1.9  TTM squeeze, RSI top zone, OBV distrib, OBV bear div, RSI bear div
    9 SPX         29.4    5  $   0.346000   +6.20%  $    4.0  RSI top zone, OBV distrib, OBV bear div, RSI OB reset, failed bo
   10 PLAYSOUT    29.3    5  $   0.030310   -7.53%  $    2.3  RSI top zone, RSI bear div, RSI OB reset, CMF selling, vs BTC weak
   11 ZBT         29.0    5  $   0.112650   -4.70%  $    2.0  TTM squeeze, RSI top zone, OBV distrib, RSI OB reset, lower highs
   12 CYS         28.5    5  $   0.465100   -0.47%  $    0.5  OBV distrib, OBV bear div, RSI OB reset, CMF selling, vs BTC weak
   13 AIO         28.2    5  $   0.112350   -5.52%  $    1.5  vol distrib, OBV distrib, OBV bear div, CMF selling, vs BTC weak
   14 INTC        28.0    6  $ 128.720000   +2.50%  $    5.7  RSI top zone, vol distrib, OBV distrib, RSI OB reset, lower highs, +1

================================================================================
2026-06-15 15:03:44,971 [INFO]   Saved → short_v3_LATEST.txt, short_v3_LATEST.json, short_v3_20260615_150344.txt
2026-06-15 15:39:23,606 [INFO] ================================================================
2026-06-15 15:39:23,608 [INFO] SHORT SCANNER v3.0
2026-06-15 15:39:23,610 [INFO] ================================================================
2026-06-15 15:39:23,610 [INFO] Building universe (Bybit perps)...
2026-06-15 15:39:24,301 [INFO]   Universe (post-filter): 351 coins
2026-06-15 15:39:24,302 [INFO] Fetching BTC reference (1h)...
2026-06-15 15:39:24,331 [INFO] Scanning 351 coins on 1h timeframe...
2026-06-15 15:39:30,125 [INFO]   ...100/351  (surfaced: 5  excluded: 11)
2026-06-15 15:39:32,898 [INFO]   ...150/351  (surfaced: 10  excluded: 13)
2026-06-15 15:39:35,296 [INFO]   ...200/351  (surfaced: 12  excluded: 21)
2026-06-15 15:39:37,983 [INFO]   ...250/351  (surfaced: 13  excluded: 22)
2026-06-15 15:39:40,392 [INFO]   ...300/351  (surfaced: 13  excluded: 27)
2026-06-15 15:39:42,974 [INFO]   ...350/351  (surfaced: 14  excluded: 30)
2026-06-15 15:39:43,033 [INFO] Done in 19s  |  scanned=350  failed=1  excluded=30  watch_now=0  on_radar=14
2026-06-15 15:39:43,036 [INFO] 
================================================================================
  SHORT SCANNER v3.0  —  bearish setup watchlist
  Generated : 2026-06-15 15:39:43
  Universe  : 351 Bybit perps  |  Scanned: 350  |  Excluded (funding): 30
  Scan time : 19s  |  BTC: $66,563
================================================================================

  Tiers — WATCH NOW: conviction ≥ 45, signals ≥ 5
          ON RADAR : conviction ≥ 28, signals ≥ 3

  Hard exclude: funding rate ≤ -0.01% (avoid shorting into squeeze).
  This scanner does NOT produce trade plans — surfaces what's about to break.
  Confirm with trend_scanner regime check (BEAR/SIDEWAYS preferred) before entry.

--------------------------------------------------------------------------------
  WATCH NOW (SHORT)  —  0 coin(s)
--------------------------------------------------------------------------------
  (none)

--------------------------------------------------------------------------------
  ON RADAR (SHORT)   —  14 coin(s)
--------------------------------------------------------------------------------
  #   Symbol      Conv Sigs         Price     24h%    Vol $M  Signals
  ------------------------------------------------------------------------------
    1 BANANAS31   41.8    7  $   0.010140   +9.94%  $   12.0  OBV distrib, OBV bear div, RSI OB reset, CMF selling, failed bo, +2
    2 PENDLE      40.0    6  $   1.394400   +8.53%  $    5.1  RSI top zone, OBV distrib, OBV bear div, RSI bear div, RSI OB reset, +1
    3 NIL         37.6    6  $   0.042970   +7.51%  $    4.1  RSI top zone, RSI bear div, RSI OB reset, CMF selling, failed bo, +1
    4 TAO         36.2    7  $ 279.840000   +6.61%  $  168.0  RSI top zone, OBV distrib, RSI bear div, RSI OB reset, failed bo, +2
    5 JCT         33.4    5  $   0.006167   -8.19%  $    4.7  RSI bear div, RSI OB reset, CMF selling, lower highs, vs BTC weak
    6 XPL         32.6    5  $   0.091650  +10.16%  $   29.1  RSI top zone, OBV distrib, OBV bear div, RSI bear div, RSI OB reset
    7 SKR         31.8    5  $   0.009480   -3.59%  $    2.5  RSI top zone, OBV distrib, RSI OB reset, CMF selling, lower highs
    8 BLUAI       29.9    5  $   0.013967   +0.73%  $    1.8  TTM squeeze, RSI top zone, OBV distrib, OBV bear div, RSI bear div
    9 SPX         29.4    5  $   0.346000   +7.03%  $    4.1  RSI top zone, OBV distrib, OBV bear div, RSI OB reset, failed bo
   10 PLAYSOUT    29.3    5  $   0.030310   -5.35%  $    2.3  RSI top zone, RSI bear div, RSI OB reset, CMF selling, vs BTC weak
   11 ZBT         29.0    5  $   0.112650   -0.62%  $    2.0  TTM squeeze, RSI top zone, OBV distrib, RSI OB reset, lower highs
   12 CYS         28.5    5  $   0.465100   -1.73%  $    0.5  OBV distrib, OBV bear div, RSI OB reset, CMF selling, vs BTC weak
   13 AIO         28.2    5  $   0.112350   -4.32%  $    1.4  vol distrib, OBV distrib, OBV bear div, CMF selling, vs BTC weak
   14 INTC        28.0    6  $ 128.720000   +1.62%  $    6.3  RSI top zone, vol distrib, OBV distrib, RSI OB reset, lower highs, +1

================================================================================
2026-06-15 15:39:43,070 [INFO]   Saved → short_v3_LATEST.txt, short_v3_LATEST.json, short_v3_20260615_153943.txt
2026-06-15 16:13:24,644 [INFO] ================================================================
2026-06-15 16:13:24,645 [INFO] SHORT SCANNER v3.0
2026-06-15 16:13:24,647 [INFO] ================================================================
2026-06-15 16:13:24,647 [INFO] Building universe (Bybit perps)...
2026-06-15 16:13:25,273 [INFO]   Universe (post-filter): 349 coins
2026-06-15 16:13:25,273 [INFO] Fetching BTC reference (1h)...
2026-06-15 16:13:25,300 [INFO] Scanning 349 coins on 1h timeframe...
2026-06-15 16:13:28,990 [INFO]   ...100/349  (surfaced: 6  excluded: 12)
2026-06-15 16:13:31,004 [INFO]   ...150/349  (surfaced: 10  excluded: 14)
2026-06-15 16:13:35,926 [INFO]   ...250/349  (surfaced: 14  excluded: 23)
2026-06-15 16:13:38,385 [INFO]   ...300/349  (surfaced: 14  excluded: 27)
2026-06-15 16:13:40,966 [INFO] Done in 16s  |  scanned=348  failed=1  excluded=30  watch_now=0  on_radar=15
2026-06-15 16:13:40,968 [INFO] 
================================================================================
  SHORT SCANNER v3.0  —  bearish setup watchlist
  Generated : 2026-06-15 16:13:40
  Universe  : 349 Bybit perps  |  Scanned: 348  |  Excluded (funding): 30
  Scan time : 16s  |  BTC: $66,592
================================================================================

  Tiers — WATCH NOW: conviction ≥ 45, signals ≥ 5
          ON RADAR : conviction ≥ 28, signals ≥ 3

  Hard exclude: funding rate ≤ -0.01% (avoid shorting into squeeze).
  This scanner does NOT produce trade plans — surfaces what's about to break.
  Confirm with trend_scanner regime check (BEAR/SIDEWAYS preferred) before entry.

--------------------------------------------------------------------------------
  WATCH NOW (SHORT)  —  0 coin(s)
--------------------------------------------------------------------------------
  (none)

--------------------------------------------------------------------------------
  ON RADAR (SHORT)   —  15 coin(s)
--------------------------------------------------------------------------------
  #   Symbol      Conv Sigs         Price     24h%    Vol $M  Signals
  ------------------------------------------------------------------------------
    1 BANANAS31   41.8    7  $   0.010140  +10.93%  $   11.8  OBV distrib, OBV bear div, RSI OB reset, CMF selling, failed bo, +2
    2 PENDLE      40.0    6  $   1.394400   +8.85%  $    5.1  RSI top zone, OBV distrib, OBV bear div, RSI bear div, RSI OB reset, +1
    3 NIL         37.6    6  $   0.042970   +7.30%  $    4.1  RSI top zone, RSI bear div, RSI OB reset, CMF selling, failed bo, +1
    4 TAO         36.3    7  $ 279.840000   +3.92%  $  167.1  RSI top zone, OBV distrib, RSI bear div, RSI OB reset, failed bo, +2
    5 JCT         33.4    5  $   0.006167   -6.66%  $    4.5  RSI bear div, RSI OB reset, CMF selling, lower highs, vs BTC weak
    6 XPL         32.6    5  $   0.091650  +11.03%  $   29.4  RSI top zone, OBV distrib, OBV bear div, RSI bear div, RSI OB reset
    7 SKR         31.8    5  $   0.009480   -5.12%  $    2.4  RSI top zone, OBV distrib, RSI OB reset, CMF selling, lower highs
    8 BLUAI       29.9    5  $   0.013967   -0.15%  $    1.7  TTM squeeze, RSI top zone, OBV distrib, OBV bear div, RSI bear div
    9 MANTA       29.7    5  $   0.082400   +4.32%  $    0.5  RSI top zone, OBV distrib, RSI bear div, RSI OB reset, vs BTC weak
   10 SPX         29.4    5  $   0.346000   +5.00%  $    4.1  RSI top zone, OBV distrib, OBV bear div, RSI OB reset, failed bo
   11 PLAYSOUT    29.4    5  $   0.030310   -4.49%  $    2.4  RSI top zone, RSI bear div, RSI OB reset, CMF selling, vs BTC weak
   12 ZBT         29.0    5  $   0.112650   +0.57%  $    2.1  TTM squeeze, RSI top zone, OBV distrib, RSI OB reset, lower highs
   13 SIREN       28.9    5  $   0.056000   -9.64%  $   35.0  RSI top zone, RSI bear div, lower highs, vs BTC weak, fund hot
   14 AIO         28.2    5  $   0.112350   -5.51%  $    1.4  vol distrib, OBV distrib, OBV bear div, CMF selling, vs BTC weak
   15 INTC        28.0    6  $ 128.720000   +1.05%  $    6.7  RSI top zone, vol distrib, OBV distrib, RSI OB reset, lower highs, +1

================================================================================
2026-06-15 16:13:40,986 [INFO]   Saved → short_v3_LATEST.txt, short_v3_LATEST.json, short_v3_20260615_161340.txt
2026-06-15 18:24:25,773 [INFO] ================================================================
2026-06-15 18:24:25,776 [INFO] SHORT SCANNER v3.0
2026-06-15 18:24:25,776 [INFO] ================================================================
2026-06-15 18:24:25,777 [INFO] Building universe (Bybit perps)...
2026-06-15 18:24:26,513 [INFO]   Universe (post-filter): 363 coins
2026-06-15 18:24:26,515 [INFO] Fetching BTC reference (1h)...
2026-06-15 18:24:26,560 [INFO] Scanning 363 coins on 1h timeframe...
2026-06-15 18:24:28,949 [INFO]   ...50/363  (surfaced: 5  excluded: 7)
2026-06-15 18:24:31,457 [INFO]   ...100/363  (surfaced: 7  excluded: 20)
2026-06-15 18:24:34,170 [INFO]   ...150/363  (surfaced: 10  excluded: 27)
2026-06-15 18:24:39,126 [INFO]   ...250/363  (surfaced: 17  excluded: 46)
2026-06-15 18:24:41,842 [INFO]   ...300/363  (surfaced: 21  excluded: 53)
2026-06-15 18:24:45,702 [INFO]   ...350/363  (surfaced: 22  excluded: 59)
2026-06-15 18:24:47,344 [INFO] Done in 22s  |  scanned=362  failed=1  excluded=62  watch_now=0  on_radar=24
2026-06-15 18:24:47,350 [INFO] 
================================================================================
  SHORT SCANNER v3.0  —  bearish setup watchlist
  Generated : 2026-06-15 18:24:47
  Universe  : 363 Bybit perps  |  Scanned: 362  |  Excluded (funding): 62
  Scan time : 22s  |  BTC: $67,292
================================================================================

  Tiers — WATCH NOW: conviction ≥ 45, signals ≥ 5
          ON RADAR : conviction ≥ 28, signals ≥ 3

  Hard exclude: funding rate ≤ -0.01% (avoid shorting into squeeze).
  This scanner does NOT produce trade plans — surfaces what's about to break.
  Confirm with trend_scanner regime check (BEAR/SIDEWAYS preferred) before entry.

--------------------------------------------------------------------------------
  WATCH NOW (SHORT)  —  0 coin(s)
--------------------------------------------------------------------------------
  (none)

--------------------------------------------------------------------------------
  ON RADAR (SHORT)   —  24 coin(s)
--------------------------------------------------------------------------------
  #   Symbol      Conv Sigs         Price     24h%    Vol $M  Signals
  ------------------------------------------------------------------------------
    1 ROAM        43.2    7  $   0.008946   -1.32%  $    3.6  RSI top zone, distrib candle, RSI OB reset, CMF selling, lower highs, +2
    2 LITE        41.1    8  $ 943.890000   +1.14%  $    1.1  vol distrib, distrib candle, OBV distrib, CMF selling, lower highs, +3
    3 BLUAI       39.1    7  $   0.013989   -2.90%  $    1.4  TTM squeeze, RSI top zone, OBV distrib, OBV bear div, RSI bear div, +2
    4 WLD         37.9    7  $   0.587900  +13.15%  $  242.5  RSI top zone, vol distrib, RSI bear div, RSI OB reset, failed bo, +2
    5 US          37.1    6  $   0.014047  +12.89%  $    1.0  RSI top zone, vol distrib, distrib candle, RSI OB reset, failed bo, +1
    6 XPL         36.5    7  $   0.093840   +7.55%  $   30.4  RSI top zone, OBV bear div, RSI bear div, RSI OB reset, failed bo, +2
    7 SKR         34.8    6  $   0.009467   -2.00%  $    2.3  RSI top zone, OBV distrib, RSI bear div, CMF selling, lower highs, +1
    8 10000NEX    33.8    6  $   0.030740   +1.49%  $    0.5  vol distrib, OBV bear div, RSI bear div, RSI OB reset, CMF selling, +1
    9 EDGE        33.6    6  $   0.366000   -7.72%  $    3.1  RSI top zone, OBV distrib, RSI bear div, RSI OB reset, CMF selling, +1
   10 JCT         33.3    5  $   0.006390   -3.52%  $    4.4  OBV distrib, RSI bear div, CMF selling, lower highs, vs BTC weak
   11 MANTA       32.5    6  $   0.083000   +3.17%  $    0.5  TTM squeeze, RSI top zone, OBV distrib, RSI bear div, RSI OB reset, +1
   12 IP          32.1    5  $   0.318600   +5.74%  $   11.4  OBV distrib, RSI bear div, CMF selling, failed bo, 5d top rej
   13 ESP         30.9    7  $   0.076020   +6.97%  $    1.1  RSI top zone, vol distrib, RSI OB reset, CMF selling, failed bo, +2
   14 HNT         29.9    5  $   0.301800   +3.73%  $    1.7  RSI top zone, OBV distrib, RSI bear div, RSI OB reset, vs BTC weak
   15 PUMPFUN     29.8    5  $   0.001607   +7.16%  $   13.0  OBV bear div, RSI bear div, RSI OB reset, failed bo, 5d top rej
   16 MEGA        29.7    6  $   0.065890   +0.05%  $   17.6  RSI top zone, RSI OB reset, CMF selling, failed bo, vs BTC weak, +1
   17 OPN         29.6    6  $   0.079800   -0.90%  $    2.4  TTM squeeze, RSI top zone, OBV distrib, OBV bear div, RSI OB reset, +1
   18 SOXL        29.5    4  $ 269.010000  +12.83%  $   25.8  RSI top zone, OBV distrib, OBV bear div, RSI bear div
   19 SIREN       29.2    5  $   0.055210   +1.14%  $   31.3  RSI top zone, RSI bear div, RSI OB reset, vs BTC weak, fund hot
   20 GRT         28.9    5  $   0.020920   +6.13%  $    1.2  RSI top zone, OBV distrib, RSI bear div, failed bo, 5d top rej
   21 PRL         28.9    5  $   0.190700   +2.23%  $    0.5  RSI top zone, OBV distrib, RSI bear div, RSI OB reset, vs BTC weak
   22 RKLB        28.8    4  $ 108.640000   +2.76%  $    0.8  RSI top zone, OBV bear div, RSI bear div, failed bo
   23 HANA        28.1    5  $   0.037040  +19.44%  $    1.3  OBV bear div, RSI bear div, RSI OB reset, CMF selling, 5d top rej
   24 TSLA        28.1    5  $ 409.120000   +0.60%  $    0.9  OBV distrib, OBV bear div, RSI OB reset, failed bo, vs BTC weak

================================================================================
2026-06-15 18:24:47,402 [INFO]   Saved → short_v3_LATEST.txt, short_v3_LATEST.json, short_v3_20260615_182447.txt
2026-06-15 19:33:52,637 [INFO] ================================================================
2026-06-15 19:33:52,642 [INFO] SHORT SCANNER v3.0
2026-06-15 19:33:52,642 [INFO] ================================================================
2026-06-15 19:33:52,644 [INFO] Building universe (Bybit perps)...
2026-06-15 19:33:53,391 [INFO]   Universe (post-filter): 359 coins
2026-06-15 19:33:53,394 [INFO] Fetching BTC reference (1h)...
2026-06-15 19:33:53,425 [INFO] Scanning 359 coins on 1h timeframe...
2026-06-15 19:33:58,514 [INFO]   ...100/359  (surfaced: 8  excluded: 20)
2026-06-15 19:34:01,027 [INFO]   ...150/359  (surfaced: 12  excluded: 27)
2026-06-15 19:34:03,590 [INFO]   ...200/359  (surfaced: 19  excluded: 34)
2026-06-15 19:34:06,141 [INFO]   ...250/359  (surfaced: 26  excluded: 40)
2026-06-15 19:34:08,664 [INFO]   ...300/359  (surfaced: 30  excluded: 46)
2026-06-15 19:34:11,344 [INFO]   ...350/359  (surfaced: 37  excluded: 49)
2026-06-15 19:34:11,849 [INFO] Done in 19s  |  scanned=358  failed=1  excluded=49  watch_now=3  on_radar=36
2026-06-15 19:34:11,854 [INFO] 
================================================================================
  SHORT SCANNER v3.0  —  bearish setup watchlist
  Generated : 2026-06-15 19:34:11
  Universe  : 359 Bybit perps  |  Scanned: 358  |  Excluded (funding): 49
  Scan time : 19s  |  BTC: $66,852
================================================================================

  Tiers — WATCH NOW: conviction ≥ 45, signals ≥ 5
          ON RADAR : conviction ≥ 28, signals ≥ 3

  Hard exclude: funding rate ≤ -0.01% (avoid shorting into squeeze).
  This scanner does NOT produce trade plans — surfaces what's about to break.
  Confirm with trend_scanner regime check (BEAR/SIDEWAYS preferred) before entry.

--------------------------------------------------------------------------------
  WATCH NOW (SHORT)  —  3 coin(s)
--------------------------------------------------------------------------------

  [ 1] PENDLE      conv= 49.2  sigs= 8  price=$1.401500      24h= +7.65%  vol=$   6.0M
       fund: -0.0095%/8h  |  vs BTC 6h: -0.43%
       → RSI top zone, OBV distrib, OBV bear div, RSI bear div, RSI OB reset, CMF selling, failed bo, 5d top rej

  [ 2] IP          conv= 48.5  sigs= 8  price=$0.314500      24h= +6.41%  vol=$  11.3M
       fund: +0.0050%/8h  |  vs BTC 6h: -0.33%
       → RSI top zone, vol distrib, OBV distrib, RSI bear div, RSI OB reset, CMF selling, failed bo, 5d top rej

  [ 3] AGI         conv= 45.8  sigs= 8  price=$0.005862      24h= +8.30%  vol=$   0.6M
       fund: +0.0100%/8h  |  vs BTC 6h: -1.85%
       → OBV distrib, OBV bear div, RSI bear div, RSI OB reset, CMF selling, failed bo, vs BTC weak, 5d top rej

--------------------------------------------------------------------------------
  ON RADAR (SHORT)   —  36 coin(s)
--------------------------------------------------------------------------------
  #   Symbol      Conv Sigs         Price     24h%    Vol $M  Signals
  ------------------------------------------------------------------------------
    1 HEMI        42.3    7  $   0.006133   +1.20%  $    0.6  TTM squeeze, RSI top zone, vol distrib, OBV distrib, RSI bear div, +2
    2 NOM         40.3    8  $   0.001747  +10.26%  $    0.6  RSI top zone, vol distrib, RSI bear div, RSI OB reset, CMF selling, +3
    3 US          39.9    7  $   0.014088  +15.44%  $    1.1  RSI top zone, vol distrib, distrib candle, RSI OB reset, failed bo, +2
    4 SPX         38.7    7  $   0.346800   +6.67%  $    4.3  RSI top zone, OBV distrib, OBV bear div, RSI bear div, RSI OB reset, +2
    5 LITE        38.7    7  $ 958.140000   +1.68%  $    1.1  RSI top zone, distrib candle, OBV distrib, CMF selling, lower highs, +2
    6 EDEN        38.5    6  $   0.045010   -2.41%  $    4.4  OBV distrib, RSI bear div, RSI OB reset, CMF selling, lower highs, +1
    7 ESP         37.4    7  $   0.073960   +2.79%  $    1.1  vol distrib, OBV distrib, RSI OB reset, CMF selling, failed bo, +2
    8 HNT         37.0    7  $   0.299800   +5.14%  $    1.7  TTM squeeze, RSI top zone, vol distrib, OBV distrib, RSI bear div, +2
    9 BRETT       35.9    7  $   0.006580   +3.36%  $    1.3  TTM squeeze, RSI top zone, OBV bear div, RSI bear div, RSI OB reset, +2
   10 SEI         35.6    7  $   0.055350   +3.42%  $    7.6  TTM squeeze, RSI top zone, RSI bear div, RSI OB reset, CMF selling, +2
   11 DASH        35.2    7  $  39.280000  +13.25%  $    7.9  RSI top zone, vol distrib, OBV distrib, RSI bear div, RSI OB reset, +2
   12 BAT         35.0    7  $   0.093570   +7.27%  $    0.6  RSI top zone, OBV bear div, RSI bear div, RSI OB reset, CMF selling, +2
   13 APE         34.6    6  $   0.131860   +6.83%  $    2.9  OBV distrib, RSI bear div, RSI OB reset, failed bo, vs BTC weak, +1
   14 QCOM        34.5    7  $ 220.920000   +3.08%  $    0.6  TTM squeeze, RSI top zone, RSI bear div, RSI OB reset, failed bo, +2
   15 MNT         33.8    6  $   0.582900   +5.15%  $   10.6  RSI top zone, vol distrib, OBV distrib, RSI bear div, RSI OB reset, +1
   16 ZRO         33.4    7  $   1.112500  +21.93%  $   24.3  RSI top zone, vol distrib, RSI OB reset, CMF selling, failed bo, +2
   17 10000NEX    33.3    6  $   0.030700   +0.36%  $    0.5  vol distrib, OBV bear div, RSI bear div, RSI OB reset, CMF selling, +1
   18 MERL        33.1    6  $   0.022260  +12.84%  $    1.7  RSI top zone, vol distrib, RSI OB reset, CMF selling, failed bo, +1
   19 SPK         33.1    6  $   0.020201   +4.44%  $    1.5  RSI top zone, OBV distrib, OBV bear div, RSI OB reset, CMF selling, +1
   20 USELESS     33.0    5  $   0.076180  +19.31%  $    8.2  RSI top zone, RSI bear div, RSI OB reset, failed bo, 5d top rej
   21 S           33.0    5  $   0.033540  +12.50%  $    2.2  RSI top zone, OBV bear div, RSI bear div, RSI OB reset, failed bo
   22 XVG         32.9    7  $   0.002815  +14.51%  $    1.7  RSI top zone, vol distrib, RSI OB reset, failed bo, vs BTC weak, +2
   23 GRT         32.6    6  $   0.020750   +6.37%  $    1.2  RSI top zone, vol distrib, OBV distrib, RSI bear div, RSI OB reset, +1
   24 RESOLV      32.3    6  $   0.018260   +6.16%  $    1.1  RSI top zone, RSI bear div, RSI OB reset, CMF selling, failed bo, +1
   25 KITE        32.1    6  $   0.192650   +3.79%  $    1.9  OBV distrib, RSI bear div, RSI OB reset, CMF selling, vs BTC weak, +1
   26 SKR         31.9    5  $   0.009565   +0.14%  $    2.2  RSI top zone, RSI bear div, RSI OB reset, CMF selling, lower highs
   27 IREN        31.5    6  $  61.840000   +1.60%  $    0.8  vol distrib, OBV distrib, RSI bear div, RSI OB reset, CMF selling, +1
   28 ICNT        31.3    6  $   0.214800   -2.37%  $    0.7  TTM squeeze, RSI top zone, OBV distrib, RSI bear div, RSI OB reset, +1
   29 MANTA       30.6    6  $   0.081840   +2.36%  $    0.5  TTM squeeze, RSI top zone, OBV distrib, RSI OB reset, CMF selling, +1
   30 BILL        30.2    5  $   0.075270   +4.72%  $    4.8  RSI top zone, RSI bear div, RSI OB reset, failed bo, 5d top rej
   31 PIPPIN      30.0    6  $   0.018990   +3.51%  $    5.4  TTM squeeze, OBV distrib, RSI OB reset, CMF selling, lower highs, +1
   32 ZETA        28.9    6  $   0.039980   +4.78%  $    0.5  RSI top zone, OBV bear div, RSI OB reset, CMF selling, failed bo, +1
   33 OPN         28.4    5  $   0.076600   -2.69%  $    2.6  RSI bear div, RSI OB reset, CMF selling, lower highs, vs BTC weak
   34 SPACE       28.4    5  $   0.006457   -0.53%  $    0.9  TTM squeeze, RSI top zone, OBV distrib, CMF selling, lower highs
   35 CORE        28.2    5  $   0.029570   +6.11%  $    0.5  RSI top zone, RSI bear div, RSI OB reset, failed bo, 5d top rej
   36 FF          28.2    4  $   0.072380   +3.67%  $    1.0  RSI top zone, RSI bear div, RSI OB reset, CMF selling

================================================================================
2026-06-15 19:34:11,880 [INFO]   Saved → short_v3_LATEST.txt, short_v3_LATEST.json, short_v3_20260615_193411.txt
2026-06-15 21:41:43,495 [INFO] ================================================================
2026-06-15 21:41:43,496 [INFO] SHORT SCANNER v3.0
2026-06-15 21:41:43,497 [INFO] ================================================================
2026-06-15 21:41:43,497 [INFO] Building universe (Bybit perps)...
2026-06-15 21:41:44,578 [INFO]   Universe (post-filter): 361 coins
2026-06-15 21:41:44,579 [INFO] Fetching BTC reference (1h)...
2026-06-15 21:41:44,590 [INFO] Scanning 361 coins on 1h timeframe...
2026-06-15 21:41:46,445 [INFO]   ...100/361  (surfaced: 11  excluded: 20)
2026-06-15 21:41:47,373 [INFO]   ...150/361  (surfaced: 16  excluded: 26)
2026-06-15 21:41:48,291 [INFO]   ...200/361  (surfaced: 20  excluded: 34)
2026-06-15 21:41:49,257 [INFO]   ...250/361  (surfaced: 30  excluded: 38)
2026-06-15 21:41:50,466 [INFO]   ...300/361  (surfaced: 41  excluded: 43)
2026-06-15 21:41:51,353 [INFO]   ...350/361  (surfaced: 48  excluded: 47)
2026-06-15 21:41:51,597 [INFO] Done in 8s  |  scanned=360  failed=1  excluded=47  watch_now=1  on_radar=47
2026-06-15 21:41:51,598 [INFO] 
================================================================================
  SHORT SCANNER v3.0  —  bearish setup watchlist
  Generated : 2026-06-15 21:41:51
  Universe  : 361 Bybit perps  |  Scanned: 360  |  Excluded (funding): 47
  Scan time : 8s  |  BTC: $66,614
================================================================================

  Tiers — WATCH NOW: conviction ≥ 45, signals ≥ 5
          ON RADAR : conviction ≥ 28, signals ≥ 3

  Hard exclude: funding rate ≤ -0.01% (avoid shorting into squeeze).
  This scanner does NOT produce trade plans — surfaces what's about to break.
  Confirm with trend_scanner regime check (BEAR/SIDEWAYS preferred) before entry.

--------------------------------------------------------------------------------
  WATCH NOW (SHORT)  —  1 coin(s)
--------------------------------------------------------------------------------

  [ 1] PENDLE      conv= 47.4  sigs= 8  price=$1.374900      24h= +4.15%  vol=$   6.3M
       fund: -0.0014%/8h  |  vs BTC 6h: -2.21%
       → TTM squeeze, OBV distrib, OBV bear div, RSI OB reset, CMF selling, failed bo, vs BTC weak, 5d top rej

--------------------------------------------------------------------------------
  ON RADAR (SHORT)   —  47 coin(s)
--------------------------------------------------------------------------------
  #   Symbol      Conv Sigs         Price     24h%    Vol $M  Signals
  ------------------------------------------------------------------------------
    1 AGI         42.7    7  $   0.005755   +6.16%  $    0.6  OBV distrib, OBV bear div, RSI bear div, CMF selling, failed bo, +2
    2 TNSR        40.7    7  $   0.030570   +6.72%  $    0.7  RSI top zone, vol distrib, OBV distrib, RSI OB reset, CMF selling, +2
    3 BRETT       39.9    7  $   0.006465   +0.85%  $    1.3  TTM squeeze, OBV distrib, OBV bear div, RSI bear div, RSI OB reset, +2
    4 MSTR        39.2    6  $ 131.190000   +4.31%  $    4.7  vol distrib, OBV distrib, OBV bear div, RSI OB reset, CMF selling, +1
    5 HEMI        38.7    7  $   0.005962   -0.55%  $    0.7  TTM squeeze, vol distrib, OBV distrib, RSI bear div, RSI OB reset, +2
    6 SPACE       38.3    8  $   0.006328   +1.83%  $    1.0  TTM squeeze, RSI top zone, vol distrib, OBV distrib, RSI OB reset, +3
    7 SEI         38.3    7  $   0.054100   +0.84%  $    7.8  TTM squeeze, OBV distrib, RSI bear div, RSI OB reset, CMF selling, +2
    8 BLESS       37.5    7  $   0.005485   +7.67%  $    0.8  TTM squeeze, vol distrib, RSI bear div, RSI OB reset, CMF selling, +2
    9 SKR         37.4    6  $   0.009447   -1.60%  $    2.1  TTM squeeze, RSI top zone, RSI bear div, RSI OB reset, CMF selling, +1
   10 MYX         35.9    7  $   0.168200   -2.56%  $    1.7  TTM squeeze, RSI top zone, RSI bear div, RSI OB reset, CMF selling, +2
   11 HOLO        35.8    6  $   0.066360   -1.32%  $    1.4  distrib candle, OBV distrib, RSI OB reset, CMF selling, lower highs, +1
   12 COIN        34.4    7  $ 169.600000   +5.34%  $    0.7  RSI top zone, vol distrib, RSI bear div, RSI OB reset, failed bo, +2
   13 SPX         34.4    6  $   0.340900   +3.86%  $    4.5  OBV distrib, OBV bear div, RSI bear div, RSI OB reset, vs BTC weak, +1
   14 RSR         34.1    7  $   0.001447   +4.01%  $    0.6  RSI top zone, vol distrib, OBV distrib, RSI OB reset, CMF selling, +2
   15 IP          33.8    5  $   0.310600   +7.21%  $   11.3  OBV distrib, RSI bear div, RSI OB reset, CMF selling, vs BTC weak
   16 LIT         33.3    7  $   1.665500   +6.75%  $   14.8  TTM squeeze, RSI top zone, vol distrib, RSI OB reset, CMF selling, +2
   17 SENT        33.3    6  $   0.014934   -1.99%  $    1.0  TTM squeeze, RSI bear div, RSI OB reset, CMF selling, lower highs, +1
   18 VET         33.2    6  $   0.005284   +7.25%  $    0.9  RSI top zone, OBV bear div, RSI OB reset, CMF selling, failed bo, +1
   19 MEGA        33.0    6  $   0.060150   -3.11%  $   17.1  RSI OB reset, CMF selling, lower highs, failed bo, vs BTC weak, +1
   20 MERL        32.9    6  $   0.021740  +10.22%  $    1.8  vol distrib, RSI OB reset, CMF selling, failed bo, vs BTC weak, +1
   21 GRASS       32.8    6  $   0.464820  +16.26%  $   16.1  RSI top zone, RSI bear div, RSI OB reset, failed bo, vs BTC weak, +1
   22 USELESS     32.6    6  $   0.074570  +14.66%  $    8.7  RSI top zone, vol distrib, RSI bear div, RSI OB reset, vs BTC weak, +1
   23 XTZ         32.6    6  $   0.242400   +5.15%  $    0.6  RSI top zone, OBV distrib, RSI OB reset, CMF selling, failed bo, +1
   24 OPN         32.3    6  $   0.075100   -2.44%  $    2.8  vol distrib, RSI bear div, RSI OB reset, CMF selling, lower highs, +1
   25 HANA        32.2    5  $   0.037672  +19.09%  $    1.4  RSI bear div, RSI OB reset, CMF selling, failed bo, 5d top rej
   26 EDEN        31.8    6  $   0.045620   -0.74%  $    4.3  RSI top zone, RSI bear div, RSI OB reset, CMF selling, lower highs, +1
   27 INJ         31.7    6  $   5.607000  +13.61%  $   26.5  vol distrib, OBV bear div, RSI bear div, RSI OB reset, failed bo, +1
   28 HOOD        31.5    6  $  98.100000   +4.64%  $    1.0  RSI top zone, vol distrib, RSI bear div, RSI OB reset, failed bo, +1
   29 PEAQ        31.2    6  $   0.023067   +7.60%  $    1.2  RSI top zone, OBV bear div, RSI bear div, RSI OB reset, failed bo, +1
   30 CRWV        30.8    6  $ 106.840000   +3.28%  $    1.4  TTM squeeze, RSI top zone, RSI bear div, RSI OB reset, CMF selling, +1
   31 SXT         30.4    6  $   0.008117   +1.03%  $    0.6  TTM squeeze, vol distrib, OBV distrib, RSI OB reset, CMF selling, +1
   32 BLUAI       30.3    6  $   0.013879   -0.77%  $    1.1  RSI top zone, OBV distrib, RSI bear div, RSI OB reset, lower highs, +1
   33 OPEN        30.3    5  $   0.236500   -1.04%  $    3.5  OBV distrib, RSI OB reset, CMF selling, lower highs, vs BTC weak
   34 RESOLV      30.2    5  $   0.017910   +0.56%  $    0.9  OBV distrib, RSI bear div, RSI OB reset, CMF selling, vs BTC weak
   35 SOON        30.2    4  $   0.176250   +6.18%  $    0.8  TTM squeeze, OBV distrib, RSI bear div, RSI OB reset
   36 0G          30.0    5  $   0.307600   +5.46%  $    1.1  OBV distrib, OBV bear div, RSI OB reset, CMF selling, vs BTC weak
   37 LAB         29.7    5  $   9.675000   -0.64%  $   25.7  RSI bear div, RSI OB reset, CMF selling, lower highs, vs BTC weak
   38 RUNE        29.5    5  $   0.391000   +5.02%  $    1.4  OBV distrib, RSI bear div, RSI OB reset, CMF selling, vs BTC weak
   39 API3        29.4    6  $   0.272900   +6.87%  $    1.2  RSI top zone, RSI bear div, RSI OB reset, CMF selling, lower highs, +1
   40 KITE        29.3    5  $   0.191730   +2.03%  $    1.9  OBV distrib, RSI bear div, RSI OB reset, CMF selling, vs BTC weak
   41 ZRO         29.1    6  $   1.114000  +21.96%  $   25.7  vol distrib, RSI OB reset, CMF selling, failed bo, vs BTC weak, +1
   42 ZEREBRO     28.9    6  $   0.024732   -0.33%  $    1.0  TTM squeeze, vol distrib, OBV distrib, RSI OB reset, CMF selling, +1
   43 CORE        28.4    5  $   0.028970   +4.20%  $    0.6  RSI bear div, RSI OB reset, failed bo, vs BTC weak, 5d top rej
   44 BAT         28.3    5  $   0.092970   +5.47%  $    0.7  OBV distrib, RSI bear div, RSI OB reset, CMF selling, vs BTC weak
   45 PENGU       28.1    5  $   0.007229   +9.51%  $   18.2  RSI top zone, RSI bear div, RSI OB reset, failed bo, 5d top rej
   46 SPK         28.0    5  $   0.020014   +3.43%  $    1.5  OBV distrib, RSI OB reset, CMF selling, lower highs, vs BTC weak
   47 SYRUP       28.0    5  $   0.143390   +5.43%  $    0.8  RSI top zone, RSI bear div, RSI OB reset, CMF selling, failed bo

================================================================================
2026-06-15 21:41:51,613 [INFO]   Saved → short_v3_LATEST.txt, short_v3_LATEST.json, short_v3_20260615_214151.txt
2026-06-15 22:19:47,177 [INFO] ================================================================
2026-06-15 22:19:47,180 [INFO] SHORT SCANNER v3.0
2026-06-15 22:19:47,181 [INFO] ================================================================
2026-06-15 22:19:47,181 [INFO] Building universe (Bybit perps)...
2026-06-15 22:19:47,912 [INFO]   Universe (post-filter): 362 coins
2026-06-15 22:19:47,913 [INFO] Fetching BTC reference (1h)...
2026-06-15 22:19:47,937 [INFO] Scanning 362 coins on 1h timeframe...
2026-06-15 22:19:50,828 [INFO]   ...100/362  (surfaced: 13  excluded: 17)
2026-06-15 22:19:52,867 [INFO]   ...150/362  (surfaced: 18  excluded: 21)
2026-06-15 22:19:54,261 [INFO]   ...200/362  (surfaced: 22  excluded: 28)
2026-06-15 22:19:55,763 [INFO]   ...250/362  (surfaced: 32  excluded: 29)
2026-06-15 22:19:57,184 [INFO]   ...300/362  (surfaced: 44  excluded: 32)
2026-06-15 22:19:58,675 [INFO]   ...350/362  (surfaced: 51  excluded: 35)
2026-06-15 22:19:59,017 [INFO] Done in 12s  |  scanned=361  failed=1  excluded=36  watch_now=1  on_radar=50
2026-06-15 22:19:59,018 [INFO] 
================================================================================
  SHORT SCANNER v3.0  —  bearish setup watchlist
  Generated : 2026-06-15 22:19:59
  Universe  : 362 Bybit perps  |  Scanned: 361  |  Excluded (funding): 36
  Scan time : 12s  |  BTC: $66,614
================================================================================

  Tiers — WATCH NOW: conviction ≥ 45, signals ≥ 5
          ON RADAR : conviction ≥ 28, signals ≥ 3

  Hard exclude: funding rate ≤ -0.01% (avoid shorting into squeeze).
  This scanner does NOT produce trade plans — surfaces what's about to break.
  Confirm with trend_scanner regime check (BEAR/SIDEWAYS preferred) before entry.

--------------------------------------------------------------------------------
  WATCH NOW (SHORT)  —  1 coin(s)
--------------------------------------------------------------------------------

  [ 1] PENDLE      conv= 47.4  sigs= 8  price=$1.374900      24h= +1.75%  vol=$   6.2M
       fund: -0.0015%/8h  |  vs BTC 6h: -2.21%
       → TTM squeeze, OBV distrib, OBV bear div, RSI OB reset, CMF selling, failed bo, vs BTC weak, 5d top rej

--------------------------------------------------------------------------------
  ON RADAR (SHORT)   —  50 coin(s)
--------------------------------------------------------------------------------
  #   Symbol      Conv Sigs         Price     24h%    Vol $M  Signals
  ------------------------------------------------------------------------------
    1 AGI         42.7    7  $   0.005755   +5.77%  $    0.6  OBV distrib, OBV bear div, RSI bear div, CMF selling, failed bo, +2
    2 TNSR        40.7    7  $   0.030570   +5.35%  $    0.7  RSI top zone, vol distrib, OBV distrib, RSI OB reset, CMF selling, +2
    3 BRETT       39.9    7  $   0.006465   -0.52%  $    1.3  TTM squeeze, OBV distrib, OBV bear div, RSI bear div, RSI OB reset, +2
    4 MSTR        39.2    6  $ 131.190000   +2.82%  $    4.7  vol distrib, OBV distrib, OBV bear div, RSI OB reset, CMF selling, +1
    5 HEMI        38.7    7  $   0.005962   -2.34%  $    0.7  TTM squeeze, vol distrib, OBV distrib, RSI bear div, RSI OB reset, +2
    6 SPACE       38.3    8  $   0.006328   +0.38%  $    1.0  TTM squeeze, RSI top zone, vol distrib, OBV distrib, RSI OB reset, +3
    7 SEI         38.3    7  $   0.054100   -0.57%  $    7.9  TTM squeeze, OBV distrib, RSI bear div, RSI OB reset, CMF selling, +2
    8 BLESS       37.5    7  $   0.005485   +4.91%  $    0.8  TTM squeeze, vol distrib, RSI bear div, RSI OB reset, CMF selling, +2
    9 SKR         37.4    6  $   0.009447   -2.54%  $    2.0  TTM squeeze, RSI top zone, RSI bear div, RSI OB reset, CMF selling, +1
   10 MYX         35.9    7  $   0.168200   -3.23%  $    1.8  TTM squeeze, RSI top zone, RSI bear div, RSI OB reset, CMF selling, +2
   11 HOLO        35.8    6  $   0.066360   -4.23%  $    1.4  distrib candle, OBV distrib, RSI OB reset, CMF selling, lower highs, +1
   12 COIN        34.4    7  $ 169.600000   +3.53%  $    0.7  RSI top zone, vol distrib, RSI bear div, RSI OB reset, failed bo, +2
   13 SPX         34.4    6  $   0.340900   +2.52%  $    4.4  OBV distrib, OBV bear div, RSI bear div, RSI OB reset, vs BTC weak, +1
   14 RSR         34.1    7  $   0.001447   +2.80%  $    0.6  RSI top zone, vol distrib, OBV distrib, RSI OB reset, CMF selling, +2
   15 IP          33.8    5  $   0.310600   +5.39%  $   11.3  OBV distrib, RSI bear div, RSI OB reset, CMF selling, vs BTC weak
   16 LIT         33.3    7  $   1.665500   +5.56%  $   14.9  TTM squeeze, RSI top zone, vol distrib, RSI OB reset, CMF selling, +2
   17 SENT        33.3    6  $   0.014934   -3.12%  $    1.0  TTM squeeze, RSI bear div, RSI OB reset, CMF selling, lower highs, +1
   18 VET         33.2    6  $   0.005284   +5.70%  $    0.9  RSI top zone, OBV bear div, RSI OB reset, CMF selling, failed bo, +1
   19 MEGA        33.0    6  $   0.060150   -4.50%  $   16.9  RSI OB reset, CMF selling, lower highs, failed bo, vs BTC weak, +1
   20 MERL        32.9    6  $   0.021740   +7.71%  $    1.8  vol distrib, RSI OB reset, CMF selling, failed bo, vs BTC weak, +1
   21 GRASS       32.8    6  $   0.464820  +14.71%  $   16.1  RSI top zone, RSI bear div, RSI OB reset, failed bo, vs BTC weak, +1
   22 USELESS     32.6    6  $   0.074570  +10.81%  $    8.7  RSI top zone, vol distrib, RSI bear div, RSI OB reset, vs BTC weak, +1
   23 XTZ         32.6    6  $   0.242400   +3.68%  $    0.6  RSI top zone, OBV distrib, RSI OB reset, CMF selling, failed bo, +1
   24 OPN         32.3    6  $   0.075100   -4.89%  $    2.8  vol distrib, RSI bear div, RSI OB reset, CMF selling, lower highs, +1
   25 HANA        32.2    5  $   0.037672  +19.51%  $    1.4  RSI bear div, RSI OB reset, CMF selling, failed bo, 5d top rej
   26 EDEN        31.8    6  $   0.045620   -4.29%  $    4.1  RSI top zone, RSI bear div, RSI OB reset, CMF selling, lower highs, +1
   27 INJ         31.7    6  $   5.607000  +12.07%  $   26.9  vol distrib, OBV bear div, RSI bear div, RSI OB reset, failed bo, +1
   28 HOOD        31.5    6  $  98.100000   +4.06%  $    1.0  RSI top zone, vol distrib, RSI bear div, RSI OB reset, failed bo, +1
   29 PEAQ        31.2    6  $   0.023067   +6.66%  $    1.2  RSI top zone, OBV bear div, RSI bear div, RSI OB reset, failed bo, +1
   30 CRWV        30.8    6  $ 106.840000   +2.70%  $    1.4  TTM squeeze, RSI top zone, RSI bear div, RSI OB reset, CMF selling, +1
   31 RENDER      30.6    6  $   1.780200   +0.57%  $   17.0  OBV distrib, RSI OB reset, CMF selling, failed bo, vs BTC weak, +1
   32 ENA         30.4    6  $   0.086080   +4.95%  $   65.0  RSI bear div, RSI OB reset, CMF selling, failed bo, vs BTC weak, +1
   33 SXT         30.4    6  $   0.008117   -1.02%  $    0.6  TTM squeeze, vol distrib, OBV distrib, RSI OB reset, CMF selling, +1
   34 AXL         30.4    5  $   0.046090   -0.04%  $    1.4  OBV distrib, OBV bear div, RSI OB reset, CMF selling, vs BTC weak
   35 BLUAI       30.3    6  $   0.013879   -0.47%  $    1.0  RSI top zone, OBV distrib, RSI bear div, RSI OB reset, lower highs, +1
   36 OPEN        30.3    5  $   0.236500   -7.79%  $    3.4  OBV distrib, RSI OB reset, CMF selling, lower highs, vs BTC weak
   37 RESOLV      30.2    5  $   0.017910   +1.30%  $    0.9  OBV distrib, RSI bear div, RSI OB reset, CMF selling, vs BTC weak
   38 SOON        30.2    4  $   0.176250   +4.20%  $    0.8  TTM squeeze, OBV distrib, RSI bear div, RSI OB reset
   39 0G          30.0    5  $   0.307600   +3.95%  $    1.2  OBV distrib, OBV bear div, RSI OB reset, CMF selling, vs BTC weak
   40 LAB         29.7    5  $   9.675000   -1.70%  $   25.3  RSI bear div, RSI OB reset, CMF selling, lower highs, vs BTC weak
   41 NOM         29.6    6  $   0.001707   +5.75%  $    0.6  vol distrib, RSI OB reset, CMF selling, failed bo, vs BTC weak, +1
   42 RUNE        29.5    5  $   0.391000   +2.23%  $    1.4  OBV distrib, RSI bear div, RSI OB reset, CMF selling, vs BTC weak
   43 API3        29.4    6  $   0.272900   +4.81%  $    1.2  RSI top zone, RSI bear div, RSI OB reset, CMF selling, lower highs, +1
   44 KITE        29.3    5  $   0.191730   +0.02%  $    1.9  OBV distrib, RSI bear div, RSI OB reset, CMF selling, vs BTC weak
   45 ZRO         29.1    6  $   1.114000  +19.87%  $   25.9  vol distrib, RSI OB reset, CMF selling, failed bo, vs BTC weak, +1
   46 ZEREBRO     28.9    6  $   0.024732   -2.78%  $    1.0  TTM squeeze, vol distrib, OBV distrib, RSI OB reset, CMF selling, +1
   47 CORE        28.4    5  $   0.028970   +2.48%  $    0.5  RSI bear div, RSI OB reset, failed bo, vs BTC weak, 5d top rej
   48 BAT         28.3    5  $   0.092970   +3.96%  $    0.7  OBV distrib, RSI bear div, RSI OB reset, CMF selling, vs BTC weak
   49 PENGU       28.1    5  $   0.007229   +6.32%  $   18.4  RSI top zone, RSI bear div, RSI OB reset, failed bo, 5d top rej
   50 SPK         28.0    5  $   0.020014   +2.22%  $    1.5  OBV distrib, RSI OB reset, CMF selling, lower highs, vs BTC weak

================================================================================
2026-06-15 22:19:59,041 [INFO]   Saved → short_v3_LATEST.txt, short_v3_LATEST.json, short_v3_20260615_221959.txt
