2026-06-18 06:34:07,717 [INFO] ================================================================
2026-06-18 06:34:07,718 [INFO] SHORT SCANNER v3.0
2026-06-18 06:34:07,718 [INFO] ================================================================
2026-06-18 06:34:07,718 [INFO] Building universe (Bybit perps)...
2026-06-18 06:34:08,345 [INFO]   Universe (post-filter): 357 coins
2026-06-18 06:34:08,346 [INFO] Fetching BTC reference (1h)...
2026-06-18 06:34:08,356 [INFO] Scanning 357 coins on 1h timeframe...
2026-06-18 06:34:09,029 [INFO]   ...50/357  (surfaced: 2  excluded: 9)
2026-06-18 06:34:09,870 [INFO]   ...100/357  (surfaced: 3  excluded: 25)
2026-06-18 06:34:10,971 [INFO]   ...150/357  (surfaced: 5  excluded: 38)
2026-06-18 06:34:11,743 [INFO]   ...200/357  (surfaced: 7  excluded: 45)
2026-06-18 06:34:12,544 [INFO]   ...250/357  (surfaced: 12  excluded: 52)
2026-06-18 06:34:13,549 [INFO]   ...300/357  (surfaced: 14  excluded: 60)
2026-06-18 06:34:14,576 [INFO]   ...350/357  (surfaced: 21  excluded: 63)
2026-06-18 06:34:14,772 [INFO] Done in 7s  |  scanned=354  failed=3  excluded=63  watch_now=0  on_radar=22
2026-06-18 06:34:14,772 [INFO] 
================================================================================
  SHORT SCANNER v3.0  —  bearish setup watchlist
  Generated : 2026-06-18 06:34:14
  Universe  : 357 Bybit perps  |  Scanned: 354  |  Excluded (funding): 63
  Scan time : 7s  |  BTC: $63,883
================================================================================

  Tiers — WATCH NOW: conviction ≥ 45, signals ≥ 5
          ON RADAR : conviction ≥ 28, signals ≥ 3

  Hard exclude: funding rate ≤ -0.01% (avoid shorting into squeeze).
  This scanner does NOT produce trade plans — surfaces what's about to break.
  Confirm with trend_scanner regime check (BEAR/SIDEWAYS preferred) before entry.

--------------------------------------------------------------------------------
  WATCH NOW (SHORT)  —  0 coin(s)
--------------------------------------------------------------------------------
  (none)

--------------------------------------------------------------------------------
  ON RADAR (SHORT)   —  22 coin(s)
--------------------------------------------------------------------------------
  #   Symbol      Conv Sigs         Price     24h%    Vol $M  Signals
  ------------------------------------------------------------------------------
    1 ASTR        43.8    8  $   0.005774   -0.31%  $    0.8  RSI top zone, vol distrib, OBV distrib, OBV bear div, RSI OB reset, +3
    2 XLM         37.8    6  $   0.231520   +2.64%  $  106.6  RSI top zone, OBV distrib, OBV bear div, RSI bear div, failed bo, +1
    3 MSFT        37.2    6  $ 381.410000   -3.19%  $    0.6  RSI top zone, OBV distrib, RSI bear div, RSI OB reset, CMF selling, +1
    4 ORCA        36.7    7  $   1.189300   +0.40%  $    6.0  OBV distrib, RSI OB reset, CMF selling, lower highs, failed bo, +2
    5 MORPHO      35.7    6  $   1.976100   +0.81%  $    1.6  RSI top zone, OBV distrib, RSI bear div, RSI OB reset, failed bo, +1
    6 ZKP         35.5    5  $   0.056660   +3.26%  $    0.6  OBV distrib, RSI bear div, RSI OB reset, CMF selling, failed bo
    7 ENJ         35.1    6  $   0.034619   +8.75%  $    3.1  RSI top zone, OBV distrib, RSI bear div, RSI OB reset, failed bo, +1
    8 B3          34.5    6  $   0.000621   +4.23%  $    2.8  RSI top zone, vol distrib, OBV distrib, RSI bear div, RSI OB reset, +1
    9 CKB         33.3    6  $   0.001111   -3.35%  $    0.7  RSI top zone, vol distrib, OBV distrib, CMF selling, failed bo, +1
   10 IN          33.0    5  $   0.072130   -0.77%  $    0.7  TTM squeeze, RSI top zone, OBV distrib, RSI bear div, RSI OB reset
   11 ARC         32.9    5  $   0.084460   +7.81%  $    1.6  RSI top zone, OBV distrib, OBV bear div, RSI bear div, RSI OB reset
   12 ALCH        32.3    5  $   0.071370   -7.34%  $    0.7  OBV distrib, RSI bear div, CMF selling, lower highs, vs BTC weak
   13 KITE        32.1    5  $   0.186160   -1.52%  $    1.2  RSI top zone, OBV distrib, RSI bear div, RSI OB reset, CMF selling
   14 HANA        31.3    6  $   0.037663   -4.46%  $    0.7  TTM squeeze, RSI top zone, RSI bear div, RSI OB reset, CMF selling, +1
   15 MAGMA       30.8    6  $   0.476830  +19.74%  $   12.2  vol distrib, distrib candle, RSI OB reset, lower highs, vs BTC weak, +1
   16 BASED       30.2    5  $   0.077450   -2.40%  $    2.3  TTM squeeze, RSI top zone, OBV distrib, OBV bear div, RSI bear div
   17 AVGO        29.0    4  $ 400.370000   +5.94%  $    0.8  OBV distrib, OBV bear div, RSI OB reset, failed bo
   18 LAB         28.7    4  $  14.372000   +2.54%  $   39.8  RSI bear div, lower highs, failed bo, 5d top rej
   19 JCT         28.6    5  $   0.005927   -3.30%  $    1.4  TTM squeeze, OBV distrib, RSI bear div, CMF selling, lower highs
   20 FHE         28.3    5  $   0.021260   -8.52%  $    0.6  RSI top zone, RSI bear div, RSI OB reset, CMF selling, lower highs
   21 SOLAYER     28.0    5  $   0.068350   -4.16%  $    1.1  RSI bear div, RSI OB reset, CMF selling, lower highs, vs BTC weak
   22 LUMIA       28.0    5  $   0.100790   +5.49%  $    0.5  RSI top zone, OBV distrib, OBV bear div, RSI bear div, CMF selling

================================================================================
2026-06-18 06:34:14,783 [INFO]   Saved → short_v3_LATEST.txt, short_v3_LATEST.json, short_v3_20260618_063414.txt
2026-06-18 13:24:00,885 [INFO] ================================================================
2026-06-18 13:24:00,887 [INFO] SHORT SCANNER v3.0
2026-06-18 13:24:00,888 [INFO] ================================================================
2026-06-18 13:24:00,888 [INFO] Building universe (Bybit perps)...
2026-06-18 13:24:01,353 [INFO]   Universe (post-filter): 356 coins
2026-06-18 13:24:01,356 [INFO] Fetching BTC reference (1h)...
2026-06-18 13:24:01,371 [INFO] Scanning 356 coins on 1h timeframe...
2026-06-18 13:24:02,918 [INFO]   ...50/356  (surfaced: 6  excluded: 7)
2026-06-18 13:24:04,390 [INFO]   ...100/356  (surfaced: 11  excluded: 22)
2026-06-18 13:24:07,664 [INFO]   ...200/356  (surfaced: 20  excluded: 42)
2026-06-18 13:24:09,464 [INFO]   ...250/356  (surfaced: 24  excluded: 49)
2026-06-18 13:24:11,257 [INFO]   ...300/356  (surfaced: 25  excluded: 54)
2026-06-18 13:24:14,034 [INFO]   ...350/356  (surfaced: 28  excluded: 57)
2026-06-18 13:24:14,570 [INFO] Done in 14s  |  scanned=356  failed=0  excluded=58  watch_now=2  on_radar=27
2026-06-18 13:24:14,573 [INFO] 
================================================================================
  SHORT SCANNER v3.0  —  bearish setup watchlist
  Generated : 2026-06-18 13:24:14
  Universe  : 356 Bybit perps  |  Scanned: 356  |  Excluded (funding): 58
  Scan time : 14s  |  BTC: $63,974
================================================================================

  Tiers — WATCH NOW: conviction ≥ 45, signals ≥ 5
          ON RADAR : conviction ≥ 28, signals ≥ 3

  Hard exclude: funding rate ≤ -0.01% (avoid shorting into squeeze).
  This scanner does NOT produce trade plans — surfaces what's about to break.
  Confirm with trend_scanner regime check (BEAR/SIDEWAYS preferred) before entry.

--------------------------------------------------------------------------------
  WATCH NOW (SHORT)  —  2 coin(s)
--------------------------------------------------------------------------------

  [ 1] EPIC        conv= 51.4  sigs= 9  price=$0.667500      24h= +3.27%  vol=$   2.9M
       fund: +0.0050%/8h  |  vs BTC 6h: -2.77%
       → RSI top zone, vol distrib, distrib candle, OBV distrib, RSI OB reset, CMF selling, failed bo, vs BTC weak, 5d top rej

  [ 2] ARC         conv= 46.5  sigs= 8  price=$0.084880      24h= +1.60%  vol=$   2.4M
       fund: +0.0050%/8h  |  vs BTC 6h: +0.60%
       → TTM squeeze, RSI top zone, OBV bear div, RSI bear div, RSI OB reset, CMF selling, failed bo, 5d top rej

--------------------------------------------------------------------------------
  ON RADAR (SHORT)   —  27 coin(s)
--------------------------------------------------------------------------------
  #   Symbol      Conv Sigs         Price     24h%    Vol $M  Signals
  ------------------------------------------------------------------------------
    1 FOLKS       40.1    7  $   2.707200  +23.70%  $   11.0  RSI top zone, vol distrib, RSI bear div, RSI OB reset, failed bo, +2
    2 EUL         38.8    7  $   1.091600   +7.19%  $    0.7  RSI top zone, OBV distrib, OBV bear div, RSI bear div, CMF selling, +2
    3 BLUAI       37.5    6  $   0.015597   +2.74%  $    2.6  RSI top zone, vol distrib, RSI bear div, RSI OB reset, failed bo, +1
    4 XLM         37.4    6  $   0.236790   +6.51%  $  115.5  OBV bear div, RSI bear div, RSI OB reset, CMF selling, failed bo, +1
    5 CRV         36.6    5  $   0.223000   -9.09%  $   12.5  RSI top zone, OBV distrib, OBV bear div, RSI bear div, CMF selling
    6 RED         36.4    6  $   0.105100   +5.60%  $    2.5  RSI top zone, OBV distrib, RSI bear div, RSI OB reset, failed bo, +1
    7 ZBT         35.8    7  $   0.132870   +2.49%  $    3.3  RSI top zone, OBV distrib, OBV bear div, RSI OB reset, failed bo, +2
    8 OPEN        35.4    7  $   0.223310   -6.29%  $    5.5  TTM squeeze, RSI top zone, OBV distrib, RSI bear div, CMF selling, +2
    9 ADA         34.8    6  $   0.165000   -1.37%  $  102.1  RSI top zone, OBV distrib, RSI bear div, RSI OB reset, CMF selling, +1
   10 IBM         34.7    6  $ 248.580000   -6.56%  $    1.4  vol distrib, distrib candle, RSI OB reset, CMF selling, lower highs, +1
   11 GMT         34.3    6  $   0.007998   -2.20%  $    1.6  RSI top zone, OBV distrib, RSI bear div, RSI OB reset, CMF selling, +1
   12 JCT         33.7    6  $   0.005809   -4.18%  $    1.3  vol distrib, OBV distrib, RSI bear div, RSI OB reset, CMF selling, +1
   13 UMA         33.7    6  $   0.409200   -5.09%  $    0.5  OBV distrib, RSI bear div, RSI OB reset, CMF selling, lower highs, +1
   14 MSFT        33.0    5  $ 378.110000   -3.39%  $    0.7  OBV distrib, RSI bear div, RSI OB reset, CMF selling, lower highs
   15 XAU         32.1    5  $4,244.140000   -1.39%  $  118.8  OBV distrib, RSI bear div, RSI OB reset, CMF selling, lower highs
   16 RKLB        32.1    5  $ 109.700000   +4.39%  $    0.6  TTM squeeze, RSI top zone, OBV distrib, OBV bear div, RSI bear div
   17 XMR         31.9    6  $ 331.640000   -3.03%  $   16.0  TTM squeeze, RSI top zone, OBV distrib, RSI bear div, CMF selling, +1
   18 ESPORTS     31.8    5  $   0.102820   -4.57%  $  236.8  vol distrib, OBV bear div, RSI OB reset, vs BTC weak, fund hot
   19 PENDLE      31.3    5  $   1.439100   -0.75%  $    8.8  RSI top zone, OBV distrib, OBV bear div, RSI bear div, CMF selling
   20 JTO         31.1    6  $   0.710100   -0.89%  $   23.3  RSI top zone, RSI bear div, RSI OB reset, CMF selling, lower highs, +1
   21 SPCX        30.7    6  $ 189.980000   -9.12%  $  123.4  RSI top zone, OBV distrib, RSI bear div, CMF selling, lower highs, +1
   22 ESP         30.0    5  $   0.066200   -8.67%  $    1.1  RSI top zone, OBV distrib, RSI bear div, CMF selling, lower highs
   23 GRASS       29.2    4  $   0.417370  -16.43%  $    7.0  OBV bear div, RSI bear div, RSI OB reset, CMF selling
   24 OPN         28.8    4  $   0.075700   -0.40%  $    3.3  RSI top zone, OBV distrib, OBV bear div, RSI OB reset
   25 RUNE        28.7    5  $   0.425100   +2.85%  $    2.3  OBV distrib, OBV bear div, RSI OB reset, failed bo, 5d top rej
   26 QNTX        28.2    5  $  63.400000  +14.00%  $    2.0  RSI bear div, RSI OB reset, lower highs, failed bo, 5d top rej
   27 SPY         28.1    5  $ 744.620000   -0.67%  $    1.2  RSI top zone, RSI bear div, RSI OB reset, CMF selling, lower highs

================================================================================
2026-06-18 13:24:14,596 [INFO]   Saved → short_v3_LATEST.txt, short_v3_LATEST.json, short_v3_20260618_132414.txt
2026-06-18 14:37:36,771 [INFO] ================================================================
2026-06-18 14:37:36,771 [INFO] SHORT SCANNER v3.0
2026-06-18 14:37:36,771 [INFO] ================================================================
2026-06-18 14:37:36,771 [INFO] Building universe (Bybit perps)...
2026-06-18 14:37:38,128 [INFO]   Universe (post-filter): 360 coins
2026-06-18 14:37:38,128 [INFO] Fetching BTC reference (1h)...
2026-06-18 14:37:38,164 [INFO] Scanning 360 coins on 1h timeframe...
2026-06-18 14:37:44,518 [INFO]   ...150/360  (surfaced: 16  excluded: 33)
2026-06-18 14:37:45,418 [INFO]   ...200/360  (surfaced: 23  excluded: 40)
2026-06-18 14:37:49,486 [INFO]   ...300/360  (surfaced: 27  excluded: 63)
2026-06-18 14:37:52,686 [INFO] Done in 16s  |  scanned=360  failed=0  excluded=71  watch_now=2  on_radar=29
2026-06-18 14:37:52,687 [INFO] 
================================================================================
  SHORT SCANNER v3.0  —  bearish setup watchlist
  Generated : 2026-06-18 14:37:52
  Universe  : 360 Bybit perps  |  Scanned: 360  |  Excluded (funding): 71
  Scan time : 16s  |  BTC: $64,378
================================================================================

  Tiers — WATCH NOW: conviction ≥ 45, signals ≥ 5
          ON RADAR : conviction ≥ 28, signals ≥ 3

  Hard exclude: funding rate ≤ -0.01% (avoid shorting into squeeze).
  This scanner does NOT produce trade plans — surfaces what's about to break.
  Confirm with trend_scanner regime check (BEAR/SIDEWAYS preferred) before entry.

--------------------------------------------------------------------------------
  WATCH NOW (SHORT)  —  2 coin(s)
--------------------------------------------------------------------------------

  [ 1] EPIC        conv= 51.5  sigs= 9  price=$0.667500      24h= -1.01%  vol=$   3.1M
       fund: +0.0050%/8h  |  vs BTC 6h: -3.26%
       → RSI top zone, vol distrib, distrib candle, OBV distrib, RSI OB reset, CMF selling, failed bo, vs BTC weak, 5d top rej

  [ 2] ARC         conv= 46.5  sigs= 8  price=$0.084880      24h= +1.14%  vol=$   2.3M
       fund: +0.0050%/8h  |  vs BTC 6h: +0.11%
       → TTM squeeze, RSI top zone, OBV bear div, RSI bear div, RSI OB reset, CMF selling, failed bo, 5d top rej

--------------------------------------------------------------------------------
  ON RADAR (SHORT)   —  29 coin(s)
--------------------------------------------------------------------------------
  #   Symbol      Conv Sigs         Price     24h%    Vol $M  Signals
  ------------------------------------------------------------------------------
    1 EUL         38.8    7  $   1.091600   +4.43%  $    0.7  RSI top zone, OBV distrib, OBV bear div, RSI bear div, CMF selling, +2
    2 BLUAI       37.5    6  $   0.015597  +11.88%  $    2.3  RSI top zone, vol distrib, RSI bear div, RSI OB reset, failed bo, +1
    3 XLM         37.4    6  $   0.236790   +8.06%  $  121.7  OBV bear div, RSI bear div, RSI OB reset, CMF selling, failed bo, +1
    4 HOME        36.8    6  $   0.028310   +9.57%  $   48.4  vol distrib, distrib candle, RSI OB reset, failed bo, vs BTC weak, +1
    5 CRV         36.6    5  $   0.223000   -7.51%  $   10.8  RSI top zone, OBV distrib, OBV bear div, RSI bear div, CMF selling
    6 RED         36.4    6  $   0.105100   +3.49%  $    2.5  RSI top zone, OBV distrib, RSI bear div, RSI OB reset, failed bo, +1
    7 FOLKS       36.0    6  $   2.707200  +28.15%  $   11.9  RSI top zone, vol distrib, RSI bear div, RSI OB reset, failed bo, +1
    8 ZBT         35.8    7  $   0.132870   +0.92%  $    3.3  RSI top zone, OBV distrib, OBV bear div, RSI OB reset, failed bo, +2
    9 OPEN        35.4    7  $   0.223310   -6.74%  $    5.4  TTM squeeze, RSI top zone, OBV distrib, RSI bear div, CMF selling, +2
   10 MSFT        35.2    6  $ 378.110000   -2.86%  $    0.7  OBV distrib, RSI bear div, RSI OB reset, CMF selling, lower highs, +1
   11 ADA         34.8    6  $   0.165000   -2.54%  $   98.2  RSI top zone, OBV distrib, RSI bear div, RSI OB reset, CMF selling, +1
   12 IBM         34.7    6  $ 248.580000   -6.28%  $    1.6  vol distrib, distrib candle, RSI OB reset, CMF selling, lower highs, +1
   13 XAU         34.4    6  $4,244.140000   -1.59%  $  121.5  OBV distrib, RSI bear div, RSI OB reset, CMF selling, lower highs, +1
   14 GMT         34.3    6  $   0.007998   -3.82%  $    1.6  RSI top zone, OBV distrib, RSI bear div, RSI OB reset, CMF selling, +1
   15 JCT         33.8    6  $   0.005809   -3.35%  $    1.2  vol distrib, OBV distrib, RSI bear div, RSI OB reset, CMF selling, +1
   16 UMA         33.7    6  $   0.409200   -6.55%  $    0.5  OBV distrib, RSI bear div, RSI OB reset, CMF selling, lower highs, +1
   17 RKLB        32.1    5  $ 109.700000   -0.47%  $    0.7  TTM squeeze, RSI top zone, OBV distrib, OBV bear div, RSI bear div
   18 XMR         31.9    6  $ 331.640000   -4.68%  $   16.7  TTM squeeze, RSI top zone, OBV distrib, RSI bear div, CMF selling, +1
   19 ESPORTS     31.8    5  $   0.102820  -17.47%  $  238.0  vol distrib, OBV bear div, RSI OB reset, vs BTC weak, fund hot
   20 PENDLE      31.3    5  $   1.439100   -3.56%  $    8.4  RSI top zone, OBV distrib, OBV bear div, RSI bear div, CMF selling
   21 SPCX        31.2    6  $ 189.980000  -12.75%  $  123.7  RSI top zone, OBV distrib, RSI bear div, CMF selling, lower highs, +1
   22 JTO         31.2    6  $   0.710100   -3.92%  $   23.0  RSI top zone, RSI bear div, RSI OB reset, CMF selling, lower highs, +1
   23 BLUR        30.2    5  $   0.016060  -13.45%  $    4.1  vol distrib, distrib candle, RSI bear div, CMF selling, vs BTC weak
   24 GRASS       29.2    4  $   0.417370  -17.68%  $    6.6  OBV bear div, RSI bear div, RSI OB reset, CMF selling
   25 OPN         28.8    4  $   0.075700   -3.18%  $    3.2  RSI top zone, OBV distrib, OBV bear div, RSI OB reset
   26 RUNE        28.7    5  $   0.425100   +0.05%  $    2.1  OBV distrib, OBV bear div, RSI OB reset, failed bo, 5d top rej
   27 JELLYJELLY  28.3    6  $   0.060240   -9.37%  $    2.0  RSI top zone, OBV distrib, RSI OB reset, CMF selling, lower highs, +1
   28 QNTX        28.2    5  $  63.400000  +10.64%  $    1.9  RSI bear div, RSI OB reset, lower highs, failed bo, 5d top rej
   29 SPY         28.1    5  $ 744.620000   -0.76%  $    1.2  RSI top zone, RSI bear div, RSI OB reset, CMF selling, lower highs

================================================================================
2026-06-18 14:37:52,716 [INFO]   Saved → short_v3_LATEST.txt, short_v3_LATEST.json, short_v3_20260618_143752.txt
2026-06-18 16:36:18,208 [INFO] ================================================================
2026-06-18 16:36:18,209 [INFO] SHORT SCANNER v3.0
2026-06-18 16:36:18,209 [INFO] ================================================================
2026-06-18 16:36:18,210 [INFO] Building universe (Bybit perps)...
2026-06-18 16:36:19,412 [INFO]   Universe (post-filter): 368 coins
2026-06-18 16:36:19,413 [INFO] Fetching BTC reference (1h)...
2026-06-18 16:36:19,426 [INFO] Scanning 368 coins on 1h timeframe...
2026-06-18 16:36:22,187 [INFO]   ...150/368  (surfaced: 17  excluded: 32)
2026-06-18 16:36:23,203 [INFO]   ...200/368  (surfaced: 22  excluded: 40)
2026-06-18 16:36:24,010 [INFO]   ...250/368  (surfaced: 28  excluded: 54)
2026-06-18 16:36:24,879 [INFO]   ...300/368  (surfaced: 34  excluded: 65)
2026-06-18 16:36:25,886 [INFO]   ...350/368  (surfaced: 39  excluded: 69)
2026-06-18 16:36:28,567 [INFO] Done in 10s  |  scanned=368  failed=0  excluded=72  watch_now=0  on_radar=39
2026-06-18 16:36:28,568 [INFO] 
================================================================================
  SHORT SCANNER v3.0  —  bearish setup watchlist
  Generated : 2026-06-18 16:36:28
  Universe  : 368 Bybit perps  |  Scanned: 368  |  Excluded (funding): 72
  Scan time : 10s  |  BTC: $63,817
================================================================================

  Tiers — WATCH NOW: conviction ≥ 45, signals ≥ 5
          ON RADAR : conviction ≥ 28, signals ≥ 3

  Hard exclude: funding rate ≤ -0.01% (avoid shorting into squeeze).
  This scanner does NOT produce trade plans — surfaces what's about to break.
  Confirm with trend_scanner regime check (BEAR/SIDEWAYS preferred) before entry.

--------------------------------------------------------------------------------
  WATCH NOW (SHORT)  —  0 coin(s)
--------------------------------------------------------------------------------
  (none)

--------------------------------------------------------------------------------
  ON RADAR (SHORT)   —  39 coin(s)
--------------------------------------------------------------------------------
  #   Symbol      Conv Sigs         Price     24h%    Vol $M  Signals
  ------------------------------------------------------------------------------
    1 AAOI        44.0    7  $ 171.360000   -3.66%  $    4.3  RSI top zone, vol distrib, distrib candle, OBV distrib, RSI bear div, +2
    2 EPIC        41.9    7  $   0.610800  -10.39%  $    3.8  vol distrib, distrib candle, RSI OB reset, CMF selling, failed bo, +2
    3 AT          40.3    7  $   0.142260   -4.30%  $    3.0  vol distrib, distrib candle, RSI OB reset, CMF selling, failed bo, +2
    4 BTW         40.0    6  $   0.048320  -19.71%  $   12.4  RSI top zone, RSI bear div, RSI OB reset, CMF selling, lower highs, +1
    5 EUL         39.9    7  $   1.073700   +1.92%  $    0.8  vol distrib, OBV distrib, OBV bear div, RSI bear div, RSI OB reset, +2
    6 IREN        39.3    6  $  60.770000   +1.46%  $    1.3  RSI top zone, distrib candle, OBV distrib, RSI bear div, CMF selling, +1
    7 SPCX        38.3    7  $ 179.930000   -8.07%  $  113.7  vol distrib, distrib candle, RSI bear div, CMF selling, lower highs, +2
    8 ORCL        37.9    6  $ 184.760000   -2.28%  $    0.6  RSI top zone, distrib candle, OBV distrib, RSI bear div, CMF selling, +1
    9 TSLA        37.7    7  $ 388.710000   -2.69%  $    1.8  vol distrib, distrib candle, OBV distrib, RSI OB reset, CMF selling, +2
   10 ARC         36.8    8  $   0.083470   -2.55%  $    2.0  TTM squeeze, vol distrib, RSI OB reset, CMF selling, lower highs, +3
   11 TRUTH       36.4    6  $   0.015536   +6.61%  $    2.2  RSI top zone, OBV distrib, OBV bear div, RSI bear div, failed bo, +1
   12 RKLB        35.9    6  $ 105.020000   -2.17%  $    0.8  vol distrib, distrib candle, OBV bear div, RSI bear div, CMF selling, +1
   13 POWER       35.7    6  $   0.078510   +3.06%  $    1.4  RSI top zone, OBV distrib, RSI OB reset, CMF selling, failed bo, +1
   14 LTC         34.4    6  $  43.980000   -4.27%  $   26.6  vol distrib, OBV distrib, RSI bear div, RSI OB reset, CMF selling, +1
   15 CRCL        33.9    6  $  81.250000   -4.38%  $    4.5  RSI top zone, vol distrib, distrib candle, OBV distrib, CMF selling, +1
   16 TIA         33.3    6  $   0.389700   -5.22%  $   12.0  TTM squeeze, RSI top zone, OBV distrib, RSI bear div, CMF selling, +1
   17 SHIB1000    33.1    5  $   0.004776   -5.36%  $    7.7  distrib candle, OBV distrib, RSI OB reset, CMF selling, lower highs
   18 BZ          32.6    5  $  76.920000   -3.02%  $    1.2  distrib candle, RSI bear div, RSI OB reset, CMF selling, lower highs
   19 S           32.5    6  $   0.031850   -3.93%  $    1.6  TTM squeeze, RSI top zone, OBV distrib, RSI OB reset, CMF selling, +1
   20 LINK        32.4    6  $   8.021000   -3.95%  $   43.4  TTM squeeze, RSI top zone, OBV distrib, RSI OB reset, CMF selling, +1
   21 CLO         31.4    5  $   0.210500  +13.53%  $   17.3  RSI top zone, vol distrib, RSI bear div, RSI OB reset, failed bo
   22 COIN        31.2    5  $ 169.280000   -4.01%  $    1.0  RSI top zone, distrib candle, OBV distrib, CMF selling, lower highs
   23 AERO        30.9    5  $   0.460200  -13.18%  $   20.6  RSI top zone, distrib candle, RSI OB reset, CMF selling, lower highs
   24 CRO         30.6    5  $   0.058770   -2.18%  $    0.8  TTM squeeze, OBV distrib, RSI OB reset, CMF selling, lower highs
   25 ZKP         30.4    5  $   0.058190   +4.03%  $    0.9  RSI top zone, OBV distrib, OBV bear div, RSI OB reset, CMF selling
   26 AKT         30.1    5  $   0.738200  -12.80%  $    4.5  TTM squeeze, RSI top zone, RSI bear div, CMF selling, lower highs
   27 HOOD        29.8    5  $ 108.890000   -0.24%  $    6.3  RSI top zone, distrib candle, OBV distrib, CMF selling, lower highs
   28 ICNT        29.6    5  $   0.176300   -6.96%  $    0.8  vol distrib, distrib candle, RSI OB reset, CMF selling, vs BTC weak
   29 ALGO        29.5    6  $   0.100800   +1.07%  $   10.8  vol distrib, OBV distrib, RSI OB reset, CMF selling, failed bo, +1
   30 1000LUNC    29.5    5  $   0.071100   -5.95%  $    0.9  TTM squeeze, OBV distrib, RSI OB reset, CMF selling, lower highs
   31 JCT         29.2    5  $   0.005801   -6.21%  $    1.0  TTM squeeze, RSI top zone, OBV distrib, CMF selling, lower highs
   32 MSFT        29.2    5  $ 377.380000   -2.62%  $    0.7  vol distrib, OBV distrib, RSI bear div, CMF selling, lower highs
   33 APE         29.1    6  $   0.132480   -1.25%  $    3.5  RSI top zone, OBV distrib, RSI OB reset, CMF selling, failed bo, +1
   34 CRWV        28.8    4  $ 119.460000   -0.89%  $    0.9  RSI top zone, distrib candle, OBV distrib, CMF selling
   35 NBIS        28.7    6  $ 286.200000   +3.31%  $    2.7  vol distrib, distrib candle, lower highs, failed bo, vs BTC weak, +1
   36 MEME        28.7    5  $   0.000587   -4.50%  $    2.5  TTM squeeze, RSI top zone, OBV bear div, RSI bear div, CMF selling
   37 ESP         28.5    5  $   0.065440   -8.89%  $    1.1  OBV distrib, RSI bear div, CMF selling, lower highs, vs BTC weak
   38 BIO         28.2    6  $   0.035430   -2.88%  $   20.5  RSI top zone, RSI OB reset, CMF selling, failed bo, vs BTC weak, +1
   39 BTC         28.2    5  $63,780.000000   -3.39%  $ 6678.5  TTM squeeze, OBV distrib, RSI OB reset, CMF selling, lower highs

================================================================================
2026-06-18 16:36:28,583 [INFO]   Saved → short_v3_LATEST.txt, short_v3_LATEST.json, short_v3_20260618_163628.txt
2026-06-18 17:45:14,357 [INFO] ================================================================
2026-06-18 17:45:14,359 [INFO] SHORT SCANNER v3.0
2026-06-18 17:45:14,360 [INFO] ================================================================
2026-06-18 17:45:14,361 [INFO] Building universe (Bybit perps)...
2026-06-18 17:45:15,684 [INFO]   Universe (post-filter): 381 coins
2026-06-18 17:45:15,684 [INFO] Fetching BTC reference (1h)...
2026-06-18 17:45:15,699 [INFO] Scanning 381 coins on 1h timeframe...
2026-06-18 17:45:17,010 [INFO]   ...50/381  (surfaced: 4  excluded: 12)
2026-06-18 17:45:18,950 [INFO]   ...150/381  (surfaced: 14  excluded: 47)
2026-06-18 17:45:20,238 [INFO]   ...200/381  (surfaced: 18  excluded: 57)
2026-06-18 17:45:21,551 [INFO]   ...250/381  (surfaced: 23  excluded: 67)
2026-06-18 17:45:22,822 [INFO]   ...300/381  (surfaced: 30  excluded: 76)
2026-06-18 17:45:24,109 [INFO]   ...350/381  (surfaced: 37  excluded: 79)
2026-06-18 17:45:24,928 [INFO] Done in 11s  |  scanned=380  failed=1  excluded=86  watch_now=0  on_radar=41
2026-06-18 17:45:24,929 [INFO] 
================================================================================
  SHORT SCANNER v3.0  —  bearish setup watchlist
  Generated : 2026-06-18 17:45:24
  Universe  : 381 Bybit perps  |  Scanned: 380  |  Excluded (funding): 86
  Scan time : 11s  |  BTC: $62,369
================================================================================

  Tiers — WATCH NOW: conviction ≥ 45, signals ≥ 5
          ON RADAR : conviction ≥ 28, signals ≥ 3

  Hard exclude: funding rate ≤ -0.01% (avoid shorting into squeeze).
  This scanner does NOT produce trade plans — surfaces what's about to break.
  Confirm with trend_scanner regime check (BEAR/SIDEWAYS preferred) before entry.

--------------------------------------------------------------------------------
  WATCH NOW (SHORT)  —  0 coin(s)
--------------------------------------------------------------------------------
  (none)

--------------------------------------------------------------------------------
  ON RADAR (SHORT)   —  41 coin(s)
--------------------------------------------------------------------------------
  #   Symbol      Conv Sigs         Price     24h%    Vol $M  Signals
  ------------------------------------------------------------------------------
    1 AAOI        44.0    7  $ 171.360000   -5.67%  $    4.6  RSI top zone, vol distrib, distrib candle, OBV distrib, RSI bear div, +2
    2 EPIC        41.6    7  $   0.610800  -11.18%  $    3.8  vol distrib, distrib candle, RSI OB reset, CMF selling, failed bo, +2
    3 HOME        40.3    6  $   0.027683   +8.77%  $   51.4  vol distrib, distrib candle, OBV bear div, RSI bear div, RSI OB reset, +1
    4 AT          40.0    7  $   0.142260   -7.65%  $    2.9  vol distrib, distrib candle, RSI OB reset, CMF selling, failed bo, +2
    5 SPCX        39.6    7  $ 179.930000  -11.48%  $  115.0  vol distrib, distrib candle, RSI bear div, CMF selling, lower highs, +2
    6 IREN        39.3    6  $  60.770000   +2.15%  $    1.3  RSI top zone, distrib candle, OBV distrib, RSI bear div, CMF selling, +1
    7 ORCL        37.9    6  $ 184.760000   -2.19%  $    0.7  RSI top zone, distrib candle, OBV distrib, RSI bear div, CMF selling, +1
    8 EUL         37.6    6  $   1.073700   -1.04%  $    0.8  vol distrib, OBV distrib, OBV bear div, RSI bear div, RSI OB reset, +1
    9 TRUTH       36.4    6  $   0.015536   +6.17%  $    2.3  RSI top zone, OBV distrib, OBV bear div, RSI bear div, failed bo, +1
   10 RKLB        35.6    6  $ 105.020000   -4.51%  $    0.8  vol distrib, distrib candle, OBV bear div, RSI bear div, CMF selling, +1
   11 ANIME       35.6    6  $   0.002776   -9.20%  $    0.5  vol distrib, distrib candle, RSI OB reset, CMF selling, lower highs, +1
   12 TSLA        35.5    6  $ 388.710000   -2.55%  $    1.7  vol distrib, distrib candle, OBV distrib, RSI OB reset, CMF selling, +1
   13 ARC         34.6    7  $   0.083470   -3.99%  $    2.0  TTM squeeze, vol distrib, RSI OB reset, CMF selling, lower highs, +2
   14 MAGIC       34.6    6  $   0.043960   -8.28%  $    0.5  vol distrib, distrib candle, RSI OB reset, CMF selling, lower highs, +1
   15 C98         34.5    6  $   0.013200   -8.31%  $    0.5  vol distrib, distrib candle, RSI OB reset, CMF selling, lower highs, +1
   16 LTC         34.4    6  $  43.980000   -5.34%  $   29.1  vol distrib, OBV distrib, RSI bear div, RSI OB reset, CMF selling, +1
   17 CRCL        33.9    6  $  81.250000   -4.83%  $    4.5  RSI top zone, vol distrib, distrib candle, OBV distrib, CMF selling, +1
   18 BTW         33.5    5  $   0.048320  -23.06%  $   12.5  RSI top zone, RSI bear div, RSI OB reset, CMF selling, lower highs
   19 GMT         33.4    5  $   0.008026   -7.98%  $    1.8  OBV distrib, RSI bear div, RSI OB reset, CMF selling, lower highs
   20 TIA         33.3    6  $   0.389700   -8.99%  $   11.9  TTM squeeze, RSI top zone, OBV distrib, RSI bear div, CMF selling, +1
   21 BZ          32.6    5  $  76.920000   -2.30%  $    1.2  distrib candle, RSI bear div, RSI OB reset, CMF selling, lower highs
   22 S           32.5    6  $   0.031850   -7.13%  $    1.8  TTM squeeze, RSI top zone, OBV distrib, RSI OB reset, CMF selling, +1
   23 POWER       31.8    5  $   0.078510   +4.25%  $    1.4  RSI top zone, OBV distrib, RSI OB reset, CMF selling, failed bo
   24 CLO         31.4    5  $   0.210500   +4.59%  $   17.3  RSI top zone, vol distrib, RSI bear div, RSI OB reset, failed bo
   25 COIN        31.2    5  $ 169.280000   -4.65%  $    1.0  RSI top zone, distrib candle, OBV distrib, CMF selling, lower highs
   26 AERO        30.9    5  $   0.460200  -15.38%  $   19.3  RSI top zone, distrib candle, RSI OB reset, CMF selling, lower highs
   27 CRO         30.6    5  $   0.058770   -3.42%  $    1.0  TTM squeeze, OBV distrib, RSI OB reset, CMF selling, lower highs
   28 ZKP         30.4    5  $   0.058190   +2.56%  $    0.9  RSI top zone, OBV distrib, OBV bear div, RSI OB reset, CMF selling
   29 AKT         30.1    5  $   0.738200  -11.04%  $    4.8  TTM squeeze, RSI top zone, RSI bear div, CMF selling, lower highs
   30 HOOD        29.8    5  $ 108.890000   -0.89%  $    5.8  RSI top zone, distrib candle, OBV distrib, CMF selling, lower highs
   31 ASTS        29.8    5  $  79.560000   -8.27%  $    0.7  vol distrib, distrib candle, RSI OB reset, CMF selling, vs BTC weak
   32 1000000MOG  29.6    5  $   0.117040  -10.19%  $    0.7  RSI top zone, OBV distrib, RSI OB reset, CMF selling, lower highs
   33 ALGO        29.5    6  $   0.100800   -0.78%  $   10.9  vol distrib, OBV distrib, RSI OB reset, CMF selling, failed bo, +1
   34 1000LUNC    29.5    5  $   0.071100   -5.61%  $    1.1  TTM squeeze, OBV distrib, RSI OB reset, CMF selling, lower highs
   35 ICNT        29.3    5  $   0.176300   -7.93%  $    0.7  vol distrib, distrib candle, RSI OB reset, CMF selling, vs BTC weak
   36 JCT         29.2    5  $   0.005801   -5.49%  $    1.0  TTM squeeze, RSI top zone, OBV distrib, CMF selling, lower highs
   37 MSFT        29.2    5  $ 377.380000   -1.48%  $    0.8  vol distrib, OBV distrib, RSI bear div, CMF selling, lower highs
   38 CRWV        28.8    4  $ 119.460000   -2.21%  $    0.9  RSI top zone, distrib candle, OBV distrib, CMF selling
   39 MEME        28.7    5  $   0.000587   -7.45%  $    2.8  TTM squeeze, RSI top zone, OBV bear div, RSI bear div, CMF selling
   40 BNB         28.4    5  $ 589.200000   -4.81%  $   50.0  RSI top zone, OBV distrib, RSI OB reset, CMF selling, lower highs
   41 XVG         28.1    5  $   0.002484   -9.10%  $    0.5  distrib candle, RSI OB reset, CMF selling, lower highs, vs BTC weak

================================================================================
2026-06-18 17:45:24,943 [INFO]   Saved → short_v3_LATEST.txt, short_v3_LATEST.json, short_v3_20260618_174524.txt
